
===========================================================================
report_checks -path_delay min (Hold)
============================================================================
======================= nom_tt_025C_1v80 Corner ===================================

Startpoint: A[0] (input port clocked by __VIRTUAL_CLK__)
Endpoint: Y[0] (output port clocked by __VIRTUAL_CLK__)
Path Group: __VIRTUAL_CLK__
Path Type: min

Fanout         Cap        Slew       Delay        Time   Description
---------------------------------------------------------------------------------------------
                      0.000000    0.000000    0.000000   clock __VIRTUAL_CLK__ (rise edge)
                                  0.000000    0.000000   clock network delay (ideal)
                                  2.000000    2.000000 v input external delay
     7    0.022567    0.051531    0.034387    2.034387 v A[0] (in)
                                                         A[0] (net)
                      0.051531    0.000000    2.034387 v _128_/A (sky130_fd_sc_hd__nor2_2)
     1    0.001850    0.052568    0.082864    2.117251 ^ _128_/Y (sky130_fd_sc_hd__nor2_2)
                                                         _116_ (net)
                      0.052568    0.000001    2.117252 ^ _132_/B (sky130_fd_sc_hd__or3_2)
     1    0.034695    0.175030    0.202697    2.319949 ^ _132_/X (sky130_fd_sc_hd__or3_2)
                                                         Y[0] (net)
                      0.175030    0.000172    2.320121 ^ Y[0] (out)
                                              2.320121   data arrival time

                      0.000000    0.000000    0.000000   clock __VIRTUAL_CLK__ (rise edge)
                                  0.000000    0.000000   clock network delay (ideal)
                                  0.250000    0.250000   clock uncertainty
                                  0.000000    0.250000   clock reconvergence pessimism
                                 -2.000000   -1.750000   output external delay
                                             -1.750000   data required time
---------------------------------------------------------------------------------------------
                                             -1.750000   data required time
                                             -2.320121   data arrival time
---------------------------------------------------------------------------------------------
                                              4.070121   slack (MET)


Startpoint: A[7] (input port clocked by __VIRTUAL_CLK__)
Endpoint: CARRY (output port clocked by __VIRTUAL_CLK__)
Path Group: __VIRTUAL_CLK__
Path Type: min

Fanout         Cap        Slew       Delay        Time   Description
---------------------------------------------------------------------------------------------
                      0.000000    0.000000    0.000000   clock __VIRTUAL_CLK__ (rise edge)
                                  0.000000    0.000000   clock network delay (ideal)
                                  2.000000    2.000000 v input external delay
     5    0.016634    0.038748    0.025451    2.025451 v A[7] (in)
                                                         A[7] (net)
                      0.038748    0.000000    2.025451 v _200_/B (sky130_fd_sc_hd__nand2b_2)
     1    0.002564    0.033320    0.050342    2.075794 ^ _200_/Y (sky130_fd_sc_hd__nand2b_2)
                                                         _056_ (net)
                      0.033320    0.000003    2.075796 ^ _256_/A1 (sky130_fd_sc_hd__a32o_2)
     1    0.034182    0.204561    0.265344    2.341141 ^ _256_/X (sky130_fd_sc_hd__a32o_2)
                                                         CARRY (net)
                      0.204561    0.000099    2.341240 ^ CARRY (out)
                                              2.341240   data arrival time

                      0.000000    0.000000    0.000000   clock __VIRTUAL_CLK__ (rise edge)
                                  0.000000    0.000000   clock network delay (ideal)
                                  0.250000    0.250000   clock uncertainty
                                  0.000000    0.250000   clock reconvergence pessimism
                                 -2.000000   -1.750000   output external delay
                                             -1.750000   data required time
---------------------------------------------------------------------------------------------
                                             -1.750000   data required time
                                             -2.341240   data arrival time
---------------------------------------------------------------------------------------------
                                              4.091239   slack (MET)


Startpoint: A[5] (input port clocked by __VIRTUAL_CLK__)
Endpoint: Y[4] (output port clocked by __VIRTUAL_CLK__)
Path Group: __VIRTUAL_CLK__
Path Type: min

Fanout         Cap        Slew       Delay        Time   Description
---------------------------------------------------------------------------------------------
                      0.000000    0.000000    0.000000   clock __VIRTUAL_CLK__ (rise edge)
                                  0.000000    0.000000   clock network delay (ideal)
                                  2.000000    2.000000 ^ input external delay
     6    0.019080    0.091551    0.059526    2.059526 ^ A[5] (in)
                                                         A[5] (net)
                      0.091551    0.000000    2.059526 ^ _169_/A1 (sky130_fd_sc_hd__a211o_2)
     1    0.003210    0.027156    0.121683    2.181209 ^ _169_/X (sky130_fd_sc_hd__a211o_2)
                                                         _029_ (net)
                      0.027156    0.000012    2.181221 ^ _172_/A4 (sky130_fd_sc_hd__o41a_2)
     1    0.035968    0.183458    0.212609    2.393830 ^ _172_/X (sky130_fd_sc_hd__o41a_2)
                                                         Y[4] (net)
                      0.183458    0.000346    2.394176 ^ Y[4] (out)
                                              2.394176   data arrival time

                      0.000000    0.000000    0.000000   clock __VIRTUAL_CLK__ (rise edge)
                                  0.000000    0.000000   clock network delay (ideal)
                                  0.250000    0.250000   clock uncertainty
                                  0.000000    0.250000   clock reconvergence pessimism
                                 -2.000000   -1.750000   output external delay
                                             -1.750000   data required time
---------------------------------------------------------------------------------------------
                                             -1.750000   data required time
                                             -2.394176   data arrival time
---------------------------------------------------------------------------------------------
                                              4.144176   slack (MET)


Startpoint: A[2] (input port clocked by __VIRTUAL_CLK__)
Endpoint: Y[1] (output port clocked by __VIRTUAL_CLK__)
Path Group: __VIRTUAL_CLK__
Path Type: min

Fanout         Cap        Slew       Delay        Time   Description
---------------------------------------------------------------------------------------------
                      0.000000    0.000000    0.000000   clock __VIRTUAL_CLK__ (rise edge)
                                  0.000000    0.000000   clock network delay (ideal)
                                  2.000000    2.000000 ^ input external delay
     6    0.018636    0.089592    0.058209    2.058209 ^ A[2] (in)
                                                         A[2] (net)
                      0.089592    0.000000    2.058209 ^ _142_/A1 (sky130_fd_sc_hd__a2111o_2)
     1    0.002720    0.027008    0.124665    2.182874 ^ _142_/X (sky130_fd_sc_hd__a2111o_2)
                                                         _005_ (net)
                      0.027008    0.000003    2.182878 ^ _144_/A2 (sky130_fd_sc_hd__o22a_2)
     1    0.034774    0.180275    0.223653    2.406531 ^ _144_/X (sky130_fd_sc_hd__o22a_2)
                                                         Y[1] (net)
                      0.180275    0.000181    2.406712 ^ Y[1] (out)
                                              2.406712   data arrival time

                      0.000000    0.000000    0.000000   clock __VIRTUAL_CLK__ (rise edge)
                                  0.000000    0.000000   clock network delay (ideal)
                                  0.250000    0.250000   clock uncertainty
                                  0.000000    0.250000   clock reconvergence pessimism
                                 -2.000000   -1.750000   output external delay
                                             -1.750000   data required time
---------------------------------------------------------------------------------------------
                                             -1.750000   data required time
                                             -2.406712   data arrival time
---------------------------------------------------------------------------------------------
                                              4.156712   slack (MET)


Startpoint: A[6] (input port clocked by __VIRTUAL_CLK__)
Endpoint: Y[7] (output port clocked by __VIRTUAL_CLK__)
Path Group: __VIRTUAL_CLK__
Path Type: min

Fanout         Cap        Slew       Delay        Time   Description
---------------------------------------------------------------------------------------------
                      0.000000    0.000000    0.000000   clock __VIRTUAL_CLK__ (rise edge)
                                  0.000000    0.000000   clock network delay (ideal)
                                  2.000000    2.000000 ^ input external delay
     6    0.024644    0.116365    0.076053    2.076053 ^ A[6] (in)
                                                         A[6] (net)
                      0.116365    0.000000    2.076053 ^ _194_/A1 (sky130_fd_sc_hd__a21o_2)
     1    0.003285    0.031811    0.125049    2.201102 ^ _194_/X (sky130_fd_sc_hd__a21o_2)
                                                         _051_ (net)
                      0.031811    0.000012    2.201115 ^ _198_/B1 (sky130_fd_sc_hd__o22a_2)
     1    0.034872    0.180711    0.228716    2.429831 ^ _198_/X (sky130_fd_sc_hd__o22a_2)
                                                         Y[7] (net)
                      0.180711    0.000315    2.430146 ^ Y[7] (out)
                                              2.430146   data arrival time

                      0.000000    0.000000    0.000000   clock __VIRTUAL_CLK__ (rise edge)
                                  0.000000    0.000000   clock network delay (ideal)
                                  0.250000    0.250000   clock uncertainty
                                  0.000000    0.250000   clock reconvergence pessimism
                                 -2.000000   -1.750000   output external delay
                                             -1.750000   data required time
---------------------------------------------------------------------------------------------
                                             -1.750000   data required time
                                             -2.430146   data arrival time
---------------------------------------------------------------------------------------------
                                              4.180146   slack (MET)


Startpoint: A[2] (input port clocked by __VIRTUAL_CLK__)
Endpoint: Y[2] (output port clocked by __VIRTUAL_CLK__)
Path Group: __VIRTUAL_CLK__
Path Type: min

Fanout         Cap        Slew       Delay        Time   Description
---------------------------------------------------------------------------------------------
                      0.000000    0.000000    0.000000   clock __VIRTUAL_CLK__ (rise edge)
                                  0.000000    0.000000   clock network delay (ideal)
                                  2.000000    2.000000 v input external delay
     6    0.017372    0.040370    0.026593    2.026593 v A[2] (in)
                                                         A[2] (net)
                      0.040372    0.000000    2.026593 v _147_/A (sky130_fd_sc_hd__nor2_2)
     1    0.002561    0.059767    0.083612    2.110205 ^ _147_/Y (sky130_fd_sc_hd__nor2_2)
                                                         _009_ (net)
                      0.059767    0.000002    2.110207 ^ _149_/C1 (sky130_fd_sc_hd__a221o_2)
     1    0.002953    0.031480    0.094927    2.205133 ^ _149_/X (sky130_fd_sc_hd__a221o_2)
                                                         _011_ (net)
                      0.031480    0.000007    2.205140 ^ _152_/B1 (sky130_fd_sc_hd__o22a_2)
     1    0.034775    0.180261    0.228305    2.433445 ^ _152_/X (sky130_fd_sc_hd__o22a_2)
                                                         Y[2] (net)
                      0.180261    0.000291    2.433736 ^ Y[2] (out)
                                              2.433736   data arrival time

                      0.000000    0.000000    0.000000   clock __VIRTUAL_CLK__ (rise edge)
                                  0.000000    0.000000   clock network delay (ideal)
                                  0.250000    0.250000   clock uncertainty
                                  0.000000    0.250000   clock reconvergence pessimism
                                 -2.000000   -1.750000   output external delay
                                             -1.750000   data required time
---------------------------------------------------------------------------------------------
                                             -1.750000   data required time
                                             -2.433736   data arrival time
---------------------------------------------------------------------------------------------
                                              4.183736   slack (MET)


Startpoint: B[5] (input port clocked by __VIRTUAL_CLK__)
Endpoint: Y[5] (output port clocked by __VIRTUAL_CLK__)
Path Group: __VIRTUAL_CLK__
Path Type: min

Fanout         Cap        Slew       Delay        Time   Description
---------------------------------------------------------------------------------------------
                      0.000000    0.000000    0.000000   clock __VIRTUAL_CLK__ (rise edge)
                                  0.000000    0.000000   clock network delay (ideal)
                                  2.000000    2.000000 v input external delay
     3    0.008420    0.021038    0.012934    2.012934 v B[5] (in)
                                                         B[5] (net)
                      0.021039    0.000000    2.012934 v _208_/A (sky130_fd_sc_hd__nand2_2)
     3    0.011544    0.068863    0.065097    2.078031 ^ _208_/Y (sky130_fd_sc_hd__nand2_2)
                                                         _064_ (net)
                      0.068863    0.000032    2.078062 ^ _212_/A (sky130_fd_sc_hd__nand2_2)
     4    0.014805    0.067654    0.075252    2.153315 v _212_/Y (sky130_fd_sc_hd__nand2_2)
                                                         _068_ (net)
                      0.067654    0.000039    2.153353 v _174_/A (sky130_fd_sc_hd__nand2_2)
     1    0.002529    0.031660    0.052283    2.205636 ^ _174_/Y (sky130_fd_sc_hd__nand2_2)
                                                         _033_ (net)
                      0.031660    0.000000    2.205637 ^ _181_/A3 (sky130_fd_sc_hd__a31o_2)
     1    0.035066    0.199710    0.256589    2.462226 ^ _181_/X (sky130_fd_sc_hd__a31o_2)
                                                         Y[5] (net)
                      0.199710    0.000220    2.462446 ^ Y[5] (out)
                                              2.462446   data arrival time

                      0.000000    0.000000    0.000000   clock __VIRTUAL_CLK__ (rise edge)
                                  0.000000    0.000000   clock network delay (ideal)
                                  0.250000    0.250000   clock uncertainty
                                  0.000000    0.250000   clock reconvergence pessimism
                                 -2.000000   -1.750000   output external delay
                                             -1.750000   data required time
---------------------------------------------------------------------------------------------
                                             -1.750000   data required time
                                             -2.462446   data arrival time
---------------------------------------------------------------------------------------------
                                              4.212447   slack (MET)


Startpoint: A[2] (input port clocked by __VIRTUAL_CLK__)
Endpoint: Y[3] (output port clocked by __VIRTUAL_CLK__)
Path Group: __VIRTUAL_CLK__
Path Type: min

Fanout         Cap        Slew       Delay        Time   Description
---------------------------------------------------------------------------------------------
                      0.000000    0.000000    0.000000   clock __VIRTUAL_CLK__ (rise edge)
                                  0.000000    0.000000   clock network delay (ideal)
                                  2.000000    2.000000 ^ input external delay
     6    0.018636    0.089592    0.058253    2.058253 ^ A[2] (in)
                                                         A[2] (net)
                      0.089593    0.000000    2.058253 ^ _159_/A1 (sky130_fd_sc_hd__a221o_2)
     1    0.002945    0.030416    0.140351    2.198604 ^ _159_/X (sky130_fd_sc_hd__a221o_2)
                                                         _020_ (net)
                      0.030416    0.000011    2.198615 ^ _163_/B1 (sky130_fd_sc_hd__o2bb2a_2)
     1    0.035085    0.189073    0.268674    2.467289 ^ _163_/X (sky130_fd_sc_hd__o2bb2a_2)
                                                         Y[3] (net)
                      0.189073    0.000221    2.467510 ^ Y[3] (out)
                                              2.467510   data arrival time

                      0.000000    0.000000    0.000000   clock __VIRTUAL_CLK__ (rise edge)
                                  0.000000    0.000000   clock network delay (ideal)
                                  0.250000    0.250000   clock uncertainty
                                  0.000000    0.250000   clock reconvergence pessimism
                                 -2.000000   -1.750000   output external delay
                                             -1.750000   data required time
---------------------------------------------------------------------------------------------
                                             -1.750000   data required time
                                             -2.467510   data arrival time
---------------------------------------------------------------------------------------------
                                              4.217510   slack (MET)


Startpoint: A[6] (input port clocked by __VIRTUAL_CLK__)
Endpoint: Y[6] (output port clocked by __VIRTUAL_CLK__)
Path Group: __VIRTUAL_CLK__
Path Type: min

Fanout         Cap        Slew       Delay        Time   Description
---------------------------------------------------------------------------------------------
                      0.000000    0.000000    0.000000   clock __VIRTUAL_CLK__ (rise edge)
                                  0.000000    0.000000   clock network delay (ideal)
                                  2.000000    2.000000 v input external delay
     6    0.022631    0.051700    0.034522    2.034522 v A[6] (in)
                                                         A[6] (net)
                      0.051701    0.000000    2.034522 v _186_/A1 (sky130_fd_sc_hd__o21ai_2)
     1    0.002703    0.037565    0.114666    2.149188 ^ _186_/Y (sky130_fd_sc_hd__o21ai_2)
                                                         _044_ (net)
                      0.037565    0.000002    2.149189 ^ _188_/B1 (sky130_fd_sc_hd__a211o_2)
     1    0.003155    0.027909    0.082314    2.231503 ^ _188_/X (sky130_fd_sc_hd__a211o_2)
                                                         _046_ (net)
                      0.027909    0.000008    2.231511 ^ _189_/B1 (sky130_fd_sc_hd__a211o_2)
     1    0.003209    0.027153    0.079108    2.310619 ^ _189_/X (sky130_fd_sc_hd__a211o_2)
                                                         _047_ (net)
                      0.027153    0.000010    2.310629 ^ _190_/B2 (sky130_fd_sc_hd__o22a_2)
     1    0.034901    0.180869    0.213216    2.523845 ^ _190_/X (sky130_fd_sc_hd__o22a_2)
                                                         Y[6] (net)
                      0.180869    0.000318    2.524163 ^ Y[6] (out)
                                              2.524163   data arrival time

                      0.000000    0.000000    0.000000   clock __VIRTUAL_CLK__ (rise edge)
                                  0.000000    0.000000   clock network delay (ideal)
                                  0.250000    0.250000   clock uncertainty
                                  0.000000    0.250000   clock reconvergence pessimism
                                 -2.000000   -1.750000   output external delay
                                             -1.750000   data required time
---------------------------------------------------------------------------------------------
                                             -1.750000   data required time
                                             -2.524163   data arrival time
---------------------------------------------------------------------------------------------
                                              4.274162   slack (MET)



