Clock: clk
Sources: clk 
Generated: no
Virtual: yes
Propagated: no
Period: 20.000000

===========================================================================
report_clock_properties
============================================================================
Clock                   Period          Waveform
----------------------------------------------------
clk                  20.000000    0.000000 10.000000

===========================================================================
report_clock_latency
============================================================================
Clock clk
rise -> rise
    min     max
0.000000 0.000000 source latency
0.261628         network latency _236_/CLK
        0.262553 network latency _244_/CLK
---------------
0.261628 0.262553 latency
        0.000925 skew

fall -> fall
    min     max
0.000000 0.000000 source latency
0.287988         network latency _236_/CLK
        0.288830 network latency _244_/CLK
---------------
0.287988 0.288830 latency
        0.000842 skew



===========================================================================
report_clock_min_period
============================================================================
clk period_min = 2.91 fmax = 343.35
