
===========================================================================
report_checks -unconstrained
===========================================================================
======================= max_ss_100C_1v60 Corner ===================================

Startpoint: _219_ (rising edge-triggered flip-flop clocked by clk)
Endpoint: _236_ (rising edge-triggered flip-flop clocked by clk)
Path Group: clk
Path Type: max

Fanout         Cap        Slew       Delay        Time   Description
---------------------------------------------------------------------------------------------
                                  0.000000    0.000000   clock clk (rise edge)
                                  0.000000    0.000000   clock source latency
     1    0.015844    0.000000    0.000000    0.000000 ^ clk (in)
                                                         clk (net)
                      0.002072    0.001036    0.001036 ^ clkbuf_0_clk/A (sky130_fd_sc_hd__clkbuf_16)
     4    0.041074    0.095022    0.220717    0.221754 ^ clkbuf_0_clk/X (sky130_fd_sc_hd__clkbuf_16)
                                                         clknet_0_clk (net)
                      0.095104    0.002462    0.224216 ^ clkbuf_2_2__f_clk/A (sky130_fd_sc_hd__clkbuf_16)
     9    0.026023    0.075109    0.241090    0.465306 ^ clkbuf_2_2__f_clk/X (sky130_fd_sc_hd__clkbuf_16)
                                                         clknet_2_2__leaf_clk (net)
                      0.075128    0.001148    0.466454 ^ _219_/CLK (sky130_fd_sc_hd__dfxtp_2)
     7    0.026405    0.130992    0.689013    1.155468 v _219_/Q (sky130_fd_sc_hd__dfxtp_2)
                                                         baud_counter[3] (net)
                      0.131008    0.001488    1.156955 v _177_/A (sky130_fd_sc_hd__or4b_2)
     1    0.007332    0.252969    1.648093    2.805048 v _177_/X (sky130_fd_sc_hd__or4b_2)
                                                         _096_ (net)
                      0.252969    0.000482    2.805530 v _180_/B (sky130_fd_sc_hd__or4b_2)
     4    0.018619    0.326764    1.758745    4.564275 v _180_/X (sky130_fd_sc_hd__or4b_2)
                                                         _099_ (net)
                      0.326764    0.001714    4.565989 v _138_/A3 (sky130_fd_sc_hd__o31a_2)
     8    0.038781    0.237849    0.833293    5.399282 v _138_/X (sky130_fd_sc_hd__o31a_2)
                                                         _066_ (net)
                      0.237856    0.001578    5.400860 v _140_/S (sky130_fd_sc_hd__mux2_1)
     1    0.003076    0.112792    0.759914    6.160775 v _140_/X (sky130_fd_sc_hd__mux2_1)
                                                         _068_ (net)
                      0.112792    0.000179    6.160954 v _141_/B (sky130_fd_sc_hd__or2_2)
     1    0.003152    0.112257    0.633769    6.794723 v _141_/X (sky130_fd_sc_hd__or2_2)
                                                         _022_ (net)
                      0.112257    0.000193    6.794916 v _236_/D (sky130_fd_sc_hd__dfxtp_2)
                                              6.794916   data arrival time

                                 20.000000   20.000000   clock clk (rise edge)
                                  0.000000   20.000000   clock source latency
     1    0.015844    0.000000    0.000000   20.000000 ^ clk (in)
                                                         clk (net)
                      0.002072    0.001036   20.001036 ^ clkbuf_0_clk/A (sky130_fd_sc_hd__clkbuf_16)
     4    0.041074    0.095022    0.220718   20.221754 ^ clkbuf_0_clk/X (sky130_fd_sc_hd__clkbuf_16)
                                                         clknet_0_clk (net)
                      0.095095    0.002339   20.224092 ^ clkbuf_2_0__f_clk/A (sky130_fd_sc_hd__clkbuf_16)
     8    0.028800    0.078872    0.244784   20.468878 ^ clkbuf_2_0__f_clk/X (sky130_fd_sc_hd__clkbuf_16)
                                                         clknet_2_0__leaf_clk (net)
                      0.078896    0.001341   20.470219 ^ _236_/CLK (sky130_fd_sc_hd__dfxtp_2)
                                  0.000000   20.470219   clock reconvergence pessimism
                                 -0.289540   20.180679   library setup time
                                             20.180679   data required time
---------------------------------------------------------------------------------------------
                                             20.180679   data required time
                                             -6.794916   data arrival time
---------------------------------------------------------------------------------------------
                                             13.385763   slack (MET)




===========================================================================
report_checks --slack_max -0.01
============================================================================
======================= max_ss_100C_1v60 Corner ===================================

No paths found.


===========================================================================
 report_check_types -max_slew -max_cap -max_fanout -violators
============================================================================
======================= max_ss_100C_1v60 Corner ===================================



===========================================================================
report_parasitic_annotation -report_unannotated
============================================================================
Found 3 unannotated drivers.
 clkload0/X
 clkload1/X
 clkload2/X
Found 0 partially unannotated drivers.

===========================================================================
max slew violation count 0
max fanout violation count 0
max cap violation count 0
============================================================================

===========================================================================
check_setup -verbose -unconstrained_endpoints -multiple_clock -no_clock -no_input_delay -loops -generated_clocks
===========================================================================
