Clock: clk
Sources: clk 
Generated: no
Virtual: yes
Propagated: no
Period: 20.000000

===========================================================================
report_clock_properties
============================================================================
Clock                   Period          Waveform
----------------------------------------------------
clk                  20.000000    0.000000 10.000000

===========================================================================
report_clock_latency
============================================================================
Clock clk
rise -> rise
    min     max
0.000000 0.000000 source latency
0.466229         network latency _232_/CLK
        0.471371 network latency _237_/CLK
---------------
0.466229 0.471371 latency
        0.005142 skew

fall -> fall
    min     max
0.000000 0.000000 source latency
0.514186         network latency _232_/CLK
        0.518456 network latency _237_/CLK
---------------
0.514186 0.518456 latency
        0.004269 skew



===========================================================================
report_clock_min_period
============================================================================
clk period_min = 6.61 fmax = 151.19
