
===========================================================================
 report_power
============================================================================
======================= max_ss_100C_1v60 Corner ===================================

Group                    Internal    Switching      Leakage        Total
                            Power        Power        Power        Power (Watts)
------------------------------------------------------------------------
Sequential           4.919895e-05 9.412607e-07 4.540718e-07 5.059428e-05  41.1%
Combinational        4.879893e-06 3.458226e-06 5.296699e-07 8.867789e-06   7.2%
Clock                4.418569e-05 1.923844e-05 1.245255e-07 6.354866e-05  51.7%
Macro                0.000000e+00 0.000000e+00 0.000000e+00 0.000000e+00   0.0%
Pad                  0.000000e+00 0.000000e+00 0.000000e+00 0.000000e+00   0.0%
------------------------------------------------------------------------
Total                9.826455e-05 2.363793e-05 1.108267e-06 1.230108e-04 100.0%
                            79.9%        19.2%         0.9%

