
===========================================================================
report_checks -unconstrained
===========================================================================
======================= nom_tt_025C_1v80 Corner ===================================

Startpoint: OP[1] (input port clocked by __VIRTUAL_CLK__)
Endpoint: Y[5] (output port clocked by __VIRTUAL_CLK__)
Path Group: __VIRTUAL_CLK__
Path Type: max

Fanout         Cap        Slew       Delay        Time   Description
---------------------------------------------------------------------------------------------
                      0.000000    0.000000    0.000000   clock __VIRTUAL_CLK__ (rise edge)
                                  0.000000    0.000000   clock network delay (ideal)
                                  2.000000    2.000000 ^ input external delay
     1    0.003572    0.023079    0.013685    2.013685 ^ OP[1] (in)
                                                         OP[1] (net)
                      0.023086    0.000000    2.013685 ^ input18/A (sky130_fd_sc_hd__clkdlybuf4s25_1)
     2    0.006414    0.077345    0.273769    2.287454 ^ input18/X (sky130_fd_sc_hd__clkdlybuf4s25_1)
                                                         net18 (net)
                      0.077345    0.000217    2.287671 ^ fanout33/A (sky130_fd_sc_hd__clkdlybuf4s25_1)
    10    0.032652    0.330426    0.482219    2.769890 ^ fanout33/X (sky130_fd_sc_hd__clkdlybuf4s25_1)
                                                         net33 (net)
                      0.330426    0.000793    2.770683 ^ _127_/A (sky130_fd_sc_hd__or2_2)
     8    0.039113    0.204093    0.319488    3.090171 ^ _127_/X (sky130_fd_sc_hd__or2_2)
                                                         _115_ (net)
                      0.204102    0.001716    3.091886 ^ _176_/A2_N (sky130_fd_sc_hd__a2bb2o_2)
     1    0.002356    0.041270    0.296959    3.388846 v _176_/X (sky130_fd_sc_hd__a2bb2o_2)
                                                         _035_ (net)
                      0.041270    0.000070    3.388916 v _177_/C1 (sky130_fd_sc_hd__a211o_2)
     1    0.002660    0.045704    0.269161    3.658076 v _177_/X (sky130_fd_sc_hd__a211o_2)
                                                         _036_ (net)
                      0.045704    0.000079    3.658155 v _178_/C1 (sky130_fd_sc_hd__a221o_2)
     1    0.005628    0.060889    0.321459    3.979614 v _178_/X (sky130_fd_sc_hd__a221o_2)
                                                         _037_ (net)
                      0.060889    0.000185    3.979799 v _180_/B1 (sky130_fd_sc_hd__a41o_2)
     1    0.002947    0.037254    0.238207    4.218006 v _180_/X (sky130_fd_sc_hd__a41o_2)
                                                         _039_ (net)
                      0.037254    0.000090    4.218096 v _181_/B1 (sky130_fd_sc_hd__a31o_2)
     1    0.002882    0.036713    0.214599    4.432695 v _181_/X (sky130_fd_sc_hd__a31o_2)
                                                         net26 (net)
                      0.036745    0.000063    4.432758 v output26/A (sky130_fd_sc_hd__clkdlybuf4s25_1)
     1    0.034320    0.255602    0.431667    4.864426 v output26/X (sky130_fd_sc_hd__clkdlybuf4s25_1)
                                                         Y[5] (net)
                      0.255602    0.000670    4.865095 v Y[5] (out)
                                              4.865095   data arrival time

                      0.000000   10.000000   10.000000   clock __VIRTUAL_CLK__ (rise edge)
                                  0.000000   10.000000   clock network delay (ideal)
                                 -0.250000    9.750000   clock uncertainty
                                  0.000000    9.750000   clock reconvergence pessimism
                                 -2.000000    7.750000   output external delay
                                              7.750000   data required time
---------------------------------------------------------------------------------------------
                                              7.750000   data required time
                                             -4.865095   data arrival time
---------------------------------------------------------------------------------------------
                                              2.884905   slack (MET)




===========================================================================
report_checks --slack_max -0.01
============================================================================
======================= nom_tt_025C_1v80 Corner ===================================

No paths found.


===========================================================================
 report_check_types -max_slew -max_cap -max_fanout -violators
============================================================================
======================= nom_tt_025C_1v80 Corner ===================================



===========================================================================
report_parasitic_annotation -report_unannotated
============================================================================
Found 0 unannotated drivers.
Found 0 partially unannotated drivers.

===========================================================================
max slew violation count 0
max fanout violation count 0
max cap violation count 0
============================================================================

===========================================================================
check_setup -verbose -unconstrained_endpoints -multiple_clock -no_clock -no_input_delay -loops -generated_clocks
===========================================================================
