
===========================================================================
report_checks -path_delay min (Hold)
============================================================================
======================= nom_tt_025C_1v80 Corner ===================================

Startpoint: OP[0] (input port clocked by __VIRTUAL_CLK__)
Endpoint: Y[7] (output port clocked by __VIRTUAL_CLK__)
Path Group: __VIRTUAL_CLK__
Path Type: min

Fanout         Cap        Slew       Delay        Time   Description
---------------------------------------------------------------------------------------------
                      0.000000    0.000000    0.000000   clock __VIRTUAL_CLK__ (rise edge)
                                  0.000000    0.000000   clock network delay (ideal)
                                  2.000000    2.000000 ^ input external delay
     1    0.004023    0.025040    0.013883    2.013883 ^ OP[0] (in)
                                                         OP[0] (net)
                      0.025049    0.000000    2.013883 ^ input17/A (sky130_fd_sc_hd__clkdlybuf4s25_1)
     2    0.006257    0.075859    0.247304    2.261187 ^ input17/X (sky130_fd_sc_hd__clkdlybuf4s25_1)
                                                         net17 (net)
                      0.075859    0.000151    2.261338 ^ _255_/C (sky130_fd_sc_hd__or3_2)
     5    0.027957    0.143430    0.186855    2.448193 ^ _255_/X (sky130_fd_sc_hd__or3_2)
                                                         _111_ (net)
                      0.143430    0.000493    2.448686 ^ _198_/A1 (sky130_fd_sc_hd__o22a_2)
     1    0.002649    0.030021    0.154690    2.603375 ^ _198_/X (sky130_fd_sc_hd__o22a_2)
                                                         net28 (net)
                      0.030021    0.000071    2.603447 ^ output28/A (sky130_fd_sc_hd__clkbuf_2)
     1    0.035096    0.193098    0.193778    2.797224 ^ output28/X (sky130_fd_sc_hd__clkbuf_2)
                                                         Y[7] (net)
                      0.193105    0.000954    2.798179 ^ Y[7] (out)
                                              2.798179   data arrival time

                      0.000000    0.000000    0.000000   clock __VIRTUAL_CLK__ (rise edge)
                                  0.000000    0.000000   clock network delay (ideal)
                                  0.250000    0.250000   clock uncertainty
                                  0.000000    0.250000   clock reconvergence pessimism
                                 -2.000000   -1.750000   output external delay
                                             -1.750000   data required time
---------------------------------------------------------------------------------------------
                                             -1.750000   data required time
                                             -2.798179   data arrival time
---------------------------------------------------------------------------------------------
                                              4.548179   slack (MET)


Startpoint: B[7] (input port clocked by __VIRTUAL_CLK__)
Endpoint: CARRY (output port clocked by __VIRTUAL_CLK__)
Path Group: __VIRTUAL_CLK__
Path Type: min

Fanout         Cap        Slew       Delay        Time   Description
---------------------------------------------------------------------------------------------
                      0.000000    0.000000    0.000000   clock __VIRTUAL_CLK__ (rise edge)
                                  0.000000    0.000000   clock network delay (ideal)
                                  2.000000    2.000000 ^ input external delay
     1    0.003777    0.023971    0.013058    2.013058 ^ B[7] (in)
                                                         B[7] (net)
                      0.023979    0.000000    2.013058 ^ input16/A (sky130_fd_sc_hd__clkdlybuf4s25_1)
     3    0.009125    0.102795    0.266026    2.279084 ^ input16/X (sky130_fd_sc_hd__clkdlybuf4s25_1)
                                                         net16 (net)
                      0.102795    0.000177    2.279261 ^ _200_/A_N (sky130_fd_sc_hd__nand2b_2)
     1    0.002895    0.034450    0.115084    2.394344 ^ _200_/Y (sky130_fd_sc_hd__nand2b_2)
                                                         _056_ (net)
                      0.034450    0.000081    2.394426 ^ _256_/A1 (sky130_fd_sc_hd__a32o_2)
     1    0.002575    0.039159    0.132363    2.526789 ^ _256_/X (sky130_fd_sc_hd__a32o_2)
                                                         net20 (net)
                      0.039159    0.000073    2.526862 ^ output20/A (sky130_fd_sc_hd__dlymetal6s2s_1)
     1    0.034702    0.350282    0.287396    2.814259 ^ output20/X (sky130_fd_sc_hd__dlymetal6s2s_1)
                                                         CARRY (net)
                      0.350285    0.000708    2.814967 ^ CARRY (out)
                                              2.814967   data arrival time

                      0.000000    0.000000    0.000000   clock __VIRTUAL_CLK__ (rise edge)
                                  0.000000    0.000000   clock network delay (ideal)
                                  0.250000    0.250000   clock uncertainty
                                  0.000000    0.250000   clock reconvergence pessimism
                                 -2.000000   -1.750000   output external delay
                                             -1.750000   data required time
---------------------------------------------------------------------------------------------
                                             -1.750000   data required time
                                             -2.814967   data arrival time
---------------------------------------------------------------------------------------------
                                              4.564967   slack (MET)


Startpoint: OP[0] (input port clocked by __VIRTUAL_CLK__)
Endpoint: Y[1] (output port clocked by __VIRTUAL_CLK__)
Path Group: __VIRTUAL_CLK__
Path Type: min

Fanout         Cap        Slew       Delay        Time   Description
---------------------------------------------------------------------------------------------
                      0.000000    0.000000    0.000000   clock __VIRTUAL_CLK__ (rise edge)
                                  0.000000    0.000000   clock network delay (ideal)
                                  2.000000    2.000000 ^ input external delay
     1    0.004023    0.025040    0.013883    2.013883 ^ OP[0] (in)
                                                         OP[0] (net)
                      0.025049    0.000000    2.013883 ^ input17/A (sky130_fd_sc_hd__clkdlybuf4s25_1)
     2    0.006257    0.075859    0.247304    2.261187 ^ input17/X (sky130_fd_sc_hd__clkdlybuf4s25_1)
                                                         net17 (net)
                      0.075859    0.000151    2.261338 ^ _255_/C (sky130_fd_sc_hd__or3_2)
     5    0.027957    0.143430    0.186855    2.448193 ^ _255_/X (sky130_fd_sc_hd__or3_2)
                                                         _111_ (net)
                      0.143432    0.000684    2.448877 ^ _144_/B2 (sky130_fd_sc_hd__o22a_2)
     1    0.002934    0.031324    0.136474    2.585350 ^ _144_/X (sky130_fd_sc_hd__o22a_2)
                                                         net22 (net)
                      0.031324    0.000058    2.585408 ^ output22/A (sky130_fd_sc_hd__clkdlybuf4s25_1)
     1    0.034202    0.345736    0.431234    3.016642 ^ output22/X (sky130_fd_sc_hd__clkdlybuf4s25_1)
                                                         Y[1] (net)
                      0.345736    0.000742    3.017384 ^ Y[1] (out)
                                              3.017384   data arrival time

                      0.000000    0.000000    0.000000   clock __VIRTUAL_CLK__ (rise edge)
                                  0.000000    0.000000   clock network delay (ideal)
                                  0.250000    0.250000   clock uncertainty
                                  0.000000    0.250000   clock reconvergence pessimism
                                 -2.000000   -1.750000   output external delay
                                             -1.750000   data required time
---------------------------------------------------------------------------------------------
                                             -1.750000   data required time
                                             -3.017384   data arrival time
---------------------------------------------------------------------------------------------
                                              4.767384   slack (MET)


Startpoint: A[0] (input port clocked by __VIRTUAL_CLK__)
Endpoint: Y[0] (output port clocked by __VIRTUAL_CLK__)
Path Group: __VIRTUAL_CLK__
Path Type: min

Fanout         Cap        Slew       Delay        Time   Description
---------------------------------------------------------------------------------------------
                      0.000000    0.000000    0.000000   clock __VIRTUAL_CLK__ (rise edge)
                                  0.000000    0.000000   clock network delay (ideal)
                                  2.000000    2.000000 v input external delay
     1    0.004212    0.011889    0.006490    2.006490 v A[0] (in)
                                                         A[0] (net)
                      0.011890    0.000000    2.006490 v input1/A (sky130_fd_sc_hd__clkdlybuf4s25_1)
     7    0.026987    0.203582    0.344075    2.350566 v input1/X (sky130_fd_sc_hd__clkdlybuf4s25_1)
                                                         net1 (net)
                      0.203582    0.000296    2.350861 v _128_/A (sky130_fd_sc_hd__nor2_2)
     1    0.002463    0.067358    0.138031    2.488893 ^ _128_/Y (sky130_fd_sc_hd__nor2_2)
                                                         _116_ (net)
                      0.067358    0.000069    2.488961 ^ _132_/B (sky130_fd_sc_hd__or3_2)
     1    0.003368    0.030480    0.103984    2.592945 ^ _132_/X (sky130_fd_sc_hd__or3_2)
                                                         net21 (net)
                      0.030480    0.000100    2.593046 ^ output21/A (sky130_fd_sc_hd__clkdlybuf4s25_1)
     1    0.034512    0.348763    0.433045    3.026091 ^ output21/X (sky130_fd_sc_hd__clkdlybuf4s25_1)
                                                         Y[0] (net)
                      0.348763    0.000638    3.026729 ^ Y[0] (out)
                                              3.026729   data arrival time

                      0.000000    0.000000    0.000000   clock __VIRTUAL_CLK__ (rise edge)
                                  0.000000    0.000000   clock network delay (ideal)
                                  0.250000    0.250000   clock uncertainty
                                  0.000000    0.250000   clock reconvergence pessimism
                                 -2.000000   -1.750000   output external delay
                                             -1.750000   data required time
---------------------------------------------------------------------------------------------
                                             -1.750000   data required time
                                             -3.026729   data arrival time
---------------------------------------------------------------------------------------------
                                              4.776730   slack (MET)


Startpoint: OP[0] (input port clocked by __VIRTUAL_CLK__)
Endpoint: Y[2] (output port clocked by __VIRTUAL_CLK__)
Path Group: __VIRTUAL_CLK__
Path Type: min

Fanout         Cap        Slew       Delay        Time   Description
---------------------------------------------------------------------------------------------
                      0.000000    0.000000    0.000000   clock __VIRTUAL_CLK__ (rise edge)
                                  0.000000    0.000000   clock network delay (ideal)
                                  2.000000    2.000000 ^ input external delay
     1    0.004023    0.025040    0.013883    2.013883 ^ OP[0] (in)
                                                         OP[0] (net)
                      0.025049    0.000000    2.013883 ^ input17/A (sky130_fd_sc_hd__clkdlybuf4s25_1)
     2    0.006257    0.075859    0.247304    2.261187 ^ input17/X (sky130_fd_sc_hd__clkdlybuf4s25_1)
                                                         net17 (net)
                      0.075859    0.000151    2.261338 ^ _255_/C (sky130_fd_sc_hd__or3_2)
     5    0.027957    0.143430    0.186855    2.448193 ^ _255_/X (sky130_fd_sc_hd__or3_2)
                                                         _111_ (net)
                      0.143434    0.000888    2.449080 ^ _152_/A1 (sky130_fd_sc_hd__o22a_2)
     1    0.003202    0.032442    0.157406    2.606486 ^ _152_/X (sky130_fd_sc_hd__o22a_2)
                                                         net23 (net)
                      0.032442    0.000089    2.606575 ^ output23/A (sky130_fd_sc_hd__clkdlybuf4s25_1)
     1    0.034567    0.349277    0.433951    3.040527 ^ output23/X (sky130_fd_sc_hd__clkdlybuf4s25_1)
                                                         Y[2] (net)
                      0.349277    0.000789    3.041316 ^ Y[2] (out)
                                              3.041316   data arrival time

                      0.000000    0.000000    0.000000   clock __VIRTUAL_CLK__ (rise edge)
                                  0.000000    0.000000   clock network delay (ideal)
                                  0.250000    0.250000   clock uncertainty
                                  0.000000    0.250000   clock reconvergence pessimism
                                 -2.000000   -1.750000   output external delay
                                             -1.750000   data required time
---------------------------------------------------------------------------------------------
                                             -1.750000   data required time
                                             -3.041316   data arrival time
---------------------------------------------------------------------------------------------
                                              4.791316   slack (MET)


Startpoint: OP[0] (input port clocked by __VIRTUAL_CLK__)
Endpoint: Y[6] (output port clocked by __VIRTUAL_CLK__)
Path Group: __VIRTUAL_CLK__
Path Type: min

Fanout         Cap        Slew       Delay        Time   Description
---------------------------------------------------------------------------------------------
                      0.000000    0.000000    0.000000   clock __VIRTUAL_CLK__ (rise edge)
                                  0.000000    0.000000   clock network delay (ideal)
                                  2.000000    2.000000 ^ input external delay
     1    0.004023    0.025040    0.013883    2.013883 ^ OP[0] (in)
                                                         OP[0] (net)
                      0.025049    0.000000    2.013883 ^ input17/A (sky130_fd_sc_hd__clkdlybuf4s25_1)
     2    0.006257    0.075859    0.247304    2.261187 ^ input17/X (sky130_fd_sc_hd__clkdlybuf4s25_1)
                                                         net17 (net)
                      0.075859    0.000151    2.261338 ^ _255_/C (sky130_fd_sc_hd__or3_2)
     5    0.027957    0.143430    0.186855    2.448193 ^ _255_/X (sky130_fd_sc_hd__or3_2)
                                                         _111_ (net)
                      0.143432    0.000710    2.448902 ^ _190_/A1 (sky130_fd_sc_hd__o22a_2)
     1    0.003225    0.032550    0.157520    2.606422 ^ _190_/X (sky130_fd_sc_hd__o22a_2)
                                                         net27 (net)
                      0.032550    0.000094    2.606517 ^ output27/A (sky130_fd_sc_hd__clkdlybuf4s25_1)
     1    0.034768    0.351244    0.435243    3.041759 ^ output27/X (sky130_fd_sc_hd__clkdlybuf4s25_1)
                                                         Y[6] (net)
                      0.351244    0.000860    3.042619 ^ Y[6] (out)
                                              3.042619   data arrival time

                      0.000000    0.000000    0.000000   clock __VIRTUAL_CLK__ (rise edge)
                                  0.000000    0.000000   clock network delay (ideal)
                                  0.250000    0.250000   clock uncertainty
                                  0.000000    0.250000   clock reconvergence pessimism
                                 -2.000000   -1.750000   output external delay
                                             -1.750000   data required time
---------------------------------------------------------------------------------------------
                                             -1.750000   data required time
                                             -3.042619   data arrival time
---------------------------------------------------------------------------------------------
                                              4.792620   slack (MET)


Startpoint: B[5] (input port clocked by __VIRTUAL_CLK__)
Endpoint: Y[5] (output port clocked by __VIRTUAL_CLK__)
Path Group: __VIRTUAL_CLK__
Path Type: min

Fanout         Cap        Slew       Delay        Time   Description
---------------------------------------------------------------------------------------------
                      0.000000    0.000000    0.000000   clock __VIRTUAL_CLK__ (rise edge)
                                  0.000000    0.000000   clock network delay (ideal)
                                  2.000000    2.000000 v input external delay
     1    0.003028    0.009161    0.004578    2.004578 v B[5] (in)
                                                         B[5] (net)
                      0.009162    0.000000    2.004578 v input14/A (sky130_fd_sc_hd__clkdlybuf4s25_1)
     3    0.009435    0.082683    0.253585    2.258163 v input14/X (sky130_fd_sc_hd__clkdlybuf4s25_1)
                                                         net14 (net)
                      0.082683    0.000222    2.258385 v _208_/A (sky130_fd_sc_hd__nand2_2)
     3    0.012062    0.073214    0.092214    2.350599 ^ _208_/Y (sky130_fd_sc_hd__nand2_2)
                                                         _064_ (net)
                      0.073214    0.000201    2.350800 ^ _212_/A (sky130_fd_sc_hd__nand2_2)
     4    0.017892    0.078158    0.084523    2.435323 v _212_/Y (sky130_fd_sc_hd__nand2_2)
                                                         _068_ (net)
                      0.078162    0.000400    2.435723 v _174_/A (sky130_fd_sc_hd__nand2_2)
     1    0.003023    0.035031    0.058034    2.493756 ^ _174_/Y (sky130_fd_sc_hd__nand2_2)
                                                         _033_ (net)
                      0.035031    0.000085    2.493841 ^ _181_/A3 (sky130_fd_sc_hd__a31o_2)
     1    0.003107    0.032639    0.134587    2.628428 ^ _181_/X (sky130_fd_sc_hd__a31o_2)
                                                         net26 (net)
                      0.032639    0.000062    2.628491 ^ output26/A (sky130_fd_sc_hd__clkdlybuf4s25_1)
     1    0.034320    0.346819    0.432538    3.061028 ^ output26/X (sky130_fd_sc_hd__clkdlybuf4s25_1)
                                                         Y[5] (net)
                      0.346819    0.000606    3.061634 ^ Y[5] (out)
                                              3.061634   data arrival time

                      0.000000    0.000000    0.000000   clock __VIRTUAL_CLK__ (rise edge)
                                  0.000000    0.000000   clock network delay (ideal)
                                  0.250000    0.250000   clock uncertainty
                                  0.000000    0.250000   clock reconvergence pessimism
                                 -2.000000   -1.750000   output external delay
                                             -1.750000   data required time
---------------------------------------------------------------------------------------------
                                             -1.750000   data required time
                                             -3.061634   data arrival time
---------------------------------------------------------------------------------------------
                                              4.811634   slack (MET)


Startpoint: A[5] (input port clocked by __VIRTUAL_CLK__)
Endpoint: Y[4] (output port clocked by __VIRTUAL_CLK__)
Path Group: __VIRTUAL_CLK__
Path Type: min

Fanout         Cap        Slew       Delay        Time   Description
---------------------------------------------------------------------------------------------
                      0.000000    0.000000    0.000000   clock __VIRTUAL_CLK__ (rise edge)
                                  0.000000    0.000000   clock network delay (ideal)
                                  2.000000    2.000000 ^ input external delay
     1    0.003142    0.021210    0.010941    2.010941 ^ A[5] (in)
                                                         A[5] (net)
                      0.021210    0.000000    2.010941 ^ input6/A (sky130_fd_sc_hd__clkdlybuf4s25_1)
     6    0.023840    0.244822    0.360755    2.371695 ^ input6/X (sky130_fd_sc_hd__clkdlybuf4s25_1)
                                                         net6 (net)
                      0.244822    0.000542    2.372237 ^ _169_/A1 (sky130_fd_sc_hd__a211o_2)
     1    0.003098    0.026720    0.163494    2.535731 ^ _169_/X (sky130_fd_sc_hd__a211o_2)
                                                         _029_ (net)
                      0.026720    0.000085    2.535816 ^ _172_/A4 (sky130_fd_sc_hd__o41a_2)
     1    0.005076    0.039242    0.107603    2.643419 ^ _172_/X (sky130_fd_sc_hd__o41a_2)
                                                         net25 (net)
                      0.039242    0.000136    2.643555 ^ output25/A (sky130_fd_sc_hd__clkdlybuf4s25_1)
     1    0.034283    0.346289    0.434512    3.078067 ^ output25/X (sky130_fd_sc_hd__clkdlybuf4s25_1)
                                                         Y[4] (net)
                      0.346289    0.000604    3.078671 ^ Y[4] (out)
                                              3.078671   data arrival time

                      0.000000    0.000000    0.000000   clock __VIRTUAL_CLK__ (rise edge)
                                  0.000000    0.000000   clock network delay (ideal)
                                  0.250000    0.250000   clock uncertainty
                                  0.000000    0.250000   clock reconvergence pessimism
                                 -2.000000   -1.750000   output external delay
                                             -1.750000   data required time
---------------------------------------------------------------------------------------------
                                             -1.750000   data required time
                                             -3.078671   data arrival time
---------------------------------------------------------------------------------------------
                                              4.828671   slack (MET)


Startpoint: A[2] (input port clocked by __VIRTUAL_CLK__)
Endpoint: Y[3] (output port clocked by __VIRTUAL_CLK__)
Path Group: __VIRTUAL_CLK__
Path Type: min

Fanout         Cap        Slew       Delay        Time   Description
---------------------------------------------------------------------------------------------
                      0.000000    0.000000    0.000000   clock __VIRTUAL_CLK__ (rise edge)
                                  0.000000    0.000000   clock network delay (ideal)
                                  2.000000    2.000000 ^ input external delay
     1    0.003479    0.022675    0.012069    2.012069 ^ A[2] (in)
                                                         A[2] (net)
                      0.022683    0.000000    2.012069 ^ input3/A (sky130_fd_sc_hd__clkdlybuf4s25_1)
     6    0.020994    0.217288    0.342634    2.354704 ^ input3/X (sky130_fd_sc_hd__clkdlybuf4s25_1)
                                                         net3 (net)
                      0.217288    0.000604    2.355307 ^ _159_/A1 (sky130_fd_sc_hd__a221o_2)
     1    0.003394    0.032461    0.182825    2.538132 ^ _159_/X (sky130_fd_sc_hd__a221o_2)
                                                         _020_ (net)
                      0.032461    0.000077    2.538209 ^ _163_/B1 (sky130_fd_sc_hd__o2bb2a_2)
     1    0.003188    0.038716    0.148830    2.687039 ^ _163_/X (sky130_fd_sc_hd__o2bb2a_2)
                                                         net24 (net)
                      0.038716    0.000066    2.687105 ^ output24/A (sky130_fd_sc_hd__clkdlybuf4s25_1)
     1    0.034370    0.347155    0.434899    3.122004 ^ output24/X (sky130_fd_sc_hd__clkdlybuf4s25_1)
                                                         Y[3] (net)
                      0.347155    0.000608    3.122612 ^ Y[3] (out)
                                              3.122612   data arrival time

                      0.000000    0.000000    0.000000   clock __VIRTUAL_CLK__ (rise edge)
                                  0.000000    0.000000   clock network delay (ideal)
                                  0.250000    0.250000   clock uncertainty
                                  0.000000    0.250000   clock reconvergence pessimism
                                 -2.000000   -1.750000   output external delay
                                             -1.750000   data required time
---------------------------------------------------------------------------------------------
                                             -1.750000   data required time
                                             -3.122612   data arrival time
---------------------------------------------------------------------------------------------
                                              4.872612   slack (MET)



