
===========================================================================
report_checks -unconstrained
===========================================================================
======================= nom_tt_025C_1v80 Corner ===================================

Startpoint: OP[0] (input port clocked by __VIRTUAL_CLK__)
Endpoint: Y[5] (output port clocked by __VIRTUAL_CLK__)
Path Group: __VIRTUAL_CLK__
Path Type: max

Fanout         Cap        Slew       Delay        Time   Description
---------------------------------------------------------------------------------------------
                      0.000000    0.000000    0.000000   clock __VIRTUAL_CLK__ (rise edge)
                                  0.000000    0.000000   clock network delay (ideal)
                                  2.000000    2.000000 v input external delay
     1    0.004173    0.011816    0.007105    2.007105 v OP[0] (in)
                                                         OP[0] (net)
                      0.011817    0.000000    2.007105 v input17/A (sky130_fd_sc_hd__clkdlybuf4s25_1)
     2    0.005471    0.057075    0.256465    2.263570 v input17/X (sky130_fd_sc_hd__clkdlybuf4s25_1)
                                                         net17 (net)
                      0.057075    0.000177    2.263747 v fanout34/A (sky130_fd_sc_hd__clkdlybuf4s25_1)
    10    0.028103    0.211458    0.406609    2.670356 v fanout34/X (sky130_fd_sc_hd__clkdlybuf4s25_1)
                                                         net34 (net)
                      0.211458    0.000481    2.670837 v _124_/B (sky130_fd_sc_hd__nand2_2)
     2    0.006603    0.077423    0.145434    2.816272 ^ _124_/Y (sky130_fd_sc_hd__nand2_2)
                                                         _112_ (net)
                      0.077423    0.000137    2.816409 ^ _127_/B (sky130_fd_sc_hd__or2_2)
     8    0.035617    0.186682    0.234701    3.051110 ^ _127_/X (sky130_fd_sc_hd__or2_2)
                                                         _115_ (net)
                      0.186683    0.000946    3.052056 ^ _176_/A2_N (sky130_fd_sc_hd__a2bb2o_2)
     1    0.002476    0.041612    0.295110    3.347167 v _176_/X (sky130_fd_sc_hd__a2bb2o_2)
                                                         _035_ (net)
                      0.041612    0.000054    3.347221 v _177_/C1 (sky130_fd_sc_hd__a211o_2)
     1    0.003268    0.047562    0.273203    3.620424 v _177_/X (sky130_fd_sc_hd__a211o_2)
                                                         _036_ (net)
                      0.047562    0.000087    3.620510 v _178_/C1 (sky130_fd_sc_hd__a221o_2)
     1    0.004405    0.058080    0.316265    3.936775 v _178_/X (sky130_fd_sc_hd__a221o_2)
                                                         _037_ (net)
                      0.058080    0.000146    3.936922 v _180_/B1 (sky130_fd_sc_hd__a41o_2)
     1    0.002805    0.036938    0.236327    4.173248 v _180_/X (sky130_fd_sc_hd__a41o_2)
                                                         _039_ (net)
                      0.036938    0.000066    4.173314 v _181_/B1 (sky130_fd_sc_hd__a31o_2)
     1    0.003082    0.037338    0.215557    4.388871 v _181_/X (sky130_fd_sc_hd__a31o_2)
                                                         net26 (net)
                      0.037338    0.000078    4.388949 v output26/A (sky130_fd_sc_hd__clkdlybuf4s25_1)
     1    0.034480    0.256878    0.432502    4.821451 v output26/X (sky130_fd_sc_hd__clkdlybuf4s25_1)
                                                         Y[5] (net)
                      0.256880    0.001084    4.822535 v Y[5] (out)
                                              4.822535   data arrival time

                      0.000000   10.000000   10.000000   clock __VIRTUAL_CLK__ (rise edge)
                                  0.000000   10.000000   clock network delay (ideal)
                                 -0.250000    9.750000   clock uncertainty
                                  0.000000    9.750000   clock reconvergence pessimism
                                 -2.000000    7.750000   output external delay
                                              7.750000   data required time
---------------------------------------------------------------------------------------------
                                              7.750000   data required time
                                             -4.822535   data arrival time
---------------------------------------------------------------------------------------------
                                              2.927465   slack (MET)




===========================================================================
report_checks --slack_max -0.01
============================================================================
======================= nom_tt_025C_1v80 Corner ===================================

No paths found.


===========================================================================
 report_check_types -max_slew -max_cap -max_fanout -violators
============================================================================
======================= nom_tt_025C_1v80 Corner ===================================



===========================================================================
report_parasitic_annotation -report_unannotated
============================================================================
Found 0 unannotated drivers.
Found 0 partially unannotated drivers.

===========================================================================
max slew violation count 0
Writing metric design__max_slew_violation__count__corner:nom_tt_025C_1v80: 0
max fanout violation count 0
Writing metric design__max_fanout_violation__count__corner:nom_tt_025C_1v80: 0
max cap violation count 0
Writing metric design__max_cap_violation__count__corner:nom_tt_025C_1v80: 0
============================================================================

===========================================================================
check_setup -verbose -unconstrained_endpoints -multiple_clock -no_clock -no_input_delay -loops -generated_clocks
===========================================================================
