
===========================================================================
report_checks -path_delay max (Setup)
============================================================================
======================= nom_tt_025C_1v80 Corner ===================================

Startpoint: OP[1] (input port clocked by __VIRTUAL_CLK__)
Endpoint: Y[5] (output port clocked by __VIRTUAL_CLK__)
Path Group: __VIRTUAL_CLK__
Path Type: max

Fanout         Cap        Slew       Delay        Time   Description
---------------------------------------------------------------------------------------------
                      0.000000    0.000000    0.000000   clock __VIRTUAL_CLK__ (rise edge)
                                  0.000000    0.000000   clock network delay (ideal)
                                  2.000000    2.000000 ^ input external delay
     1    0.003241    0.021637    0.012430    2.012430 ^ OP[1] (in)
                                                         OP[1] (net)
                      0.021637    0.000000    2.012430 ^ input18/A (sky130_fd_sc_hd__clkdlybuf4s25_1)
     2    0.005230    0.068592    0.264621    2.277051 ^ input18/X (sky130_fd_sc_hd__clkdlybuf4s25_1)
                                                         net18 (net)
                      0.068592    0.000022    2.277074 ^ fanout33/A (sky130_fd_sc_hd__clkdlybuf4s25_1)
    10    0.027230    0.281275    0.440834    2.717908 ^ fanout33/X (sky130_fd_sc_hd__clkdlybuf4s25_1)
                                                         net33 (net)
                      0.281275    0.000060    2.717968 ^ _127_/A (sky130_fd_sc_hd__or2_2)
     8    0.032981    0.173948    0.290062    3.008030 ^ _127_/X (sky130_fd_sc_hd__or2_2)
                                                         _115_ (net)
                      0.173948    0.000116    3.008146 ^ _176_/A2_N (sky130_fd_sc_hd__a2bb2o_2)
     1    0.002320    0.041827    0.292320    3.300466 v _176_/X (sky130_fd_sc_hd__a2bb2o_2)
                                                         _035_ (net)
                      0.041827    0.000003    3.300469 v _177_/C1 (sky130_fd_sc_hd__a211o_2)
     1    0.002386    0.045681    0.267534    3.568003 v _177_/X (sky130_fd_sc_hd__a211o_2)
                                                         _036_ (net)
                      0.045681    0.000004    3.568007 v _178_/C1 (sky130_fd_sc_hd__a221o_2)
     1    0.003822    0.055743    0.312076    3.880084 v _178_/X (sky130_fd_sc_hd__a221o_2)
                                                         _037_ (net)
                      0.055743    0.000022    3.880106 v _180_/B1 (sky130_fd_sc_hd__a41o_2)
     1    0.002601    0.037309    0.234299    4.114405 v _180_/X (sky130_fd_sc_hd__a41o_2)
                                                         _039_ (net)
                      0.037309    0.000006    4.114411 v _181_/B1 (sky130_fd_sc_hd__a31o_2)
     1    0.002571    0.036798    0.212977    4.327388 v _181_/X (sky130_fd_sc_hd__a31o_2)
                                                         net26 (net)
                      0.036798    0.000005    4.327393 v output26/A (sky130_fd_sc_hd__clkdlybuf4s25_1)
     1    0.034230    0.254806    0.431723    4.759116 v output26/X (sky130_fd_sc_hd__clkdlybuf4s25_1)
                                                         Y[5] (net)
                      0.254806    0.000124    4.759241 v Y[5] (out)
                                              4.759241   data arrival time

                      0.000000   10.000000   10.000000   clock __VIRTUAL_CLK__ (rise edge)
                                  0.000000   10.000000   clock network delay (ideal)
                                 -0.250000    9.750000   clock uncertainty
                                  0.000000    9.750000   clock reconvergence pessimism
                                 -2.000000    7.750000   output external delay
                                              7.750000   data required time
---------------------------------------------------------------------------------------------
                                              7.750000   data required time
                                             -4.759241   data arrival time
---------------------------------------------------------------------------------------------
                                              2.990759   slack (MET)


Startpoint: A[5] (input port clocked by __VIRTUAL_CLK__)
Endpoint: Y[7] (output port clocked by __VIRTUAL_CLK__)
Path Group: __VIRTUAL_CLK__
Path Type: max

Fanout         Cap        Slew       Delay        Time   Description
---------------------------------------------------------------------------------------------
                      0.000000    0.000000    0.000000   clock __VIRTUAL_CLK__ (rise edge)
                                  0.000000    0.000000   clock network delay (ideal)
                                  2.000000    2.000000 v input external delay
     1    0.002774    0.008572    0.004587    2.004587 v A[5] (in)
                                                         A[5] (net)
                      0.008572    0.000000    2.004587 v input6/A (sky130_fd_sc_hd__clkdlybuf4s25_1)
     6    0.017975    0.142464    0.328691    2.333278 v input6/X (sky130_fd_sc_hd__clkdlybuf4s25_1)
                                                         net6 (net)
                      0.142464    0.000028    2.333306 v _210_/B (sky130_fd_sc_hd__or2_4)
     5    0.016718    0.064024    0.304323    2.637629 v _210_/X (sky130_fd_sc_hd__or2_4)
                                                         _066_ (net)
                      0.064024    0.000004    2.637633 v _211_/B (sky130_fd_sc_hd__and2_2)
     2    0.003724    0.039030    0.204753    2.842386 v _211_/X (sky130_fd_sc_hd__and2_2)
                                                         _067_ (net)
                      0.039030    0.000016    2.842402 v _234_/A (sky130_fd_sc_hd__or2_2)
     1    0.001979    0.051359    0.293117    3.135519 v _234_/X (sky130_fd_sc_hd__or2_2)
                                                         _090_ (net)
                      0.051359    0.000005    3.135524 v _235_/B (sky130_fd_sc_hd__or3b_2)
     3    0.010553    0.102865    0.505268    3.640792 v _235_/X (sky130_fd_sc_hd__or3b_2)
                                                         _091_ (net)
                      0.102865    0.000103    3.640895 v _239_/A1 (sky130_fd_sc_hd__a31o_2)
     3    0.013885    0.062494    0.266018    3.906913 v _239_/X (sky130_fd_sc_hd__a31o_2)
                                                         _095_ (net)
                      0.062494    0.000093    3.907006 v _241_/A1 (sky130_fd_sc_hd__a21o_2)
     2    0.005330    0.041453    0.207429    4.114435 v _241_/X (sky130_fd_sc_hd__a21o_2)
                                                         _097_ (net)
                      0.041453    0.000010    4.114444 v _197_/A2 (sky130_fd_sc_hd__a31o_2)
     1    0.002762    0.037304    0.232219    4.346663 v _197_/X (sky130_fd_sc_hd__a31o_2)
                                                         _054_ (net)
                      0.037304    0.000008    4.346671 v _198_/B2 (sky130_fd_sc_hd__o22a_2)
     1    0.002364    0.034741    0.175784    4.522455 v _198_/X (sky130_fd_sc_hd__o22a_2)
                                                         net28 (net)
                      0.034741    0.000004    4.522460 v output28/A (sky130_fd_sc_hd__clkbuf_2)
     1    0.034858    0.133772    0.194953    4.717413 v output28/X (sky130_fd_sc_hd__clkbuf_2)
                                                         Y[7] (net)
                      0.133772    0.000318    4.717731 v Y[7] (out)
                                              4.717731   data arrival time

                      0.000000   10.000000   10.000000   clock __VIRTUAL_CLK__ (rise edge)
                                  0.000000   10.000000   clock network delay (ideal)
                                 -0.250000    9.750000   clock uncertainty
                                  0.000000    9.750000   clock reconvergence pessimism
                                 -2.000000    7.750000   output external delay
                                              7.750000   data required time
---------------------------------------------------------------------------------------------
                                              7.750000   data required time
                                             -4.717731   data arrival time
---------------------------------------------------------------------------------------------
                                              3.032270   slack (MET)


Startpoint: A[1] (input port clocked by __VIRTUAL_CLK__)
Endpoint: CARRY (output port clocked by __VIRTUAL_CLK__)
Path Group: __VIRTUAL_CLK__
Path Type: max

Fanout         Cap        Slew       Delay        Time   Description
---------------------------------------------------------------------------------------------
                      0.000000    0.000000    0.000000   clock __VIRTUAL_CLK__ (rise edge)
                                  0.000000    0.000000   clock network delay (ideal)
                                  2.000000    2.000000 v input external delay
     1    0.003207    0.009577    0.005357    2.005357 v A[1] (in)
                                                         A[1] (net)
                      0.009577    0.000000    2.005357 v input2/A (sky130_fd_sc_hd__clkdlybuf4s25_1)
     7    0.021933    0.169064    0.351606    2.356963 v input2/X (sky130_fd_sc_hd__clkdlybuf4s25_1)
                                                         net2 (net)
                      0.169064    0.000055    2.357018 v _217_/B (sky130_fd_sc_hd__or2_2)
     2    0.005560    0.062732    0.345953    2.702971 v _217_/X (sky130_fd_sc_hd__or2_2)
                                                         _073_ (net)
                      0.062732    0.000016    2.702987 v _245_/A3 (sky130_fd_sc_hd__a31o_2)
     2    0.014068    0.062896    0.296229    2.999216 v _245_/X (sky130_fd_sc_hd__a31o_2)
                                                         _101_ (net)
                      0.062896    0.000067    2.999283 v _246_/A2 (sky130_fd_sc_hd__a21oi_2)
     2    0.014982    0.203001    0.234544    3.233826 ^ _246_/Y (sky130_fd_sc_hd__a21oi_2)
                                                         _102_ (net)
                      0.203001    0.000098    3.233925 ^ _247_/A2 (sky130_fd_sc_hd__o21ai_2)
     4    0.014003    0.089889    0.116469    3.350394 v _247_/Y (sky130_fd_sc_hd__o21ai_2)
                                                         _103_ (net)
                      0.089889    0.000086    3.350479 v _250_/A2 (sky130_fd_sc_hd__a211o_2)
     2    0.007795    0.060560    0.378610    3.729089 v _250_/X (sky130_fd_sc_hd__a211o_2)
                                                         _106_ (net)
                      0.060560    0.000043    3.729132 v _252_/A3 (sky130_fd_sc_hd__a31o_2)
     2    0.012013    0.058648    0.290160    4.019292 v _252_/X (sky130_fd_sc_hd__a31o_2)
                                                         _108_ (net)
                      0.058648    0.000078    4.019371 v _253_/A2 (sky130_fd_sc_hd__a21o_2)
     1    0.002493    0.033208    0.216758    4.236129 v _253_/X (sky130_fd_sc_hd__a21o_2)
                                                         _109_ (net)
                      0.033208    0.000005    4.236134 v _256_/B1 (sky130_fd_sc_hd__a32o_2)
     1    0.002167    0.037556    0.214905    4.451039 v _256_/X (sky130_fd_sc_hd__a32o_2)
                                                         net20 (net)
                      0.037556    0.000007    4.451046 v output20/A (sky130_fd_sc_hd__dlymetal6s2s_1)
     1    0.034440    0.172347    0.258601    4.709647 v output20/X (sky130_fd_sc_hd__dlymetal6s2s_1)
                                                         CARRY (net)
                      0.172347    0.000175    4.709823 v CARRY (out)
                                              4.709823   data arrival time

                      0.000000   10.000000   10.000000   clock __VIRTUAL_CLK__ (rise edge)
                                  0.000000   10.000000   clock network delay (ideal)
                                 -0.250000    9.750000   clock uncertainty
                                  0.000000    9.750000   clock reconvergence pessimism
                                 -2.000000    7.750000   output external delay
                                              7.750000   data required time
---------------------------------------------------------------------------------------------
                                              7.750000   data required time
                                             -4.709823   data arrival time
---------------------------------------------------------------------------------------------
                                              3.040178   slack (MET)


Startpoint: A[5] (input port clocked by __VIRTUAL_CLK__)
Endpoint: Y[6] (output port clocked by __VIRTUAL_CLK__)
Path Group: __VIRTUAL_CLK__
Path Type: max

Fanout         Cap        Slew       Delay        Time   Description
---------------------------------------------------------------------------------------------
                      0.000000    0.000000    0.000000   clock __VIRTUAL_CLK__ (rise edge)
                                  0.000000    0.000000   clock network delay (ideal)
                                  2.000000    2.000000 v input external delay
     1    0.002774    0.008572    0.004587    2.004587 v A[5] (in)
                                                         A[5] (net)
                      0.008572    0.000000    2.004587 v input6/A (sky130_fd_sc_hd__clkdlybuf4s25_1)
     6    0.017975    0.142464    0.328691    2.333278 v input6/X (sky130_fd_sc_hd__clkdlybuf4s25_1)
                                                         net6 (net)
                      0.142464    0.000028    2.333306 v _210_/B (sky130_fd_sc_hd__or2_4)
     5    0.016718    0.064024    0.304323    2.637629 v _210_/X (sky130_fd_sc_hd__or2_4)
                                                         _066_ (net)
                      0.064024    0.000004    2.637633 v _211_/B (sky130_fd_sc_hd__and2_2)
     2    0.003724    0.039030    0.204753    2.842386 v _211_/X (sky130_fd_sc_hd__and2_2)
                                                         _067_ (net)
                      0.039030    0.000016    2.842402 v _234_/A (sky130_fd_sc_hd__or2_2)
     1    0.001979    0.051359    0.293117    3.135519 v _234_/X (sky130_fd_sc_hd__or2_2)
                                                         _090_ (net)
                      0.051359    0.000005    3.135524 v _235_/B (sky130_fd_sc_hd__or3b_2)
     3    0.010553    0.102865    0.505268    3.640792 v _235_/X (sky130_fd_sc_hd__or3b_2)
                                                         _091_ (net)
                      0.102865    0.000103    3.640895 v _239_/A1 (sky130_fd_sc_hd__a31o_2)
     3    0.013885    0.062494    0.266018    3.906913 v _239_/X (sky130_fd_sc_hd__a31o_2)
                                                         _095_ (net)
                      0.062494    0.000028    3.906941 v _183_/B (sky130_fd_sc_hd__nand2_2)
     1    0.005051    0.048266    0.076001    3.982942 ^ _183_/Y (sky130_fd_sc_hd__nand2_2)
                                                         _041_ (net)
                      0.048266    0.000008    3.982950 ^ _184_/B1 (sky130_fd_sc_hd__a41oi_2)
     1    0.002796    0.096735    0.032696    4.015646 v _184_/Y (sky130_fd_sc_hd__a41oi_2)
                                                         _042_ (net)
                      0.096735    0.000005    4.015651 v _190_/B1 (sky130_fd_sc_hd__o22a_2)
     1    0.002730    0.035947    0.221815    4.237465 v _190_/X (sky130_fd_sc_hd__o22a_2)
                                                         net27 (net)
                      0.035947    0.000009    4.237475 v output27/A (sky130_fd_sc_hd__clkdlybuf4s25_1)
     1    0.034616    0.257586    0.433259    4.670734 v output27/X (sky130_fd_sc_hd__clkdlybuf4s25_1)
                                                         Y[6] (net)
                      0.257586    0.000282    4.671016 v Y[6] (out)
                                              4.671016   data arrival time

                      0.000000   10.000000   10.000000   clock __VIRTUAL_CLK__ (rise edge)
                                  0.000000   10.000000   clock network delay (ideal)
                                 -0.250000    9.750000   clock uncertainty
                                  0.000000    9.750000   clock reconvergence pessimism
                                 -2.000000    7.750000   output external delay
                                              7.750000   data required time
---------------------------------------------------------------------------------------------
                                              7.750000   data required time
                                             -4.671016   data arrival time
---------------------------------------------------------------------------------------------
                                              3.078984   slack (MET)


Startpoint: OP[0] (input port clocked by __VIRTUAL_CLK__)
Endpoint: Y[3] (output port clocked by __VIRTUAL_CLK__)
Path Group: __VIRTUAL_CLK__
Path Type: max

Fanout         Cap        Slew       Delay        Time   Description
---------------------------------------------------------------------------------------------
                      0.000000    0.000000    0.000000   clock __VIRTUAL_CLK__ (rise edge)
                                  0.000000    0.000000   clock network delay (ideal)
                                  2.000000    2.000000 v input external delay
     1    0.003302    0.009799    0.005525    2.005525 v OP[0] (in)
                                                         OP[0] (net)
                      0.009799    0.000000    2.005525 v input17/A (sky130_fd_sc_hd__clkdlybuf4s25_1)
     2    0.004603    0.051375    0.250081    2.255606 v input17/X (sky130_fd_sc_hd__clkdlybuf4s25_1)
                                                         net17 (net)
                      0.051375    0.000023    2.255629 v fanout34/A (sky130_fd_sc_hd__clkdlybuf4s25_1)
    10    0.025826    0.195977    0.391732    2.647360 v fanout34/X (sky130_fd_sc_hd__clkdlybuf4s25_1)
                                                         net34 (net)
                      0.195977    0.000055    2.647415 v _130_/C (sky130_fd_sc_hd__and3_2)
     7    0.020770    0.077307    0.341524    2.988939 v _130_/X (sky130_fd_sc_hd__and3_2)
                                                         _118_ (net)
                      0.077307    0.000081    2.989020 v _160_/B1 (sky130_fd_sc_hd__a32o_2)
     1    0.001631    0.036617    0.229116    3.218136 v _160_/X (sky130_fd_sc_hd__a32o_2)
                                                         _021_ (net)
                      0.036617    0.000002    3.218138 v _161_/B (sky130_fd_sc_hd__or3b_2)
     1    0.004320    0.082316    0.462840    3.680978 v _161_/X (sky130_fd_sc_hd__or3b_2)
                                                         _022_ (net)
                      0.082316    0.000032    3.681010 v _162_/B1 (sky130_fd_sc_hd__a31o_2)
     1    0.002101    0.035202    0.227755    3.908765 v _162_/X (sky130_fd_sc_hd__a31o_2)
                                                         _023_ (net)
                      0.035202    0.000003    3.908768 v _163_/B2 (sky130_fd_sc_hd__o2bb2a_2)
     1    0.002544    0.043324    0.245603    4.154372 v _163_/X (sky130_fd_sc_hd__o2bb2a_2)
                                                         net24 (net)
                      0.043324    0.000004    4.154376 v output24/A (sky130_fd_sc_hd__clkdlybuf4s25_1)
     1    0.034230    0.254908    0.434666    4.589042 v output24/X (sky130_fd_sc_hd__clkdlybuf4s25_1)
                                                         Y[3] (net)
                      0.254908    0.000124    4.589166 v Y[3] (out)
                                              4.589166   data arrival time

                      0.000000   10.000000   10.000000   clock __VIRTUAL_CLK__ (rise edge)
                                  0.000000   10.000000   clock network delay (ideal)
                                 -0.250000    9.750000   clock uncertainty
                                  0.000000    9.750000   clock reconvergence pessimism
                                 -2.000000    7.750000   output external delay
                                              7.750000   data required time
---------------------------------------------------------------------------------------------
                                              7.750000   data required time
                                             -4.589166   data arrival time
---------------------------------------------------------------------------------------------
                                              3.160834   slack (MET)


Startpoint: A[1] (input port clocked by __VIRTUAL_CLK__)
Endpoint: Y[4] (output port clocked by __VIRTUAL_CLK__)
Path Group: __VIRTUAL_CLK__
Path Type: max

Fanout         Cap        Slew       Delay        Time   Description
---------------------------------------------------------------------------------------------
                      0.000000    0.000000    0.000000   clock __VIRTUAL_CLK__ (rise edge)
                                  0.000000    0.000000   clock network delay (ideal)
                                  2.000000    2.000000 v input external delay
     1    0.003207    0.009577    0.005357    2.005357 v A[1] (in)
                                                         A[1] (net)
                      0.009577    0.000000    2.005357 v input2/A (sky130_fd_sc_hd__clkdlybuf4s25_1)
     7    0.021933    0.169064    0.351606    2.356963 v input2/X (sky130_fd_sc_hd__clkdlybuf4s25_1)
                                                         net2 (net)
                      0.169064    0.000037    2.357000 v _218_/B (sky130_fd_sc_hd__xnor2_2)
     2    0.006900    0.064628    0.193264    2.550264 v _218_/Y (sky130_fd_sc_hd__xnor2_2)
                                                         _074_ (net)
                      0.064628    0.000013    2.550277 v max_cap30/A (sky130_fd_sc_hd__clkbuf_2)
     4    0.021015    0.085365    0.168903    2.719179 v max_cap30/X (sky130_fd_sc_hd__clkbuf_2)
                                                         net30 (net)
                      0.085365    0.000031    2.719210 v _221_/A1 (sky130_fd_sc_hd__a21o_2)
     4    0.014745    0.061459    0.246411    2.965621 v _221_/X (sky130_fd_sc_hd__a21o_2)
                                                         _077_ (net)
                      0.061459    0.000181    2.965802 v _228_/A1 (sky130_fd_sc_hd__a211o_2)
     2    0.007043    0.058537    0.325858    3.291660 v _228_/X (sky130_fd_sc_hd__a211o_2)
                                                         _084_ (net)
                      0.058537    0.000053    3.291713 v _229_/B (sky130_fd_sc_hd__nand2_2)
     2    0.009939    0.068833    0.092459    3.384172 ^ _229_/Y (sky130_fd_sc_hd__nand2_2)
                                                         _085_ (net)
                      0.068833    0.000025    3.384197 ^ _164_/A (sky130_fd_sc_hd__nand2_2)
     1    0.001722    0.052802    0.039887    3.424084 v _164_/Y (sky130_fd_sc_hd__nand2_2)
                                                         _024_ (net)
                      0.052802    0.000002    3.424086 v _165_/B (sky130_fd_sc_hd__and3b_2)
     1    0.003718    0.040016    0.204456    3.628542 v _165_/X (sky130_fd_sc_hd__and3b_2)
                                                         _025_ (net)
                      0.040016    0.000019    3.628561 v _172_/A1 (sky130_fd_sc_hd__o41a_2)
     1    0.003370    0.063175    0.497279    4.125841 v _172_/X (sky130_fd_sc_hd__o41a_2)
                                                         net25 (net)
                      0.063175    0.000015    4.125856 v output25/A (sky130_fd_sc_hd__clkdlybuf4s25_1)
     1    0.034230    0.254893    0.443689    4.569545 v output25/X (sky130_fd_sc_hd__clkdlybuf4s25_1)
                                                         Y[4] (net)
                      0.254893    0.000124    4.569669 v Y[4] (out)
                                              4.569669   data arrival time

                      0.000000   10.000000   10.000000   clock __VIRTUAL_CLK__ (rise edge)
                                  0.000000   10.000000   clock network delay (ideal)
                                 -0.250000    9.750000   clock uncertainty
                                  0.000000    9.750000   clock reconvergence pessimism
                                 -2.000000    7.750000   output external delay
                                              7.750000   data required time
---------------------------------------------------------------------------------------------
                                              7.750000   data required time
                                             -4.569669   data arrival time
---------------------------------------------------------------------------------------------
                                              3.180331   slack (MET)


Startpoint: OP[1] (input port clocked by __VIRTUAL_CLK__)
Endpoint: Y[1] (output port clocked by __VIRTUAL_CLK__)
Path Group: __VIRTUAL_CLK__
Path Type: max

Fanout         Cap        Slew       Delay        Time   Description
---------------------------------------------------------------------------------------------
                      0.000000    0.000000    0.000000   clock __VIRTUAL_CLK__ (rise edge)
                                  0.000000    0.000000   clock network delay (ideal)
                                  2.000000    2.000000 ^ input external delay
     1    0.003241    0.021637    0.012430    2.012430 ^ OP[1] (in)
                                                         OP[1] (net)
                      0.021637    0.000000    2.012430 ^ input18/A (sky130_fd_sc_hd__clkdlybuf4s25_1)
     2    0.005230    0.068592    0.264621    2.277051 ^ input18/X (sky130_fd_sc_hd__clkdlybuf4s25_1)
                                                         net18 (net)
                      0.068592    0.000022    2.277074 ^ fanout33/A (sky130_fd_sc_hd__clkdlybuf4s25_1)
    10    0.027230    0.281275    0.440834    2.717908 ^ fanout33/X (sky130_fd_sc_hd__clkdlybuf4s25_1)
                                                         net33 (net)
                      0.281275    0.000060    2.717968 ^ _127_/A (sky130_fd_sc_hd__or2_2)
     8    0.032981    0.173948    0.290062    3.008030 ^ _127_/X (sky130_fd_sc_hd__or2_2)
                                                         _115_ (net)
                      0.173948    0.000238    3.008269 ^ _141_/A2_N (sky130_fd_sc_hd__a2bb2o_2)
     1    0.002602    0.042873    0.294002    3.302271 v _141_/X (sky130_fd_sc_hd__a2bb2o_2)
                                                         _004_ (net)
                      0.042873    0.000005    3.302275 v _142_/C1 (sky130_fd_sc_hd__a2111o_2)
     1    0.002386    0.059361    0.404899    3.707174 v _142_/X (sky130_fd_sc_hd__a2111o_2)
                                                         _005_ (net)
                      0.059361    0.000002    3.707176 v _144_/A2 (sky130_fd_sc_hd__o22a_2)
     1    0.002554    0.035444    0.226755    3.933931 v _144_/X (sky130_fd_sc_hd__o22a_2)
                                                         net22 (net)
                      0.035444    0.000005    3.933936 v output22/A (sky130_fd_sc_hd__clkdlybuf4s25_1)
     1    0.034078    0.253721    0.430274    4.364211 v output22/X (sky130_fd_sc_hd__clkdlybuf4s25_1)
                                                         Y[1] (net)
                      0.253721    0.000097    4.364308 v Y[1] (out)
                                              4.364308   data arrival time

                      0.000000   10.000000   10.000000   clock __VIRTUAL_CLK__ (rise edge)
                                  0.000000   10.000000   clock network delay (ideal)
                                 -0.250000    9.750000   clock uncertainty
                                  0.000000    9.750000   clock reconvergence pessimism
                                 -2.000000    7.750000   output external delay
                                              7.750000   data required time
---------------------------------------------------------------------------------------------
                                              7.750000   data required time
                                             -4.364308   data arrival time
---------------------------------------------------------------------------------------------
                                              3.385692   slack (MET)


Startpoint: OP[0] (input port clocked by __VIRTUAL_CLK__)
Endpoint: Y[2] (output port clocked by __VIRTUAL_CLK__)
Path Group: __VIRTUAL_CLK__
Path Type: max

Fanout         Cap        Slew       Delay        Time   Description
---------------------------------------------------------------------------------------------
                      0.000000    0.000000    0.000000   clock __VIRTUAL_CLK__ (rise edge)
                                  0.000000    0.000000   clock network delay (ideal)
                                  2.000000    2.000000 v input external delay
     1    0.003302    0.009799    0.005525    2.005525 v OP[0] (in)
                                                         OP[0] (net)
                      0.009799    0.000000    2.005525 v input17/A (sky130_fd_sc_hd__clkdlybuf4s25_1)
     2    0.004603    0.051375    0.250081    2.255606 v input17/X (sky130_fd_sc_hd__clkdlybuf4s25_1)
                                                         net17 (net)
                      0.051375    0.000023    2.255629 v fanout34/A (sky130_fd_sc_hd__clkdlybuf4s25_1)
    10    0.025826    0.195977    0.391732    2.647360 v fanout34/X (sky130_fd_sc_hd__clkdlybuf4s25_1)
                                                         net34 (net)
                      0.195977    0.000055    2.647415 v _130_/C (sky130_fd_sc_hd__and3_2)
     7    0.020770    0.077307    0.341524    2.988939 v _130_/X (sky130_fd_sc_hd__and3_2)
                                                         _118_ (net)
                      0.077307    0.000112    2.989051 v _150_/B1 (sky130_fd_sc_hd__a221o_2)
     1    0.002901    0.053383    0.352106    3.341157 v _150_/X (sky130_fd_sc_hd__a221o_2)
                                                         _012_ (net)
                      0.053383    0.000010    3.341166 v _151_/B1 (sky130_fd_sc_hd__a211o_2)
     1    0.002534    0.046266    0.312243    3.653410 v _151_/X (sky130_fd_sc_hd__a211o_2)
                                                         _013_ (net)
                      0.046266    0.000004    3.653414 v _152_/B2 (sky130_fd_sc_hd__o22a_2)
     1    0.002644    0.035641    0.180617    3.834030 v _152_/X (sky130_fd_sc_hd__o22a_2)
                                                         net23 (net)
                      0.035641    0.000008    3.834038 v output23/A (sky130_fd_sc_hd__clkdlybuf4s25_1)
     1    0.034408    0.256079    0.432006    4.266045 v output23/X (sky130_fd_sc_hd__clkdlybuf4s25_1)
                                                         Y[2] (net)
                      0.256079    0.000230    4.266274 v Y[2] (out)
                                              4.266274   data arrival time

                      0.000000   10.000000   10.000000   clock __VIRTUAL_CLK__ (rise edge)
                                  0.000000   10.000000   clock network delay (ideal)
                                 -0.250000    9.750000   clock uncertainty
                                  0.000000    9.750000   clock reconvergence pessimism
                                 -2.000000    7.750000   output external delay
                                              7.750000   data required time
---------------------------------------------------------------------------------------------
                                              7.750000   data required time
                                             -4.266274   data arrival time
---------------------------------------------------------------------------------------------
                                              3.483725   slack (MET)


Startpoint: OP[1] (input port clocked by __VIRTUAL_CLK__)
Endpoint: Y[0] (output port clocked by __VIRTUAL_CLK__)
Path Group: __VIRTUAL_CLK__
Path Type: max

Fanout         Cap        Slew       Delay        Time   Description
---------------------------------------------------------------------------------------------
                      0.000000    0.000000    0.000000   clock __VIRTUAL_CLK__ (rise edge)
                                  0.000000    0.000000   clock network delay (ideal)
                                  2.000000    2.000000 ^ input external delay
     1    0.003241    0.021637    0.012430    2.012430 ^ OP[1] (in)
                                                         OP[1] (net)
                      0.021637    0.000000    2.012430 ^ input18/A (sky130_fd_sc_hd__clkdlybuf4s25_1)
     2    0.005230    0.068592    0.264621    2.277051 ^ input18/X (sky130_fd_sc_hd__clkdlybuf4s25_1)
                                                         net18 (net)
                      0.068592    0.000022    2.277074 ^ fanout33/A (sky130_fd_sc_hd__clkdlybuf4s25_1)
    10    0.027230    0.281275    0.440834    2.717908 ^ fanout33/X (sky130_fd_sc_hd__clkdlybuf4s25_1)
                                                         net33 (net)
                      0.281275    0.000061    2.717969 ^ _125_/S (sky130_fd_sc_hd__mux2_1)
     1    0.002543    0.055454    0.367684    3.085653 v _125_/X (sky130_fd_sc_hd__mux2_1)
                                                         _113_ (net)
                      0.055454    0.000004    3.085656 v _126_/C1 (sky130_fd_sc_hd__o211a_2)
     1    0.001876    0.038121    0.117635    3.203292 v _126_/X (sky130_fd_sc_hd__o211a_2)
                                                         _114_ (net)
                      0.038121    0.000004    3.203296 v _132_/A (sky130_fd_sc_hd__or3_2)
     1    0.002797    0.076105    0.484892    3.688188 v _132_/X (sky130_fd_sc_hd__or3_2)
                                                         net21 (net)
                      0.076105    0.000010    3.688198 v output21/A (sky130_fd_sc_hd__clkdlybuf4s25_1)
     1    0.034183    0.254350    0.449353    4.137551 v output21/X (sky130_fd_sc_hd__clkdlybuf4s25_1)
                                                         Y[0] (net)
                      0.254350    0.000123    4.137673 v Y[0] (out)
                                              4.137673   data arrival time

                      0.000000   10.000000   10.000000   clock __VIRTUAL_CLK__ (rise edge)
                                  0.000000   10.000000   clock network delay (ideal)
                                 -0.250000    9.750000   clock uncertainty
                                  0.000000    9.750000   clock reconvergence pessimism
                                 -2.000000    7.750000   output external delay
                                              7.750000   data required time
---------------------------------------------------------------------------------------------
                                              7.750000   data required time
                                             -4.137673   data arrival time
---------------------------------------------------------------------------------------------
                                              3.612327   slack (MET)



