
===========================================================================
report_checks -unconstrained
===========================================================================
======================= nom_ff_n40C_1v95 Corner ===================================

Startpoint: B[5] (input port clocked by __VIRTUAL_CLK__)
Endpoint: Y[7] (output port clocked by __VIRTUAL_CLK__)
Path Group: __VIRTUAL_CLK__
Path Type: max

Fanout         Cap        Slew       Delay        Time   Description
---------------------------------------------------------------------------------------------
                      0.000000    0.000000    0.000000   clock __VIRTUAL_CLK__ (rise edge)
                                  0.000000    0.000000   clock network delay (ideal)
                                  2.000000    2.000000 v input external delay
     3    0.007415    0.012227    0.007285    2.007285 v B[5] (in)
                                                         B[5] (net)
                      0.012227    0.000000    2.007285 v _210_/A (sky130_fd_sc_hd__or2_2)
     5    0.014100    0.060892    0.205203    2.212488 v _210_/X (sky130_fd_sc_hd__or2_2)
                                                         _066_ (net)
                      0.060892    0.000000    2.212488 v _211_/B (sky130_fd_sc_hd__and2_2)
     2    0.003048    0.027454    0.131511    2.343999 v _211_/X (sky130_fd_sc_hd__and2_2)
                                                         _067_ (net)
                      0.027454    0.000000    2.343999 v _234_/A (sky130_fd_sc_hd__or2_2)
     1    0.001542    0.033375    0.170071    2.514070 v _234_/X (sky130_fd_sc_hd__or2_2)
                                                         _090_ (net)
                      0.033375    0.000000    2.514070 v _235_/B (sky130_fd_sc_hd__or3b_2)
     3    0.008655    0.066153    0.281917    2.795986 v _235_/X (sky130_fd_sc_hd__or3b_2)
                                                         _091_ (net)
                      0.066153    0.000000    2.795986 v _239_/A1 (sky130_fd_sc_hd__a31o_2)
     3    0.010849    0.043454    0.161058    2.957044 v _239_/X (sky130_fd_sc_hd__a31o_2)
                                                         _095_ (net)
                      0.043454    0.000000    2.957044 v _241_/A1 (sky130_fd_sc_hd__a21o_2)
     2    0.004454    0.028902    0.128594    3.085639 v _241_/X (sky130_fd_sc_hd__a21o_2)
                                                         _097_ (net)
                      0.028902    0.000000    3.085639 v _197_/A2 (sky130_fd_sc_hd__a31o_2)
     1    0.002253    0.026816    0.144469    3.230108 v _197_/X (sky130_fd_sc_hd__a31o_2)
                                                         _054_ (net)
                      0.026816    0.000000    3.230108 v _198_/B2 (sky130_fd_sc_hd__o22a_2)
     1    0.033442    0.074598    0.165037    3.395144 v _198_/X (sky130_fd_sc_hd__o22a_2)
                                                         Y[7] (net)
                      0.074598    0.000000    3.395144 v Y[7] (out)
                                              3.395144   data arrival time

                      0.000000   10.000000   10.000000   clock __VIRTUAL_CLK__ (rise edge)
                                  0.000000   10.000000   clock network delay (ideal)
                                 -0.250000    9.750000   clock uncertainty
                                  0.000000    9.750000   clock reconvergence pessimism
                                 -2.000000    7.750000   output external delay
                                              7.750000   data required time
---------------------------------------------------------------------------------------------
                                              7.750000   data required time
                                             -3.395144   data arrival time
---------------------------------------------------------------------------------------------
                                              4.354855   slack (MET)




===========================================================================
report_checks --slack_max -0.01
============================================================================
======================= nom_ff_n40C_1v95 Corner ===================================

No paths found.


===========================================================================
 report_check_types -max_slew -max_cap -max_fanout -violators
============================================================================
======================= nom_ff_n40C_1v95 Corner ===================================

max fanout

Pin                                   Limit Fanout  Slack
---------------------------------------------------------
OP[0]                                    10     11        (VIOLATED)
OP[1]                                    10     11        (VIOLATED)



===========================================================================
report_parasitic_annotation -report_unannotated
============================================================================
Found 152 unannotated drivers.
 A[0]
 A[1]
 A[2]
 A[3]
 A[4]
 A[5]
 A[6]
 A[7]
 B[0]
 B[1]
 B[2]
 B[3]
 B[4]
 B[5]
 B[6]
 B[7]
 OP[0]
 OP[1]
 OP[2]
 _124_/Y
 _125_/X
 _126_/X
 _127_/X
 _128_/Y
 _129_/Y
 _130_/X
 _131_/X
 _132_/X
 _133_/X
 _134_/Y
 _135_/Y
 _136_/X
 _137_/X
 _138_/Y
 _139_/Y
 _140_/X
 _141_/X
 _142_/X
 _143_/X
 _144_/X
 _145_/Y
 _146_/X
 _147_/Y
 _148_/Y
 _149_/X
 _150_/X
 _151_/X
 _152_/X
 _153_/Y
 _154_/X
 _155_/Y
 _156_/X
 _157_/Y
 _158_/X
 _159_/X
 _160_/X
 _161_/X
 _162_/X
 _163_/X
 _164_/Y
 _165_/X
 _166_/X
 _167_/X
 _168_/X
 _169_/X
 _170_/X
 _171_/X
 _172_/X
 _173_/X
 _174_/Y
 _175_/Y
 _176_/X
 _177_/X
 _178_/X
 _179_/X
 _180_/X
 _181_/X
 _182_/Y
 _183_/Y
 _184_/Y
 _185_/Y
 _186_/Y
 _187_/X
 _188_/X
 _189_/X
 _190_/X
 _191_/X
 _192_/Y
 _193_/X
 _194_/X
 _195_/X
 _196_/X
 _197_/X
 _198_/X
 _199_/Y
 _200_/Y
 _201_/Y
 _202_/Y
 _203_/X
 _204_/Y
 _205_/Y
 _206_/X
 _207_/Y
 _208_/Y
 _209_/Y
 _210_/X
 _211_/X
 _212_/Y
 _213_/Y
 _214_/Y
 _215_/X
 _216_/X
 _217_/X
 _218_/Y
 _219_/Y
 _220_/X
 _221_/X
 _222_/X
 _223_/X
 _224_/Y
 _225_/Y
 _226_/X
 _227_/X
 _228_/X
 _229_/Y
 _230_/X
 _231_/Y
 _232_/Y
 _233_/Y
 _234_/X
 _235_/X
 _236_/X
 _237_/X
 _238_/Y
 _239_/X
 _240_/Y
 _241_/X
 _242_/Y
 _243_/Y
 _244_/Y
 _245_/X
 _246_/Y
 _247_/Y
 _248_/Y
 _249_/Y
 _250_/X
 _251_/Y
 _252_/X
 _253_/X
 _254_/Y
 _255_/X
 _256_/X
Found 0 partially unannotated drivers.

===========================================================================
max slew violation count 0
max fanout violation count 2
max cap violation count 0
============================================================================

===========================================================================
check_setup -verbose -unconstrained_endpoints -multiple_clock -no_clock -no_input_delay -loops -generated_clocks
===========================================================================
