+ define_corners nom_ff_n40C_1v95
Reading timing models for corner nom_ff_n40C_1v95…
Reading cell library for the 'nom_ff_n40C_1v95' corner at '/home/gp7871/.ciel/ciel/sky130/versions/8afc8346a57fe1ab7934ba5a6056ea8b43078e71/ciel/sky130/versions/8afc8346a57fe1ab7934ba5a6056ea8b43078e71/sky130A/libs.ref/sky130_fd_sc_hd/lib/sky130_fd_sc_hd__ff_n40C_1v95.lib'…
Reading top-level netlist at '/home/gp7871/VLSI_Freelancing/projects/alu8_rtl_to_gds/runs/alu8_v1/06-yosys-synthesis/alu8.nl.v'…
Linking design 'alu8' from netlist…
Reading design constraints file at '/nix/store/9qkr4093f83hkvz5bia9qvxcyc2kzr15-python3-3.13.9-env/lib/python3.13/site-packages/librelane/scripts/base.sdc'…
[WARNING] No CLOCK_PORT found. A dummy clock will be used.
Warning: base.sdc line 15, port '__VIRTUAL_CLK__' not found.
[INFO] Using clock __VIRTUAL_CLK__…
[INFO] Setting output delay to: 2.0
[INFO] Setting input delay to: 2.0
Warning: base.sdc line 32, port '__VIRTUAL_CLK__' not found.
[INFO] Setting load to: 0.033442
[INFO] Setting clock uncertainty to: 0.25
[INFO] Setting clock transition to: 0.1499999999999999944488848768742172978818416595458984375
Warning: base.sdc line 69, transition time can not be specified for virtual clocks.
[INFO] Setting timing derate to: 5.0%
%OL_CREATE_REPORT min.rpt

===========================================================================
report_checks -path_delay min (Hold)
============================================================================
======================= nom_ff_n40C_1v95 Corner ===================================

Startpoint: A[0] (input port clocked by __VIRTUAL_CLK__)
Endpoint: Y[0] (output port clocked by __VIRTUAL_CLK__)
Path Group: __VIRTUAL_CLK__
Path Type: min

Fanout         Cap        Slew       Delay        Time   Description
---------------------------------------------------------------------------------------------
                      0.000000    0.000000    0.000000   clock __VIRTUAL_CLK__ (rise edge)
                                  0.000000    0.000000   clock network delay (ideal)
                                  2.000000    2.000000 v input external delay
     7    0.018765    0.030212    0.018636    2.018636 v A[0] (in)
                                                         A[0] (net)
                      0.030212    0.000000    2.018636 v _128_/A (sky130_fd_sc_hd__nor2_2)
     1    0.001794    0.037121    0.053477    2.072113 ^ _128_/Y (sky130_fd_sc_hd__nor2_2)
                                                         _116_ (net)
                      0.037121    0.000000    2.072113 ^ _132_/B (sky130_fd_sc_hd__or3_2)
     1    0.033442    0.129259    0.139010    2.211123 ^ _132_/X (sky130_fd_sc_hd__or3_2)
                                                         Y[0] (net)
                      0.129259    0.000000    2.211123 ^ Y[0] (out)
                                              2.211123   data arrival time

                      0.000000    0.000000    0.000000   clock __VIRTUAL_CLK__ (rise edge)
                                  0.000000    0.000000   clock network delay (ideal)
                                  0.250000    0.250000   clock uncertainty
                                  0.000000    0.250000   clock reconvergence pessimism
                                 -2.000000   -1.750000   output external delay
                                             -1.750000   data required time
---------------------------------------------------------------------------------------------
                                             -1.750000   data required time
                                             -2.211123   data arrival time
---------------------------------------------------------------------------------------------
                                              3.961123   slack (MET)


Startpoint: A[7] (input port clocked by __VIRTUAL_CLK__)
Endpoint: CARRY (output port clocked by __VIRTUAL_CLK__)
Path Group: __VIRTUAL_CLK__
Path Type: min

Fanout         Cap        Slew       Delay        Time   Description
---------------------------------------------------------------------------------------------
                      0.000000    0.000000    0.000000   clock __VIRTUAL_CLK__ (rise edge)
                                  0.000000    0.000000   clock network delay (ideal)
                                  2.000000    2.000000 v input external delay
     5    0.013876    0.022775    0.013481    2.013481 v A[7] (in)
                                                         A[7] (net)
                      0.022775    0.000000    2.013481 v _200_/B (sky130_fd_sc_hd__nand2b_2)
     1    0.002392    0.022853    0.032530    2.046011 ^ _200_/Y (sky130_fd_sc_hd__nand2b_2)
                                                         _056_ (net)
                      0.022853    0.000000    2.046011 ^ _256_/A1 (sky130_fd_sc_hd__a32o_2)
     1    0.033442    0.156646    0.167295    2.213306 ^ _256_/X (sky130_fd_sc_hd__a32o_2)
                                                         CARRY (net)
                      0.156646    0.000000    2.213306 ^ CARRY (out)
                                              2.213306   data arrival time

                      0.000000    0.000000    0.000000   clock __VIRTUAL_CLK__ (rise edge)
                                  0.000000    0.000000   clock network delay (ideal)
                                  0.250000    0.250000   clock uncertainty
                                  0.000000    0.250000   clock reconvergence pessimism
                                 -2.000000   -1.750000   output external delay
                                             -1.750000   data required time
---------------------------------------------------------------------------------------------
                                             -1.750000   data required time
                                             -2.213306   data arrival time
---------------------------------------------------------------------------------------------
                                              3.963306   slack (MET)


Startpoint: A[5] (input port clocked by __VIRTUAL_CLK__)
Endpoint: Y[4] (output port clocked by __VIRTUAL_CLK__)
Path Group: __VIRTUAL_CLK__
Path Type: min

Fanout         Cap        Slew       Delay        Time   Description
---------------------------------------------------------------------------------------------
                      0.000000    0.000000    0.000000   clock __VIRTUAL_CLK__ (rise edge)
                                  0.000000    0.000000   clock network delay (ideal)
                                  2.000000    2.000000 ^ input external delay
     6    0.014725    0.055515    0.034647    2.034647 ^ A[5] (in)
                                                         A[5] (net)
                      0.055515    0.000000    2.034647 ^ _169_/A1 (sky130_fd_sc_hd__a211o_2)
     1    0.002490    0.017063    0.068298    2.102945 ^ _169_/X (sky130_fd_sc_hd__a211o_2)
                                                         _029_ (net)
                      0.017063    0.000000    2.102945 ^ _172_/A4 (sky130_fd_sc_hd__o41a_2)
     1    0.033442    0.128900    0.137657    2.240602 ^ _172_/X (sky130_fd_sc_hd__o41a_2)
                                                         Y[4] (net)
                      0.128900    0.000000    2.240602 ^ Y[4] (out)
                                              2.240602   data arrival time

                      0.000000    0.000000    0.000000   clock __VIRTUAL_CLK__ (rise edge)
                                  0.000000    0.000000   clock network delay (ideal)
                                  0.250000    0.250000   clock uncertainty
                                  0.000000    0.250000   clock reconvergence pessimism
                                 -2.000000   -1.750000   output external delay
                                             -1.750000   data required time
---------------------------------------------------------------------------------------------
                                             -1.750000   data required time
                                             -2.240602   data arrival time
---------------------------------------------------------------------------------------------
                                              3.990602   slack (MET)


Startpoint: A[2] (input port clocked by __VIRTUAL_CLK__)
Endpoint: Y[1] (output port clocked by __VIRTUAL_CLK__)
Path Group: __VIRTUAL_CLK__
Path Type: min

Fanout         Cap        Slew       Delay        Time   Description
---------------------------------------------------------------------------------------------
                      0.000000    0.000000    0.000000   clock __VIRTUAL_CLK__ (rise edge)
                                  0.000000    0.000000   clock network delay (ideal)
                                  2.000000    2.000000 ^ input external delay
     6    0.014679    0.055359    0.034541    2.034541 ^ A[2] (in)
                                                         A[2] (net)
                      0.055359    0.000000    2.034541 ^ _142_/A1 (sky130_fd_sc_hd__a2111o_2)
     1    0.002524    0.017706    0.071689    2.106231 ^ _142_/X (sky130_fd_sc_hd__a2111o_2)
                                                         _005_ (net)
                      0.017706    0.000000    2.106231 ^ _144_/A2 (sky130_fd_sc_hd__o22a_2)
     1    0.033442    0.129925    0.137397    2.243627 ^ _144_/X (sky130_fd_sc_hd__o22a_2)
                                                         Y[1] (net)
                      0.129925    0.000000    2.243627 ^ Y[1] (out)
                                              2.243627   data arrival time

                      0.000000    0.000000    0.000000   clock __VIRTUAL_CLK__ (rise edge)
                                  0.000000    0.000000   clock network delay (ideal)
                                  0.250000    0.250000   clock uncertainty
                                  0.000000    0.250000   clock reconvergence pessimism
                                 -2.000000   -1.750000   output external delay
                                             -1.750000   data required time
---------------------------------------------------------------------------------------------
                                             -1.750000   data required time
                                             -2.243627   data arrival time
---------------------------------------------------------------------------------------------
                                              3.993627   slack (MET)


Startpoint: A[6] (input port clocked by __VIRTUAL_CLK__)
Endpoint: Y[7] (output port clocked by __VIRTUAL_CLK__)
Path Group: __VIRTUAL_CLK__
Path Type: min

Fanout         Cap        Slew       Delay        Time   Description
---------------------------------------------------------------------------------------------
                      0.000000    0.000000    0.000000   clock __VIRTUAL_CLK__ (rise edge)
                                  0.000000    0.000000   clock network delay (ideal)
                                  2.000000    2.000000 ^ input external delay
     6    0.021198    0.077083    0.048932    2.048932 ^ A[6] (in)
                                                         A[6] (net)
                      0.077083    0.000000    2.048932 ^ _194_/A1 (sky130_fd_sc_hd__a21o_2)
     1    0.002550    0.020711    0.069702    2.118634 ^ _194_/X (sky130_fd_sc_hd__a21o_2)
                                                         _051_ (net)
                      0.020711    0.000000    2.118634 ^ _198_/B1 (sky130_fd_sc_hd__o22a_2)
     1    0.033442    0.129531    0.135246    2.253879 ^ _198_/X (sky130_fd_sc_hd__o22a_2)
                                                         Y[7] (net)
                      0.129531    0.000000    2.253879 ^ Y[7] (out)
                                              2.253879   data arrival time

                      0.000000    0.000000    0.000000   clock __VIRTUAL_CLK__ (rise edge)
                                  0.000000    0.000000   clock network delay (ideal)
                                  0.250000    0.250000   clock uncertainty
                                  0.000000    0.250000   clock reconvergence pessimism
                                 -2.000000   -1.750000   output external delay
                                             -1.750000   data required time
---------------------------------------------------------------------------------------------
                                             -1.750000   data required time
                                             -2.253879   data arrival time
---------------------------------------------------------------------------------------------
                                              4.003879   slack (MET)


Startpoint: A[2] (input port clocked by __VIRTUAL_CLK__)
Endpoint: Y[2] (output port clocked by __VIRTUAL_CLK__)
Path Group: __VIRTUAL_CLK__
Path Type: min

Fanout         Cap        Slew       Delay        Time   Description
---------------------------------------------------------------------------------------------
                      0.000000    0.000000    0.000000   clock __VIRTUAL_CLK__ (rise edge)
                                  0.000000    0.000000   clock network delay (ideal)
                                  2.000000    2.000000 v input external delay
     6    0.013345    0.021908    0.012915    2.012915 v A[2] (in)
                                                         A[2] (net)
                      0.021908    0.000000    2.012915 v _147_/A (sky130_fd_sc_hd__nor2_2)
     1    0.002487    0.042171    0.054070    2.066985 ^ _147_/Y (sky130_fd_sc_hd__nor2_2)
                                                         _009_ (net)
                      0.042171    0.000000    2.066985 ^ _149_/C1 (sky130_fd_sc_hd__a221o_2)
     1    0.002550    0.019026    0.054715    2.121700 ^ _149_/X (sky130_fd_sc_hd__a221o_2)
                                                         _011_ (net)
                      0.019026    0.000000    2.121700 ^ _152_/B1 (sky130_fd_sc_hd__o22a_2)
     1    0.033442    0.129563    0.134822    2.256522 ^ _152_/X (sky130_fd_sc_hd__o22a_2)
                                                         Y[2] (net)
                      0.129563    0.000000    2.256522 ^ Y[2] (out)
                                              2.256522   data arrival time

                      0.000000    0.000000    0.000000   clock __VIRTUAL_CLK__ (rise edge)
                                  0.000000    0.000000   clock network delay (ideal)
                                  0.250000    0.250000   clock uncertainty
                                  0.000000    0.250000   clock reconvergence pessimism
                                 -2.000000   -1.750000   output external delay
                                             -1.750000   data required time
---------------------------------------------------------------------------------------------
                                             -1.750000   data required time
                                             -2.256522   data arrival time
---------------------------------------------------------------------------------------------
                                              4.006522   slack (MET)


Startpoint: A[2] (input port clocked by __VIRTUAL_CLK__)
Endpoint: Y[3] (output port clocked by __VIRTUAL_CLK__)
Path Group: __VIRTUAL_CLK__
Path Type: min

Fanout         Cap        Slew       Delay        Time   Description
---------------------------------------------------------------------------------------------
                      0.000000    0.000000    0.000000   clock __VIRTUAL_CLK__ (rise edge)
                                  0.000000    0.000000   clock network delay (ideal)
                                  2.000000    2.000000 ^ input external delay
     6    0.014679    0.055359    0.034541    2.034541 ^ A[2] (in)
                                                         A[2] (net)
                      0.055359    0.000000    2.034541 ^ _159_/A1 (sky130_fd_sc_hd__a221o_2)
     1    0.001837    0.016554    0.073909    2.108450 ^ _159_/X (sky130_fd_sc_hd__a221o_2)
                                                         _020_ (net)
                      0.016554    0.000000    2.108450 ^ _163_/B1 (sky130_fd_sc_hd__o2bb2a_2)
     1    0.033442    0.137208    0.171329    2.279779 ^ _163_/X (sky130_fd_sc_hd__o2bb2a_2)
                                                         Y[3] (net)
                      0.137208    0.000000    2.279779 ^ Y[3] (out)
                                              2.279779   data arrival time

                      0.000000    0.000000    0.000000   clock __VIRTUAL_CLK__ (rise edge)
                                  0.000000    0.000000   clock network delay (ideal)
                                  0.250000    0.250000   clock uncertainty
                                  0.000000    0.250000   clock reconvergence pessimism
                                 -2.000000   -1.750000   output external delay
                                             -1.750000   data required time
---------------------------------------------------------------------------------------------
                                             -1.750000   data required time
                                             -2.279779   data arrival time
---------------------------------------------------------------------------------------------
                                              4.029779   slack (MET)


Startpoint: OP[0] (input port clocked by __VIRTUAL_CLK__)
Endpoint: Y[5] (output port clocked by __VIRTUAL_CLK__)
Path Group: __VIRTUAL_CLK__
Path Type: min

Fanout         Cap        Slew       Delay        Time   Description
---------------------------------------------------------------------------------------------
                      0.000000    0.000000    0.000000   clock __VIRTUAL_CLK__ (rise edge)
                                  0.000000    0.000000   clock network delay (ideal)
                                  2.000000    2.000000 ^ input external delay
    11    0.027590    0.098381    0.063037    2.063037 ^ OP[0] (in)
                                                         OP[0] (net)
                      0.098381    0.000000    2.063037 ^ _254_/C (sky130_fd_sc_hd__nor3_2)
     9    0.018884    0.049540    0.051261    2.114298 v _254_/Y (sky130_fd_sc_hd__nor3_2)
                                                         _110_ (net)
                      0.049540    0.000000    2.114298 v _181_/A1 (sky130_fd_sc_hd__a31o_2)
     1    0.033442    0.064904    0.174679    2.288977 v _181_/X (sky130_fd_sc_hd__a31o_2)
                                                         Y[5] (net)
                      0.064904    0.000000    2.288977 v Y[5] (out)
                                              2.288977   data arrival time

                      0.000000    0.000000    0.000000   clock __VIRTUAL_CLK__ (rise edge)
                                  0.000000    0.000000   clock network delay (ideal)
                                  0.250000    0.250000   clock uncertainty
                                  0.000000    0.250000   clock reconvergence pessimism
                                 -2.000000   -1.750000   output external delay
                                             -1.750000   data required time
---------------------------------------------------------------------------------------------
                                             -1.750000   data required time
                                             -2.288977   data arrival time
---------------------------------------------------------------------------------------------
                                              4.038977   slack (MET)


Startpoint: OP[1] (input port clocked by __VIRTUAL_CLK__)
Endpoint: Y[6] (output port clocked by __VIRTUAL_CLK__)
Path Group: __VIRTUAL_CLK__
Path Type: min

Fanout         Cap        Slew       Delay        Time   Description
---------------------------------------------------------------------------------------------
                      0.000000    0.000000    0.000000   clock __VIRTUAL_CLK__ (rise edge)
                                  0.000000    0.000000   clock network delay (ideal)
                                  2.000000    2.000000 ^ input external delay
    11    0.026299    0.094080    0.060188    2.060188 ^ OP[1] (in)
                                                         OP[1] (net)
                      0.094080    0.000000    2.060188 ^ _255_/B (sky130_fd_sc_hd__or3_2)
     5    0.012525    0.054425    0.103010    2.163199 ^ _255_/X (sky130_fd_sc_hd__or3_2)
                                                         _111_ (net)
                      0.054425    0.000000    2.163199 ^ _190_/A1 (sky130_fd_sc_hd__o22a_2)
     1    0.033442    0.129563    0.150000    2.313199 ^ _190_/X (sky130_fd_sc_hd__o22a_2)
                                                         Y[6] (net)
                      0.129563    0.000000    2.313199 ^ Y[6] (out)
                                              2.313199   data arrival time

                      0.000000    0.000000    0.000000   clock __VIRTUAL_CLK__ (rise edge)
                                  0.000000    0.000000   clock network delay (ideal)
                                  0.250000    0.250000   clock uncertainty
                                  0.000000    0.250000   clock reconvergence pessimism
                                 -2.000000   -1.750000   output external delay
                                             -1.750000   data required time
---------------------------------------------------------------------------------------------
                                             -1.750000   data required time
                                             -2.313199   data arrival time
---------------------------------------------------------------------------------------------
                                              4.063199   slack (MET)



%OL_END_REPORT
%OL_CREATE_REPORT max.rpt

===========================================================================
report_checks -path_delay max (Setup)
============================================================================
======================= nom_ff_n40C_1v95 Corner ===================================

Startpoint: B[5] (input port clocked by __VIRTUAL_CLK__)
Endpoint: Y[7] (output port clocked by __VIRTUAL_CLK__)
Path Group: __VIRTUAL_CLK__
Path Type: max

Fanout         Cap        Slew       Delay        Time   Description
---------------------------------------------------------------------------------------------
                      0.000000    0.000000    0.000000   clock __VIRTUAL_CLK__ (rise edge)
                                  0.000000    0.000000   clock network delay (ideal)
                                  2.000000    2.000000 v input external delay
     3    0.007415    0.012227    0.007285    2.007285 v B[5] (in)
                                                         B[5] (net)
                      0.012227    0.000000    2.007285 v _210_/A (sky130_fd_sc_hd__or2_2)
     5    0.014100    0.060892    0.205203    2.212488 v _210_/X (sky130_fd_sc_hd__or2_2)
                                                         _066_ (net)
                      0.060892    0.000000    2.212488 v _211_/B (sky130_fd_sc_hd__and2_2)
     2    0.003048    0.027454    0.131511    2.343999 v _211_/X (sky130_fd_sc_hd__and2_2)
                                                         _067_ (net)
                      0.027454    0.000000    2.343999 v _234_/A (sky130_fd_sc_hd__or2_2)
     1    0.001542    0.033375    0.170071    2.514070 v _234_/X (sky130_fd_sc_hd__or2_2)
                                                         _090_ (net)
                      0.033375    0.000000    2.514070 v _235_/B (sky130_fd_sc_hd__or3b_2)
     3    0.008655    0.066153    0.281917    2.795986 v _235_/X (sky130_fd_sc_hd__or3b_2)
                                                         _091_ (net)
                      0.066153    0.000000    2.795986 v _239_/A1 (sky130_fd_sc_hd__a31o_2)
     3    0.010849    0.043454    0.161058    2.957044 v _239_/X (sky130_fd_sc_hd__a31o_2)
                                                         _095_ (net)
                      0.043454    0.000000    2.957044 v _241_/A1 (sky130_fd_sc_hd__a21o_2)
     2    0.004454    0.028902    0.128594    3.085639 v _241_/X (sky130_fd_sc_hd__a21o_2)
                                                         _097_ (net)
                      0.028902    0.000000    3.085639 v _197_/A2 (sky130_fd_sc_hd__a31o_2)
     1    0.002253    0.026816    0.144469    3.230108 v _197_/X (sky130_fd_sc_hd__a31o_2)
                                                         _054_ (net)
                      0.026816    0.000000    3.230108 v _198_/B2 (sky130_fd_sc_hd__o22a_2)
     1    0.033442    0.074598    0.165037    3.395144 v _198_/X (sky130_fd_sc_hd__o22a_2)
                                                         Y[7] (net)
                      0.074598    0.000000    3.395144 v Y[7] (out)
                                              3.395144   data arrival time

                      0.000000   10.000000   10.000000   clock __VIRTUAL_CLK__ (rise edge)
                                  0.000000   10.000000   clock network delay (ideal)
                                 -0.250000    9.750000   clock uncertainty
                                  0.000000    9.750000   clock reconvergence pessimism
                                 -2.000000    7.750000   output external delay
                                              7.750000   data required time
---------------------------------------------------------------------------------------------
                                              7.750000   data required time
                                             -3.395144   data arrival time
---------------------------------------------------------------------------------------------
                                              4.354855   slack (MET)


Startpoint: B[5] (input port clocked by __VIRTUAL_CLK__)
Endpoint: CARRY (output port clocked by __VIRTUAL_CLK__)
Path Group: __VIRTUAL_CLK__
Path Type: max

Fanout         Cap        Slew       Delay        Time   Description
---------------------------------------------------------------------------------------------
                      0.000000    0.000000    0.000000   clock __VIRTUAL_CLK__ (rise edge)
                                  0.000000    0.000000   clock network delay (ideal)
                                  2.000000    2.000000 v input external delay
     3    0.007415    0.012227    0.007285    2.007285 v B[5] (in)
                                                         B[5] (net)
                      0.012227    0.000000    2.007285 v _210_/A (sky130_fd_sc_hd__or2_2)
     5    0.014100    0.060892    0.205203    2.212488 v _210_/X (sky130_fd_sc_hd__or2_2)
                                                         _066_ (net)
                      0.060892    0.000000    2.212488 v _211_/B (sky130_fd_sc_hd__and2_2)
     2    0.003048    0.027454    0.131511    2.343999 v _211_/X (sky130_fd_sc_hd__and2_2)
                                                         _067_ (net)
                      0.027454    0.000000    2.343999 v _234_/A (sky130_fd_sc_hd__or2_2)
     1    0.001542    0.033375    0.170071    2.514070 v _234_/X (sky130_fd_sc_hd__or2_2)
                                                         _090_ (net)
                      0.033375    0.000000    2.514070 v _235_/B (sky130_fd_sc_hd__or3b_2)
     3    0.008655    0.066153    0.281917    2.795986 v _235_/X (sky130_fd_sc_hd__or3b_2)
                                                         _091_ (net)
                      0.066153    0.000000    2.795986 v _239_/A1 (sky130_fd_sc_hd__a31o_2)
     3    0.010849    0.043454    0.161058    2.957044 v _239_/X (sky130_fd_sc_hd__a31o_2)
                                                         _095_ (net)
                      0.043454    0.000000    2.957044 v _241_/A1 (sky130_fd_sc_hd__a21o_2)
     2    0.004454    0.028902    0.128594    3.085639 v _241_/X (sky130_fd_sc_hd__a21o_2)
                                                         _097_ (net)
                      0.028902    0.000000    3.085639 v _256_/A3 (sky130_fd_sc_hd__a32o_2)
     1    0.033442    0.074073    0.191216    3.276855 v _256_/X (sky130_fd_sc_hd__a32o_2)
                                                         CARRY (net)
                      0.074073    0.000000    3.276855 v CARRY (out)
                                              3.276855   data arrival time

                      0.000000   10.000000   10.000000   clock __VIRTUAL_CLK__ (rise edge)
                                  0.000000   10.000000   clock network delay (ideal)
                                 -0.250000    9.750000   clock uncertainty
                                  0.000000    9.750000   clock reconvergence pessimism
                                 -2.000000    7.750000   output external delay
                                              7.750000   data required time
---------------------------------------------------------------------------------------------
                                              7.750000   data required time
                                             -3.276855   data arrival time
---------------------------------------------------------------------------------------------
                                              4.473145   slack (MET)


Startpoint: B[5] (input port clocked by __VIRTUAL_CLK__)
Endpoint: Y[6] (output port clocked by __VIRTUAL_CLK__)
Path Group: __VIRTUAL_CLK__
Path Type: max

Fanout         Cap        Slew       Delay        Time   Description
---------------------------------------------------------------------------------------------
                      0.000000    0.000000    0.000000   clock __VIRTUAL_CLK__ (rise edge)
                                  0.000000    0.000000   clock network delay (ideal)
                                  2.000000    2.000000 v input external delay
     3    0.007415    0.012227    0.007285    2.007285 v B[5] (in)
                                                         B[5] (net)
                      0.012227    0.000000    2.007285 v _210_/A (sky130_fd_sc_hd__or2_2)
     5    0.014100    0.060892    0.205203    2.212488 v _210_/X (sky130_fd_sc_hd__or2_2)
                                                         _066_ (net)
                      0.060892    0.000000    2.212488 v _211_/B (sky130_fd_sc_hd__and2_2)
     2    0.003048    0.027454    0.131511    2.343999 v _211_/X (sky130_fd_sc_hd__and2_2)
                                                         _067_ (net)
                      0.027454    0.000000    2.343999 v _234_/A (sky130_fd_sc_hd__or2_2)
     1    0.001542    0.033375    0.170071    2.514070 v _234_/X (sky130_fd_sc_hd__or2_2)
                                                         _090_ (net)
                      0.033375    0.000000    2.514070 v _235_/B (sky130_fd_sc_hd__or3b_2)
     3    0.008655    0.066153    0.281917    2.795986 v _235_/X (sky130_fd_sc_hd__or3b_2)
                                                         _091_ (net)
                      0.066153    0.000000    2.795986 v _239_/A1 (sky130_fd_sc_hd__a31o_2)
     3    0.010849    0.043454    0.161058    2.957044 v _239_/X (sky130_fd_sc_hd__a31o_2)
                                                         _095_ (net)
                      0.043454    0.000000    2.957044 v _183_/B (sky130_fd_sc_hd__nand2_2)
     1    0.004900    0.036233    0.052891    3.009936 ^ _183_/Y (sky130_fd_sc_hd__nand2_2)
                                                         _041_ (net)
                      0.036233    0.000000    3.009936 ^ _184_/B1 (sky130_fd_sc_hd__a41oi_2)
     1    0.002337    0.062285    0.017012    3.026947 v _184_/Y (sky130_fd_sc_hd__a41oi_2)
                                                         _042_ (net)
                      0.062285    0.000000    3.026947 v _190_/B1 (sky130_fd_sc_hd__o22a_2)
     1    0.033442    0.074583    0.192044    3.218991 v _190_/X (sky130_fd_sc_hd__o22a_2)
                                                         Y[6] (net)
                      0.074583    0.000000    3.218991 v Y[6] (out)
                                              3.218991   data arrival time

                      0.000000   10.000000   10.000000   clock __VIRTUAL_CLK__ (rise edge)
                                  0.000000   10.000000   clock network delay (ideal)
                                 -0.250000    9.750000   clock uncertainty
                                  0.000000    9.750000   clock reconvergence pessimism
                                 -2.000000    7.750000   output external delay
                                              7.750000   data required time
---------------------------------------------------------------------------------------------
                                              7.750000   data required time
                                             -3.218991   data arrival time
---------------------------------------------------------------------------------------------
                                              4.531009   slack (MET)


Startpoint: A[2] (input port clocked by __VIRTUAL_CLK__)
Endpoint: Y[4] (output port clocked by __VIRTUAL_CLK__)
Path Group: __VIRTUAL_CLK__
Path Type: max

Fanout         Cap        Slew       Delay        Time   Description
---------------------------------------------------------------------------------------------
                      0.000000    0.000000    0.000000   clock __VIRTUAL_CLK__ (rise edge)
                                  0.000000    0.000000   clock network delay (ideal)
                                  2.000000    2.000000 v input external delay
     6    0.013345    0.021908    0.014275    2.014275 v A[2] (in)
                                                         A[2] (net)
                      0.021908    0.000000    2.014275 v _222_/B (sky130_fd_sc_hd__and2_2)
     3    0.007868    0.036192    0.128250    2.142525 v _222_/X (sky130_fd_sc_hd__and2_2)
                                                         _078_ (net)
                      0.036192    0.000000    2.142525 v _224_/A_N (sky130_fd_sc_hd__nand2b_2)
     6    0.023408    0.074112    0.157357    2.299882 v _224_/Y (sky130_fd_sc_hd__nand2b_2)
                                                         _080_ (net)
                      0.074112    0.000000    2.299882 v _228_/A2 (sky130_fd_sc_hd__a211o_2)
     2    0.005748    0.040892    0.232787    2.532669 v _228_/X (sky130_fd_sc_hd__a211o_2)
                                                         _084_ (net)
                      0.040892    0.000000    2.532669 v _229_/B (sky130_fd_sc_hd__nand2_2)
     2    0.009203    0.051512    0.063536    2.596205 ^ _229_/Y (sky130_fd_sc_hd__nand2_2)
                                                         _085_ (net)
                      0.051512    0.000000    2.596205 ^ _164_/A (sky130_fd_sc_hd__nand2_2)
     1    0.001544    0.038130    0.020788    2.616993 v _164_/Y (sky130_fd_sc_hd__nand2_2)
                                                         _024_ (net)
                      0.038130    0.000000    2.616993 v _165_/B (sky130_fd_sc_hd__and3b_2)
     1    0.002258    0.026919    0.122563    2.739556 v _165_/X (sky130_fd_sc_hd__and3b_2)
                                                         _025_ (net)
                      0.026919    0.000000    2.739556 v _172_/A1 (sky130_fd_sc_hd__o41a_2)
     1    0.033442    0.099983    0.375619    3.115175 v _172_/X (sky130_fd_sc_hd__o41a_2)
                                                         Y[4] (net)
                      0.099983    0.000000    3.115175 v Y[4] (out)
                                              3.115175   data arrival time

                      0.000000   10.000000   10.000000   clock __VIRTUAL_CLK__ (rise edge)
                                  0.000000   10.000000   clock network delay (ideal)
                                 -0.250000    9.750000   clock uncertainty
                                  0.000000    9.750000   clock reconvergence pessimism
                                 -2.000000    7.750000   output external delay
                                              7.750000   data required time
---------------------------------------------------------------------------------------------
                                              7.750000   data required time
                                             -3.115175   data arrival time
---------------------------------------------------------------------------------------------
                                              4.634825   slack (MET)


Startpoint: B[5] (input port clocked by __VIRTUAL_CLK__)
Endpoint: Y[5] (output port clocked by __VIRTUAL_CLK__)
Path Group: __VIRTUAL_CLK__
Path Type: max

Fanout         Cap        Slew       Delay        Time   Description
---------------------------------------------------------------------------------------------
                      0.000000    0.000000    0.000000   clock __VIRTUAL_CLK__ (rise edge)
                                  0.000000    0.000000   clock network delay (ideal)
                                  2.000000    2.000000 v input external delay
     3    0.007415    0.012227    0.007285    2.007285 v B[5] (in)
                                                         B[5] (net)
                      0.012227    0.000000    2.007285 v _210_/A (sky130_fd_sc_hd__or2_2)
     5    0.014100    0.060892    0.205203    2.212488 v _210_/X (sky130_fd_sc_hd__or2_2)
                                                         _066_ (net)
                      0.060892    0.000000    2.212488 v _211_/B (sky130_fd_sc_hd__and2_2)
     2    0.003048    0.027454    0.131511    2.343999 v _211_/X (sky130_fd_sc_hd__and2_2)
                                                         _067_ (net)
                      0.027454    0.000000    2.343999 v _234_/A (sky130_fd_sc_hd__or2_2)
     1    0.001542    0.033375    0.170071    2.514070 v _234_/X (sky130_fd_sc_hd__or2_2)
                                                         _090_ (net)
                      0.033375    0.000000    2.514070 v _235_/B (sky130_fd_sc_hd__or3b_2)
     3    0.008655    0.066153    0.281917    2.795986 v _235_/X (sky130_fd_sc_hd__or3b_2)
                                                         _091_ (net)
                      0.066153    0.000000    2.795986 v _180_/A2 (sky130_fd_sc_hd__a41o_2)
     1    0.002268    0.027232    0.166396    2.962382 v _180_/X (sky130_fd_sc_hd__a41o_2)
                                                         _039_ (net)
                      0.027232    0.000000    2.962382 v _181_/B1 (sky130_fd_sc_hd__a31o_2)
     1    0.033442    0.077118    0.131147    3.093529 v _181_/X (sky130_fd_sc_hd__a31o_2)
                                                         Y[5] (net)
                      0.077118    0.000000    3.093529 v Y[5] (out)
                                              3.093529   data arrival time

                      0.000000   10.000000   10.000000   clock __VIRTUAL_CLK__ (rise edge)
                                  0.000000   10.000000   clock network delay (ideal)
                                 -0.250000    9.750000   clock uncertainty
                                  0.000000    9.750000   clock reconvergence pessimism
                                 -2.000000    7.750000   output external delay
                                              7.750000   data required time
---------------------------------------------------------------------------------------------
                                              7.750000   data required time
                                             -3.093529   data arrival time
---------------------------------------------------------------------------------------------
                                              4.656471   slack (MET)


Startpoint: A[2] (input port clocked by __VIRTUAL_CLK__)
Endpoint: Y[3] (output port clocked by __VIRTUAL_CLK__)
Path Group: __VIRTUAL_CLK__
Path Type: max

Fanout         Cap        Slew       Delay        Time   Description
---------------------------------------------------------------------------------------------
                      0.000000    0.000000    0.000000   clock __VIRTUAL_CLK__ (rise edge)
                                  0.000000    0.000000   clock network delay (ideal)
                                  2.000000    2.000000 v input external delay
     6    0.013345    0.021908    0.014275    2.014275 v A[2] (in)
                                                         A[2] (net)
                      0.021908    0.000000    2.014275 v _222_/B (sky130_fd_sc_hd__and2_2)
     3    0.007868    0.036192    0.128250    2.142525 v _222_/X (sky130_fd_sc_hd__and2_2)
                                                         _078_ (net)
                      0.036192    0.000000    2.142525 v _224_/A_N (sky130_fd_sc_hd__nand2b_2)
     6    0.023408    0.074112    0.157357    2.299882 v _224_/Y (sky130_fd_sc_hd__nand2b_2)
                                                         _080_ (net)
                      0.074112    0.000000    2.299882 v _227_/A2 (sky130_fd_sc_hd__a21o_2)
     2    0.005826    0.031410    0.159758    2.459640 v _227_/X (sky130_fd_sc_hd__a21o_2)
                                                         _083_ (net)
                      0.031410    0.000000    2.459640 v _154_/A (sky130_fd_sc_hd__or2_2)
     1    0.002262    0.035250    0.174206    2.633846 v _154_/X (sky130_fd_sc_hd__or2_2)
                                                         _015_ (net)
                      0.035250    0.000000    2.633846 v _162_/A2 (sky130_fd_sc_hd__a31o_2)
     1    0.001820    0.025763    0.145482    2.779328 v _162_/X (sky130_fd_sc_hd__a31o_2)
                                                         _023_ (net)
                      0.025763    0.000000    2.779328 v _163_/B2 (sky130_fd_sc_hd__o2bb2a_2)
     1    0.033442    0.080586    0.213384    2.992712 v _163_/X (sky130_fd_sc_hd__o2bb2a_2)
                                                         Y[3] (net)
                      0.080586    0.000000    2.992712 v Y[3] (out)
                                              2.992712   data arrival time

                      0.000000   10.000000   10.000000   clock __VIRTUAL_CLK__ (rise edge)
                                  0.000000   10.000000   clock network delay (ideal)
                                 -0.250000    9.750000   clock uncertainty
                                  0.000000    9.750000   clock reconvergence pessimism
                                 -2.000000    7.750000   output external delay
                                              7.750000   data required time
---------------------------------------------------------------------------------------------
                                              7.750000   data required time
                                             -2.992712   data arrival time
---------------------------------------------------------------------------------------------
                                              4.757288   slack (MET)


Startpoint: A[0] (input port clocked by __VIRTUAL_CLK__)
Endpoint: Y[2] (output port clocked by __VIRTUAL_CLK__)
Path Group: __VIRTUAL_CLK__
Path Type: max

Fanout         Cap        Slew       Delay        Time   Description
---------------------------------------------------------------------------------------------
                      0.000000    0.000000    0.000000   clock __VIRTUAL_CLK__ (rise edge)
                                  0.000000    0.000000   clock network delay (ideal)
                                  2.000000    2.000000 v input external delay
     7    0.018765    0.030212    0.020598    2.020598 v A[0] (in)
                                                         A[0] (net)
                      0.030212    0.000000    2.020598 v _219_/A_N (sky130_fd_sc_hd__nand2b_2)
     3    0.010948    0.046912    0.128461    2.149059 v _219_/Y (sky130_fd_sc_hd__nand2b_2)
                                                         _075_ (net)
                      0.046912    0.000000    2.149059 v _221_/A2 (sky130_fd_sc_hd__a21o_2)
     4    0.011091    0.040694    0.162466    2.311526 v _221_/X (sky130_fd_sc_hd__a21o_2)
                                                         _077_ (net)
                      0.040694    0.000000    2.311526 v _146_/A1 (sky130_fd_sc_hd__o21a_2)
     1    0.002248    0.023713    0.133004    2.444529 v _146_/X (sky130_fd_sc_hd__o21a_2)
                                                         _008_ (net)
                      0.023713    0.000000    2.444529 v _151_/A2 (sky130_fd_sc_hd__a211o_2)
     1    0.002253    0.032072    0.201972    2.646501 v _151_/X (sky130_fd_sc_hd__a211o_2)
                                                         _013_ (net)
                      0.032072    0.000000    2.646501 v _152_/B2 (sky130_fd_sc_hd__o22a_2)
     1    0.033442    0.074526    0.167010    2.813510 v _152_/X (sky130_fd_sc_hd__o22a_2)
                                                         Y[2] (net)
                      0.074526    0.000000    2.813510 v Y[2] (out)
                                              2.813510   data arrival time

                      0.000000   10.000000   10.000000   clock __VIRTUAL_CLK__ (rise edge)
                                  0.000000   10.000000   clock network delay (ideal)
                                 -0.250000    9.750000   clock uncertainty
                                  0.000000    9.750000   clock reconvergence pessimism
                                 -2.000000    7.750000   output external delay
                                              7.750000   data required time
---------------------------------------------------------------------------------------------
                                              7.750000   data required time
                                             -2.813510   data arrival time
---------------------------------------------------------------------------------------------
                                              4.936490   slack (MET)


Startpoint: OP[1] (input port clocked by __VIRTUAL_CLK__)
Endpoint: Y[1] (output port clocked by __VIRTUAL_CLK__)
Path Group: __VIRTUAL_CLK__
Path Type: max

Fanout         Cap        Slew       Delay        Time   Description
---------------------------------------------------------------------------------------------
                      0.000000    0.000000    0.000000   clock __VIRTUAL_CLK__ (rise edge)
                                  0.000000    0.000000   clock network delay (ideal)
                                  2.000000    2.000000 ^ input external delay
    11    0.026299    0.094080    0.066524    2.066524 ^ OP[1] (in)
                                                         OP[1] (net)
                      0.094080    0.000000    2.066524 ^ _127_/A (sky130_fd_sc_hd__or2_2)
     8    0.026580    0.109988    0.150145    2.216669 ^ _127_/X (sky130_fd_sc_hd__or2_2)
                                                         _115_ (net)
                      0.109988    0.000000    2.216669 ^ _141_/A2_N (sky130_fd_sc_hd__a2bb2o_2)
     1    0.002310    0.029648    0.129006    2.345675 v _141_/X (sky130_fd_sc_hd__a2bb2o_2)
                                                         _004_ (net)
                      0.029648    0.000000    2.345675 v _142_/C1 (sky130_fd_sc_hd__a2111o_2)
     1    0.002220    0.041368    0.188219    2.533893 v _142_/X (sky130_fd_sc_hd__a2111o_2)
                                                         _005_ (net)
                      0.041368    0.000000    2.533893 v _144_/A2 (sky130_fd_sc_hd__o22a_2)
     1    0.033442    0.074587    0.194997    2.728890 v _144_/X (sky130_fd_sc_hd__o22a_2)
                                                         Y[1] (net)
                      0.074587    0.000000    2.728890 v Y[1] (out)
                                              2.728890   data arrival time

                      0.000000   10.000000   10.000000   clock __VIRTUAL_CLK__ (rise edge)
                                  0.000000   10.000000   clock network delay (ideal)
                                 -0.250000    9.750000   clock uncertainty
                                  0.000000    9.750000   clock reconvergence pessimism
                                 -2.000000    7.750000   output external delay
                                              7.750000   data required time
---------------------------------------------------------------------------------------------
                                              7.750000   data required time
                                             -2.728890   data arrival time
---------------------------------------------------------------------------------------------
                                              5.021110   slack (MET)


Startpoint: OP[1] (input port clocked by __VIRTUAL_CLK__)
Endpoint: Y[0] (output port clocked by __VIRTUAL_CLK__)
Path Group: __VIRTUAL_CLK__
Path Type: max

Fanout         Cap        Slew       Delay        Time   Description
---------------------------------------------------------------------------------------------
                      0.000000    0.000000    0.000000   clock __VIRTUAL_CLK__ (rise edge)
                                  0.000000    0.000000   clock network delay (ideal)
                                  2.000000    2.000000 ^ input external delay
    11    0.026299    0.094080    0.066524    2.066524 ^ OP[1] (in)
                                                         OP[1] (net)
                      0.094080    0.000000    2.066524 ^ _125_/S (sky130_fd_sc_hd__mux2_1)
     1    0.002351    0.037224    0.195528    2.262052 v _125_/X (sky130_fd_sc_hd__mux2_1)
                                                         _113_ (net)
                      0.037224    0.000000    2.262052 v _126_/C1 (sky130_fd_sc_hd__o211a_2)
     1    0.001547    0.027452    0.073013    2.335065 v _126_/X (sky130_fd_sc_hd__o211a_2)
                                                         _114_ (net)
                      0.027452    0.000000    2.335065 v _132_/A (sky130_fd_sc_hd__or3_2)
     1    0.033442    0.111822    0.364154    2.699219 v _132_/X (sky130_fd_sc_hd__or3_2)
                                                         Y[0] (net)
                      0.111822    0.000000    2.699219 v Y[0] (out)
                                              2.699219   data arrival time

                      0.000000   10.000000   10.000000   clock __VIRTUAL_CLK__ (rise edge)
                                  0.000000   10.000000   clock network delay (ideal)
                                 -0.250000    9.750000   clock uncertainty
                                  0.000000    9.750000   clock reconvergence pessimism
                                 -2.000000    7.750000   output external delay
                                              7.750000   data required time
---------------------------------------------------------------------------------------------
                                              7.750000   data required time
                                             -2.699219   data arrival time
---------------------------------------------------------------------------------------------
                                              5.050781   slack (MET)



%OL_END_REPORT
%OL_CREATE_REPORT checks.rpt

===========================================================================
report_checks -unconstrained
===========================================================================
======================= nom_ff_n40C_1v95 Corner ===================================

Startpoint: B[5] (input port clocked by __VIRTUAL_CLK__)
Endpoint: Y[7] (output port clocked by __VIRTUAL_CLK__)
Path Group: __VIRTUAL_CLK__
Path Type: max

Fanout         Cap        Slew       Delay        Time   Description
---------------------------------------------------------------------------------------------
                      0.000000    0.000000    0.000000   clock __VIRTUAL_CLK__ (rise edge)
                                  0.000000    0.000000   clock network delay (ideal)
                                  2.000000    2.000000 v input external delay
     3    0.007415    0.012227    0.007285    2.007285 v B[5] (in)
                                                         B[5] (net)
                      0.012227    0.000000    2.007285 v _210_/A (sky130_fd_sc_hd__or2_2)
     5    0.014100    0.060892    0.205203    2.212488 v _210_/X (sky130_fd_sc_hd__or2_2)
                                                         _066_ (net)
                      0.060892    0.000000    2.212488 v _211_/B (sky130_fd_sc_hd__and2_2)
     2    0.003048    0.027454    0.131511    2.343999 v _211_/X (sky130_fd_sc_hd__and2_2)
                                                         _067_ (net)
                      0.027454    0.000000    2.343999 v _234_/A (sky130_fd_sc_hd__or2_2)
     1    0.001542    0.033375    0.170071    2.514070 v _234_/X (sky130_fd_sc_hd__or2_2)
                                                         _090_ (net)
                      0.033375    0.000000    2.514070 v _235_/B (sky130_fd_sc_hd__or3b_2)
     3    0.008655    0.066153    0.281917    2.795986 v _235_/X (sky130_fd_sc_hd__or3b_2)
                                                         _091_ (net)
                      0.066153    0.000000    2.795986 v _239_/A1 (sky130_fd_sc_hd__a31o_2)
     3    0.010849    0.043454    0.161058    2.957044 v _239_/X (sky130_fd_sc_hd__a31o_2)
                                                         _095_ (net)
                      0.043454    0.000000    2.957044 v _241_/A1 (sky130_fd_sc_hd__a21o_2)
     2    0.004454    0.028902    0.128594    3.085639 v _241_/X (sky130_fd_sc_hd__a21o_2)
                                                         _097_ (net)
                      0.028902    0.000000    3.085639 v _197_/A2 (sky130_fd_sc_hd__a31o_2)
     1    0.002253    0.026816    0.144469    3.230108 v _197_/X (sky130_fd_sc_hd__a31o_2)
                                                         _054_ (net)
                      0.026816    0.000000    3.230108 v _198_/B2 (sky130_fd_sc_hd__o22a_2)
     1    0.033442    0.074598    0.165037    3.395144 v _198_/X (sky130_fd_sc_hd__o22a_2)
                                                         Y[7] (net)
                      0.074598    0.000000    3.395144 v Y[7] (out)
                                              3.395144   data arrival time

                      0.000000   10.000000   10.000000   clock __VIRTUAL_CLK__ (rise edge)
                                  0.000000   10.000000   clock network delay (ideal)
                                 -0.250000    9.750000   clock uncertainty
                                  0.000000    9.750000   clock reconvergence pessimism
                                 -2.000000    7.750000   output external delay
                                              7.750000   data required time
---------------------------------------------------------------------------------------------
                                              7.750000   data required time
                                             -3.395144   data arrival time
---------------------------------------------------------------------------------------------
                                              4.354855   slack (MET)




===========================================================================
report_checks --slack_max -0.01
============================================================================
======================= nom_ff_n40C_1v95 Corner ===================================

No paths found.


===========================================================================
 report_check_types -max_slew -max_cap -max_fanout -violators
============================================================================
======================= nom_ff_n40C_1v95 Corner ===================================

max fanout

Pin                                   Limit Fanout  Slack
---------------------------------------------------------
OP[0]                                    10     11        (VIOLATED)
OP[1]                                    10     11        (VIOLATED)



===========================================================================
report_parasitic_annotation -report_unannotated
============================================================================
Found 152 unannotated drivers.
 A[0]
 A[1]
 A[2]
 A[3]
 A[4]
 A[5]
 A[6]
 A[7]
 B[0]
 B[1]
 B[2]
 B[3]
 B[4]
 B[5]
 B[6]
 B[7]
 OP[0]
 OP[1]
 OP[2]
 _124_/Y
 _125_/X
 _126_/X
 _127_/X
 _128_/Y
 _129_/Y
 _130_/X
 _131_/X
 _132_/X
 _133_/X
 _134_/Y
 _135_/Y
 _136_/X
 _137_/X
 _138_/Y
 _139_/Y
 _140_/X
 _141_/X
 _142_/X
 _143_/X
 _144_/X
 _145_/Y
 _146_/X
 _147_/Y
 _148_/Y
 _149_/X
 _150_/X
 _151_/X
 _152_/X
 _153_/Y
 _154_/X
 _155_/Y
 _156_/X
 _157_/Y
 _158_/X
 _159_/X
 _160_/X
 _161_/X
 _162_/X
 _163_/X
 _164_/Y
 _165_/X
 _166_/X
 _167_/X
 _168_/X
 _169_/X
 _170_/X
 _171_/X
 _172_/X
 _173_/X
 _174_/Y
 _175_/Y
 _176_/X
 _177_/X
 _178_/X
 _179_/X
 _180_/X
 _181_/X
 _182_/Y
 _183_/Y
 _184_/Y
 _185_/Y
 _186_/Y
 _187_/X
 _188_/X
 _189_/X
 _190_/X
 _191_/X
 _192_/Y
 _193_/X
 _194_/X
 _195_/X
 _196_/X
 _197_/X
 _198_/X
 _199_/Y
 _200_/Y
 _201_/Y
 _202_/Y
 _203_/X
 _204_/Y
 _205_/Y
 _206_/X
 _207_/Y
 _208_/Y
 _209_/Y
 _210_/X
 _211_/X
 _212_/Y
 _213_/Y
 _214_/Y
 _215_/X
 _216_/X
 _217_/X
 _218_/Y
 _219_/Y
 _220_/X
 _221_/X
 _222_/X
 _223_/X
 _224_/Y
 _225_/Y
 _226_/X
 _227_/X
 _228_/X
 _229_/Y
 _230_/X
 _231_/Y
 _232_/Y
 _233_/Y
 _234_/X
 _235_/X
 _236_/X
 _237_/X
 _238_/Y
 _239_/X
 _240_/Y
 _241_/X
 _242_/Y
 _243_/Y
 _244_/Y
 _245_/X
 _246_/Y
 _247_/Y
 _248_/Y
 _249_/Y
 _250_/X
 _251_/Y
 _252_/X
 _253_/X
 _254_/Y
 _255_/X
 _256_/X
Found 0 partially unannotated drivers.

===========================================================================
max slew violation count 0
%OL_METRIC_I design__max_slew_violation__count__corner:nom_ff_n40C_1v95 0
max fanout violation count 2
%OL_METRIC_I design__max_fanout_violation__count__corner:nom_ff_n40C_1v95 2
max cap violation count 0
%OL_METRIC_I design__max_cap_violation__count__corner:nom_ff_n40C_1v95 0
============================================================================

===========================================================================
check_setup -verbose -unconstrained_endpoints -multiple_clock -no_clock -no_input_delay -loops -generated_clocks
===========================================================================
%OL_END_REPORT
%OL_CREATE_REPORT power.rpt

===========================================================================
 report_power
============================================================================
======================= nom_ff_n40C_1v95 Corner ===================================

Group                    Internal    Switching      Leakage        Total
                            Power        Power        Power        Power (Watts)
------------------------------------------------------------------------
Sequential           0.000000e+00 0.000000e+00 0.000000e+00 0.000000e+00   0.0%
Combinational        3.354066e-05 3.567005e-05 1.280348e-09 6.921199e-05 100.0%
Clock                0.000000e+00 0.000000e+00 0.000000e+00 0.000000e+00   0.0%
Macro                0.000000e+00 0.000000e+00 0.000000e+00 0.000000e+00   0.0%
Pad                  0.000000e+00 0.000000e+00 0.000000e+00 0.000000e+00   0.0%
------------------------------------------------------------------------
Total                3.354066e-05 3.567005e-05 1.280348e-09 6.921199e-05 100.0%
                            48.5%        51.5%         0.0%
%OL_METRIC_F power__internal__total 3.3540662116138265e-5
%OL_METRIC_F power__switching__total 3.56700511474628e-5
%OL_METRIC_F power__leakage__total 1.2803484938928023e-9
%OL_METRIC_F power__total 6.921199383214116e-5

%OL_END_REPORT
%OL_CREATE_REPORT skew.min.rpt

===========================================================================
Clock Skew (Hold)
============================================================================
%OL_METRIC_F clock__skew__worst_hold__corner:nom_ff_n40C_1v95 0.0
======================= nom_ff_n40C_1v95 Corner ===================================

Clock __VIRTUAL_CLK__
No launch/capture paths found.

%OL_END_REPORT
%OL_CREATE_REPORT skew.max.rpt

===========================================================================
Clock Skew (Setup)
============================================================================
%OL_METRIC_F clock__skew__worst_setup__corner:nom_ff_n40C_1v95 0.0
======================= nom_ff_n40C_1v95 Corner ===================================

Clock __VIRTUAL_CLK__
No launch/capture paths found.

%OL_END_REPORT
%OL_CREATE_REPORT ws.min.rpt

===========================================================================
Worst Slack (Hold)
============================================================================
%OL_METRIC_F timing__hold__ws__corner:nom_ff_n40C_1v95 3.961123097202582
nom_ff_n40C_1v95: 3.961123097202582
%OL_END_REPORT
%OL_CREATE_REPORT ws.max.rpt

===========================================================================
Worst Slack (Setup)
============================================================================
%OL_METRIC_F timing__setup__ws__corner:nom_ff_n40C_1v95 4.354855266326413
nom_ff_n40C_1v95: 4.354855266326413
%OL_END_REPORT
%OL_CREATE_REPORT tns.min.rpt

===========================================================================
Total Negative Slack (Hold)
============================================================================
%OL_METRIC_F timing__hold__tns__corner:nom_ff_n40C_1v95 0.0
nom_ff_n40C_1v95: 0.0
%OL_END_REPORT
%OL_CREATE_REPORT tns.max.rpt

===========================================================================
Total Negative Slack (Setup)
============================================================================
%OL_METRIC_F timing__setup__tns__corner:nom_ff_n40C_1v95 0.0
nom_ff_n40C_1v95: 0.0
%OL_END_REPORT
%OL_CREATE_REPORT wns.min.rpt

===========================================================================
Worst Negative Slack (Hold)
============================================================================
%OL_METRIC_F timing__hold__wns__corner:nom_ff_n40C_1v95 0
nom_ff_n40C_1v95: 0
%OL_END_REPORT
%OL_CREATE_REPORT wns.max.rpt

===========================================================================
Worst Negative Slack (Setup)
============================================================================
%OL_METRIC_F timing__setup__wns__corner:nom_ff_n40C_1v95 0.0
nom_ff_n40C_1v95: 0.0
%OL_END_REPORT
%OL_CREATE_REPORT violator_list.rpt

===========================================================================
Violator List
============================================================================
%OL_METRIC_I timing__hold_vio__count__corner:nom_ff_n40C_1v95 0
%OL_METRIC_F timing__hold_r2r__ws__corner:nom_ff_n40C_1v95 inf
%OL_METRIC_I timing__hold_r2r_vio__count__corner:nom_ff_n40C_1v95 0
%OL_METRIC_I timing__setup_vio__count__corner:nom_ff_n40C_1v95 0
%OL_METRIC_F timing__setup_r2r__ws__corner:nom_ff_n40C_1v95 inf
%OL_METRIC_I timing__setup_r2r_vio__count__corner:nom_ff_n40C_1v95 0
%OL_END_REPORT
%OL_CREATE_REPORT unpropagated.rpt
__VIRTUAL_CLK__
%OL_END_REPORT
%OL_CREATE_REPORT clock.rpt
Clock: __VIRTUAL_CLK__
Sources: 
Generated: no
Virtual: yes
Propagated: no
Period: 10.000000

===========================================================================
report_clock_properties
============================================================================
Clock                   Period          Waveform
----------------------------------------------------
__VIRTUAL_CLK__      10.000000    0.000000  5.000000

===========================================================================
report_clock_latency
============================================================================
Clock __VIRTUAL_CLK__


===========================================================================
report_clock_min_period
============================================================================
__VIRTUAL_CLK__ period_min = 0.00 fmax = inf
%OL_END_REPORT
Writing SDF files for all corners…
