                                                                        Cells by Master                                                                         
┏━━━━━━━━━━━━━━━━━━━━━━━━━━━━━━━━━━━━━━━━━━━━━━━━━━━━━━━━━━━━━━━━━━━━━━━━━━━━━━━━━━━━━━━━━━━━━━━━━━━━━━━━━━━━━━━━━━━━━━━━━━━━━━━━━━━┳━━━━━━━━━━━━━━━━━━━━━━━━━━┓
┃ Cell                                                                                                                              ┃ Count                    ┃
┡━━━━━━━━━━━━━━━━━━━━━━━━━━━━━━━━━━━━━━━━━━━━━━━━━━━━━━━━━━━━━━━━━━━━━━━━━━━━━━━━━━━━━━━━━━━━━━━━━━━━━━━━━━━━━━━━━━━━━━━━━━━━━━━━━━━╇━━━━━━━━━━━━━━━━━━━━━━━━━━┩
│ sky130_fd_sc_hd__a2111o_2                                                                                                         │ 1                        │
│ sky130_fd_sc_hd__a211o_2                                                                                                          │ 9                        │
│ sky130_fd_sc_hd__a21o_2                                                                                                           │ 6                        │
│ sky130_fd_sc_hd__a21oi_2                                                                                                          │ 3                        │
│ sky130_fd_sc_hd__a221o_2                                                                                                          │ 5                        │
│ sky130_fd_sc_hd__a22o_2                                                                                                           │ 2                        │
│ sky130_fd_sc_hd__a2bb2o_2                                                                                                         │ 4                        │
│ sky130_fd_sc_hd__a31o_2                                                                                                           │ 6                        │
│ sky130_fd_sc_hd__a32o_2                                                                                                           │ 3                        │
│ sky130_fd_sc_hd__a41o_2                                                                                                           │ 1                        │
│ sky130_fd_sc_hd__a41oi_2                                                                                                          │ 1                        │
│ sky130_fd_sc_hd__and2_2                                                                                                           │ 6                        │
│ sky130_fd_sc_hd__and2b_2                                                                                                          │ 6                        │
│ sky130_fd_sc_hd__and3_2                                                                                                           │ 1                        │
│ sky130_fd_sc_hd__and3b_2                                                                                                          │ 3                        │
│ sky130_fd_sc_hd__buf_1                                                                                                            │ 1                        │
│ sky130_fd_sc_hd__clkbuf_2                                                                                                         │ 4                        │
│ sky130_fd_sc_hd__clkdlybuf4s25_1                                                                                                  │ 28                       │
│ sky130_fd_sc_hd__decap_3                                                                                                          │ 288                      │
│ sky130_fd_sc_hd__dlymetal6s2s_1                                                                                                   │ 1                        │
│ sky130_fd_sc_hd__fill_1                                                                                                           │ 58                       │
│ sky130_fd_sc_hd__fill_2                                                                                                           │ 35                       │
│ sky130_fd_sc_hd__inv_2                                                                                                            │ 5                        │
│ sky130_fd_sc_hd__mux2_1                                                                                                           │ 1                        │
│ sky130_fd_sc_hd__nand2_2                                                                                                          │ 13                       │
│ sky130_fd_sc_hd__nand2b_2                                                                                                         │ 6                        │
│ sky130_fd_sc_hd__nand3_2                                                                                                          │ 1                        │
│ sky130_fd_sc_hd__nor2_2                                                                                                           │ 14                       │
│ sky130_fd_sc_hd__nor3_2                                                                                                           │ 1                        │
│ sky130_fd_sc_hd__nor3b_2                                                                                                          │ 2                        │
│ sky130_fd_sc_hd__o211a_2                                                                                                          │ 1                        │
│ sky130_fd_sc_hd__o21a_2                                                                                                           │ 1                        │
│ sky130_fd_sc_hd__o21ai_2                                                                                                          │ 3                        │
│ sky130_fd_sc_hd__o22a_2                                                                                                           │ 4                        │
│ sky130_fd_sc_hd__o2bb2a_2                                                                                                         │ 1                        │
│ sky130_fd_sc_hd__o41a_2                                                                                                           │ 1                        │
│ sky130_fd_sc_hd__or2_2                                                                                                            │ 8                        │
│ sky130_fd_sc_hd__or2_4                                                                                                            │ 1                        │
│ sky130_fd_sc_hd__or3_2                                                                                                            │ 3                        │
│ sky130_fd_sc_hd__or3b_2                                                                                                           │ 4                        │
│ sky130_fd_sc_hd__tapvpwrvgnd_1                                                                                                    │ 42                       │
│ sky130_fd_sc_hd__xnor2_2                                                                                                          │ 4                        │
│ sky130_fd_sc_hd__xor2_2                                                                                                           │ 2                        │
└───────────────────────────────────────────────────────────────────────────────────────────────────────────────────────────────────┴──────────────────────────┘
