                                                                       Cells by Function                                                                        
┏━━━━━━━━━━━━━━━━━━━━━━━━━━━━━━━━━━━━━━━━━━━━━━━━━━━━━━━━━━━━━━━━━━━━━━━━━━━━━━━━━━━━━━━━━━━━━━━━━━━━━━━━━━━━━━━━━━━━━━━━━━━━━━━━━┳━━━━━━━━━━━━━━━━━━━━━━━━━━━━┓
┃ Cell Function                                                                                                                   ┃ Count                      ┃
┡━━━━━━━━━━━━━━━━━━━━━━━━━━━━━━━━━━━━━━━━━━━━━━━━━━━━━━━━━━━━━━━━━━━━━━━━━━━━━━━━━━━━━━━━━━━━━━━━━━━━━━━━━━━━━━━━━━━━━━━━━━━━━━━━━╇━━━━━━━━━━━━━━━━━━━━━━━━━━━━┩
│ sky130_fd_sc_hd__a2111o                                                                                                         │ 1                          │
│ sky130_fd_sc_hd__a211o                                                                                                          │ 9                          │
│ sky130_fd_sc_hd__a21o                                                                                                           │ 6                          │
│ sky130_fd_sc_hd__a21oi                                                                                                          │ 3                          │
│ sky130_fd_sc_hd__a221o                                                                                                          │ 5                          │
│ sky130_fd_sc_hd__a22o                                                                                                           │ 2                          │
│ sky130_fd_sc_hd__a2bb2o                                                                                                         │ 4                          │
│ sky130_fd_sc_hd__a31o                                                                                                           │ 6                          │
│ sky130_fd_sc_hd__a32o                                                                                                           │ 3                          │
│ sky130_fd_sc_hd__a41o                                                                                                           │ 1                          │
│ sky130_fd_sc_hd__a41oi                                                                                                          │ 1                          │
│ sky130_fd_sc_hd__and2                                                                                                           │ 6                          │
│ sky130_fd_sc_hd__and2b                                                                                                          │ 6                          │
│ sky130_fd_sc_hd__and3                                                                                                           │ 1                          │
│ sky130_fd_sc_hd__and3b                                                                                                          │ 3                          │
│ sky130_fd_sc_hd__buf                                                                                                            │ 1                          │
│ sky130_fd_sc_hd__clkbuf                                                                                                         │ 4                          │
│ sky130_fd_sc_hd__clkdlybuf4s25                                                                                                  │ 28                         │
│ sky130_fd_sc_hd__decap                                                                                                          │ 288                        │
│ sky130_fd_sc_hd__dlymetal6s2s                                                                                                   │ 1                          │
│ sky130_fd_sc_hd__fill                                                                                                           │ 93                         │
│ sky130_fd_sc_hd__inv                                                                                                            │ 5                          │
│ sky130_fd_sc_hd__mux2                                                                                                           │ 1                          │
│ sky130_fd_sc_hd__nand2                                                                                                          │ 13                         │
│ sky130_fd_sc_hd__nand2b                                                                                                         │ 6                          │
│ sky130_fd_sc_hd__nand3                                                                                                          │ 1                          │
│ sky130_fd_sc_hd__nor2                                                                                                           │ 14                         │
│ sky130_fd_sc_hd__nor3                                                                                                           │ 1                          │
│ sky130_fd_sc_hd__nor3b                                                                                                          │ 2                          │
│ sky130_fd_sc_hd__o211a                                                                                                          │ 1                          │
│ sky130_fd_sc_hd__o21a                                                                                                           │ 1                          │
│ sky130_fd_sc_hd__o21ai                                                                                                          │ 3                          │
│ sky130_fd_sc_hd__o22a                                                                                                           │ 4                          │
│ sky130_fd_sc_hd__o2bb2a                                                                                                         │ 1                          │
│ sky130_fd_sc_hd__o41a                                                                                                           │ 1                          │
│ sky130_fd_sc_hd__or2                                                                                                            │ 9                          │
│ sky130_fd_sc_hd__or3                                                                                                            │ 3                          │
│ sky130_fd_sc_hd__or3b                                                                                                           │ 4                          │
│ sky130_fd_sc_hd__tapvpwrvgnd                                                                                                    │ 42                         │
│ sky130_fd_sc_hd__xnor2                                                                                                          │ 4                          │
│ sky130_fd_sc_hd__xor2                                                                                                           │ 2                          │
└─────────────────────────────────────────────────────────────────────────────────────────────────────────────────────────────────┴────────────────────────────┘
