Clock: clk
Sources: clk 
Generated: no
Virtual: yes
Propagated: no
Period: 20.000000

===========================================================================
report_clock_properties
============================================================================
Clock                   Period          Waveform
----------------------------------------------------
clk                  20.000000    0.000000 10.000000

===========================================================================
report_clock_latency
============================================================================
Clock clk
rise -> rise
    min     max
0.000000 0.000000 source latency
0.182310         network latency _232_/CLK
        0.184146 network latency _237_/CLK
---------------
0.182310 0.184146 latency
        0.001836 skew

fall -> fall
    min     max
0.000000 0.000000 source latency
0.198330         network latency _218_/CLK
        0.199924 network latency _237_/CLK
---------------
0.198330 0.199924 latency
        0.001593 skew



===========================================================================
report_clock_min_period
============================================================================
clk period_min = 1.74 fmax = 576.32
