
===========================================================================
 report_power
============================================================================
======================= min_ff_n40C_1v95 Corner ===================================

Group                    Internal    Switching      Leakage        Total
                            Power        Power        Power        Power (Watts)
------------------------------------------------------------------------
Sequential           7.372456e-05 1.366052e-06 5.801744e-10 7.509120e-05  42.4%
Combinational        6.710334e-06 4.990381e-06 1.012794e-09 1.170173e-05   6.6%
Clock                6.203961e-05 2.819040e-05 2.250294e-09 9.023226e-05  51.0%
Macro                0.000000e+00 0.000000e+00 0.000000e+00 0.000000e+00   0.0%
Pad                  0.000000e+00 0.000000e+00 0.000000e+00 0.000000e+00   0.0%
------------------------------------------------------------------------
Total                1.424746e-04 3.454683e-05 3.843258e-09 1.770252e-04 100.0%
                            80.5%        19.5%         0.0%

