
===========================================================================
report_checks -unconstrained
===========================================================================
======================= max_tt_025C_1v80 Corner ===================================

Startpoint: tx_start (input port clocked by clk)
Endpoint: _236_ (rising edge-triggered flip-flop clocked by clk)
Path Group: clk
Path Type: max

Fanout         Cap        Slew       Delay        Time   Description
---------------------------------------------------------------------------------------------
                                  0.000000    0.000000   clock clk (rise edge)
                                  0.000000    0.000000   clock network delay (propagated)
                                  2.000000    2.000000 ^ input external delay
     1    0.003929    0.000000    0.000000    2.000000 ^ tx_start (in)
                                                         tx_start (net)
                      0.000199    0.000099    2.000099 ^ input10/A (sky130_fd_sc_hd__clkdlybuf4s25_1)
     4    0.015794    0.167046    0.317655    2.317754 ^ input10/X (sky130_fd_sc_hd__clkdlybuf4s25_1)
                                                         net10 (net)
                      0.167048    0.000859    2.318614 ^ _169_/B (sky130_fd_sc_hd__and2_2)
     8    0.040157    0.208831    0.297181    2.615794 ^ _169_/X (sky130_fd_sc_hd__and2_2)
                                                         _088_ (net)
                      0.209057    0.004609    2.620404 ^ _139_/S (sky130_fd_sc_hd__mux2_1)
     1    0.003502    0.059448    0.348753    2.969157 v _139_/X (sky130_fd_sc_hd__mux2_1)
                                                         _067_ (net)
                      0.059448    0.000247    2.969404 v _140_/A0 (sky130_fd_sc_hd__mux2_1)
     1    0.003117    0.056887    0.284247    3.253650 v _140_/X (sky130_fd_sc_hd__mux2_1)
                                                         _068_ (net)
                      0.056887    0.000183    3.253834 v _141_/B (sky130_fd_sc_hd__or2_2)
     1    0.003256    0.055515    0.273269    3.527103 v _141_/X (sky130_fd_sc_hd__or2_2)
                                                         _022_ (net)
                      0.055515    0.000202    3.527304 v _236_/D (sky130_fd_sc_hd__dfxtp_2)
                                              3.527304   data arrival time

                                 20.000000   20.000000   clock clk (rise edge)
                                  0.000000   20.000000   clock source latency
     1    0.015844    0.000000    0.000000   20.000000 ^ clk (in)
                                                         clk (net)
                      0.002072    0.001036   20.001036 ^ clkbuf_0_clk/A (sky130_fd_sc_hd__clkbuf_16)
     4    0.041074    0.060710    0.126763   20.127798 ^ clkbuf_0_clk/X (sky130_fd_sc_hd__clkbuf_16)
                                                         clknet_0_clk (net)
                      0.060908    0.002336   20.130135 ^ clkbuf_2_0__f_clk/A (sky130_fd_sc_hd__clkbuf_16)
     8    0.029919    0.050888    0.139604   20.269739 ^ clkbuf_2_0__f_clk/X (sky130_fd_sc_hd__clkbuf_16)
                                                         clknet_2_0__leaf_clk (net)
                      0.050907    0.001398   20.271137 ^ _236_/CLK (sky130_fd_sc_hd__dfxtp_2)
                                  0.000000   20.271137   clock reconvergence pessimism
                                 -0.116093   20.155043   library setup time
                                             20.155043   data required time
---------------------------------------------------------------------------------------------
                                             20.155043   data required time
                                             -3.527304   data arrival time
---------------------------------------------------------------------------------------------
                                             16.627737   slack (MET)




===========================================================================
report_checks --slack_max -0.01
============================================================================
======================= max_tt_025C_1v80 Corner ===================================

No paths found.


===========================================================================
 report_check_types -max_slew -max_cap -max_fanout -violators
============================================================================
======================= max_tt_025C_1v80 Corner ===================================



===========================================================================
report_parasitic_annotation -report_unannotated
============================================================================
Found 3 unannotated drivers.
 clkload0/X
 clkload1/X
 clkload2/X
Found 0 partially unannotated drivers.

===========================================================================
max slew violation count 0
max fanout violation count 0
max cap violation count 0
============================================================================

===========================================================================
check_setup -verbose -unconstrained_endpoints -multiple_clock -no_clock -no_input_delay -loops -generated_clocks
===========================================================================
