Clock: clk
Sources: clk 
Generated: no
Virtual: yes
Propagated: no
Period: 20.000000

===========================================================================
report_clock_properties
============================================================================
Clock                   Period          Waveform
----------------------------------------------------
clk                  20.000000    0.000000 10.000000

===========================================================================
report_clock_latency
============================================================================
Clock clk
rise -> rise
    min     max
0.000000 0.000000 source latency
0.268973         network latency _232_/CLK
        0.272337 network latency _237_/CLK
---------------
0.268973 0.272337 latency
        0.003364 skew

fall -> fall
    min     max
0.000000 0.000000 source latency
0.294177         network latency _218_/CLK
        0.297359 network latency _237_/CLK
---------------
0.294177 0.297359 latency
        0.003181 skew



===========================================================================
report_clock_min_period
============================================================================
clk period_min = 2.95 fmax = 339.24
