
===========================================================================
 report_power
============================================================================
======================= max_tt_025C_1v80 Corner ===================================

Group                    Internal    Switching      Leakage        Total
                            Power        Power        Power        Power (Watts)
------------------------------------------------------------------------
Sequential           6.335408e-05 1.203238e-06 2.576924e-10 6.455757e-05  41.8%
Combinational        6.024424e-06 4.450892e-06 4.087778e-10 1.047572e-05   6.8%
Clock                5.423407e-05 2.515023e-05 1.658500e-09 7.938596e-05  51.4%
Macro                0.000000e+00 0.000000e+00 0.000000e+00 0.000000e+00   0.0%
Pad                  0.000000e+00 0.000000e+00 0.000000e+00 0.000000e+00   0.0%
------------------------------------------------------------------------
Total                1.236126e-04 3.080435e-05 2.324969e-09 1.544192e-04 100.0%
                            80.0%        19.9%         0.0%

