
===========================================================================
report_checks -path_delay max (Setup)
============================================================================
======================= nom_ff_n40C_1v95 Corner ===================================

Startpoint: A[1] (input port clocked by __VIRTUAL_CLK__)
Endpoint: Y[7] (output port clocked by __VIRTUAL_CLK__)
Path Group: __VIRTUAL_CLK__
Path Type: max

Fanout         Cap        Slew       Delay        Time   Description
---------------------------------------------------------------------------------------------
                      0.000000    0.000000    0.000000   clock __VIRTUAL_CLK__ (rise edge)
                                  0.000000    0.000000   clock network delay (ideal)
                                  2.000000    2.000000 v input external delay
     1    0.003634    0.005936    0.003176    2.003176 v A[1] (in)
                                                         A[1] (net)
                      0.005937    0.000000    2.003176 v input2/A (sky130_fd_sc_hd__clkdlybuf4s25_1)
     7    0.025366    0.132881    0.245912    2.249088 v input2/X (sky130_fd_sc_hd__clkdlybuf4s25_1)
                                                         net2 (net)
                      0.132882    0.000625    2.249713 v _218_/B (sky130_fd_sc_hd__xnor2_2)
     2    0.007904    0.119269    0.151751    2.401464 ^ _218_/Y (sky130_fd_sc_hd__xnor2_2)
                                                         _074_ (net)
                      0.119269    0.000165    2.401628 ^ max_cap30/A (sky130_fd_sc_hd__clkbuf_2)
     4    0.023657    0.102674    0.144794    2.546422 ^ max_cap30/X (sky130_fd_sc_hd__clkbuf_2)
                                                         net30 (net)
                      0.102674    0.000457    2.546879 ^ _221_/A1 (sky130_fd_sc_hd__a21o_2)
     4    0.019993    0.080876    0.131669    2.678548 ^ _221_/X (sky130_fd_sc_hd__a21o_2)
                                                         _077_ (net)
                      0.080884    0.000881    2.679429 ^ _228_/A1 (sky130_fd_sc_hd__a211o_2)
     2    0.008725    0.039955    0.099446    2.778875 ^ _228_/X (sky130_fd_sc_hd__a211o_2)
                                                         _084_ (net)
                      0.039956    0.000259    2.779134 ^ _235_/C_N (sky130_fd_sc_hd__or3b_2)
     3    0.012752    0.073670    0.294858    3.073992 v _235_/X (sky130_fd_sc_hd__or3b_2)
                                                         _091_ (net)
                      0.073674    0.000477    3.074468 v _239_/A1 (sky130_fd_sc_hd__a31o_2)
     3    0.018315    0.053307    0.177504    3.251972 v _239_/X (sky130_fd_sc_hd__a31o_2)
                                                         _095_ (net)
                      0.053334    0.001159    3.253131 v _241_/A1 (sky130_fd_sc_hd__a21o_2)
     2    0.005816    0.030466    0.135744    3.388875 v _241_/X (sky130_fd_sc_hd__a21o_2)
                                                         _097_ (net)
                      0.030466    0.000123    3.388998 v _197_/A2 (sky130_fd_sc_hd__a31o_2)
     1    0.003201    0.028390    0.148546    3.537544 v _197_/X (sky130_fd_sc_hd__a31o_2)
                                                         _054_ (net)
                      0.028390    0.000104    3.537648 v _198_/B2 (sky130_fd_sc_hd__o22a_2)
     1    0.002457    0.024734    0.105019    3.642667 v _198_/X (sky130_fd_sc_hd__o22a_2)
                                                         net28 (net)
                      0.024734    0.000073    3.642740 v output28/A (sky130_fd_sc_hd__clkbuf_2)
     1    0.035096    0.093708    0.132180    3.774920 v output28/X (sky130_fd_sc_hd__clkbuf_2)
                                                         Y[7] (net)
                      0.093719    0.001054    3.775974 v Y[7] (out)
                                              3.775974   data arrival time

                      0.000000   10.000000   10.000000   clock __VIRTUAL_CLK__ (rise edge)
                                  0.000000   10.000000   clock network delay (ideal)
                                 -0.250000    9.750000   clock uncertainty
                                  0.000000    9.750000   clock reconvergence pessimism
                                 -2.000000    7.750000   output external delay
                                              7.750000   data required time
---------------------------------------------------------------------------------------------
                                              7.750000   data required time
                                             -3.775974   data arrival time
---------------------------------------------------------------------------------------------
                                              3.974026   slack (MET)


Startpoint: A[1] (input port clocked by __VIRTUAL_CLK__)
Endpoint: Y[6] (output port clocked by __VIRTUAL_CLK__)
Path Group: __VIRTUAL_CLK__
Path Type: max

Fanout         Cap        Slew       Delay        Time   Description
---------------------------------------------------------------------------------------------
                      0.000000    0.000000    0.000000   clock __VIRTUAL_CLK__ (rise edge)
                                  0.000000    0.000000   clock network delay (ideal)
                                  2.000000    2.000000 v input external delay
     1    0.003634    0.005936    0.003176    2.003176 v A[1] (in)
                                                         A[1] (net)
                      0.005937    0.000000    2.003176 v input2/A (sky130_fd_sc_hd__clkdlybuf4s25_1)
     7    0.025366    0.132881    0.245912    2.249088 v input2/X (sky130_fd_sc_hd__clkdlybuf4s25_1)
                                                         net2 (net)
                      0.132882    0.000625    2.249713 v _218_/B (sky130_fd_sc_hd__xnor2_2)
     2    0.007904    0.119269    0.151751    2.401464 ^ _218_/Y (sky130_fd_sc_hd__xnor2_2)
                                                         _074_ (net)
                      0.119269    0.000165    2.401628 ^ max_cap30/A (sky130_fd_sc_hd__clkbuf_2)
     4    0.023657    0.102674    0.144794    2.546422 ^ max_cap30/X (sky130_fd_sc_hd__clkbuf_2)
                                                         net30 (net)
                      0.102674    0.000457    2.546879 ^ _221_/A1 (sky130_fd_sc_hd__a21o_2)
     4    0.019993    0.080876    0.131669    2.678548 ^ _221_/X (sky130_fd_sc_hd__a21o_2)
                                                         _077_ (net)
                      0.080884    0.000881    2.679429 ^ _228_/A1 (sky130_fd_sc_hd__a211o_2)
     2    0.008725    0.039955    0.099446    2.778875 ^ _228_/X (sky130_fd_sc_hd__a211o_2)
                                                         _084_ (net)
                      0.039956    0.000259    2.779134 ^ _235_/C_N (sky130_fd_sc_hd__or3b_2)
     3    0.012752    0.073670    0.294858    3.073992 v _235_/X (sky130_fd_sc_hd__or3b_2)
                                                         _091_ (net)
                      0.073674    0.000477    3.074468 v _239_/A1 (sky130_fd_sc_hd__a31o_2)
     3    0.018315    0.053307    0.177504    3.251972 v _239_/X (sky130_fd_sc_hd__a31o_2)
                                                         _095_ (net)
                      0.053309    0.000508    3.252480 v _183_/B (sky130_fd_sc_hd__nand2_2)
     1    0.005333    0.037410    0.058354    3.310834 ^ _183_/Y (sky130_fd_sc_hd__nand2_2)
                                                         _041_ (net)
                      0.037410    0.000164    3.310998 ^ _184_/B1 (sky130_fd_sc_hd__a41oi_2)
     1    0.003089    0.069186    0.018691    3.329689 v _184_/Y (sky130_fd_sc_hd__a41oi_2)
                                                         _042_ (net)
                      0.069186    0.000071    3.329761 v _190_/B1 (sky130_fd_sc_hd__o22a_2)
     1    0.003039    0.025944    0.136204    3.465965 v _190_/X (sky130_fd_sc_hd__o22a_2)
                                                         net27 (net)
                      0.025944    0.000097    3.466062 v output27/A (sky130_fd_sc_hd__clkdlybuf4s25_1)
     1    0.034768    0.177808    0.289825    3.755888 v output27/X (sky130_fd_sc_hd__clkdlybuf4s25_1)
                                                         Y[6] (net)
                      0.177811    0.000950    3.756838 v Y[6] (out)
                                              3.756838   data arrival time

                      0.000000   10.000000   10.000000   clock __VIRTUAL_CLK__ (rise edge)
                                  0.000000   10.000000   clock network delay (ideal)
                                 -0.250000    9.750000   clock uncertainty
                                  0.000000    9.750000   clock reconvergence pessimism
                                 -2.000000    7.750000   output external delay
                                              7.750000   data required time
---------------------------------------------------------------------------------------------
                                              7.750000   data required time
                                             -3.756838   data arrival time
---------------------------------------------------------------------------------------------
                                              3.993162   slack (MET)


Startpoint: A[1] (input port clocked by __VIRTUAL_CLK__)
Endpoint: CARRY (output port clocked by __VIRTUAL_CLK__)
Path Group: __VIRTUAL_CLK__
Path Type: max

Fanout         Cap        Slew       Delay        Time   Description
---------------------------------------------------------------------------------------------
                      0.000000    0.000000    0.000000   clock __VIRTUAL_CLK__ (rise edge)
                                  0.000000    0.000000   clock network delay (ideal)
                                  2.000000    2.000000 v input external delay
     1    0.003634    0.005936    0.003176    2.003176 v A[1] (in)
                                                         A[1] (net)
                      0.005937    0.000000    2.003176 v input2/A (sky130_fd_sc_hd__clkdlybuf4s25_1)
     7    0.025366    0.132881    0.245912    2.249088 v input2/X (sky130_fd_sc_hd__clkdlybuf4s25_1)
                                                         net2 (net)
                      0.132883    0.000728    2.249816 v _217_/B (sky130_fd_sc_hd__or2_2)
     2    0.006707    0.044670    0.213955    2.463771 v _217_/X (sky130_fd_sc_hd__or2_2)
                                                         _073_ (net)
                      0.044670    0.000158    2.463929 v _245_/A3 (sky130_fd_sc_hd__a31o_2)
     2    0.014770    0.048191    0.192492    2.656420 v _245_/X (sky130_fd_sc_hd__a31o_2)
                                                         _101_ (net)
                      0.048198    0.000572    2.656993 v _246_/A2 (sky130_fd_sc_hd__a21oi_2)
     2    0.016123    0.157694    0.170569    2.827562 ^ _246_/Y (sky130_fd_sc_hd__a21oi_2)
                                                         _102_ (net)
                      0.157697    0.000605    2.828167 ^ _247_/A2 (sky130_fd_sc_hd__o21ai_2)
     4    0.015722    0.071125    0.067689    2.895856 v _247_/Y (sky130_fd_sc_hd__o21ai_2)
                                                         _103_ (net)
                      0.071129    0.000444    2.896300 v _250_/A2 (sky130_fd_sc_hd__a211o_2)
     2    0.008802    0.045548    0.240362    3.136662 v _250_/X (sky130_fd_sc_hd__a211o_2)
                                                         _106_ (net)
                      0.045578    0.000246    3.136908 v _252_/A3 (sky130_fd_sc_hd__a31o_2)
     2    0.014276    0.047516    0.192008    3.328916 v _252_/X (sky130_fd_sc_hd__a31o_2)
                                                         _108_ (net)
                      0.047524    0.000593    3.329509 v _253_/A2 (sky130_fd_sc_hd__a21o_2)
     1    0.002810    0.024490    0.140734    3.470243 v _253_/X (sky130_fd_sc_hd__a21o_2)
                                                         _109_ (net)
                      0.024490    0.000087    3.470330 v _256_/B1 (sky130_fd_sc_hd__a32o_2)
     1    0.002530    0.023735    0.081939    3.552270 v _256_/X (sky130_fd_sc_hd__a32o_2)
                                                         net20 (net)
                      0.023735    0.000079    3.552349 v output20/A (sky130_fd_sc_hd__dlymetal6s2s_1)
     1    0.034702    0.120715    0.170943    3.723292 v output20/X (sky130_fd_sc_hd__dlymetal6s2s_1)
                                                         CARRY (net)
                      0.120718    0.000782    3.724074 v CARRY (out)
                                              3.724074   data arrival time

                      0.000000   10.000000   10.000000   clock __VIRTUAL_CLK__ (rise edge)
                                  0.000000   10.000000   clock network delay (ideal)
                                 -0.250000    9.750000   clock uncertainty
                                  0.000000    9.750000   clock reconvergence pessimism
                                 -2.000000    7.750000   output external delay
                                              7.750000   data required time
---------------------------------------------------------------------------------------------
                                              7.750000   data required time
                                             -3.724074   data arrival time
---------------------------------------------------------------------------------------------
                                              4.025926   slack (MET)


Startpoint: A[1] (input port clocked by __VIRTUAL_CLK__)
Endpoint: Y[4] (output port clocked by __VIRTUAL_CLK__)
Path Group: __VIRTUAL_CLK__
Path Type: max

Fanout         Cap        Slew       Delay        Time   Description
---------------------------------------------------------------------------------------------
                      0.000000    0.000000    0.000000   clock __VIRTUAL_CLK__ (rise edge)
                                  0.000000    0.000000   clock network delay (ideal)
                                  2.000000    2.000000 v input external delay
     1    0.003634    0.005936    0.003176    2.003176 v A[1] (in)
                                                         A[1] (net)
                      0.005937    0.000000    2.003176 v input2/A (sky130_fd_sc_hd__clkdlybuf4s25_1)
     7    0.025366    0.132881    0.245912    2.249088 v input2/X (sky130_fd_sc_hd__clkdlybuf4s25_1)
                                                         net2 (net)
                      0.132882    0.000625    2.249713 v _218_/B (sky130_fd_sc_hd__xnor2_2)
     2    0.007246    0.050116    0.131486    2.381200 v _218_/Y (sky130_fd_sc_hd__xnor2_2)
                                                         _074_ (net)
                      0.050116    0.000150    2.381350 v max_cap30/A (sky130_fd_sc_hd__clkbuf_2)
     4    0.021864    0.061362    0.117504    2.498854 v max_cap30/X (sky130_fd_sc_hd__clkbuf_2)
                                                         net30 (net)
                      0.061364    0.000422    2.499276 v _221_/A1 (sky130_fd_sc_hd__a21o_2)
     4    0.019109    0.051702    0.165211    2.664487 v _221_/X (sky130_fd_sc_hd__a21o_2)
                                                         _077_ (net)
                      0.051716    0.000839    2.665326 v _228_/A1 (sky130_fd_sc_hd__a211o_2)
     2    0.008197    0.044341    0.206464    2.871789 v _228_/X (sky130_fd_sc_hd__a211o_2)
                                                         _084_ (net)
                      0.044341    0.000277    2.872067 v _229_/B (sky130_fd_sc_hd__nand2_2)
     2    0.010519    0.054316    0.068508    2.940575 ^ _229_/Y (sky130_fd_sc_hd__nand2_2)
                                                         _085_ (net)
                      0.054317    0.000270    2.940845 ^ _164_/A (sky130_fd_sc_hd__nand2_2)
     1    0.002040    0.044462    0.022389    2.963233 v _164_/Y (sky130_fd_sc_hd__nand2_2)
                                                         _024_ (net)
                      0.044462    0.000062    2.963295 v _165_/B (sky130_fd_sc_hd__and3b_2)
     1    0.005568    0.033388    0.135717    3.099012 v _165_/X (sky130_fd_sc_hd__and3b_2)
                                                         _025_ (net)
                      0.033388    0.000186    3.099198 v _172_/A1 (sky130_fd_sc_hd__o41a_2)
     1    0.004890    0.049643    0.304839    3.404037 v _172_/X (sky130_fd_sc_hd__o41a_2)
                                                         net25 (net)
                      0.049643    0.000144    3.404182 v output25/A (sky130_fd_sc_hd__clkdlybuf4s25_1)
     1    0.034283    0.174646    0.298304    3.702485 v output25/X (sky130_fd_sc_hd__clkdlybuf4s25_1)
                                                         Y[4] (net)
                      0.174646    0.000667    3.703153 v Y[4] (out)
                                              3.703153   data arrival time

                      0.000000   10.000000   10.000000   clock __VIRTUAL_CLK__ (rise edge)
                                  0.000000   10.000000   clock network delay (ideal)
                                 -0.250000    9.750000   clock uncertainty
                                  0.000000    9.750000   clock reconvergence pessimism
                                 -2.000000    7.750000   output external delay
                                              7.750000   data required time
---------------------------------------------------------------------------------------------
                                              7.750000   data required time
                                             -3.703153   data arrival time
---------------------------------------------------------------------------------------------
                                              4.046847   slack (MET)


Startpoint: A[1] (input port clocked by __VIRTUAL_CLK__)
Endpoint: Y[5] (output port clocked by __VIRTUAL_CLK__)
Path Group: __VIRTUAL_CLK__
Path Type: max

Fanout         Cap        Slew       Delay        Time   Description
---------------------------------------------------------------------------------------------
                      0.000000    0.000000    0.000000   clock __VIRTUAL_CLK__ (rise edge)
                                  0.000000    0.000000   clock network delay (ideal)
                                  2.000000    2.000000 v input external delay
     1    0.003634    0.005936    0.003176    2.003176 v A[1] (in)
                                                         A[1] (net)
                      0.005937    0.000000    2.003176 v input2/A (sky130_fd_sc_hd__clkdlybuf4s25_1)
     7    0.025366    0.132881    0.245912    2.249088 v input2/X (sky130_fd_sc_hd__clkdlybuf4s25_1)
                                                         net2 (net)
                      0.132882    0.000625    2.249713 v _218_/B (sky130_fd_sc_hd__xnor2_2)
     2    0.007246    0.050116    0.131486    2.381200 v _218_/Y (sky130_fd_sc_hd__xnor2_2)
                                                         _074_ (net)
                      0.050116    0.000150    2.381350 v max_cap30/A (sky130_fd_sc_hd__clkbuf_2)
     4    0.021864    0.061362    0.117504    2.498854 v max_cap30/X (sky130_fd_sc_hd__clkbuf_2)
                                                         net30 (net)
                      0.061364    0.000422    2.499276 v _221_/A1 (sky130_fd_sc_hd__a21o_2)
     4    0.019109    0.051702    0.165211    2.664487 v _221_/X (sky130_fd_sc_hd__a21o_2)
                                                         _077_ (net)
                      0.051716    0.000839    2.665326 v _228_/A1 (sky130_fd_sc_hd__a211o_2)
     2    0.008197    0.044341    0.206464    2.871789 v _228_/X (sky130_fd_sc_hd__a211o_2)
                                                         _084_ (net)
                      0.044341    0.000277    2.872067 v _229_/B (sky130_fd_sc_hd__nand2_2)
     2    0.010519    0.054316    0.068508    2.940575 ^ _229_/Y (sky130_fd_sc_hd__nand2_2)
                                                         _085_ (net)
                      0.054317    0.000295    2.940870 ^ _233_/A (sky130_fd_sc_hd__nor2_2)
     2    0.004606    0.048334    0.028318    2.969188 v _233_/Y (sky130_fd_sc_hd__nor2_2)
                                                         _089_ (net)
                      0.048334    0.000118    2.969306 v _179_/C1 (sky130_fd_sc_hd__a211o_2)
     1    0.003240    0.033989    0.130614    3.099920 v _179_/X (sky130_fd_sc_hd__a211o_2)
                                                         _038_ (net)
                      0.033989    0.000105    3.100024 v _180_/A4 (sky130_fd_sc_hd__a41o_2)
     1    0.003068    0.028488    0.174870    3.274895 v _180_/X (sky130_fd_sc_hd__a41o_2)
                                                         _039_ (net)
                      0.028488    0.000094    3.274989 v _181_/B1 (sky130_fd_sc_hd__a31o_2)
     1    0.002921    0.027806    0.080388    3.355376 v _181_/X (sky130_fd_sc_hd__a31o_2)
                                                         net26 (net)
                      0.027806    0.000064    3.355440 v output26/A (sky130_fd_sc_hd__clkdlybuf4s25_1)
     1    0.034320    0.175490    0.289118    3.644558 v output26/X (sky130_fd_sc_hd__clkdlybuf4s25_1)
                                                         Y[5] (net)
                      0.175490    0.000669    3.645228 v Y[5] (out)
                                              3.645228   data arrival time

                      0.000000   10.000000   10.000000   clock __VIRTUAL_CLK__ (rise edge)
                                  0.000000   10.000000   clock network delay (ideal)
                                 -0.250000    9.750000   clock uncertainty
                                  0.000000    9.750000   clock reconvergence pessimism
                                 -2.000000    7.750000   output external delay
                                              7.750000   data required time
---------------------------------------------------------------------------------------------
                                              7.750000   data required time
                                             -3.645228   data arrival time
---------------------------------------------------------------------------------------------
                                              4.104772   slack (MET)


Startpoint: OP[1] (input port clocked by __VIRTUAL_CLK__)
Endpoint: Y[3] (output port clocked by __VIRTUAL_CLK__)
Path Group: __VIRTUAL_CLK__
Path Type: max

Fanout         Cap        Slew       Delay        Time   Description
---------------------------------------------------------------------------------------------
                      0.000000    0.000000    0.000000   clock __VIRTUAL_CLK__ (rise edge)
                                  0.000000    0.000000   clock network delay (ideal)
                                  2.000000    2.000000 v input external delay
     1    0.003386    0.005574    0.002945    2.002945 v OP[1] (in)
                                                         OP[1] (net)
                      0.005575    0.000000    2.002945 v input18/A (sky130_fd_sc_hd__clkdlybuf4s25_1)
     2    0.006124    0.042061    0.169686    2.172631 v input18/X (sky130_fd_sc_hd__clkdlybuf4s25_1)
                                                         net18 (net)
                      0.042061    0.000205    2.172836 v fanout33/A (sky130_fd_sc_hd__clkdlybuf4s25_1)
    10    0.031191    0.159924    0.282972    2.455808 v fanout33/X (sky130_fd_sc_hd__clkdlybuf4s25_1)
                                                         net33 (net)
                      0.159929    0.001128    2.456936 v _129_/C_N (sky130_fd_sc_hd__nor3b_2)
     5    0.019174    0.085026    0.179635    2.636572 v _129_/Y (sky130_fd_sc_hd__nor3b_2)
                                                         _117_ (net)
                      0.085032    0.000625    2.637197 v _160_/A3 (sky130_fd_sc_hd__a32o_2)
     1    0.001709    0.022403    0.153124    2.790321 v _160_/X (sky130_fd_sc_hd__a32o_2)
                                                         _021_ (net)
                      0.022403    0.000050    2.790371 v _161_/B (sky130_fd_sc_hd__or3b_2)
     1    0.006900    0.060318    0.272332    3.062703 v _161_/X (sky130_fd_sc_hd__or3b_2)
                                                         _022_ (net)
                      0.060318    0.000258    3.062961 v _162_/B1 (sky130_fd_sc_hd__a31o_2)
     1    0.002426    0.026789    0.092270    3.155230 v _162_/X (sky130_fd_sc_hd__a31o_2)
                                                         _023_ (net)
                      0.026789    0.000052    3.155282 v _163_/B2 (sky130_fd_sc_hd__o2bb2a_2)
     1    0.003002    0.031149    0.148290    3.303572 v _163_/X (sky130_fd_sc_hd__o2bb2a_2)
                                                         net24 (net)
                      0.031149    0.000068    3.303639 v output24/A (sky130_fd_sc_hd__clkdlybuf4s25_1)
     1    0.034370    0.175636    0.290737    3.594377 v output24/X (sky130_fd_sc_hd__clkdlybuf4s25_1)
                                                         Y[3] (net)
                      0.175637    0.000672    3.595048 v Y[3] (out)
                                              3.595048   data arrival time

                      0.000000   10.000000   10.000000   clock __VIRTUAL_CLK__ (rise edge)
                                  0.000000   10.000000   clock network delay (ideal)
                                 -0.250000    9.750000   clock uncertainty
                                  0.000000    9.750000   clock reconvergence pessimism
                                 -2.000000    7.750000   output external delay
                                              7.750000   data required time
---------------------------------------------------------------------------------------------
                                              7.750000   data required time
                                             -3.595048   data arrival time
---------------------------------------------------------------------------------------------
                                              4.154952   slack (MET)


Startpoint: OP[1] (input port clocked by __VIRTUAL_CLK__)
Endpoint: Y[1] (output port clocked by __VIRTUAL_CLK__)
Path Group: __VIRTUAL_CLK__
Path Type: max

Fanout         Cap        Slew       Delay        Time   Description
---------------------------------------------------------------------------------------------
                      0.000000    0.000000    0.000000   clock __VIRTUAL_CLK__ (rise edge)
                                  0.000000    0.000000   clock network delay (ideal)
                                  2.000000    2.000000 ^ input external delay
     1    0.003612    0.016833    0.009849    2.009849 ^ OP[1] (in)
                                                         OP[1] (net)
                      0.016834    0.000000    2.009849 ^ input18/A (sky130_fd_sc_hd__clkdlybuf4s25_1)
     2    0.006543    0.057903    0.181888    2.191737 ^ input18/X (sky130_fd_sc_hd__clkdlybuf4s25_1)
                                                         net18 (net)
                      0.057903    0.000221    2.191958 ^ fanout33/A (sky130_fd_sc_hd__clkdlybuf4s25_1)
    10    0.033508    0.253653    0.337557    2.529515 ^ fanout33/X (sky130_fd_sc_hd__clkdlybuf4s25_1)
                                                         net33 (net)
                      0.253653    0.000816    2.530332 ^ _127_/A (sky130_fd_sc_hd__or2_2)
     8    0.039457    0.156329    0.205323    2.735654 ^ _127_/X (sky130_fd_sc_hd__or2_2)
                                                         _115_ (net)
                      0.156404    0.001732    2.737387 ^ _141_/A2_N (sky130_fd_sc_hd__a2bb2o_2)
     1    0.002704    0.030149    0.131654    2.869041 v _141_/X (sky130_fd_sc_hd__a2bb2o_2)
                                                         _004_ (net)
                      0.030149    0.000081    2.869122 v _142_/C1 (sky130_fd_sc_hd__a2111o_2)
     1    0.002557    0.041858    0.189718    3.058839 v _142_/X (sky130_fd_sc_hd__a2111o_2)
                                                         _005_ (net)
                      0.041858    0.000053    3.058892 v _144_/A2 (sky130_fd_sc_hd__o22a_2)
     1    0.002748    0.025423    0.133061    3.191953 v _144_/X (sky130_fd_sc_hd__o22a_2)
                                                         net22 (net)
                      0.025423    0.000060    3.192013 v output22/A (sky130_fd_sc_hd__clkdlybuf4s25_1)
     1    0.034202    0.175037    0.287529    3.479542 v output22/X (sky130_fd_sc_hd__clkdlybuf4s25_1)
                                                         Y[1] (net)
                      0.175039    0.000820    3.480362 v Y[1] (out)
                                              3.480362   data arrival time

                      0.000000   10.000000   10.000000   clock __VIRTUAL_CLK__ (rise edge)
                                  0.000000   10.000000   clock network delay (ideal)
                                 -0.250000    9.750000   clock uncertainty
                                  0.000000    9.750000   clock reconvergence pessimism
                                 -2.000000    7.750000   output external delay
                                              7.750000   data required time
---------------------------------------------------------------------------------------------
                                              7.750000   data required time
                                             -3.480362   data arrival time
---------------------------------------------------------------------------------------------
                                              4.269638   slack (MET)


Startpoint: OP[1] (input port clocked by __VIRTUAL_CLK__)
Endpoint: Y[2] (output port clocked by __VIRTUAL_CLK__)
Path Group: __VIRTUAL_CLK__
Path Type: max

Fanout         Cap        Slew       Delay        Time   Description
---------------------------------------------------------------------------------------------
                      0.000000    0.000000    0.000000   clock __VIRTUAL_CLK__ (rise edge)
                                  0.000000    0.000000   clock network delay (ideal)
                                  2.000000    2.000000 v input external delay
     1    0.003386    0.005574    0.002945    2.002945 v OP[1] (in)
                                                         OP[1] (net)
                      0.005575    0.000000    2.002945 v input18/A (sky130_fd_sc_hd__clkdlybuf4s25_1)
     2    0.006124    0.042061    0.169686    2.172631 v input18/X (sky130_fd_sc_hd__clkdlybuf4s25_1)
                                                         net18 (net)
                      0.042061    0.000205    2.172836 v fanout33/A (sky130_fd_sc_hd__clkdlybuf4s25_1)
    10    0.031191    0.159924    0.282972    2.455808 v fanout33/X (sky130_fd_sc_hd__clkdlybuf4s25_1)
                                                         net33 (net)
                      0.159926    0.000855    2.456663 v _137_/A (sky130_fd_sc_hd__or3b_2)
     4    0.024259    0.094456    0.377664    2.834327 v _137_/X (sky130_fd_sc_hd__or3b_2)
                                                         _000_ (net)
                      0.094464    0.001013    2.835340 v _148_/B (sky130_fd_sc_hd__nor2_2)
     1    0.003028    0.052904    0.075005    2.910345 ^ _148_/Y (sky130_fd_sc_hd__nor2_2)
                                                         _010_ (net)
                      0.052904    0.000094    2.910439 ^ _150_/C1 (sky130_fd_sc_hd__a221o_2)
     1    0.004022    0.030462    0.068288    2.978727 ^ _150_/X (sky130_fd_sc_hd__a221o_2)
                                                         _012_ (net)
                      0.030472    0.000129    2.978856 ^ _151_/B1 (sky130_fd_sc_hd__a211o_2)
     1    0.003098    0.021343    0.058020    3.036877 ^ _151_/X (sky130_fd_sc_hd__a211o_2)
                                                         _013_ (net)
                      0.021343    0.000069    3.036945 ^ _152_/B2 (sky130_fd_sc_hd__o22a_2)
     1    0.003242    0.023174    0.056756    3.093702 ^ _152_/X (sky130_fd_sc_hd__o22a_2)
                                                         net23 (net)
                      0.023174    0.000100    3.093801 ^ output23/A (sky130_fd_sc_hd__clkdlybuf4s25_1)
     1    0.034567    0.261727    0.333278    3.427080 ^ output23/X (sky130_fd_sc_hd__clkdlybuf4s25_1)
                                                         Y[2] (net)
                      0.261727    0.000872    3.427952 ^ Y[2] (out)
                                              3.427952   data arrival time

                      0.000000   10.000000   10.000000   clock __VIRTUAL_CLK__ (rise edge)
                                  0.000000   10.000000   clock network delay (ideal)
                                 -0.250000    9.750000   clock uncertainty
                                  0.000000    9.750000   clock reconvergence pessimism
                                 -2.000000    7.750000   output external delay
                                              7.750000   data required time
---------------------------------------------------------------------------------------------
                                              7.750000   data required time
                                             -3.427952   data arrival time
---------------------------------------------------------------------------------------------
                                              4.322048   slack (MET)


Startpoint: OP[1] (input port clocked by __VIRTUAL_CLK__)
Endpoint: Y[0] (output port clocked by __VIRTUAL_CLK__)
Path Group: __VIRTUAL_CLK__
Path Type: max

Fanout         Cap        Slew       Delay        Time   Description
---------------------------------------------------------------------------------------------
                      0.000000    0.000000    0.000000   clock __VIRTUAL_CLK__ (rise edge)
                                  0.000000    0.000000   clock network delay (ideal)
                                  2.000000    2.000000 ^ input external delay
     1    0.003612    0.016833    0.009849    2.009849 ^ OP[1] (in)
                                                         OP[1] (net)
                      0.016834    0.000000    2.009849 ^ input18/A (sky130_fd_sc_hd__clkdlybuf4s25_1)
     2    0.006543    0.057903    0.181888    2.191737 ^ input18/X (sky130_fd_sc_hd__clkdlybuf4s25_1)
                                                         net18 (net)
                      0.057903    0.000221    2.191958 ^ fanout33/A (sky130_fd_sc_hd__clkdlybuf4s25_1)
    10    0.033508    0.253653    0.337557    2.529515 ^ fanout33/X (sky130_fd_sc_hd__clkdlybuf4s25_1)
                                                         net33 (net)
                      0.253656    0.001412    2.530927 ^ _125_/S (sky130_fd_sc_hd__mux2_1)
     1    0.002665    0.037370    0.201615    2.732541 v _125_/X (sky130_fd_sc_hd__mux2_1)
                                                         _113_ (net)
                      0.037370    0.000080    2.732622 v _126_/C1 (sky130_fd_sc_hd__o211a_2)
     1    0.002061    0.028577    0.074399    2.807020 v _126_/X (sky130_fd_sc_hd__o211a_2)
                                                         _114_ (net)
                      0.028577    0.000062    2.807082 v _132_/A (sky130_fd_sc_hd__or3_2)
     1    0.003182    0.050989    0.279647    3.086730 v _132_/X (sky130_fd_sc_hd__or3_2)
                                                         net21 (net)
                      0.050989    0.000104    3.086833 v output21/A (sky130_fd_sc_hd__clkdlybuf4s25_1)
     1    0.034512    0.175735    0.299726    3.386559 v output21/X (sky130_fd_sc_hd__clkdlybuf4s25_1)
                                                         Y[0] (net)
                      0.175736    0.000705    3.387264 v Y[0] (out)
                                              3.387264   data arrival time

                      0.000000   10.000000   10.000000   clock __VIRTUAL_CLK__ (rise edge)
                                  0.000000   10.000000   clock network delay (ideal)
                                 -0.250000    9.750000   clock uncertainty
                                  0.000000    9.750000   clock reconvergence pessimism
                                 -2.000000    7.750000   output external delay
                                              7.750000   data required time
---------------------------------------------------------------------------------------------
                                              7.750000   data required time
                                             -3.387264   data arrival time
---------------------------------------------------------------------------------------------
                                              4.362735   slack (MET)



