
===========================================================================
report_checks -unconstrained
===========================================================================
======================= min_tt_025C_1v80 Corner ===================================

Startpoint: OP[1] (input port clocked by __VIRTUAL_CLK__)
Endpoint: Y[5] (output port clocked by __VIRTUAL_CLK__)
Path Group: __VIRTUAL_CLK__
Path Type: max

Fanout         Cap        Slew       Delay        Time   Description
---------------------------------------------------------------------------------------------
                      0.000000    0.000000    0.000000   clock __VIRTUAL_CLK__ (rise edge)
                                  0.000000    0.000000   clock network delay (ideal)
                                  2.000000    2.000000 ^ input external delay
     1    0.003469    0.022631    0.013280    2.013280 ^ OP[1] (in)
                                                         OP[1] (net)
                      0.022631    0.000000    2.013280 ^ input18/A (sky130_fd_sc_hd__clkdlybuf4s25_1)
     2    0.006147    0.074818    0.271696    2.284977 ^ input18/X (sky130_fd_sc_hd__clkdlybuf4s25_1)
                                                         net18 (net)
                      0.074818    0.000090    2.285067 ^ fanout33/A (sky130_fd_sc_hd__clkdlybuf4s25_1)
    10    0.031698    0.321001    0.474838    2.759905 ^ fanout33/X (sky130_fd_sc_hd__clkdlybuf4s25_1)
                                                         net33 (net)
                      0.321001    0.000333    2.760238 ^ _127_/A (sky130_fd_sc_hd__or2_2)
     8    0.037791    0.197410    0.313662    3.073900 ^ _127_/X (sky130_fd_sc_hd__or2_2)
                                                         _115_ (net)
                      0.197411    0.000985    3.074885 ^ _176_/A2_N (sky130_fd_sc_hd__a2bb2o_2)
     1    0.002335    0.041197    0.295862    3.370747 v _176_/X (sky130_fd_sc_hd__a2bb2o_2)
                                                         _035_ (net)
                      0.041197    0.000020    3.370768 v _177_/C1 (sky130_fd_sc_hd__a211o_2)
     1    0.002596    0.045502    0.268736    3.639504 v _177_/X (sky130_fd_sc_hd__a211o_2)
                                                         _036_ (net)
                      0.045502    0.000025    3.639529 v _178_/C1 (sky130_fd_sc_hd__a221o_2)
     1    0.005274    0.060085    0.319767    3.959296 v _178_/X (sky130_fd_sc_hd__a221o_2)
                                                         _037_ (net)
                      0.060085    0.000089    3.959386 v _180_/B1 (sky130_fd_sc_hd__a41o_2)
     1    0.002852    0.037060    0.237384    4.196770 v _180_/X (sky130_fd_sc_hd__a41o_2)
                                                         _039_ (net)
                      0.037060    0.000029    4.196799 v _181_/B1 (sky130_fd_sc_hd__a31o_2)
     1    0.002805    0.036595    0.214135    4.410934 v _181_/X (sky130_fd_sc_hd__a31o_2)
                                                         net26 (net)
                      0.036595    0.000020    4.410954 v output26/A (sky130_fd_sc_hd__clkdlybuf4s25_1)
     1    0.034267    0.255074    0.431684    4.842638 v output26/X (sky130_fd_sc_hd__clkdlybuf4s25_1)
                                                         Y[5] (net)
                      0.255074    0.000191    4.842830 v Y[5] (out)
                                              4.842830   data arrival time

                      0.000000   10.000000   10.000000   clock __VIRTUAL_CLK__ (rise edge)
                                  0.000000   10.000000   clock network delay (ideal)
                                 -0.250000    9.750000   clock uncertainty
                                  0.000000    9.750000   clock reconvergence pessimism
                                 -2.000000    7.750000   output external delay
                                              7.750000   data required time
---------------------------------------------------------------------------------------------
                                              7.750000   data required time
                                             -4.842830   data arrival time
---------------------------------------------------------------------------------------------
                                              2.907170   slack (MET)




===========================================================================
report_checks --slack_max -0.01
============================================================================
======================= min_tt_025C_1v80 Corner ===================================

No paths found.


===========================================================================
 report_check_types -max_slew -max_cap -max_fanout -violators
============================================================================
======================= min_tt_025C_1v80 Corner ===================================



===========================================================================
report_parasitic_annotation -report_unannotated
============================================================================
Found 0 unannotated drivers.
Found 0 partially unannotated drivers.

===========================================================================
max slew violation count 0
max fanout violation count 0
max cap violation count 0
============================================================================

===========================================================================
check_setup -verbose -unconstrained_endpoints -multiple_clock -no_clock -no_input_delay -loops -generated_clocks
===========================================================================
