+ define_corners min_tt_025C_1v80
Reading timing models for corner min_tt_025C_1v80…
Reading cell library for the 'min_tt_025C_1v80' corner at '/home/gp7871/.ciel/ciel/sky130/versions/8afc8346a57fe1ab7934ba5a6056ea8b43078e71/ciel/sky130/versions/8afc8346a57fe1ab7934ba5a6056ea8b43078e71/sky130A/libs.ref/sky130_fd_sc_hd/lib/sky130_fd_sc_hd__tt_025C_1v80.lib'…
Reading top-level netlist at '/home/gp7871/VLSI_Freelancing/projects/alu8_rtl_to_gds/runs/RUN_2026-09-16_17-08-36/52-openroad-fillinsertion/alu8.nl.v'…
Linking design 'alu8' from netlist…
Warning: /home/gp7871/VLSI_Freelancing/projects/alu8_rtl_to_gds/runs/RUN_2026-09-16_17-08-36/52-openroad-fillinsertion/alu8.nl.v line 175, module sky130_fd_sc_hd__fill_1 not found. Creating black box for FILLER_0_113.
Warning: /home/gp7871/VLSI_Freelancing/projects/alu8_rtl_to_gds/runs/RUN_2026-09-16_17-08-36/52-openroad-fillinsertion/alu8.nl.v line 179, module sky130_fd_sc_hd__fill_2 not found. Creating black box for FILLER_0_37.
Warning: /home/gp7871/VLSI_Freelancing/projects/alu8_rtl_to_gds/runs/RUN_2026-09-16_17-08-36/52-openroad-fillinsertion/alu8.nl.v line 552, module sky130_fd_sc_hd__tapvpwrvgnd_1 not found. Creating black box for TAP_TAPCELL_ROW_0_38.
Reading design constraints file at '/nix/store/9qkr4093f83hkvz5bia9qvxcyc2kzr15-python3-3.13.9-env/lib/python3.13/site-packages/librelane/scripts/base.sdc'…
[WARNING] No CLOCK_PORT found. A dummy clock will be used.
Warning: base.sdc line 15, port '__VIRTUAL_CLK__' not found.
[INFO] Using clock __VIRTUAL_CLK__…
[INFO] Setting output delay to: 2.0
[INFO] Setting input delay to: 2.0
Warning: base.sdc line 32, port '__VIRTUAL_CLK__' not found.
[INFO] Setting load to: 0.033442
[INFO] Setting clock uncertainty to: 0.25
[INFO] Setting clock transition to: 0.1499999999999999944488848768742172978818416595458984375
Warning: base.sdc line 69, transition time can not be specified for virtual clocks.
[INFO] Setting timing derate to: 5.0%
Warning: base.sdc line 79, virtual clock __VIRTUAL_CLK__ can not be propagated.
Reading top-level design parasitics for the 'min_tt_025C_1v80' corner at '/home/gp7871/VLSI_Freelancing/projects/alu8_rtl_to_gds/runs/RUN_2026-09-16_17-08-36/54-openroad-rcx/min/alu8.min.spef'…
%OL_CREATE_REPORT min.rpt

===========================================================================
report_checks -path_delay min (Hold)
============================================================================
======================= min_tt_025C_1v80 Corner ===================================

Startpoint: OP[0] (input port clocked by __VIRTUAL_CLK__)
Endpoint: Y[7] (output port clocked by __VIRTUAL_CLK__)
Path Group: __VIRTUAL_CLK__
Path Type: min

Fanout         Cap        Slew       Delay        Time   Description
---------------------------------------------------------------------------------------------
                      0.000000    0.000000    0.000000   clock __VIRTUAL_CLK__ (rise edge)
                                  0.000000    0.000000   clock network delay (ideal)
                                  2.000000    2.000000 ^ input external delay
     1    0.003876    0.024400    0.013367    2.013367 ^ OP[0] (in)
                                                         OP[0] (net)
                      0.024400    0.000000    2.013367 ^ input17/A (sky130_fd_sc_hd__clkdlybuf4s25_1)
     2    0.006020    0.073628    0.245550    2.258917 ^ input17/X (sky130_fd_sc_hd__clkdlybuf4s25_1)
                                                         net17 (net)
                      0.073628    0.000070    2.258987 ^ _255_/C (sky130_fd_sc_hd__or3_2)
     5    0.026404    0.136043    0.181300    2.440286 ^ _255_/X (sky130_fd_sc_hd__or3_2)
                                                         _111_ (net)
                      0.136043    0.000200    2.440486 ^ _198_/A1 (sky130_fd_sc_hd__o22a_2)
     1    0.002617    0.029883    0.152709    2.593195 ^ _198_/X (sky130_fd_sc_hd__o22a_2)
                                                         net28 (net)
                      0.029883    0.000022    2.593217 ^ output28/A (sky130_fd_sc_hd__clkbuf_2)
     1    0.034992    0.192488    0.193653    2.786870 ^ output28/X (sky130_fd_sc_hd__clkbuf_2)
                                                         Y[7] (net)
                      0.192491    0.000541    2.787411 ^ Y[7] (out)
                                              2.787411   data arrival time

                      0.000000    0.000000    0.000000   clock __VIRTUAL_CLK__ (rise edge)
                                  0.000000    0.000000   clock network delay (ideal)
                                  0.250000    0.250000   clock uncertainty
                                  0.000000    0.250000   clock reconvergence pessimism
                                 -2.000000   -1.750000   output external delay
                                             -1.750000   data required time
---------------------------------------------------------------------------------------------
                                             -1.750000   data required time
                                             -2.787411   data arrival time
---------------------------------------------------------------------------------------------
                                              4.537412   slack (MET)


Startpoint: B[7] (input port clocked by __VIRTUAL_CLK__)
Endpoint: CARRY (output port clocked by __VIRTUAL_CLK__)
Path Group: __VIRTUAL_CLK__
Path Type: min

Fanout         Cap        Slew       Delay        Time   Description
---------------------------------------------------------------------------------------------
                      0.000000    0.000000    0.000000   clock __VIRTUAL_CLK__ (rise edge)
                                  0.000000    0.000000   clock network delay (ideal)
                                  2.000000    2.000000 ^ input external delay
     1    0.003655    0.023439    0.012629    2.012629 ^ B[7] (in)
                                                         B[7] (net)
                      0.023439    0.000000    2.012629 ^ input16/A (sky130_fd_sc_hd__clkdlybuf4s25_1)
     3    0.008990    0.101485    0.265046    2.277675 ^ input16/X (sky130_fd_sc_hd__clkdlybuf4s25_1)
                                                         net16 (net)
                      0.101485    0.000068    2.277742 ^ _200_/A_N (sky130_fd_sc_hd__nand2b_2)
     1    0.002844    0.034224    0.114416    2.392158 ^ _200_/Y (sky130_fd_sc_hd__nand2b_2)
                                                         _056_ (net)
                      0.034224    0.000026    2.392183 ^ _256_/A1 (sky130_fd_sc_hd__a32o_2)
     1    0.002504    0.038829    0.131893    2.524076 ^ _256_/X (sky130_fd_sc_hd__a32o_2)
                                                         net20 (net)
                      0.038829    0.000026    2.524102 ^ output20/A (sky130_fd_sc_hd__dlymetal6s2s_1)
     1    0.034619    0.349437    0.287059    2.811162 ^ output20/X (sky130_fd_sc_hd__dlymetal6s2s_1)
                                                         CARRY (net)
                      0.349437    0.000257    2.811419 ^ CARRY (out)
                                              2.811419   data arrival time

                      0.000000    0.000000    0.000000   clock __VIRTUAL_CLK__ (rise edge)
                                  0.000000    0.000000   clock network delay (ideal)
                                  0.250000    0.250000   clock uncertainty
                                  0.000000    0.250000   clock reconvergence pessimism
                                 -2.000000   -1.750000   output external delay
                                             -1.750000   data required time
---------------------------------------------------------------------------------------------
                                             -1.750000   data required time
                                             -2.811419   data arrival time
---------------------------------------------------------------------------------------------
                                              4.561419   slack (MET)


Startpoint: OP[0] (input port clocked by __VIRTUAL_CLK__)
Endpoint: Y[1] (output port clocked by __VIRTUAL_CLK__)
Path Group: __VIRTUAL_CLK__
Path Type: min

Fanout         Cap        Slew       Delay        Time   Description
---------------------------------------------------------------------------------------------
                      0.000000    0.000000    0.000000   clock __VIRTUAL_CLK__ (rise edge)
                                  0.000000    0.000000   clock network delay (ideal)
                                  2.000000    2.000000 ^ input external delay
     1    0.003876    0.024400    0.013367    2.013367 ^ OP[0] (in)
                                                         OP[0] (net)
                      0.024400    0.000000    2.013367 ^ input17/A (sky130_fd_sc_hd__clkdlybuf4s25_1)
     2    0.006020    0.073628    0.245550    2.258917 ^ input17/X (sky130_fd_sc_hd__clkdlybuf4s25_1)
                                                         net17 (net)
                      0.073628    0.000070    2.258987 ^ _255_/C (sky130_fd_sc_hd__or3_2)
     5    0.026404    0.136043    0.181300    2.440286 ^ _255_/X (sky130_fd_sc_hd__or3_2)
                                                         _111_ (net)
                      0.136043    0.000324    2.440611 ^ _144_/B2 (sky130_fd_sc_hd__o22a_2)
     1    0.002882    0.031104    0.134445    2.575056 ^ _144_/X (sky130_fd_sc_hd__o22a_2)
                                                         net22 (net)
                      0.031104    0.000018    2.575073 ^ output22/A (sky130_fd_sc_hd__clkdlybuf4s25_1)
     1    0.034144    0.345075    0.431112    3.006185 ^ output22/X (sky130_fd_sc_hd__clkdlybuf4s25_1)
                                                         Y[1] (net)
                      0.345075    0.000290    3.006476 ^ Y[1] (out)
                                              3.006476   data arrival time

                      0.000000    0.000000    0.000000   clock __VIRTUAL_CLK__ (rise edge)
                                  0.000000    0.000000   clock network delay (ideal)
                                  0.250000    0.250000   clock uncertainty
                                  0.000000    0.250000   clock reconvergence pessimism
                                 -2.000000   -1.750000   output external delay
                                             -1.750000   data required time
---------------------------------------------------------------------------------------------
                                             -1.750000   data required time
                                             -3.006476   data arrival time
---------------------------------------------------------------------------------------------
                                              4.756475   slack (MET)


Startpoint: A[0] (input port clocked by __VIRTUAL_CLK__)
Endpoint: Y[0] (output port clocked by __VIRTUAL_CLK__)
Path Group: __VIRTUAL_CLK__
Path Type: min

Fanout         Cap        Slew       Delay        Time   Description
---------------------------------------------------------------------------------------------
                      0.000000    0.000000    0.000000   clock __VIRTUAL_CLK__ (rise edge)
                                  0.000000    0.000000   clock network delay (ideal)
                                  2.000000    2.000000 v input external delay
     1    0.003998    0.011408    0.006121    2.006121 v A[0] (in)
                                                         A[0] (net)
                      0.011408    0.000000    2.006121 v input1/A (sky130_fd_sc_hd__clkdlybuf4s25_1)
     7    0.026076    0.197041    0.339532    2.345653 v input1/X (sky130_fd_sc_hd__clkdlybuf4s25_1)
                                                         net1 (net)
                      0.197041    0.000081    2.345735 v _128_/A (sky130_fd_sc_hd__nor2_2)
     1    0.002382    0.067342    0.135439    2.481173 ^ _128_/Y (sky130_fd_sc_hd__nor2_2)
                                                         _116_ (net)
                      0.067342    0.000023    2.481196 ^ _132_/B (sky130_fd_sc_hd__or3_2)
     1    0.003276    0.030084    0.103616    2.584812 ^ _132_/X (sky130_fd_sc_hd__or3_2)
                                                         net21 (net)
                      0.030084    0.000038    2.584850 ^ output21/A (sky130_fd_sc_hd__clkdlybuf4s25_1)
     1    0.034405    0.347620    0.432532    3.017382 ^ output21/X (sky130_fd_sc_hd__clkdlybuf4s25_1)
                                                         Y[0] (net)
                      0.347620    0.000198    3.017580 ^ Y[0] (out)
                                              3.017580   data arrival time

                      0.000000    0.000000    0.000000   clock __VIRTUAL_CLK__ (rise edge)
                                  0.000000    0.000000   clock network delay (ideal)
                                  0.250000    0.250000   clock uncertainty
                                  0.000000    0.250000   clock reconvergence pessimism
                                 -2.000000   -1.750000   output external delay
                                             -1.750000   data required time
---------------------------------------------------------------------------------------------
                                             -1.750000   data required time
                                             -3.017580   data arrival time
---------------------------------------------------------------------------------------------
                                              4.767580   slack (MET)


Startpoint: OP[0] (input port clocked by __VIRTUAL_CLK__)
Endpoint: Y[2] (output port clocked by __VIRTUAL_CLK__)
Path Group: __VIRTUAL_CLK__
Path Type: min

Fanout         Cap        Slew       Delay        Time   Description
---------------------------------------------------------------------------------------------
                      0.000000    0.000000    0.000000   clock __VIRTUAL_CLK__ (rise edge)
                                  0.000000    0.000000   clock network delay (ideal)
                                  2.000000    2.000000 ^ input external delay
     1    0.003876    0.024400    0.013367    2.013367 ^ OP[0] (in)
                                                         OP[0] (net)
                      0.024400    0.000000    2.013367 ^ input17/A (sky130_fd_sc_hd__clkdlybuf4s25_1)
     2    0.006020    0.073628    0.245550    2.258917 ^ input17/X (sky130_fd_sc_hd__clkdlybuf4s25_1)
                                                         net17 (net)
                      0.073628    0.000070    2.258987 ^ _255_/C (sky130_fd_sc_hd__or3_2)
     5    0.026404    0.136043    0.181300    2.440286 ^ _255_/X (sky130_fd_sc_hd__or3_2)
                                                         _111_ (net)
                      0.136043    0.000469    2.440755 ^ _152_/A1 (sky130_fd_sc_hd__o22a_2)
     1    0.003104    0.032001    0.155100    2.595855 ^ _152_/X (sky130_fd_sc_hd__o22a_2)
                                                         net23 (net)
                      0.032001    0.000032    2.595886 ^ output23/A (sky130_fd_sc_hd__clkdlybuf4s25_1)
     1    0.034491    0.348456    0.433584    3.029471 ^ output23/X (sky130_fd_sc_hd__clkdlybuf4s25_1)
                                                         Y[2] (net)
                      0.348456    0.000405    3.029875 ^ Y[2] (out)
                                              3.029875   data arrival time

                      0.000000    0.000000    0.000000   clock __VIRTUAL_CLK__ (rise edge)
                                  0.000000    0.000000   clock network delay (ideal)
                                  0.250000    0.250000   clock uncertainty
                                  0.000000    0.250000   clock reconvergence pessimism
                                 -2.000000   -1.750000   output external delay
                                             -1.750000   data required time
---------------------------------------------------------------------------------------------
                                             -1.750000   data required time
                                             -3.029875   data arrival time
---------------------------------------------------------------------------------------------
                                              4.779875   slack (MET)


Startpoint: OP[0] (input port clocked by __VIRTUAL_CLK__)
Endpoint: Y[6] (output port clocked by __VIRTUAL_CLK__)
Path Group: __VIRTUAL_CLK__
Path Type: min

Fanout         Cap        Slew       Delay        Time   Description
---------------------------------------------------------------------------------------------
                      0.000000    0.000000    0.000000   clock __VIRTUAL_CLK__ (rise edge)
                                  0.000000    0.000000   clock network delay (ideal)
                                  2.000000    2.000000 ^ input external delay
     1    0.003876    0.024400    0.013367    2.013367 ^ OP[0] (in)
                                                         OP[0] (net)
                      0.024400    0.000000    2.013367 ^ input17/A (sky130_fd_sc_hd__clkdlybuf4s25_1)
     2    0.006020    0.073628    0.245550    2.258917 ^ input17/X (sky130_fd_sc_hd__clkdlybuf4s25_1)
                                                         net17 (net)
                      0.073628    0.000070    2.258987 ^ _255_/C (sky130_fd_sc_hd__or3_2)
     5    0.026404    0.136043    0.181300    2.440286 ^ _255_/X (sky130_fd_sc_hd__or3_2)
                                                         _111_ (net)
                      0.136043    0.000339    2.440625 ^ _190_/A1 (sky130_fd_sc_hd__o22a_2)
     1    0.003147    0.032197    0.155314    2.595939 ^ _190_/X (sky130_fd_sc_hd__o22a_2)
                                                         net27 (net)
                      0.032197    0.000035    2.595974 ^ output27/A (sky130_fd_sc_hd__clkdlybuf4s25_1)
     1    0.034682    0.350327    0.434851    3.030824 ^ output27/X (sky130_fd_sc_hd__clkdlybuf4s25_1)
                                                         Y[6] (net)
                      0.350327    0.000463    3.031287 ^ Y[6] (out)
                                              3.031287   data arrival time

                      0.000000    0.000000    0.000000   clock __VIRTUAL_CLK__ (rise edge)
                                  0.000000    0.000000   clock network delay (ideal)
                                  0.250000    0.250000   clock uncertainty
                                  0.000000    0.250000   clock reconvergence pessimism
                                 -2.000000   -1.750000   output external delay
                                             -1.750000   data required time
---------------------------------------------------------------------------------------------
                                             -1.750000   data required time
                                             -3.031287   data arrival time
---------------------------------------------------------------------------------------------
                                              4.781288   slack (MET)


Startpoint: B[5] (input port clocked by __VIRTUAL_CLK__)
Endpoint: Y[5] (output port clocked by __VIRTUAL_CLK__)
Path Group: __VIRTUAL_CLK__
Path Type: min

Fanout         Cap        Slew       Delay        Time   Description
---------------------------------------------------------------------------------------------
                      0.000000    0.000000    0.000000   clock __VIRTUAL_CLK__ (rise edge)
                                  0.000000    0.000000   clock network delay (ideal)
                                  2.000000    2.000000 v input external delay
     1    0.002974    0.009034    0.004473    2.004473 v B[5] (in)
                                                         B[5] (net)
                      0.009034    0.000000    2.004473 v input14/A (sky130_fd_sc_hd__clkdlybuf4s25_1)
     3    0.009317    0.081849    0.253009    2.257482 v input14/X (sky130_fd_sc_hd__clkdlybuf4s25_1)
                                                         net14 (net)
                      0.081849    0.000076    2.257558 v _208_/A (sky130_fd_sc_hd__nand2_2)
     3    0.011912    0.072530    0.091412    2.348970 ^ _208_/Y (sky130_fd_sc_hd__nand2_2)
                                                         _064_ (net)
                      0.072530    0.000071    2.349041 ^ _212_/A (sky130_fd_sc_hd__nand2_2)
     4    0.017336    0.075958    0.082992    2.432033 v _212_/Y (sky130_fd_sc_hd__nand2_2)
                                                         _068_ (net)
                      0.075958    0.000162    2.432194 v _174_/A (sky130_fd_sc_hd__nand2_2)
     1    0.002969    0.034386    0.057020    2.489215 ^ _174_/Y (sky130_fd_sc_hd__nand2_2)
                                                         _033_ (net)
                      0.034386    0.000027    2.489242 ^ _181_/A3 (sky130_fd_sc_hd__a31o_2)
     1    0.003030    0.032278    0.134021    2.623263 ^ _181_/X (sky130_fd_sc_hd__a31o_2)
                                                         net26 (net)
                      0.032278    0.000019    2.623282 ^ output26/A (sky130_fd_sc_hd__clkdlybuf4s25_1)
     1    0.034267    0.346211    0.432387    3.055669 ^ output26/X (sky130_fd_sc_hd__clkdlybuf4s25_1)
                                                         Y[5] (net)
                      0.346211    0.000173    3.055843 ^ Y[5] (out)
                                              3.055843   data arrival time

                      0.000000    0.000000    0.000000   clock __VIRTUAL_CLK__ (rise edge)
                                  0.000000    0.000000   clock network delay (ideal)
                                  0.250000    0.250000   clock uncertainty
                                  0.000000    0.250000   clock reconvergence pessimism
                                 -2.000000   -1.750000   output external delay
                                             -1.750000   data required time
---------------------------------------------------------------------------------------------
                                             -1.750000   data required time
                                             -3.055843   data arrival time
---------------------------------------------------------------------------------------------
                                              4.805842   slack (MET)


Startpoint: A[5] (input port clocked by __VIRTUAL_CLK__)
Endpoint: Y[4] (output port clocked by __VIRTUAL_CLK__)
Path Group: __VIRTUAL_CLK__
Path Type: min

Fanout         Cap        Slew       Delay        Time   Description
---------------------------------------------------------------------------------------------
                      0.000000    0.000000    0.000000   clock __VIRTUAL_CLK__ (rise edge)
                                  0.000000    0.000000   clock network delay (ideal)
                                  2.000000    2.000000 ^ input external delay
     1    0.003095    0.021002    0.010761    2.010761 ^ A[5] (in)
                                                         A[5] (net)
                      0.021002    0.000000    2.010761 ^ input6/A (sky130_fd_sc_hd__clkdlybuf4s25_1)
     6    0.023010    0.236678    0.355471    2.366232 ^ input6/X (sky130_fd_sc_hd__clkdlybuf4s25_1)
                                                         net6 (net)
                      0.236678    0.000272    2.366504 ^ _169_/A1 (sky130_fd_sc_hd__a211o_2)
     1    0.003036    0.026475    0.161096    2.527600 ^ _169_/X (sky130_fd_sc_hd__a211o_2)
                                                         _029_ (net)
                      0.026475    0.000028    2.527627 ^ _172_/A4 (sky130_fd_sc_hd__o41a_2)
     1    0.004776    0.037951    0.106449    2.634076 ^ _172_/X (sky130_fd_sc_hd__o41a_2)
                                                         net25 (net)
                      0.037951    0.000059    2.634135 ^ output25/A (sky130_fd_sc_hd__clkdlybuf4s25_1)
     1    0.034234    0.345746    0.434075    3.068210 ^ output25/X (sky130_fd_sc_hd__clkdlybuf4s25_1)
                                                         Y[4] (net)
                      0.345746    0.000173    3.068383 ^ Y[4] (out)
                                              3.068383   data arrival time

                      0.000000    0.000000    0.000000   clock __VIRTUAL_CLK__ (rise edge)
                                  0.000000    0.000000   clock network delay (ideal)
                                  0.250000    0.250000   clock uncertainty
                                  0.000000    0.250000   clock reconvergence pessimism
                                 -2.000000   -1.750000   output external delay
                                             -1.750000   data required time
---------------------------------------------------------------------------------------------
                                             -1.750000   data required time
                                             -3.068383   data arrival time
---------------------------------------------------------------------------------------------
                                              4.818383   slack (MET)


Startpoint: A[2] (input port clocked by __VIRTUAL_CLK__)
Endpoint: Y[3] (output port clocked by __VIRTUAL_CLK__)
Path Group: __VIRTUAL_CLK__
Path Type: min

Fanout         Cap        Slew       Delay        Time   Description
---------------------------------------------------------------------------------------------
                      0.000000    0.000000    0.000000   clock __VIRTUAL_CLK__ (rise edge)
                                  0.000000    0.000000   clock network delay (ideal)
                                  2.000000    2.000000 ^ input external delay
     1    0.003405    0.022352    0.011804    2.011804 ^ A[2] (in)
                                                         A[2] (net)
                      0.022352    0.000000    2.011804 ^ input3/A (sky130_fd_sc_hd__clkdlybuf4s25_1)
     6    0.020262    0.210150    0.337960    2.349763 ^ input3/X (sky130_fd_sc_hd__clkdlybuf4s25_1)
                                                         net3 (net)
                      0.210150    0.000287    2.350050 ^ _159_/A1 (sky130_fd_sc_hd__a221o_2)
     1    0.003226    0.031719    0.179756    2.529806 ^ _159_/X (sky130_fd_sc_hd__a221o_2)
                                                         _020_ (net)
                      0.031719    0.000028    2.529835 ^ _163_/B1 (sky130_fd_sc_hd__o2bb2a_2)
     1    0.003104    0.038345    0.148148    2.677983 ^ _163_/X (sky130_fd_sc_hd__o2bb2a_2)
                                                         net24 (net)
                      0.038345    0.000021    2.678004 ^ output24/A (sky130_fd_sc_hd__clkdlybuf4s25_1)
     1    0.034314    0.346519    0.434728    3.112731 ^ output24/X (sky130_fd_sc_hd__clkdlybuf4s25_1)
                                                         Y[3] (net)
                      0.346519    0.000174    3.112905 ^ Y[3] (out)
                                              3.112905   data arrival time

                      0.000000    0.000000    0.000000   clock __VIRTUAL_CLK__ (rise edge)
                                  0.000000    0.000000   clock network delay (ideal)
                                  0.250000    0.250000   clock uncertainty
                                  0.000000    0.250000   clock reconvergence pessimism
                                 -2.000000   -1.750000   output external delay
                                             -1.750000   data required time
---------------------------------------------------------------------------------------------
                                             -1.750000   data required time
                                             -3.112905   data arrival time
---------------------------------------------------------------------------------------------
                                              4.862906   slack (MET)



%OL_END_REPORT
%OL_CREATE_REPORT max.rpt

===========================================================================
report_checks -path_delay max (Setup)
============================================================================
======================= min_tt_025C_1v80 Corner ===================================

Startpoint: OP[1] (input port clocked by __VIRTUAL_CLK__)
Endpoint: Y[5] (output port clocked by __VIRTUAL_CLK__)
Path Group: __VIRTUAL_CLK__
Path Type: max

Fanout         Cap        Slew       Delay        Time   Description
---------------------------------------------------------------------------------------------
                      0.000000    0.000000    0.000000   clock __VIRTUAL_CLK__ (rise edge)
                                  0.000000    0.000000   clock network delay (ideal)
                                  2.000000    2.000000 ^ input external delay
     1    0.003469    0.022631    0.013280    2.013280 ^ OP[1] (in)
                                                         OP[1] (net)
                      0.022631    0.000000    2.013280 ^ input18/A (sky130_fd_sc_hd__clkdlybuf4s25_1)
     2    0.006147    0.074818    0.271696    2.284977 ^ input18/X (sky130_fd_sc_hd__clkdlybuf4s25_1)
                                                         net18 (net)
                      0.074818    0.000090    2.285067 ^ fanout33/A (sky130_fd_sc_hd__clkdlybuf4s25_1)
    10    0.031698    0.321001    0.474838    2.759905 ^ fanout33/X (sky130_fd_sc_hd__clkdlybuf4s25_1)
                                                         net33 (net)
                      0.321001    0.000333    2.760238 ^ _127_/A (sky130_fd_sc_hd__or2_2)
     8    0.037791    0.197410    0.313662    3.073900 ^ _127_/X (sky130_fd_sc_hd__or2_2)
                                                         _115_ (net)
                      0.197411    0.000985    3.074885 ^ _176_/A2_N (sky130_fd_sc_hd__a2bb2o_2)
     1    0.002335    0.041197    0.295862    3.370747 v _176_/X (sky130_fd_sc_hd__a2bb2o_2)
                                                         _035_ (net)
                      0.041197    0.000020    3.370768 v _177_/C1 (sky130_fd_sc_hd__a211o_2)
     1    0.002596    0.045502    0.268736    3.639504 v _177_/X (sky130_fd_sc_hd__a211o_2)
                                                         _036_ (net)
                      0.045502    0.000025    3.639529 v _178_/C1 (sky130_fd_sc_hd__a221o_2)
     1    0.005274    0.060085    0.319767    3.959296 v _178_/X (sky130_fd_sc_hd__a221o_2)
                                                         _037_ (net)
                      0.060085    0.000089    3.959386 v _180_/B1 (sky130_fd_sc_hd__a41o_2)
     1    0.002852    0.037060    0.237384    4.196770 v _180_/X (sky130_fd_sc_hd__a41o_2)
                                                         _039_ (net)
                      0.037060    0.000029    4.196799 v _181_/B1 (sky130_fd_sc_hd__a31o_2)
     1    0.002805    0.036595    0.214135    4.410934 v _181_/X (sky130_fd_sc_hd__a31o_2)
                                                         net26 (net)
                      0.036595    0.000020    4.410954 v output26/A (sky130_fd_sc_hd__clkdlybuf4s25_1)
     1    0.034267    0.255074    0.431684    4.842638 v output26/X (sky130_fd_sc_hd__clkdlybuf4s25_1)
                                                         Y[5] (net)
                      0.255074    0.000191    4.842830 v Y[5] (out)
                                              4.842830   data arrival time

                      0.000000   10.000000   10.000000   clock __VIRTUAL_CLK__ (rise edge)
                                  0.000000   10.000000   clock network delay (ideal)
                                 -0.250000    9.750000   clock uncertainty
                                  0.000000    9.750000   clock reconvergence pessimism
                                 -2.000000    7.750000   output external delay
                                              7.750000   data required time
---------------------------------------------------------------------------------------------
                                              7.750000   data required time
                                             -4.842830   data arrival time
---------------------------------------------------------------------------------------------
                                              2.907170   slack (MET)


Startpoint: A[1] (input port clocked by __VIRTUAL_CLK__)
Endpoint: Y[7] (output port clocked by __VIRTUAL_CLK__)
Path Group: __VIRTUAL_CLK__
Path Type: max

Fanout         Cap        Slew       Delay        Time   Description
---------------------------------------------------------------------------------------------
                      0.000000    0.000000    0.000000   clock __VIRTUAL_CLK__ (rise edge)
                                  0.000000    0.000000   clock network delay (ideal)
                                  2.000000    2.000000 ^ input external delay
     1    0.003724    0.023741    0.014223    2.014223 ^ A[1] (in)
                                                         A[1] (net)
                      0.023741    0.000000    2.014223 ^ input2/A (sky130_fd_sc_hd__clkdlybuf4s25_1)
     7    0.025900    0.264871    0.414535    2.428758 ^ input2/X (sky130_fd_sc_hd__clkdlybuf4s25_1)
                                                         net2 (net)
                      0.264871    0.000219    2.428977 ^ _218_/B (sky130_fd_sc_hd__xnor2_2)
     2    0.007757    0.158068    0.165900    2.594877 ^ _218_/Y (sky130_fd_sc_hd__xnor2_2)
                                                         _074_ (net)
                      0.158068    0.000052    2.594929 ^ max_cap30/A (sky130_fd_sc_hd__clkbuf_2)
     4    0.023421    0.132834    0.215649    2.810578 ^ max_cap30/X (sky130_fd_sc_hd__clkbuf_2)
                                                         net30 (net)
                      0.132834    0.000172    2.810750 ^ _221_/A1 (sky130_fd_sc_hd__a21o_2)
     4    0.019006    0.102975    0.203919    3.014668 ^ _221_/X (sky130_fd_sc_hd__a21o_2)
                                                         _077_ (net)
                      0.102976    0.000570    3.015238 ^ _228_/A1 (sky130_fd_sc_hd__a211o_2)
     2    0.008420    0.053921    0.160134    3.175372 ^ _228_/X (sky130_fd_sc_hd__a211o_2)
                                                         _084_ (net)
                      0.053921    0.000126    3.175498 ^ _235_/C_N (sky130_fd_sc_hd__or3b_2)
     3    0.012334    0.108829    0.514657    3.690156 v _235_/X (sky130_fd_sc_hd__or3b_2)
                                                         _091_ (net)
                      0.108829    0.000260    3.690415 v _239_/A1 (sky130_fd_sc_hd__a31o_2)
     3    0.017448    0.070287    0.276988    3.967402 v _239_/X (sky130_fd_sc_hd__a31o_2)
                                                         _095_ (net)
                      0.070291    0.000628    3.968031 v _241_/A1 (sky130_fd_sc_hd__a21o_2)
     2    0.005679    0.040915    0.211895    4.179926 v _241_/X (sky130_fd_sc_hd__a21o_2)
                                                         _097_ (net)
                      0.040915    0.000042    4.179968 v _197_/A2 (sky130_fd_sc_hd__a31o_2)
     1    0.003061    0.037167    0.233567    4.413535 v _197_/X (sky130_fd_sc_hd__a31o_2)
                                                         _054_ (net)
                      0.037167    0.000036    4.413570 v _198_/B2 (sky130_fd_sc_hd__o22a_2)
     1    0.002387    0.034081    0.175855    4.589426 v _198_/X (sky130_fd_sc_hd__o22a_2)
                                                         net28 (net)
                      0.034081    0.000022    4.589447 v output28/A (sky130_fd_sc_hd__clkbuf_2)
     1    0.034992    0.134338    0.194823    4.784270 v output28/X (sky130_fd_sc_hd__clkbuf_2)
                                                         Y[7] (net)
                      0.134339    0.000598    4.784868 v Y[7] (out)
                                              4.784868   data arrival time

                      0.000000   10.000000   10.000000   clock __VIRTUAL_CLK__ (rise edge)
                                  0.000000   10.000000   clock network delay (ideal)
                                 -0.250000    9.750000   clock uncertainty
                                  0.000000    9.750000   clock reconvergence pessimism
                                 -2.000000    7.750000   output external delay
                                              7.750000   data required time
---------------------------------------------------------------------------------------------
                                              7.750000   data required time
                                             -4.784868   data arrival time
---------------------------------------------------------------------------------------------
                                              2.965132   slack (MET)


Startpoint: A[1] (input port clocked by __VIRTUAL_CLK__)
Endpoint: CARRY (output port clocked by __VIRTUAL_CLK__)
Path Group: __VIRTUAL_CLK__
Path Type: max

Fanout         Cap        Slew       Delay        Time   Description
---------------------------------------------------------------------------------------------
                      0.000000    0.000000    0.000000   clock __VIRTUAL_CLK__ (rise edge)
                                  0.000000    0.000000   clock network delay (ideal)
                                  2.000000    2.000000 v input external delay
     1    0.003499    0.010256    0.005886    2.005886 v A[1] (in)
                                                         A[1] (net)
                      0.010256    0.000000    2.005886 v input2/A (sky130_fd_sc_hd__clkdlybuf4s25_1)
     7    0.024369    0.184979    0.365263    2.371149 v input2/X (sky130_fd_sc_hd__clkdlybuf4s25_1)
                                                         net2 (net)
                      0.184979    0.000301    2.371450 v _217_/B (sky130_fd_sc_hd__or2_2)
     2    0.006404    0.064703    0.356676    2.728126 v _217_/X (sky130_fd_sc_hd__or2_2)
                                                         _073_ (net)
                      0.064703    0.000056    2.728182 v _245_/A3 (sky130_fd_sc_hd__a31o_2)
     2    0.014601    0.064037    0.298363    3.026545 v _245_/X (sky130_fd_sc_hd__a31o_2)
                                                         _101_ (net)
                      0.064037    0.000210    3.026754 v _246_/A2 (sky130_fd_sc_hd__a21oi_2)
     2    0.015859    0.212981    0.242071    3.268826 ^ _246_/Y (sky130_fd_sc_hd__a21oi_2)
                                                         _102_ (net)
                      0.212981    0.000290    3.269115 ^ _247_/A2 (sky130_fd_sc_hd__o21ai_2)
     4    0.015294    0.095341    0.123064    3.392179 v _247_/Y (sky130_fd_sc_hd__o21ai_2)
                                                         _103_ (net)
                      0.095341    0.000212    3.392392 v _250_/A2 (sky130_fd_sc_hd__a211o_2)
     2    0.008558    0.062667    0.384025    3.776417 v _250_/X (sky130_fd_sc_hd__a211o_2)
                                                         _106_ (net)
                      0.062667    0.000108    3.776525 v _252_/A3 (sky130_fd_sc_hd__a31o_2)
     2    0.013928    0.062550    0.295743    4.072268 v _252_/X (sky130_fd_sc_hd__a31o_2)
                                                         _108_ (net)
                      0.062551    0.000324    4.072592 v _253_/A2 (sky130_fd_sc_hd__a21o_2)
     1    0.002655    0.032920    0.219162    4.291754 v _253_/X (sky130_fd_sc_hd__a21o_2)
                                                         _109_ (net)
                      0.032920    0.000028    4.291782 v _256_/B1 (sky130_fd_sc_hd__a32o_2)
     1    0.002346    0.038016    0.215694    4.507476 v _256_/X (sky130_fd_sc_hd__a32o_2)
                                                         net20 (net)
                      0.038016    0.000027    4.507503 v output20/A (sky130_fd_sc_hd__dlymetal6s2s_1)
     1    0.034619    0.173179    0.259365    4.766868 v output20/X (sky130_fd_sc_hd__dlymetal6s2s_1)
                                                         CARRY (net)
                      0.173179    0.000284    4.767152 v CARRY (out)
                                              4.767152   data arrival time

                      0.000000   10.000000   10.000000   clock __VIRTUAL_CLK__ (rise edge)
                                  0.000000   10.000000   clock network delay (ideal)
                                 -0.250000    9.750000   clock uncertainty
                                  0.000000    9.750000   clock reconvergence pessimism
                                 -2.000000    7.750000   output external delay
                                              7.750000   data required time
---------------------------------------------------------------------------------------------
                                              7.750000   data required time
                                             -4.767152   data arrival time
---------------------------------------------------------------------------------------------
                                              2.982848   slack (MET)


Startpoint: A[1] (input port clocked by __VIRTUAL_CLK__)
Endpoint: Y[6] (output port clocked by __VIRTUAL_CLK__)
Path Group: __VIRTUAL_CLK__
Path Type: max

Fanout         Cap        Slew       Delay        Time   Description
---------------------------------------------------------------------------------------------
                      0.000000    0.000000    0.000000   clock __VIRTUAL_CLK__ (rise edge)
                                  0.000000    0.000000   clock network delay (ideal)
                                  2.000000    2.000000 ^ input external delay
     1    0.003724    0.023741    0.014223    2.014223 ^ A[1] (in)
                                                         A[1] (net)
                      0.023741    0.000000    2.014223 ^ input2/A (sky130_fd_sc_hd__clkdlybuf4s25_1)
     7    0.025900    0.264871    0.414535    2.428758 ^ input2/X (sky130_fd_sc_hd__clkdlybuf4s25_1)
                                                         net2 (net)
                      0.264871    0.000219    2.428977 ^ _218_/B (sky130_fd_sc_hd__xnor2_2)
     2    0.007757    0.158068    0.165900    2.594877 ^ _218_/Y (sky130_fd_sc_hd__xnor2_2)
                                                         _074_ (net)
                      0.158068    0.000052    2.594929 ^ max_cap30/A (sky130_fd_sc_hd__clkbuf_2)
     4    0.023421    0.132834    0.215649    2.810578 ^ max_cap30/X (sky130_fd_sc_hd__clkbuf_2)
                                                         net30 (net)
                      0.132834    0.000172    2.810750 ^ _221_/A1 (sky130_fd_sc_hd__a21o_2)
     4    0.019006    0.102975    0.203919    3.014668 ^ _221_/X (sky130_fd_sc_hd__a21o_2)
                                                         _077_ (net)
                      0.102976    0.000570    3.015238 ^ _228_/A1 (sky130_fd_sc_hd__a211o_2)
     2    0.008420    0.053921    0.160134    3.175372 ^ _228_/X (sky130_fd_sc_hd__a211o_2)
                                                         _084_ (net)
                      0.053921    0.000126    3.175498 ^ _235_/C_N (sky130_fd_sc_hd__or3b_2)
     3    0.012334    0.108829    0.514657    3.690156 v _235_/X (sky130_fd_sc_hd__or3b_2)
                                                         _091_ (net)
                      0.108829    0.000260    3.690415 v _239_/A1 (sky130_fd_sc_hd__a31o_2)
     3    0.017448    0.070287    0.276988    3.967402 v _239_/X (sky130_fd_sc_hd__a31o_2)
                                                         _095_ (net)
                      0.070287    0.000204    3.967606 v _183_/B (sky130_fd_sc_hd__nand2_2)
     1    0.005207    0.048798    0.080299    4.047905 ^ _183_/Y (sky130_fd_sc_hd__nand2_2)
                                                         _041_ (net)
                      0.048798    0.000050    4.047956 ^ _184_/B1 (sky130_fd_sc_hd__a41oi_2)
     1    0.002992    0.099388    0.033429    4.081385 v _184_/Y (sky130_fd_sc_hd__a41oi_2)
                                                         _042_ (net)
                      0.099388    0.000022    4.081407 v _190_/B1 (sky130_fd_sc_hd__o22a_2)
     1    0.002922    0.035593    0.223970    4.305377 v _190_/X (sky130_fd_sc_hd__o22a_2)
                                                         net27 (net)
                      0.035593    0.000036    4.305412 v output27/A (sky130_fd_sc_hd__clkdlybuf4s25_1)
     1    0.034682    0.258120    0.433282    4.738695 v output27/X (sky130_fd_sc_hd__clkdlybuf4s25_1)
                                                         Y[6] (net)
                      0.258120    0.000512    4.739206 v Y[6] (out)
                                              4.739206   data arrival time

                      0.000000   10.000000   10.000000   clock __VIRTUAL_CLK__ (rise edge)
                                  0.000000   10.000000   clock network delay (ideal)
                                 -0.250000    9.750000   clock uncertainty
                                  0.000000    9.750000   clock reconvergence pessimism
                                 -2.000000    7.750000   output external delay
                                              7.750000   data required time
---------------------------------------------------------------------------------------------
                                              7.750000   data required time
                                             -4.739206   data arrival time
---------------------------------------------------------------------------------------------
                                              3.010793   slack (MET)


Startpoint: OP[0] (input port clocked by __VIRTUAL_CLK__)
Endpoint: Y[3] (output port clocked by __VIRTUAL_CLK__)
Path Group: __VIRTUAL_CLK__
Path Type: max

Fanout         Cap        Slew       Delay        Time   Description
---------------------------------------------------------------------------------------------
                      0.000000    0.000000    0.000000   clock __VIRTUAL_CLK__ (rise edge)
                                  0.000000    0.000000   clock network delay (ideal)
                                  2.000000    2.000000 v input external delay
     1    0.003651    0.010606    0.006149    2.006149 v OP[0] (in)
                                                         OP[0] (net)
                      0.010606    0.000000    2.006149 v input17/A (sky130_fd_sc_hd__clkdlybuf4s25_1)
     2    0.005614    0.058009    0.256910    2.263059 v input17/X (sky130_fd_sc_hd__clkdlybuf4s25_1)
                                                         net17 (net)
                      0.058009    0.000088    2.263147 v fanout34/A (sky130_fd_sc_hd__clkdlybuf4s25_1)
    10    0.028906    0.217088    0.411655    2.674801 v fanout34/X (sky130_fd_sc_hd__clkdlybuf4s25_1)
                                                         net34 (net)
                      0.217088    0.000325    2.675127 v _130_/C (sky130_fd_sc_hd__and3_2)
     7    0.025691    0.088182    0.363869    3.038995 v _130_/X (sky130_fd_sc_hd__and3_2)
                                                         _118_ (net)
                      0.088182    0.000230    3.039226 v _160_/B1 (sky130_fd_sc_hd__a32o_2)
     1    0.001635    0.036485    0.233671    3.272897 v _160_/X (sky130_fd_sc_hd__a32o_2)
                                                         _021_ (net)
                      0.036485    0.000014    3.272910 v _161_/B (sky130_fd_sc_hd__or3b_2)
     1    0.006234    0.088215    0.474385    3.747295 v _161_/X (sky130_fd_sc_hd__or3b_2)
                                                         _022_ (net)
                      0.088215    0.000139    3.747434 v _162_/B1 (sky130_fd_sc_hd__a31o_2)
     1    0.002302    0.035154    0.231246    3.978679 v _162_/X (sky130_fd_sc_hd__a31o_2)
                                                         _023_ (net)
                      0.035154    0.000014    3.978693 v _163_/B2 (sky130_fd_sc_hd__o2bb2a_2)
     1    0.002879    0.043531    0.247589    4.226282 v _163_/X (sky130_fd_sc_hd__o2bb2a_2)
                                                         net24 (net)
                      0.043531    0.000021    4.226303 v output24/A (sky130_fd_sc_hd__clkdlybuf4s25_1)
     1    0.034314    0.255505    0.435076    4.661379 v output24/X (sky130_fd_sc_hd__clkdlybuf4s25_1)
                                                         Y[3] (net)
                      0.255505    0.000192    4.661572 v Y[3] (out)
                                              4.661572   data arrival time

                      0.000000   10.000000   10.000000   clock __VIRTUAL_CLK__ (rise edge)
                                  0.000000   10.000000   clock network delay (ideal)
                                 -0.250000    9.750000   clock uncertainty
                                  0.000000    9.750000   clock reconvergence pessimism
                                 -2.000000    7.750000   output external delay
                                              7.750000   data required time
---------------------------------------------------------------------------------------------
                                              7.750000   data required time
                                             -4.661572   data arrival time
---------------------------------------------------------------------------------------------
                                              3.088428   slack (MET)


Startpoint: A[1] (input port clocked by __VIRTUAL_CLK__)
Endpoint: Y[4] (output port clocked by __VIRTUAL_CLK__)
Path Group: __VIRTUAL_CLK__
Path Type: max

Fanout         Cap        Slew       Delay        Time   Description
---------------------------------------------------------------------------------------------
                      0.000000    0.000000    0.000000   clock __VIRTUAL_CLK__ (rise edge)
                                  0.000000    0.000000   clock network delay (ideal)
                                  2.000000    2.000000 v input external delay
     1    0.003499    0.010256    0.005886    2.005886 v A[1] (in)
                                                         A[1] (net)
                      0.010256    0.000000    2.005886 v input2/A (sky130_fd_sc_hd__clkdlybuf4s25_1)
     7    0.024369    0.184979    0.365263    2.371149 v input2/X (sky130_fd_sc_hd__clkdlybuf4s25_1)
                                                         net2 (net)
                      0.184979    0.000207    2.371356 v _218_/B (sky130_fd_sc_hd__xnor2_2)
     2    0.007106    0.065425    0.200238    2.571594 v _218_/Y (sky130_fd_sc_hd__xnor2_2)
                                                         _074_ (net)
                      0.065425    0.000048    2.571641 v max_cap30/A (sky130_fd_sc_hd__clkbuf_2)
     4    0.021657    0.087677    0.171037    2.742678 v max_cap30/X (sky130_fd_sc_hd__clkbuf_2)
                                                         net30 (net)
                      0.087677    0.000159    2.742836 v _221_/A1 (sky130_fd_sc_hd__a21o_2)
     4    0.018158    0.068868    0.255097    2.997933 v _221_/X (sky130_fd_sc_hd__a21o_2)
                                                         _077_ (net)
                      0.068871    0.000542    2.998476 v _228_/A1 (sky130_fd_sc_hd__a211o_2)
     2    0.007888    0.060785    0.332362    3.330838 v _228_/X (sky130_fd_sc_hd__a211o_2)
                                                         _084_ (net)
                      0.060785    0.000127    3.330965 v _229_/B (sky130_fd_sc_hd__nand2_2)
     2    0.010359    0.070923    0.095078    3.426042 ^ _229_/Y (sky130_fd_sc_hd__nand2_2)
                                                         _085_ (net)
                      0.070923    0.000101    3.426143 ^ _164_/A (sky130_fd_sc_hd__nand2_2)
     1    0.001916    0.055958    0.041030    3.467173 v _164_/Y (sky130_fd_sc_hd__nand2_2)
                                                         _024_ (net)
                      0.055958    0.000018    3.467191 v _165_/B (sky130_fd_sc_hd__and3b_2)
     1    0.005205    0.043947    0.212119    3.679310 v _165_/X (sky130_fd_sc_hd__and3b_2)
                                                         _025_ (net)
                      0.043947    0.000086    3.679396 v _172_/A1 (sky130_fd_sc_hd__o41a_2)
     1    0.004551    0.068118    0.507254    4.186650 v _172_/X (sky130_fd_sc_hd__o41a_2)
                                                         net25 (net)
                      0.068118    0.000062    4.186712 v output25/A (sky130_fd_sc_hd__clkdlybuf4s25_1)
     1    0.034234    0.254846    0.445827    4.632538 v output25/X (sky130_fd_sc_hd__clkdlybuf4s25_1)
                                                         Y[4] (net)
                      0.254846    0.000191    4.632730 v Y[4] (out)
                                              4.632730   data arrival time

                      0.000000   10.000000   10.000000   clock __VIRTUAL_CLK__ (rise edge)
                                  0.000000   10.000000   clock network delay (ideal)
                                 -0.250000    9.750000   clock uncertainty
                                  0.000000    9.750000   clock reconvergence pessimism
                                 -2.000000    7.750000   output external delay
                                              7.750000   data required time
---------------------------------------------------------------------------------------------
                                              7.750000   data required time
                                             -4.632730   data arrival time
---------------------------------------------------------------------------------------------
                                              3.117270   slack (MET)


Startpoint: OP[1] (input port clocked by __VIRTUAL_CLK__)
Endpoint: Y[1] (output port clocked by __VIRTUAL_CLK__)
Path Group: __VIRTUAL_CLK__
Path Type: max

Fanout         Cap        Slew       Delay        Time   Description
---------------------------------------------------------------------------------------------
                      0.000000    0.000000    0.000000   clock __VIRTUAL_CLK__ (rise edge)
                                  0.000000    0.000000   clock network delay (ideal)
                                  2.000000    2.000000 ^ input external delay
     1    0.003469    0.022631    0.013280    2.013280 ^ OP[1] (in)
                                                         OP[1] (net)
                      0.022631    0.000000    2.013280 ^ input18/A (sky130_fd_sc_hd__clkdlybuf4s25_1)
     2    0.006147    0.074818    0.271696    2.284977 ^ input18/X (sky130_fd_sc_hd__clkdlybuf4s25_1)
                                                         net18 (net)
                      0.074818    0.000090    2.285067 ^ fanout33/A (sky130_fd_sc_hd__clkdlybuf4s25_1)
    10    0.031698    0.321001    0.474838    2.759905 ^ fanout33/X (sky130_fd_sc_hd__clkdlybuf4s25_1)
                                                         net33 (net)
                      0.321001    0.000333    2.760238 ^ _127_/A (sky130_fd_sc_hd__or2_2)
     8    0.037791    0.197410    0.313662    3.073900 ^ _127_/X (sky130_fd_sc_hd__or2_2)
                                                         _115_ (net)
                      0.197411    0.000971    3.074872 ^ _141_/A2_N (sky130_fd_sc_hd__a2bb2o_2)
     1    0.002647    0.042169    0.297722    3.372594 v _141_/X (sky130_fd_sc_hd__a2bb2o_2)
                                                         _004_ (net)
                      0.042169    0.000025    3.372618 v _142_/C1 (sky130_fd_sc_hd__a2111o_2)
     1    0.002495    0.059844    0.405511    3.778129 v _142_/X (sky130_fd_sc_hd__a2111o_2)
                                                         _005_ (net)
                      0.059844    0.000012    3.778141 v _144_/A2 (sky130_fd_sc_hd__o22a_2)
     1    0.002657    0.034835    0.227514    4.005655 v _144_/X (sky130_fd_sc_hd__o22a_2)
                                                         net22 (net)
                      0.034835    0.000018    4.005673 v output22/A (sky130_fd_sc_hd__clkdlybuf4s25_1)
     1    0.034144    0.254218    0.430109    4.435781 v output22/X (sky130_fd_sc_hd__clkdlybuf4s25_1)
                                                         Y[1] (net)
                      0.254218    0.000321    4.436103 v Y[1] (out)
                                              4.436103   data arrival time

                      0.000000   10.000000   10.000000   clock __VIRTUAL_CLK__ (rise edge)
                                  0.000000   10.000000   clock network delay (ideal)
                                 -0.250000    9.750000   clock uncertainty
                                  0.000000    9.750000   clock reconvergence pessimism
                                 -2.000000    7.750000   output external delay
                                              7.750000   data required time
---------------------------------------------------------------------------------------------
                                              7.750000   data required time
                                             -4.436103   data arrival time
---------------------------------------------------------------------------------------------
                                              3.313897   slack (MET)


Startpoint: OP[1] (input port clocked by __VIRTUAL_CLK__)
Endpoint: Y[2] (output port clocked by __VIRTUAL_CLK__)
Path Group: __VIRTUAL_CLK__
Path Type: max

Fanout         Cap        Slew       Delay        Time   Description
---------------------------------------------------------------------------------------------
                      0.000000    0.000000    0.000000   clock __VIRTUAL_CLK__ (rise edge)
                                  0.000000    0.000000   clock network delay (ideal)
                                  2.000000    2.000000 ^ input external delay
     1    0.003469    0.022631    0.013280    2.013280 ^ OP[1] (in)
                                                         OP[1] (net)
                      0.022631    0.000000    2.013280 ^ input18/A (sky130_fd_sc_hd__clkdlybuf4s25_1)
     2    0.006147    0.074818    0.271696    2.284977 ^ input18/X (sky130_fd_sc_hd__clkdlybuf4s25_1)
                                                         net18 (net)
                      0.074818    0.000090    2.285067 ^ fanout33/A (sky130_fd_sc_hd__clkdlybuf4s25_1)
    10    0.031698    0.321001    0.474838    2.759905 ^ fanout33/X (sky130_fd_sc_hd__clkdlybuf4s25_1)
                                                         net33 (net)
                      0.321001    0.000409    2.760314 ^ _137_/A (sky130_fd_sc_hd__or3b_2)
     4    0.025598    0.152662    0.286956    3.047270 ^ _137_/X (sky130_fd_sc_hd__or3b_2)
                                                         _000_ (net)
                      0.152662    0.000598    3.047868 ^ _148_/B (sky130_fd_sc_hd__nor2_2)
     1    0.002548    0.040403    0.043651    3.091520 v _148_/Y (sky130_fd_sc_hd__nor2_2)
                                                         _010_ (net)
                      0.040403    0.000025    3.091545 v _150_/C1 (sky130_fd_sc_hd__a221o_2)
     1    0.003482    0.054469    0.308146    3.399691 v _150_/X (sky130_fd_sc_hd__a221o_2)
                                                         _012_ (net)
                      0.054469    0.000042    3.399733 v _151_/B1 (sky130_fd_sc_hd__a211o_2)
     1    0.002714    0.045958    0.313820    3.713553 v _151_/X (sky130_fd_sc_hd__a211o_2)
                                                         _013_ (net)
                      0.045958    0.000017    3.713570 v _152_/B2 (sky130_fd_sc_hd__o22a_2)
     1    0.002879    0.035502    0.181818    3.895388 v _152_/X (sky130_fd_sc_hd__o22a_2)
                                                         net23 (net)
                      0.035502    0.000032    3.895420 v output23/A (sky130_fd_sc_hd__clkdlybuf4s25_1)
     1    0.034491    0.256737    0.432232    4.327652 v output23/X (sky130_fd_sc_hd__clkdlybuf4s25_1)
                                                         Y[2] (net)
                      0.256737    0.000447    4.328099 v Y[2] (out)
                                              4.328099   data arrival time

                      0.000000   10.000000   10.000000   clock __VIRTUAL_CLK__ (rise edge)
                                  0.000000   10.000000   clock network delay (ideal)
                                 -0.250000    9.750000   clock uncertainty
                                  0.000000    9.750000   clock reconvergence pessimism
                                 -2.000000    7.750000   output external delay
                                              7.750000   data required time
---------------------------------------------------------------------------------------------
                                              7.750000   data required time
                                             -4.328099   data arrival time
---------------------------------------------------------------------------------------------
                                              3.421901   slack (MET)


Startpoint: OP[1] (input port clocked by __VIRTUAL_CLK__)
Endpoint: Y[0] (output port clocked by __VIRTUAL_CLK__)
Path Group: __VIRTUAL_CLK__
Path Type: max

Fanout         Cap        Slew       Delay        Time   Description
---------------------------------------------------------------------------------------------
                      0.000000    0.000000    0.000000   clock __VIRTUAL_CLK__ (rise edge)
                                  0.000000    0.000000   clock network delay (ideal)
                                  2.000000    2.000000 ^ input external delay
     1    0.003469    0.022631    0.013280    2.013280 ^ OP[1] (in)
                                                         OP[1] (net)
                      0.022631    0.000000    2.013280 ^ input18/A (sky130_fd_sc_hd__clkdlybuf4s25_1)
     2    0.006147    0.074818    0.271696    2.284977 ^ input18/X (sky130_fd_sc_hd__clkdlybuf4s25_1)
                                                         net18 (net)
                      0.074818    0.000090    2.285067 ^ fanout33/A (sky130_fd_sc_hd__clkdlybuf4s25_1)
    10    0.031698    0.321001    0.474838    2.759905 ^ fanout33/X (sky130_fd_sc_hd__clkdlybuf4s25_1)
                                                         net33 (net)
                      0.321001    0.000695    2.760601 ^ _125_/S (sky130_fd_sc_hd__mux2_1)
     1    0.002603    0.054123    0.371425    3.132026 v _125_/X (sky130_fd_sc_hd__mux2_1)
                                                         _113_ (net)
                      0.054123    0.000024    3.132050 v _126_/C1 (sky130_fd_sc_hd__o211a_2)
     1    0.001927    0.037839    0.117206    3.249256 v _126_/X (sky130_fd_sc_hd__o211a_2)
                                                         _114_ (net)
                      0.037839    0.000019    3.249275 v _132_/A (sky130_fd_sc_hd__or3_2)
     1    0.003051    0.075997    0.486981    3.736256 v _132_/X (sky130_fd_sc_hd__or3_2)
                                                         net21 (net)
                      0.075997    0.000039    3.736295 v output21/A (sky130_fd_sc_hd__clkdlybuf4s25_1)
     1    0.034405    0.255957    0.450358    4.186653 v output21/X (sky130_fd_sc_hd__clkdlybuf4s25_1)
                                                         Y[0] (net)
                      0.255957    0.000219    4.186872 v Y[0] (out)
                                              4.186872   data arrival time

                      0.000000   10.000000   10.000000   clock __VIRTUAL_CLK__ (rise edge)
                                  0.000000   10.000000   clock network delay (ideal)
                                 -0.250000    9.750000   clock uncertainty
                                  0.000000    9.750000   clock reconvergence pessimism
                                 -2.000000    7.750000   output external delay
                                              7.750000   data required time
---------------------------------------------------------------------------------------------
                                              7.750000   data required time
                                             -4.186872   data arrival time
---------------------------------------------------------------------------------------------
                                              3.563128   slack (MET)



%OL_END_REPORT
%OL_CREATE_REPORT checks.rpt

===========================================================================
report_checks -unconstrained
===========================================================================
======================= min_tt_025C_1v80 Corner ===================================

Startpoint: OP[1] (input port clocked by __VIRTUAL_CLK__)
Endpoint: Y[5] (output port clocked by __VIRTUAL_CLK__)
Path Group: __VIRTUAL_CLK__
Path Type: max

Fanout         Cap        Slew       Delay        Time   Description
---------------------------------------------------------------------------------------------
                      0.000000    0.000000    0.000000   clock __VIRTUAL_CLK__ (rise edge)
                                  0.000000    0.000000   clock network delay (ideal)
                                  2.000000    2.000000 ^ input external delay
     1    0.003469    0.022631    0.013280    2.013280 ^ OP[1] (in)
                                                         OP[1] (net)
                      0.022631    0.000000    2.013280 ^ input18/A (sky130_fd_sc_hd__clkdlybuf4s25_1)
     2    0.006147    0.074818    0.271696    2.284977 ^ input18/X (sky130_fd_sc_hd__clkdlybuf4s25_1)
                                                         net18 (net)
                      0.074818    0.000090    2.285067 ^ fanout33/A (sky130_fd_sc_hd__clkdlybuf4s25_1)
    10    0.031698    0.321001    0.474838    2.759905 ^ fanout33/X (sky130_fd_sc_hd__clkdlybuf4s25_1)
                                                         net33 (net)
                      0.321001    0.000333    2.760238 ^ _127_/A (sky130_fd_sc_hd__or2_2)
     8    0.037791    0.197410    0.313662    3.073900 ^ _127_/X (sky130_fd_sc_hd__or2_2)
                                                         _115_ (net)
                      0.197411    0.000985    3.074885 ^ _176_/A2_N (sky130_fd_sc_hd__a2bb2o_2)
     1    0.002335    0.041197    0.295862    3.370747 v _176_/X (sky130_fd_sc_hd__a2bb2o_2)
                                                         _035_ (net)
                      0.041197    0.000020    3.370768 v _177_/C1 (sky130_fd_sc_hd__a211o_2)
     1    0.002596    0.045502    0.268736    3.639504 v _177_/X (sky130_fd_sc_hd__a211o_2)
                                                         _036_ (net)
                      0.045502    0.000025    3.639529 v _178_/C1 (sky130_fd_sc_hd__a221o_2)
     1    0.005274    0.060085    0.319767    3.959296 v _178_/X (sky130_fd_sc_hd__a221o_2)
                                                         _037_ (net)
                      0.060085    0.000089    3.959386 v _180_/B1 (sky130_fd_sc_hd__a41o_2)
     1    0.002852    0.037060    0.237384    4.196770 v _180_/X (sky130_fd_sc_hd__a41o_2)
                                                         _039_ (net)
                      0.037060    0.000029    4.196799 v _181_/B1 (sky130_fd_sc_hd__a31o_2)
     1    0.002805    0.036595    0.214135    4.410934 v _181_/X (sky130_fd_sc_hd__a31o_2)
                                                         net26 (net)
                      0.036595    0.000020    4.410954 v output26/A (sky130_fd_sc_hd__clkdlybuf4s25_1)
     1    0.034267    0.255074    0.431684    4.842638 v output26/X (sky130_fd_sc_hd__clkdlybuf4s25_1)
                                                         Y[5] (net)
                      0.255074    0.000191    4.842830 v Y[5] (out)
                                              4.842830   data arrival time

                      0.000000   10.000000   10.000000   clock __VIRTUAL_CLK__ (rise edge)
                                  0.000000   10.000000   clock network delay (ideal)
                                 -0.250000    9.750000   clock uncertainty
                                  0.000000    9.750000   clock reconvergence pessimism
                                 -2.000000    7.750000   output external delay
                                              7.750000   data required time
---------------------------------------------------------------------------------------------
                                              7.750000   data required time
                                             -4.842830   data arrival time
---------------------------------------------------------------------------------------------
                                              2.907170   slack (MET)




===========================================================================
report_checks --slack_max -0.01
============================================================================
======================= min_tt_025C_1v80 Corner ===================================

No paths found.


===========================================================================
 report_check_types -max_slew -max_cap -max_fanout -violators
============================================================================
======================= min_tt_025C_1v80 Corner ===================================



===========================================================================
report_parasitic_annotation -report_unannotated
============================================================================
Found 0 unannotated drivers.
Found 0 partially unannotated drivers.

===========================================================================
max slew violation count 0
%OL_METRIC_I design__max_slew_violation__count__corner:min_tt_025C_1v80 0
max fanout violation count 0
%OL_METRIC_I design__max_fanout_violation__count__corner:min_tt_025C_1v80 0
max cap violation count 0
%OL_METRIC_I design__max_cap_violation__count__corner:min_tt_025C_1v80 0
============================================================================

===========================================================================
check_setup -verbose -unconstrained_endpoints -multiple_clock -no_clock -no_input_delay -loops -generated_clocks
===========================================================================
%OL_END_REPORT
%OL_CREATE_REPORT power.rpt

===========================================================================
 report_power
============================================================================
======================= min_tt_025C_1v80 Corner ===================================

Group                    Internal    Switching      Leakage        Total
                            Power        Power        Power        Power (Watts)
------------------------------------------------------------------------
Sequential           0.000000e+00 0.000000e+00 0.000000e+00 0.000000e+00   0.0%
Combinational        4.234572e-05 4.392779e-05 6.542808e-10 8.627417e-05 100.0%
Clock                0.000000e+00 0.000000e+00 9.331288e-10 9.331288e-10   0.0%
Macro                0.000000e+00 0.000000e+00 0.000000e+00 0.000000e+00   0.0%
Pad                  0.000000e+00 0.000000e+00 0.000000e+00 0.000000e+00   0.0%
------------------------------------------------------------------------
Total                4.234572e-05 4.392779e-05 1.587409e-09 8.627510e-05 100.0%
                            49.1%        50.9%         0.0%
%OL_METRIC_F power__internal__total 4.234572043060325e-5
%OL_METRIC_F power__switching__total 4.3927793740294874e-5
%OL_METRIC_F power__leakage__total 1.5874088710177148e-9
%OL_METRIC_F power__total 8.627510396763682e-5

%OL_END_REPORT
%OL_CREATE_REPORT skew.min.rpt

===========================================================================
Clock Skew (Hold)
============================================================================
%OL_METRIC_F clock__skew__worst_hold__corner:min_tt_025C_1v80 0.0
======================= min_tt_025C_1v80 Corner ===================================

Clock __VIRTUAL_CLK__
No launch/capture paths found.

%OL_END_REPORT
%OL_CREATE_REPORT skew.max.rpt

===========================================================================
Clock Skew (Setup)
============================================================================
%OL_METRIC_F clock__skew__worst_setup__corner:min_tt_025C_1v80 0.0
======================= min_tt_025C_1v80 Corner ===================================

Clock __VIRTUAL_CLK__
No launch/capture paths found.

%OL_END_REPORT
%OL_CREATE_REPORT ws.min.rpt

===========================================================================
Worst Slack (Hold)
============================================================================
%OL_METRIC_F timing__hold__ws__corner:min_tt_025C_1v80 4.537411463874618
min_tt_025C_1v80: 4.537411463874618
%OL_END_REPORT
%OL_CREATE_REPORT ws.max.rpt

===========================================================================
Worst Slack (Setup)
============================================================================
%OL_METRIC_F timing__setup__ws__corner:min_tt_025C_1v80 2.907170142460492
min_tt_025C_1v80: 2.907170142460492
%OL_END_REPORT
%OL_CREATE_REPORT tns.min.rpt

===========================================================================
Total Negative Slack (Hold)
============================================================================
%OL_METRIC_F timing__hold__tns__corner:min_tt_025C_1v80 0.0
min_tt_025C_1v80: 0.0
%OL_END_REPORT
%OL_CREATE_REPORT tns.max.rpt

===========================================================================
Total Negative Slack (Setup)
============================================================================
%OL_METRIC_F timing__setup__tns__corner:min_tt_025C_1v80 0.0
min_tt_025C_1v80: 0.0
%OL_END_REPORT
%OL_CREATE_REPORT wns.min.rpt

===========================================================================
Worst Negative Slack (Hold)
============================================================================
%OL_METRIC_F timing__hold__wns__corner:min_tt_025C_1v80 0
min_tt_025C_1v80: 0
%OL_END_REPORT
%OL_CREATE_REPORT wns.max.rpt

===========================================================================
Worst Negative Slack (Setup)
============================================================================
%OL_METRIC_F timing__setup__wns__corner:min_tt_025C_1v80 0.0
min_tt_025C_1v80: 0.0
%OL_END_REPORT
%OL_CREATE_REPORT violator_list.rpt

===========================================================================
Violator List
============================================================================
%OL_METRIC_I timing__hold_vio__count__corner:min_tt_025C_1v80 0
%OL_METRIC_F timing__hold_r2r__ws__corner:min_tt_025C_1v80 inf
%OL_METRIC_I timing__hold_r2r_vio__count__corner:min_tt_025C_1v80 0
%OL_METRIC_I timing__setup_vio__count__corner:min_tt_025C_1v80 0
%OL_METRIC_F timing__setup_r2r__ws__corner:min_tt_025C_1v80 inf
%OL_METRIC_I timing__setup_r2r_vio__count__corner:min_tt_025C_1v80 0
%OL_END_REPORT
%OL_CREATE_REPORT unpropagated.rpt
__VIRTUAL_CLK__
%OL_END_REPORT
%OL_CREATE_REPORT clock.rpt
Clock: __VIRTUAL_CLK__
Sources: 
Generated: no
Virtual: yes
Propagated: no
Period: 10.000000

===========================================================================
report_clock_properties
============================================================================
Clock                   Period          Waveform
----------------------------------------------------
__VIRTUAL_CLK__      10.000000    0.000000  5.000000

===========================================================================
report_clock_latency
============================================================================
Clock __VIRTUAL_CLK__


===========================================================================
report_clock_min_period
============================================================================
__VIRTUAL_CLK__ period_min = 0.00 fmax = inf
%OL_END_REPORT
Writing SDF files for all corners…
Removing Clock latencies before writing libs…
Writing timing models for all corners…
Writing timing models for the min_tt_025C_1v80 corner to /home/gp7871/VLSI_Freelancing/projects/alu8_rtl_to_gds/runs/RUN_2026-09-16_17-08-36/55-openroad-stapostpnr/min_tt_025C_1v80/alu8__min_tt_025C_1v80.lib…
