
===========================================================================
report_checks -unconstrained
===========================================================================
======================= max_ff_n40C_1v95 Corner ===================================

Startpoint: A[1] (input port clocked by __VIRTUAL_CLK__)
Endpoint: Y[7] (output port clocked by __VIRTUAL_CLK__)
Path Group: __VIRTUAL_CLK__
Path Type: max

Fanout         Cap        Slew       Delay        Time   Description
---------------------------------------------------------------------------------------------
                      0.000000    0.000000    0.000000   clock __VIRTUAL_CLK__ (rise edge)
                                  0.000000    0.000000   clock network delay (ideal)
                                  2.000000    2.000000 v input external delay
     1    0.003731    0.006081    0.003309    2.003309 v A[1] (in)
                                                         A[1] (net)
                      0.006090    0.000000    2.003309 v input2/A (sky130_fd_sc_hd__clkdlybuf4s25_1)
     7    0.026025    0.136374    0.247650    2.250959 v input2/X (sky130_fd_sc_hd__clkdlybuf4s25_1)
                                                         net2 (net)
                      0.136394    0.001704    2.252663 v _218_/B (sky130_fd_sc_hd__xnor2_2)
     2    0.008027    0.120656    0.153882    2.406545 ^ _218_/Y (sky130_fd_sc_hd__xnor2_2)
                                                         _074_ (net)
                      0.120656    0.000429    2.406974 ^ max_cap30/A (sky130_fd_sc_hd__clkbuf_2)
     4    0.023865    0.103275    0.145307    2.552281 ^ max_cap30/X (sky130_fd_sc_hd__clkbuf_2)
                                                         net30 (net)
                      0.103328    0.001090    2.553371 ^ _221_/A1 (sky130_fd_sc_hd__a21o_2)
     4    0.020450    0.082300    0.132738    2.686109 ^ _221_/X (sky130_fd_sc_hd__a21o_2)
                                                         _077_ (net)
                      0.082360    0.001353    2.687463 ^ _228_/A1 (sky130_fd_sc_hd__a211o_2)
     2    0.009046    0.040964    0.100470    2.787933 ^ _228_/X (sky130_fd_sc_hd__a211o_2)
                                                         _084_ (net)
                      0.040971    0.000570    2.788503 ^ _235_/C_N (sky130_fd_sc_hd__or3b_2)
     3    0.013344    0.075585    0.296831    3.085334 v _235_/X (sky130_fd_sc_hd__or3b_2)
                                                         _091_ (net)
                      0.075585    0.001001    3.086335 v _239_/A1 (sky130_fd_sc_hd__a31o_2)
     3    0.018729    0.054262    0.178273    3.264608 v _239_/X (sky130_fd_sc_hd__a31o_2)
                                                         _095_ (net)
                      0.054425    0.002671    3.267278 v _241_/A1 (sky130_fd_sc_hd__a21o_2)
     2    0.005941    0.030668    0.136399    3.403677 v _241_/X (sky130_fd_sc_hd__a21o_2)
                                                         _097_ (net)
                      0.030668    0.000295    3.403972 v _197_/A2 (sky130_fd_sc_hd__a31o_2)
     1    0.003273    0.028556    0.148845    3.552817 v _197_/X (sky130_fd_sc_hd__a31o_2)
                                                         _054_ (net)
                      0.028556    0.000255    3.553072 v _198_/B2 (sky130_fd_sc_hd__o22a_2)
     1    0.002497    0.024830    0.105187    3.658259 v _198_/X (sky130_fd_sc_hd__o22a_2)
                                                         net28 (net)
                      0.024830    0.000191    3.658450 v output28/A (sky130_fd_sc_hd__clkbuf_2)
     1    0.035184    0.094164    0.131625    3.790076 v output28/X (sky130_fd_sc_hd__clkbuf_2)
                                                         Y[7] (net)
                      0.094211    0.002039    3.792114 v Y[7] (out)
                                              3.792114   data arrival time

                      0.000000   10.000000   10.000000   clock __VIRTUAL_CLK__ (rise edge)
                                  0.000000   10.000000   clock network delay (ideal)
                                 -0.250000    9.750000   clock uncertainty
                                  0.000000    9.750000   clock reconvergence pessimism
                                 -2.000000    7.750000   output external delay
                                              7.750000   data required time
---------------------------------------------------------------------------------------------
                                              7.750000   data required time
                                             -3.792114   data arrival time
---------------------------------------------------------------------------------------------
                                              3.957886   slack (MET)




===========================================================================
report_checks --slack_max -0.01
============================================================================
======================= max_ff_n40C_1v95 Corner ===================================

No paths found.


===========================================================================
 report_check_types -max_slew -max_cap -max_fanout -violators
============================================================================
======================= max_ff_n40C_1v95 Corner ===================================



===========================================================================
report_parasitic_annotation -report_unannotated
============================================================================
Found 0 unannotated drivers.
Found 0 partially unannotated drivers.

===========================================================================
max slew violation count 0
max fanout violation count 0
max cap violation count 0
============================================================================

===========================================================================
check_setup -verbose -unconstrained_endpoints -multiple_clock -no_clock -no_input_delay -loops -generated_clocks
===========================================================================
