Clock: clk
Sources: clk 
Generated: no
Virtual: yes
Propagated: no
Period: 20.000000

===========================================================================
report_clock_properties
============================================================================
Clock                   Period          Waveform
----------------------------------------------------
clk                  20.000000    0.000000 10.000000

===========================================================================
report_clock_latency
============================================================================
Clock clk
rise -> rise
    min     max
0.000000 0.000000 source latency
0.461645         network latency _232_/CLK
        0.466144 network latency _237_/CLK
---------------
0.461645 0.466144 latency
        0.004499 skew

fall -> fall
    min     max
0.000000 0.000000 source latency
0.509812         network latency _232_/CLK
        0.513454 network latency _237_/CLK
---------------
0.509812 0.513454 latency
        0.003642 skew



===========================================================================
report_clock_min_period
============================================================================
clk period_min = 6.58 fmax = 151.88
