
===========================================================================
report_checks -unconstrained
===========================================================================
======================= nom_ss_100C_1v60 Corner ===================================

Startpoint: A[5] (input port clocked by __VIRTUAL_CLK__)
Endpoint: Y[7] (output port clocked by __VIRTUAL_CLK__)
Path Group: __VIRTUAL_CLK__
Path Type: max

Fanout         Cap        Slew       Delay        Time   Description
---------------------------------------------------------------------------------------------
                      0.000000    0.000000    0.000000   clock __VIRTUAL_CLK__ (rise edge)
                                  0.000000    0.000000   clock network delay (ideal)
                                  2.000000    2.000000 v input external delay
     1    0.002935    0.018977    0.010143    2.010143 v A[5] (in)
                                                         A[5] (net)
                      0.018977    0.000000    2.010143 v input6/A (sky130_fd_sc_hd__clkdlybuf4s25_1)
     6    0.022372    0.313505    0.663319    2.673462 v input6/X (sky130_fd_sc_hd__clkdlybuf4s25_1)
                                                         net6 (net)
                      0.313505    0.000366    2.673828 v _210_/B (sky130_fd_sc_hd__or2_4)
     5    0.018682    0.116158    0.617496    3.291324 v _210_/X (sky130_fd_sc_hd__or2_4)
                                                         _066_ (net)
                      0.116158    0.000048    3.291372 v _211_/B (sky130_fd_sc_hd__and2_2)
     2    0.004093    0.075641    0.443795    3.735168 v _211_/X (sky130_fd_sc_hd__and2_2)
                                                         _067_ (net)
                      0.075641    0.000120    3.735287 v _234_/A (sky130_fd_sc_hd__or2_2)
     1    0.002227    0.106904    0.681575    4.416862 v _234_/X (sky130_fd_sc_hd__or2_2)
                                                         _090_ (net)
                      0.106904    0.000067    4.416930 v _235_/B (sky130_fd_sc_hd__or3b_2)
     3    0.012862    0.222790    1.203388    5.620318 v _235_/X (sky130_fd_sc_hd__or3b_2)
                                                         _091_ (net)
                      0.222790    0.000481    5.620799 v _239_/A1 (sky130_fd_sc_hd__a31o_2)
     3    0.018398    0.130101    0.545725    6.166524 v _239_/X (sky130_fd_sc_hd__a31o_2)
                                                         _095_ (net)
                      0.130109    0.001167    6.167691 v _241_/A1 (sky130_fd_sc_hd__a21o_2)
     2    0.005876    0.072724    0.408823    6.576514 v _241_/X (sky130_fd_sc_hd__a21o_2)
                                                         _097_ (net)
                      0.072724    0.000125    6.576639 v _197_/A2 (sky130_fd_sc_hd__a31o_2)
     1    0.003213    0.064045    0.437586    7.014225 v _197_/X (sky130_fd_sc_hd__a31o_2)
                                                         _054_ (net)
                      0.064045    0.000105    7.014330 v _198_/B2 (sky130_fd_sc_hd__o22a_2)
     1    0.002442    0.066474    0.355343    7.369673 v _198_/X (sky130_fd_sc_hd__o22a_2)
                                                         net28 (net)
                      0.066474    0.000072    7.369745 v output28/A (sky130_fd_sc_hd__clkbuf_2)
     1    0.035096    0.246469    0.355898    7.725644 v output28/X (sky130_fd_sc_hd__clkbuf_2)
                                                         Y[7] (net)
                      0.246470    0.001055    7.726698 v Y[7] (out)
                                              7.726698   data arrival time

                      0.000000   10.000000   10.000000   clock __VIRTUAL_CLK__ (rise edge)
                                  0.000000   10.000000   clock network delay (ideal)
                                 -0.250000    9.750000   clock uncertainty
                                  0.000000    9.750000   clock reconvergence pessimism
                                 -2.000000    7.750000   output external delay
                                              7.750000   data required time
---------------------------------------------------------------------------------------------
                                              7.750000   data required time
                                             -7.726698   data arrival time
---------------------------------------------------------------------------------------------
                                              0.023301   slack (MET)




===========================================================================
report_checks --slack_max -0.01
============================================================================
======================= nom_ss_100C_1v60 Corner ===================================

No paths found.


===========================================================================
 report_check_types -max_slew -max_cap -max_fanout -violators
============================================================================
======================= nom_ss_100C_1v60 Corner ===================================



===========================================================================
report_parasitic_annotation -report_unannotated
============================================================================
Found 0 unannotated drivers.
Found 0 partially unannotated drivers.

===========================================================================
max slew violation count 0
max fanout violation count 0
max cap violation count 0
============================================================================

===========================================================================
check_setup -verbose -unconstrained_endpoints -multiple_clock -no_clock -no_input_delay -loops -generated_clocks
===========================================================================
