+ define_corners nom_ss_100C_1v60
Reading timing models for corner nom_ss_100C_1v60…
Reading cell library for the 'nom_ss_100C_1v60' corner at '/home/gp7871/.ciel/ciel/sky130/versions/8afc8346a57fe1ab7934ba5a6056ea8b43078e71/ciel/sky130/versions/8afc8346a57fe1ab7934ba5a6056ea8b43078e71/sky130A/libs.ref/sky130_fd_sc_hd/lib/sky130_fd_sc_hd__ss_100C_1v60.lib'…
Reading top-level netlist at '/home/gp7871/VLSI_Freelancing/projects/alu8_rtl_to_gds/runs/RUN_2026-09-16_17-08-36/52-openroad-fillinsertion/alu8.nl.v'…
Linking design 'alu8' from netlist…
Warning: /home/gp7871/VLSI_Freelancing/projects/alu8_rtl_to_gds/runs/RUN_2026-09-16_17-08-36/52-openroad-fillinsertion/alu8.nl.v line 175, module sky130_fd_sc_hd__fill_1 not found. Creating black box for FILLER_0_113.
Warning: /home/gp7871/VLSI_Freelancing/projects/alu8_rtl_to_gds/runs/RUN_2026-09-16_17-08-36/52-openroad-fillinsertion/alu8.nl.v line 179, module sky130_fd_sc_hd__fill_2 not found. Creating black box for FILLER_0_37.
Warning: /home/gp7871/VLSI_Freelancing/projects/alu8_rtl_to_gds/runs/RUN_2026-09-16_17-08-36/52-openroad-fillinsertion/alu8.nl.v line 552, module sky130_fd_sc_hd__tapvpwrvgnd_1 not found. Creating black box for TAP_TAPCELL_ROW_0_38.
Reading design constraints file at '/nix/store/9qkr4093f83hkvz5bia9qvxcyc2kzr15-python3-3.13.9-env/lib/python3.13/site-packages/librelane/scripts/base.sdc'…
[WARNING] No CLOCK_PORT found. A dummy clock will be used.
Warning: base.sdc line 15, port '__VIRTUAL_CLK__' not found.
[INFO] Using clock __VIRTUAL_CLK__…
[INFO] Setting output delay to: 2.0
[INFO] Setting input delay to: 2.0
Warning: base.sdc line 32, port '__VIRTUAL_CLK__' not found.
[INFO] Setting load to: 0.033442
[INFO] Setting clock uncertainty to: 0.25
[INFO] Setting clock transition to: 0.1499999999999999944488848768742172978818416595458984375
Warning: base.sdc line 69, transition time can not be specified for virtual clocks.
[INFO] Setting timing derate to: 5.0%
Warning: base.sdc line 79, virtual clock __VIRTUAL_CLK__ can not be propagated.
Reading top-level design parasitics for the 'nom_ss_100C_1v60' corner at '/home/gp7871/VLSI_Freelancing/projects/alu8_rtl_to_gds/runs/RUN_2026-09-16_17-08-36/54-openroad-rcx/nom/alu8.nom.spef'…
%OL_CREATE_REPORT min.rpt

===========================================================================
report_checks -path_delay min (Hold)
============================================================================
======================= nom_ss_100C_1v60 Corner ===================================

Startpoint: OP[0] (input port clocked by __VIRTUAL_CLK__)
Endpoint: Y[7] (output port clocked by __VIRTUAL_CLK__)
Path Group: __VIRTUAL_CLK__
Path Type: min

Fanout         Cap        Slew       Delay        Time   Description
---------------------------------------------------------------------------------------------
                      0.000000    0.000000    0.000000   clock __VIRTUAL_CLK__ (rise edge)
                                  0.000000    0.000000   clock network delay (ideal)
                                  2.000000    2.000000 ^ input external delay
     1    0.003993    0.040275    0.020993    2.020993 ^ OP[0] (in)
                                                         OP[0] (net)
                      0.040275    0.000000    2.020993 ^ input17/A (sky130_fd_sc_hd__clkdlybuf4s25_1)
     2    0.006153    0.121998    0.462618    2.483611 ^ input17/X (sky130_fd_sc_hd__clkdlybuf4s25_1)
                                                         net17 (net)
                      0.121998    0.000148    2.483758 ^ _255_/C (sky130_fd_sc_hd__or3_2)
     5    0.027928    0.229523    0.330489    2.814248 ^ _255_/X (sky130_fd_sc_hd__or3_2)
                                                         _111_ (net)
                      0.229523    0.000492    2.814740 ^ _198_/A1 (sky130_fd_sc_hd__o22a_2)
     1    0.002627    0.055158    0.328272    3.143012 ^ _198_/X (sky130_fd_sc_hd__o22a_2)
                                                         net28 (net)
                      0.055158    0.000071    3.143083 ^ output28/A (sky130_fd_sc_hd__clkbuf_2)
     1    0.035096    0.301336    0.333332    3.476415 ^ output28/X (sky130_fd_sc_hd__clkbuf_2)
                                                         Y[7] (net)
                      0.301336    0.000955    3.477369 ^ Y[7] (out)
                                              3.477369   data arrival time

                      0.000000    0.000000    0.000000   clock __VIRTUAL_CLK__ (rise edge)
                                  0.000000    0.000000   clock network delay (ideal)
                                  0.250000    0.250000   clock uncertainty
                                  0.000000    0.250000   clock reconvergence pessimism
                                 -2.000000   -1.750000   output external delay
                                             -1.750000   data required time
---------------------------------------------------------------------------------------------
                                             -1.750000   data required time
                                             -3.477369   data arrival time
---------------------------------------------------------------------------------------------
                                              5.227369   slack (MET)


Startpoint: B[7] (input port clocked by __VIRTUAL_CLK__)
Endpoint: CARRY (output port clocked by __VIRTUAL_CLK__)
Path Group: __VIRTUAL_CLK__
Path Type: min

Fanout         Cap        Slew       Delay        Time   Description
---------------------------------------------------------------------------------------------
                      0.000000    0.000000    0.000000   clock __VIRTUAL_CLK__ (rise edge)
                                  0.000000    0.000000   clock network delay (ideal)
                                  2.000000    2.000000 ^ input external delay
     1    0.003747    0.038598    0.019754    2.019754 ^ B[7] (in)
                                                         B[7] (net)
                      0.038598    0.000000    2.019754 ^ input16/A (sky130_fd_sc_hd__clkdlybuf4s25_1)
     3    0.008853    0.162530    0.490802    2.510556 ^ input16/X (sky130_fd_sc_hd__clkdlybuf4s25_1)
                                                         net16 (net)
                      0.162530    0.000169    2.510725 ^ _200_/A_N (sky130_fd_sc_hd__nand2b_2)
     1    0.002910    0.056912    0.211736    2.722461 ^ _200_/Y (sky130_fd_sc_hd__nand2b_2)
                                                         _056_ (net)
                      0.056912    0.000082    2.722543 ^ _256_/A1 (sky130_fd_sc_hd__a32o_2)
     1    0.002471    0.070627    0.292636    3.015179 ^ _256_/X (sky130_fd_sc_hd__a32o_2)
                                                         net20 (net)
                      0.070627    0.000070    3.015249 ^ output20/A (sky130_fd_sc_hd__dlymetal6s2s_1)
     1    0.034702    0.539466    0.472208    3.487458 ^ output20/X (sky130_fd_sc_hd__dlymetal6s2s_1)
                                                         CARRY (net)
                      0.539467    0.000708    3.488166 ^ CARRY (out)
                                              3.488166   data arrival time

                      0.000000    0.000000    0.000000   clock __VIRTUAL_CLK__ (rise edge)
                                  0.000000    0.000000   clock network delay (ideal)
                                  0.250000    0.250000   clock uncertainty
                                  0.000000    0.250000   clock reconvergence pessimism
                                 -2.000000   -1.750000   output external delay
                                             -1.750000   data required time
---------------------------------------------------------------------------------------------
                                             -1.750000   data required time
                                             -3.488166   data arrival time
---------------------------------------------------------------------------------------------
                                              5.238165   slack (MET)


Startpoint: OP[0] (input port clocked by __VIRTUAL_CLK__)
Endpoint: Y[1] (output port clocked by __VIRTUAL_CLK__)
Path Group: __VIRTUAL_CLK__
Path Type: min

Fanout         Cap        Slew       Delay        Time   Description
---------------------------------------------------------------------------------------------
                      0.000000    0.000000    0.000000   clock __VIRTUAL_CLK__ (rise edge)
                                  0.000000    0.000000   clock network delay (ideal)
                                  2.000000    2.000000 ^ input external delay
     1    0.003993    0.040275    0.020993    2.020993 ^ OP[0] (in)
                                                         OP[0] (net)
                      0.040275    0.000000    2.020993 ^ input17/A (sky130_fd_sc_hd__clkdlybuf4s25_1)
     2    0.006153    0.121998    0.462618    2.483611 ^ input17/X (sky130_fd_sc_hd__clkdlybuf4s25_1)
                                                         net17 (net)
                      0.121998    0.000148    2.483758 ^ _255_/C (sky130_fd_sc_hd__or3_2)
     5    0.027928    0.229523    0.330489    2.814248 ^ _255_/X (sky130_fd_sc_hd__or3_2)
                                                         _111_ (net)
                      0.229523    0.000683    2.814931 ^ _144_/B2 (sky130_fd_sc_hd__o22a_2)
     1    0.002904    0.057143    0.283453    3.098385 ^ _144_/X (sky130_fd_sc_hd__o22a_2)
                                                         net22 (net)
                      0.057143    0.000057    3.098442 ^ output22/A (sky130_fd_sc_hd__clkdlybuf4s25_1)
     1    0.034202    0.552072    0.764799    3.863241 ^ output22/X (sky130_fd_sc_hd__clkdlybuf4s25_1)
                                                         Y[1] (net)
                      0.552072    0.000743    3.863983 ^ Y[1] (out)
                                              3.863983   data arrival time

                      0.000000    0.000000    0.000000   clock __VIRTUAL_CLK__ (rise edge)
                                  0.000000    0.000000   clock network delay (ideal)
                                  0.250000    0.250000   clock uncertainty
                                  0.000000    0.250000   clock reconvergence pessimism
                                 -2.000000   -1.750000   output external delay
                                             -1.750000   data required time
---------------------------------------------------------------------------------------------
                                             -1.750000   data required time
                                             -3.863983   data arrival time
---------------------------------------------------------------------------------------------
                                              5.613983   slack (MET)


Startpoint: A[0] (input port clocked by __VIRTUAL_CLK__)
Endpoint: Y[0] (output port clocked by __VIRTUAL_CLK__)
Path Group: __VIRTUAL_CLK__
Path Type: min

Fanout         Cap        Slew       Delay        Time   Description
---------------------------------------------------------------------------------------------
                      0.000000    0.000000    0.000000   clock __VIRTUAL_CLK__ (rise edge)
                                  0.000000    0.000000   clock network delay (ideal)
                                  2.000000    2.000000 v input external delay
     1    0.004230    0.024052    0.013062    2.013062 v A[0] (in)
                                                         A[0] (net)
                      0.024061    0.000000    2.013062 v input1/A (sky130_fd_sc_hd__clkdlybuf4s25_1)
     7    0.027133    0.373759    0.645235    2.658297 v input1/X (sky130_fd_sc_hd__clkdlybuf4s25_1)
                                                         net1 (net)
                      0.373759    0.000297    2.658594 v _128_/A (sky130_fd_sc_hd__nor2_2)
     1    0.002389    0.114457    0.249942    2.908536 ^ _128_/Y (sky130_fd_sc_hd__nor2_2)
                                                         _116_ (net)
                      0.114457    0.000066    2.908602 ^ _132_/B (sky130_fd_sc_hd__or3_2)
     1    0.003338    0.051717    0.193840    3.102443 ^ _132_/X (sky130_fd_sc_hd__or3_2)
                                                         net21 (net)
                      0.051718    0.000099    3.102542 ^ output21/A (sky130_fd_sc_hd__clkdlybuf4s25_1)
     1    0.034512    0.556838    0.765920    3.868462 ^ output21/X (sky130_fd_sc_hd__clkdlybuf4s25_1)
                                                         Y[0] (net)
                      0.556838    0.000638    3.869100 ^ Y[0] (out)
                                              3.869100   data arrival time

                      0.000000    0.000000    0.000000   clock __VIRTUAL_CLK__ (rise edge)
                                  0.000000    0.000000   clock network delay (ideal)
                                  0.250000    0.250000   clock uncertainty
                                  0.000000    0.250000   clock reconvergence pessimism
                                 -2.000000   -1.750000   output external delay
                                             -1.750000   data required time
---------------------------------------------------------------------------------------------
                                             -1.750000   data required time
                                             -3.869100   data arrival time
---------------------------------------------------------------------------------------------
                                              5.619100   slack (MET)


Startpoint: OP[0] (input port clocked by __VIRTUAL_CLK__)
Endpoint: Y[2] (output port clocked by __VIRTUAL_CLK__)
Path Group: __VIRTUAL_CLK__
Path Type: min

Fanout         Cap        Slew       Delay        Time   Description
---------------------------------------------------------------------------------------------
                      0.000000    0.000000    0.000000   clock __VIRTUAL_CLK__ (rise edge)
                                  0.000000    0.000000   clock network delay (ideal)
                                  2.000000    2.000000 ^ input external delay
     1    0.003993    0.040275    0.020993    2.020993 ^ OP[0] (in)
                                                         OP[0] (net)
                      0.040275    0.000000    2.020993 ^ input17/A (sky130_fd_sc_hd__clkdlybuf4s25_1)
     2    0.006153    0.121998    0.462618    2.483611 ^ input17/X (sky130_fd_sc_hd__clkdlybuf4s25_1)
                                                         net17 (net)
                      0.121998    0.000148    2.483758 ^ _255_/C (sky130_fd_sc_hd__or3_2)
     5    0.027928    0.229523    0.330489    2.814248 ^ _255_/X (sky130_fd_sc_hd__or3_2)
                                                         _111_ (net)
                      0.229524    0.000887    2.815134 ^ _152_/A1 (sky130_fd_sc_hd__o22a_2)
     1    0.003172    0.058984    0.332873    3.148007 ^ _152_/X (sky130_fd_sc_hd__o22a_2)
                                                         net23 (net)
                      0.058984    0.000088    3.148095 ^ output23/A (sky130_fd_sc_hd__clkdlybuf4s25_1)
     1    0.034567    0.557730    0.769353    3.917449 ^ output23/X (sky130_fd_sc_hd__clkdlybuf4s25_1)
                                                         Y[2] (net)
                      0.557730    0.000790    3.918238 ^ Y[2] (out)
                                              3.918238   data arrival time

                      0.000000    0.000000    0.000000   clock __VIRTUAL_CLK__ (rise edge)
                                  0.000000    0.000000   clock network delay (ideal)
                                  0.250000    0.250000   clock uncertainty
                                  0.000000    0.250000   clock reconvergence pessimism
                                 -2.000000   -1.750000   output external delay
                                             -1.750000   data required time
---------------------------------------------------------------------------------------------
                                             -1.750000   data required time
                                             -3.918238   data arrival time
---------------------------------------------------------------------------------------------
                                              5.668239   slack (MET)


Startpoint: OP[0] (input port clocked by __VIRTUAL_CLK__)
Endpoint: Y[6] (output port clocked by __VIRTUAL_CLK__)
Path Group: __VIRTUAL_CLK__
Path Type: min

Fanout         Cap        Slew       Delay        Time   Description
---------------------------------------------------------------------------------------------
                      0.000000    0.000000    0.000000   clock __VIRTUAL_CLK__ (rise edge)
                                  0.000000    0.000000   clock network delay (ideal)
                                  2.000000    2.000000 ^ input external delay
     1    0.003993    0.040275    0.020993    2.020993 ^ OP[0] (in)
                                                         OP[0] (net)
                      0.040275    0.000000    2.020993 ^ input17/A (sky130_fd_sc_hd__clkdlybuf4s25_1)
     2    0.006153    0.121998    0.462618    2.483611 ^ input17/X (sky130_fd_sc_hd__clkdlybuf4s25_1)
                                                         net17 (net)
                      0.121998    0.000148    2.483758 ^ _255_/C (sky130_fd_sc_hd__or3_2)
     5    0.027928    0.229523    0.330489    2.814248 ^ _255_/X (sky130_fd_sc_hd__or3_2)
                                                         _111_ (net)
                      0.229523    0.000709    2.814957 ^ _190_/A1 (sky130_fd_sc_hd__o22a_2)
     1    0.003195    0.059151    0.333072    3.148029 ^ _190_/X (sky130_fd_sc_hd__o22a_2)
                                                         net27 (net)
                      0.059151    0.000093    3.148122 ^ output27/A (sky130_fd_sc_hd__clkdlybuf4s25_1)
     1    0.034768    0.560848    0.771477    3.919599 ^ output27/X (sky130_fd_sc_hd__clkdlybuf4s25_1)
                                                         Y[6] (net)
                      0.560848    0.000860    3.920459 ^ Y[6] (out)
                                              3.920459   data arrival time

                      0.000000    0.000000    0.000000   clock __VIRTUAL_CLK__ (rise edge)
                                  0.000000    0.000000   clock network delay (ideal)
                                  0.250000    0.250000   clock uncertainty
                                  0.000000    0.250000   clock reconvergence pessimism
                                 -2.000000   -1.750000   output external delay
                                             -1.750000   data required time
---------------------------------------------------------------------------------------------
                                             -1.750000   data required time
                                             -3.920459   data arrival time
---------------------------------------------------------------------------------------------
                                              5.670459   slack (MET)


Startpoint: A[5] (input port clocked by __VIRTUAL_CLK__)
Endpoint: Y[4] (output port clocked by __VIRTUAL_CLK__)
Path Group: __VIRTUAL_CLK__
Path Type: min

Fanout         Cap        Slew       Delay        Time   Description
---------------------------------------------------------------------------------------------
                      0.000000    0.000000    0.000000   clock __VIRTUAL_CLK__ (rise edge)
                                  0.000000    0.000000   clock network delay (ideal)
                                  2.000000    2.000000 ^ input external delay
     1    0.003112    0.034321    0.016567    2.016567 ^ A[5] (in)
                                                         A[5] (net)
                      0.034321    0.000000    2.016567 ^ input6/A (sky130_fd_sc_hd__clkdlybuf4s25_1)
     6    0.023695    0.389711    0.645446    2.662013 ^ input6/X (sky130_fd_sc_hd__clkdlybuf4s25_1)
                                                         net6 (net)
                      0.389711    0.000540    2.662552 ^ _169_/A1 (sky130_fd_sc_hd__a211o_2)
     1    0.003091    0.046880    0.347790    3.010342 ^ _169_/X (sky130_fd_sc_hd__a211o_2)
                                                         _029_ (net)
                      0.046880    0.000085    3.010427 ^ _172_/A4 (sky130_fd_sc_hd__o41a_2)
     1    0.005046    0.070439    0.223789    3.234215 ^ _172_/X (sky130_fd_sc_hd__o41a_2)
                                                         net25 (net)
                      0.070439    0.000135    3.234350 ^ output25/A (sky130_fd_sc_hd__clkdlybuf4s25_1)
     1    0.034283    0.553304    0.771184    4.005535 ^ output25/X (sky130_fd_sc_hd__clkdlybuf4s25_1)
                                                         Y[4] (net)
                      0.553304    0.000604    4.006139 ^ Y[4] (out)
                                              4.006139   data arrival time

                      0.000000    0.000000    0.000000   clock __VIRTUAL_CLK__ (rise edge)
                                  0.000000    0.000000   clock network delay (ideal)
                                  0.250000    0.250000   clock uncertainty
                                  0.000000    0.250000   clock reconvergence pessimism
                                 -2.000000   -1.750000   output external delay
                                             -1.750000   data required time
---------------------------------------------------------------------------------------------
                                             -1.750000   data required time
                                             -4.006139   data arrival time
---------------------------------------------------------------------------------------------
                                              5.756139   slack (MET)


Startpoint: B[5] (input port clocked by __VIRTUAL_CLK__)
Endpoint: Y[5] (output port clocked by __VIRTUAL_CLK__)
Path Group: __VIRTUAL_CLK__
Path Type: min

Fanout         Cap        Slew       Delay        Time   Description
---------------------------------------------------------------------------------------------
                      0.000000    0.000000    0.000000   clock __VIRTUAL_CLK__ (rise edge)
                                  0.000000    0.000000   clock network delay (ideal)
                                  2.000000    2.000000 v input external delay
     1    0.003046    0.019404    0.009508    2.009508 v B[5] (in)
                                                         B[5] (net)
                      0.019404    0.000000    2.009508 v input14/A (sky130_fd_sc_hd__clkdlybuf4s25_1)
     3    0.009455    0.153948    0.480473    2.489981 v input14/X (sky130_fd_sc_hd__clkdlybuf4s25_1)
                                                         net14 (net)
                      0.153948    0.000223    2.490204 v _208_/A (sky130_fd_sc_hd__nand2_2)
     3    0.011951    0.119521    0.161144    2.651348 ^ _208_/Y (sky130_fd_sc_hd__nand2_2)
                                                         _064_ (net)
                      0.119521    0.000199    2.651548 ^ _212_/A (sky130_fd_sc_hd__nand2_2)
     4    0.017991    0.164762    0.180868    2.832416 v _212_/Y (sky130_fd_sc_hd__nand2_2)
                                                         _068_ (net)
                      0.164762    0.000402    2.832818 v _174_/A (sky130_fd_sc_hd__nand2_2)
     1    0.003017    0.057539    0.112484    2.945302 ^ _174_/Y (sky130_fd_sc_hd__nand2_2)
                                                         _033_ (net)
                      0.057539    0.000085    2.945387 ^ _181_/A3 (sky130_fd_sc_hd__a31o_2)
     1    0.003077    0.056612    0.301259    3.246646 ^ _181_/X (sky130_fd_sc_hd__a31o_2)
                                                         net26 (net)
                      0.056612    0.000061    3.246707 ^ output26/A (sky130_fd_sc_hd__clkdlybuf4s25_1)
     1    0.034320    0.553856    0.765919    4.012626 ^ output26/X (sky130_fd_sc_hd__clkdlybuf4s25_1)
                                                         Y[5] (net)
                      0.553856    0.000606    4.013233 ^ Y[5] (out)
                                              4.013233   data arrival time

                      0.000000    0.000000    0.000000   clock __VIRTUAL_CLK__ (rise edge)
                                  0.000000    0.000000   clock network delay (ideal)
                                  0.250000    0.250000   clock uncertainty
                                  0.000000    0.250000   clock reconvergence pessimism
                                 -2.000000   -1.750000   output external delay
                                             -1.750000   data required time
---------------------------------------------------------------------------------------------
                                             -1.750000   data required time
                                             -4.013233   data arrival time
---------------------------------------------------------------------------------------------
                                              5.763233   slack (MET)


Startpoint: A[2] (input port clocked by __VIRTUAL_CLK__)
Endpoint: Y[3] (output port clocked by __VIRTUAL_CLK__)
Path Group: __VIRTUAL_CLK__
Path Type: min

Fanout         Cap        Slew       Delay        Time   Description
---------------------------------------------------------------------------------------------
                      0.000000    0.000000    0.000000   clock __VIRTUAL_CLK__ (rise edge)
                                  0.000000    0.000000   clock network delay (ideal)
                                  2.000000    2.000000 ^ input external delay
     1    0.003449    0.036580    0.018263    2.018263 ^ A[2] (in)
                                                         A[2] (net)
                      0.036580    0.000000    2.018263 ^ input3/A (sky130_fd_sc_hd__clkdlybuf4s25_1)
     6    0.020731    0.343990    0.615203    2.633466 ^ input3/X (sky130_fd_sc_hd__clkdlybuf4s25_1)
                                                         net3 (net)
                      0.343990    0.000599    2.634065 ^ _159_/A1 (sky130_fd_sc_hd__a221o_2)
     1    0.003350    0.057453    0.383354    3.017419 ^ _159_/X (sky130_fd_sc_hd__a221o_2)
                                                         _020_ (net)
                      0.057453    0.000076    3.017495 ^ _163_/B1 (sky130_fd_sc_hd__o2bb2a_2)
     1    0.003158    0.070173    0.302859    3.320354 ^ _163_/X (sky130_fd_sc_hd__o2bb2a_2)
                                                         net24 (net)
                      0.070173    0.000065    3.320419 ^ output24/A (sky130_fd_sc_hd__clkdlybuf4s25_1)
     1    0.034370    0.554656    0.771988    4.092407 ^ output24/X (sky130_fd_sc_hd__clkdlybuf4s25_1)
                                                         Y[3] (net)
                      0.554656    0.000608    4.093015 ^ Y[3] (out)
                                              4.093015   data arrival time

                      0.000000    0.000000    0.000000   clock __VIRTUAL_CLK__ (rise edge)
                                  0.000000    0.000000   clock network delay (ideal)
                                  0.250000    0.250000   clock uncertainty
                                  0.000000    0.250000   clock reconvergence pessimism
                                 -2.000000   -1.750000   output external delay
                                             -1.750000   data required time
---------------------------------------------------------------------------------------------
                                             -1.750000   data required time
                                             -4.093015   data arrival time
---------------------------------------------------------------------------------------------
                                              5.843015   slack (MET)



%OL_END_REPORT
%OL_CREATE_REPORT max.rpt

===========================================================================
report_checks -path_delay max (Setup)
============================================================================
======================= nom_ss_100C_1v60 Corner ===================================

Startpoint: A[5] (input port clocked by __VIRTUAL_CLK__)
Endpoint: Y[7] (output port clocked by __VIRTUAL_CLK__)
Path Group: __VIRTUAL_CLK__
Path Type: max

Fanout         Cap        Slew       Delay        Time   Description
---------------------------------------------------------------------------------------------
                      0.000000    0.000000    0.000000   clock __VIRTUAL_CLK__ (rise edge)
                                  0.000000    0.000000   clock network delay (ideal)
                                  2.000000    2.000000 v input external delay
     1    0.002935    0.018977    0.010143    2.010143 v A[5] (in)
                                                         A[5] (net)
                      0.018977    0.000000    2.010143 v input6/A (sky130_fd_sc_hd__clkdlybuf4s25_1)
     6    0.022372    0.313505    0.663319    2.673462 v input6/X (sky130_fd_sc_hd__clkdlybuf4s25_1)
                                                         net6 (net)
                      0.313505    0.000366    2.673828 v _210_/B (sky130_fd_sc_hd__or2_4)
     5    0.018682    0.116158    0.617496    3.291324 v _210_/X (sky130_fd_sc_hd__or2_4)
                                                         _066_ (net)
                      0.116158    0.000048    3.291372 v _211_/B (sky130_fd_sc_hd__and2_2)
     2    0.004093    0.075641    0.443795    3.735168 v _211_/X (sky130_fd_sc_hd__and2_2)
                                                         _067_ (net)
                      0.075641    0.000120    3.735287 v _234_/A (sky130_fd_sc_hd__or2_2)
     1    0.002227    0.106904    0.681575    4.416862 v _234_/X (sky130_fd_sc_hd__or2_2)
                                                         _090_ (net)
                      0.106904    0.000067    4.416930 v _235_/B (sky130_fd_sc_hd__or3b_2)
     3    0.012862    0.222790    1.203388    5.620318 v _235_/X (sky130_fd_sc_hd__or3b_2)
                                                         _091_ (net)
                      0.222790    0.000481    5.620799 v _239_/A1 (sky130_fd_sc_hd__a31o_2)
     3    0.018398    0.130101    0.545725    6.166524 v _239_/X (sky130_fd_sc_hd__a31o_2)
                                                         _095_ (net)
                      0.130109    0.001167    6.167691 v _241_/A1 (sky130_fd_sc_hd__a21o_2)
     2    0.005876    0.072724    0.408823    6.576514 v _241_/X (sky130_fd_sc_hd__a21o_2)
                                                         _097_ (net)
                      0.072724    0.000125    6.576639 v _197_/A2 (sky130_fd_sc_hd__a31o_2)
     1    0.003213    0.064045    0.437586    7.014225 v _197_/X (sky130_fd_sc_hd__a31o_2)
                                                         _054_ (net)
                      0.064045    0.000105    7.014330 v _198_/B2 (sky130_fd_sc_hd__o22a_2)
     1    0.002442    0.066474    0.355343    7.369673 v _198_/X (sky130_fd_sc_hd__o22a_2)
                                                         net28 (net)
                      0.066474    0.000072    7.369745 v output28/A (sky130_fd_sc_hd__clkbuf_2)
     1    0.035096    0.246469    0.355898    7.725644 v output28/X (sky130_fd_sc_hd__clkbuf_2)
                                                         Y[7] (net)
                      0.246470    0.001055    7.726698 v Y[7] (out)
                                              7.726698   data arrival time

                      0.000000   10.000000   10.000000   clock __VIRTUAL_CLK__ (rise edge)
                                  0.000000   10.000000   clock network delay (ideal)
                                 -0.250000    9.750000   clock uncertainty
                                  0.000000    9.750000   clock reconvergence pessimism
                                 -2.000000    7.750000   output external delay
                                              7.750000   data required time
---------------------------------------------------------------------------------------------
                                              7.750000   data required time
                                             -7.726698   data arrival time
---------------------------------------------------------------------------------------------
                                              0.023301   slack (MET)


Startpoint: A[5] (input port clocked by __VIRTUAL_CLK__)
Endpoint: Y[6] (output port clocked by __VIRTUAL_CLK__)
Path Group: __VIRTUAL_CLK__
Path Type: max

Fanout         Cap        Slew       Delay        Time   Description
---------------------------------------------------------------------------------------------
                      0.000000    0.000000    0.000000   clock __VIRTUAL_CLK__ (rise edge)
                                  0.000000    0.000000   clock network delay (ideal)
                                  2.000000    2.000000 v input external delay
     1    0.002935    0.018977    0.010143    2.010143 v A[5] (in)
                                                         A[5] (net)
                      0.018977    0.000000    2.010143 v input6/A (sky130_fd_sc_hd__clkdlybuf4s25_1)
     6    0.022372    0.313505    0.663319    2.673462 v input6/X (sky130_fd_sc_hd__clkdlybuf4s25_1)
                                                         net6 (net)
                      0.313505    0.000366    2.673828 v _210_/B (sky130_fd_sc_hd__or2_4)
     5    0.018682    0.116158    0.617496    3.291324 v _210_/X (sky130_fd_sc_hd__or2_4)
                                                         _066_ (net)
                      0.116158    0.000048    3.291372 v _211_/B (sky130_fd_sc_hd__and2_2)
     2    0.004093    0.075641    0.443795    3.735168 v _211_/X (sky130_fd_sc_hd__and2_2)
                                                         _067_ (net)
                      0.075641    0.000120    3.735287 v _234_/A (sky130_fd_sc_hd__or2_2)
     1    0.002227    0.106904    0.681575    4.416862 v _234_/X (sky130_fd_sc_hd__or2_2)
                                                         _090_ (net)
                      0.106904    0.000067    4.416930 v _235_/B (sky130_fd_sc_hd__or3b_2)
     3    0.012862    0.222790    1.203388    5.620318 v _235_/X (sky130_fd_sc_hd__or3b_2)
                                                         _091_ (net)
                      0.222790    0.000481    5.620799 v _239_/A1 (sky130_fd_sc_hd__a31o_2)
     3    0.018398    0.130101    0.545725    6.166524 v _239_/X (sky130_fd_sc_hd__a31o_2)
                                                         _095_ (net)
                      0.130101    0.000511    6.167035 v _183_/B (sky130_fd_sc_hd__nand2_2)
     1    0.005191    0.078576    0.141033    6.308068 ^ _183_/Y (sky130_fd_sc_hd__nand2_2)
                                                         _041_ (net)
                      0.078576    0.000160    6.308228 ^ _184_/B1 (sky130_fd_sc_hd__a41oi_2)
     1    0.003099    0.189639    0.067915    6.376143 v _184_/Y (sky130_fd_sc_hd__a41oi_2)
                                                         _042_ (net)
                      0.189639    0.000071    6.376215 v _190_/B1 (sky130_fd_sc_hd__o22a_2)
     1    0.003018    0.070064    0.451222    6.827436 v _190_/X (sky130_fd_sc_hd__o22a_2)
                                                         net27 (net)
                      0.070064    0.000097    6.827533 v output27/A (sky130_fd_sc_hd__clkdlybuf4s25_1)
     1    0.034768    0.470431    0.810756    7.638289 v output27/X (sky130_fd_sc_hd__clkdlybuf4s25_1)
                                                         Y[6] (net)
                      0.470431    0.000951    7.639241 v Y[6] (out)
                                              7.639241   data arrival time

                      0.000000   10.000000   10.000000   clock __VIRTUAL_CLK__ (rise edge)
                                  0.000000   10.000000   clock network delay (ideal)
                                 -0.250000    9.750000   clock uncertainty
                                  0.000000    9.750000   clock reconvergence pessimism
                                 -2.000000    7.750000   output external delay
                                              7.750000   data required time
---------------------------------------------------------------------------------------------
                                              7.750000   data required time
                                             -7.639241   data arrival time
---------------------------------------------------------------------------------------------
                                              0.110759   slack (MET)


Startpoint: A[5] (input port clocked by __VIRTUAL_CLK__)
Endpoint: CARRY (output port clocked by __VIRTUAL_CLK__)
Path Group: __VIRTUAL_CLK__
Path Type: max

Fanout         Cap        Slew       Delay        Time   Description
---------------------------------------------------------------------------------------------
                      0.000000    0.000000    0.000000   clock __VIRTUAL_CLK__ (rise edge)
                                  0.000000    0.000000   clock network delay (ideal)
                                  2.000000    2.000000 v input external delay
     1    0.002935    0.018977    0.010143    2.010143 v A[5] (in)
                                                         A[5] (net)
                      0.018977    0.000000    2.010143 v input6/A (sky130_fd_sc_hd__clkdlybuf4s25_1)
     6    0.022372    0.313505    0.663319    2.673462 v input6/X (sky130_fd_sc_hd__clkdlybuf4s25_1)
                                                         net6 (net)
                      0.313505    0.000366    2.673828 v _210_/B (sky130_fd_sc_hd__or2_4)
     5    0.018682    0.116158    0.617496    3.291324 v _210_/X (sky130_fd_sc_hd__or2_4)
                                                         _066_ (net)
                      0.116158    0.000048    3.291372 v _211_/B (sky130_fd_sc_hd__and2_2)
     2    0.004093    0.075641    0.443795    3.735168 v _211_/X (sky130_fd_sc_hd__and2_2)
                                                         _067_ (net)
                      0.075641    0.000120    3.735287 v _234_/A (sky130_fd_sc_hd__or2_2)
     1    0.002227    0.106904    0.681575    4.416862 v _234_/X (sky130_fd_sc_hd__or2_2)
                                                         _090_ (net)
                      0.106904    0.000067    4.416930 v _235_/B (sky130_fd_sc_hd__or3b_2)
     3    0.012862    0.222790    1.203388    5.620318 v _235_/X (sky130_fd_sc_hd__or3b_2)
                                                         _091_ (net)
                      0.222790    0.000481    5.620799 v _239_/A1 (sky130_fd_sc_hd__a31o_2)
     3    0.018398    0.130101    0.545725    6.166524 v _239_/X (sky130_fd_sc_hd__a31o_2)
                                                         _095_ (net)
                      0.130109    0.001167    6.167691 v _241_/A1 (sky130_fd_sc_hd__a21o_2)
     2    0.005876    0.072724    0.408823    6.576514 v _241_/X (sky130_fd_sc_hd__a21o_2)
                                                         _097_ (net)
                      0.072724    0.000115    6.576629 v _256_/A3 (sky130_fd_sc_hd__a32o_2)
     1    0.002356    0.064127    0.481659    7.058288 v _256_/X (sky130_fd_sc_hd__a32o_2)
                                                         net20 (net)
                      0.064127    0.000073    7.058361 v output20/A (sky130_fd_sc_hd__dlymetal6s2s_1)
     1    0.034702    0.334201    0.519790    7.578151 v output20/X (sky130_fd_sc_hd__dlymetal6s2s_1)
                                                         CARRY (net)
                      0.334201    0.000782    7.578933 v CARRY (out)
                                              7.578933   data arrival time

                      0.000000   10.000000   10.000000   clock __VIRTUAL_CLK__ (rise edge)
                                  0.000000   10.000000   clock network delay (ideal)
                                 -0.250000    9.750000   clock uncertainty
                                  0.000000    9.750000   clock reconvergence pessimism
                                 -2.000000    7.750000   output external delay
                                              7.750000   data required time
---------------------------------------------------------------------------------------------
                                              7.750000   data required time
                                             -7.578933   data arrival time
---------------------------------------------------------------------------------------------
                                              0.171067   slack (MET)


Startpoint: OP[0] (input port clocked by __VIRTUAL_CLK__)
Endpoint: Y[5] (output port clocked by __VIRTUAL_CLK__)
Path Group: __VIRTUAL_CLK__
Path Type: max

Fanout         Cap        Slew       Delay        Time   Description
---------------------------------------------------------------------------------------------
                      0.000000    0.000000    0.000000   clock __VIRTUAL_CLK__ (rise edge)
                                  0.000000    0.000000   clock network delay (ideal)
                                  2.000000    2.000000 v input external delay
     1    0.003816    0.022412    0.013066    2.013066 v OP[0] (in)
                                                         OP[0] (net)
                      0.022412    0.000000    2.013066 v input17/A (sky130_fd_sc_hd__clkdlybuf4s25_1)
     2    0.005829    0.109998    0.492447    2.505513 v input17/X (sky130_fd_sc_hd__clkdlybuf4s25_1)
                                                         net17 (net)
                      0.109998    0.000188    2.505701 v fanout34/A (sky130_fd_sc_hd__clkdlybuf4s25_1)
    10    0.029404    0.402170    0.776645    3.282346 v fanout34/X (sky130_fd_sc_hd__clkdlybuf4s25_1)
                                                         net34 (net)
                      0.402170    0.000749    3.283095 v _136_/C (sky130_fd_sc_hd__and3b_2)
     7    0.028274    0.175620    0.765701    4.048796 v _136_/X (sky130_fd_sc_hd__and3b_2)
                                                         _123_ (net)
                      0.175620    0.000786    4.049582 v _176_/B1 (sky130_fd_sc_hd__a2bb2o_2)
     1    0.002430    0.076511    0.566293    4.615874 v _176_/X (sky130_fd_sc_hd__a2bb2o_2)
                                                         _035_ (net)
                      0.076511    0.000072    4.615946 v _177_/C1 (sky130_fd_sc_hd__a211o_2)
     1    0.002732    0.080175    0.527520    5.143466 v _177_/X (sky130_fd_sc_hd__a211o_2)
                                                         _036_ (net)
                      0.080175    0.000081    5.143548 v _178_/C1 (sky130_fd_sc_hd__a221o_2)
     1    0.005698    0.106665    0.623932    5.767480 v _178_/X (sky130_fd_sc_hd__a221o_2)
                                                         _037_ (net)
                      0.106665    0.000187    5.767667 v _180_/B1 (sky130_fd_sc_hd__a41o_2)
     1    0.003014    0.064617    0.445874    6.213542 v _180_/X (sky130_fd_sc_hd__a41o_2)
                                                         _039_ (net)
                      0.064617    0.000092    6.213634 v _181_/B1 (sky130_fd_sc_hd__a31o_2)
     1    0.002900    0.062557    0.402907    6.616541 v _181_/X (sky130_fd_sc_hd__a31o_2)
                                                         net26 (net)
                      0.062557    0.000064    6.616604 v output26/A (sky130_fd_sc_hd__clkdlybuf4s25_1)
     1    0.034320    0.464719    0.802929    7.419534 v output26/X (sky130_fd_sc_hd__clkdlybuf4s25_1)
                                                         Y[5] (net)
                      0.464719    0.000670    7.420203 v Y[5] (out)
                                              7.420203   data arrival time

                      0.000000   10.000000   10.000000   clock __VIRTUAL_CLK__ (rise edge)
                                  0.000000   10.000000   clock network delay (ideal)
                                 -0.250000    9.750000   clock uncertainty
                                  0.000000    9.750000   clock reconvergence pessimism
                                 -2.000000    7.750000   output external delay
                                              7.750000   data required time
---------------------------------------------------------------------------------------------
                                              7.750000   data required time
                                             -7.420203   data arrival time
---------------------------------------------------------------------------------------------
                                              0.329797   slack (MET)


Startpoint: OP[0] (input port clocked by __VIRTUAL_CLK__)
Endpoint: Y[3] (output port clocked by __VIRTUAL_CLK__)
Path Group: __VIRTUAL_CLK__
Path Type: max

Fanout         Cap        Slew       Delay        Time   Description
---------------------------------------------------------------------------------------------
                      0.000000    0.000000    0.000000   clock __VIRTUAL_CLK__ (rise edge)
                                  0.000000    0.000000   clock network delay (ideal)
                                  2.000000    2.000000 v input external delay
     1    0.003816    0.022412    0.013066    2.013066 v OP[0] (in)
                                                         OP[0] (net)
                      0.022412    0.000000    2.013066 v input17/A (sky130_fd_sc_hd__clkdlybuf4s25_1)
     2    0.005829    0.109998    0.492447    2.505513 v input17/X (sky130_fd_sc_hd__clkdlybuf4s25_1)
                                                         net17 (net)
                      0.109998    0.000188    2.505701 v fanout34/A (sky130_fd_sc_hd__clkdlybuf4s25_1)
    10    0.029404    0.402170    0.776645    3.282346 v fanout34/X (sky130_fd_sc_hd__clkdlybuf4s25_1)
                                                         net34 (net)
                      0.402170    0.000661    3.283008 v _130_/C (sky130_fd_sc_hd__and3_2)
     7    0.027325    0.171358    0.761036    4.044044 v _130_/X (sky130_fd_sc_hd__and3_2)
                                                         _118_ (net)
                      0.171358    0.000564    4.044608 v _160_/B1 (sky130_fd_sc_hd__a32o_2)
     1    0.001608    0.060370    0.446831    4.491439 v _160_/X (sky130_fd_sc_hd__a32o_2)
                                                         _021_ (net)
                      0.060370    0.000047    4.491486 v _161_/B (sky130_fd_sc_hd__or3b_2)
     1    0.006846    0.189063    1.121471    5.612957 v _161_/X (sky130_fd_sc_hd__or3b_2)
                                                         _022_ (net)
                      0.189063    0.000255    5.613212 v _162_/B1 (sky130_fd_sc_hd__a31o_2)
     1    0.002353    0.060272    0.449789    6.063001 v _162_/X (sky130_fd_sc_hd__a31o_2)
                                                         _023_ (net)
                      0.060272    0.000050    6.063051 v _163_/B2 (sky130_fd_sc_hd__o2bb2a_2)
     1    0.002981    0.081990    0.517725    6.580776 v _163_/X (sky130_fd_sc_hd__o2bb2a_2)
                                                         net24 (net)
                      0.081990    0.000067    6.580843 v output24/A (sky130_fd_sc_hd__clkdlybuf4s25_1)
     1    0.034370    0.465225    0.812662    7.393506 v output24/X (sky130_fd_sc_hd__clkdlybuf4s25_1)
                                                         Y[3] (net)
                      0.465225    0.000672    7.394177 v Y[3] (out)
                                              7.394177   data arrival time

                      0.000000   10.000000   10.000000   clock __VIRTUAL_CLK__ (rise edge)
                                  0.000000   10.000000   clock network delay (ideal)
                                 -0.250000    9.750000   clock uncertainty
                                  0.000000    9.750000   clock reconvergence pessimism
                                 -2.000000    7.750000   output external delay
                                              7.750000   data required time
---------------------------------------------------------------------------------------------
                                              7.750000   data required time
                                             -7.394177   data arrival time
---------------------------------------------------------------------------------------------
                                              0.355823   slack (MET)


Startpoint: A[1] (input port clocked by __VIRTUAL_CLK__)
Endpoint: Y[4] (output port clocked by __VIRTUAL_CLK__)
Path Group: __VIRTUAL_CLK__
Path Type: max

Fanout         Cap        Slew       Delay        Time   Description
---------------------------------------------------------------------------------------------
                      0.000000    0.000000    0.000000   clock __VIRTUAL_CLK__ (rise edge)
                                  0.000000    0.000000   clock network delay (ideal)
                                  2.000000    2.000000 v input external delay
     1    0.003613    0.021611    0.012396    2.012396 v A[1] (in)
                                                         A[1] (net)
                      0.021611    0.000000    2.012396 v input2/A (sky130_fd_sc_hd__clkdlybuf4s25_1)
     7    0.025139    0.348585    0.691977    2.704373 v input2/X (sky130_fd_sc_hd__clkdlybuf4s25_1)
                                                         net2 (net)
                      0.348585    0.000623    2.704996 v _218_/B (sky130_fd_sc_hd__xnor2_2)
     2    0.007284    0.119312    0.385499    3.090495 v _218_/Y (sky130_fd_sc_hd__xnor2_2)
                                                         _074_ (net)
                      0.119312    0.000151    3.090646 v max_cap30/A (sky130_fd_sc_hd__clkbuf_2)
     4    0.022156    0.161658    0.316534    3.407180 v max_cap30/X (sky130_fd_sc_hd__clkbuf_2)
                                                         net30 (net)
                      0.161658    0.000428    3.407608 v _221_/A1 (sky130_fd_sc_hd__a21o_2)
     4    0.019210    0.126355    0.492587    3.900194 v _221_/X (sky130_fd_sc_hd__a21o_2)
                                                         _077_ (net)
                      0.126358    0.000844    3.901039 v _228_/A1 (sky130_fd_sc_hd__a211o_2)
     2    0.008076    0.108714    0.651269    4.552308 v _228_/X (sky130_fd_sc_hd__a211o_2)
                                                         _084_ (net)
                      0.108714    0.000274    4.552582 v _229_/B (sky130_fd_sc_hd__nand2_2)
     2    0.010447    0.113790    0.161673    4.714255 ^ _229_/Y (sky130_fd_sc_hd__nand2_2)
                                                         _085_ (net)
                      0.113790    0.000268    4.714523 ^ _164_/A (sky130_fd_sc_hd__nand2_2)
     1    0.001914    0.089981    0.090023    4.804546 v _164_/Y (sky130_fd_sc_hd__nand2_2)
                                                         _024_ (net)
                      0.089981    0.000058    4.804604 v _165_/B (sky130_fd_sc_hd__and3b_2)
     1    0.005597    0.086152    0.453568    5.258172 v _165_/X (sky130_fd_sc_hd__and3b_2)
                                                         _025_ (net)
                      0.086152    0.000187    5.258359 v _172_/A1 (sky130_fd_sc_hd__o41a_2)
     1    0.004869    0.120343    0.999606    6.257965 v _172_/X (sky130_fd_sc_hd__o41a_2)
                                                         net25 (net)
                      0.120343    0.000143    6.258109 v output25/A (sky130_fd_sc_hd__clkdlybuf4s25_1)
     1    0.034283    0.464050    0.830271    7.088379 v output25/X (sky130_fd_sc_hd__clkdlybuf4s25_1)
                                                         Y[4] (net)
                      0.464050    0.000667    7.089046 v Y[4] (out)
                                              7.089046   data arrival time

                      0.000000   10.000000   10.000000   clock __VIRTUAL_CLK__ (rise edge)
                                  0.000000   10.000000   clock network delay (ideal)
                                 -0.250000    9.750000   clock uncertainty
                                  0.000000    9.750000   clock reconvergence pessimism
                                 -2.000000    7.750000   output external delay
                                              7.750000   data required time
---------------------------------------------------------------------------------------------
                                              7.750000   data required time
                                             -7.089046   data arrival time
---------------------------------------------------------------------------------------------
                                              0.660954   slack (MET)


Startpoint: OP[1] (input port clocked by __VIRTUAL_CLK__)
Endpoint: Y[1] (output port clocked by __VIRTUAL_CLK__)
Path Group: __VIRTUAL_CLK__
Path Type: max

Fanout         Cap        Slew       Delay        Time   Description
---------------------------------------------------------------------------------------------
                      0.000000    0.000000    0.000000   clock __VIRTUAL_CLK__ (rise edge)
                                  0.000000    0.000000   clock network delay (ideal)
                                  2.000000    2.000000 ^ input external delay
     1    0.003542    0.037206    0.020703    2.020703 ^ OP[1] (in)
                                                         OP[1] (net)
                      0.037206    0.000000    2.020703 ^ input18/A (sky130_fd_sc_hd__clkdlybuf4s25_1)
     2    0.006310    0.124341    0.511784    2.532487 ^ input18/X (sky130_fd_sc_hd__clkdlybuf4s25_1)
                                                         net18 (net)
                      0.124341    0.000213    2.532701 ^ fanout33/A (sky130_fd_sc_hd__clkdlybuf4s25_1)
    10    0.031925    0.517128    0.850003    3.382703 ^ fanout33/X (sky130_fd_sc_hd__clkdlybuf4s25_1)
                                                         net33 (net)
                      0.517128    0.000774    3.383477 ^ _127_/A (sky130_fd_sc_hd__or2_2)
     8    0.038674    0.319018    0.592719    3.976196 ^ _127_/X (sky130_fd_sc_hd__or2_2)
                                                         _115_ (net)
                      0.319021    0.001696    3.977892 ^ _141_/A2_N (sky130_fd_sc_hd__a2bb2o_2)
     1    0.002723    0.077911    0.627001    4.604893 v _141_/X (sky130_fd_sc_hd__a2bb2o_2)
                                                         _004_ (net)
                      0.077911    0.000081    4.604974 v _142_/C1 (sky130_fd_sc_hd__a2111o_2)
     1    0.002578    0.104771    0.802870    5.407844 v _142_/X (sky130_fd_sc_hd__a2111o_2)
                                                         _005_ (net)
                      0.104771    0.000053    5.407897 v _144_/A2 (sky130_fd_sc_hd__o22a_2)
     1    0.002727    0.068323    0.421346    5.829243 v _144_/X (sky130_fd_sc_hd__o22a_2)
                                                         net22 (net)
                      0.068323    0.000059    5.829302 v output22/A (sky130_fd_sc_hd__clkdlybuf4s25_1)
     1    0.034202    0.463225    0.804366    6.633668 v output22/X (sky130_fd_sc_hd__clkdlybuf4s25_1)
                                                         Y[1] (net)
                      0.463225    0.000821    6.634489 v Y[1] (out)
                                              6.634489   data arrival time

                      0.000000   10.000000   10.000000   clock __VIRTUAL_CLK__ (rise edge)
                                  0.000000   10.000000   clock network delay (ideal)
                                 -0.250000    9.750000   clock uncertainty
                                  0.000000    9.750000   clock reconvergence pessimism
                                 -2.000000    7.750000   output external delay
                                              7.750000   data required time
---------------------------------------------------------------------------------------------
                                              7.750000   data required time
                                             -6.634489   data arrival time
---------------------------------------------------------------------------------------------
                                              1.115511   slack (MET)


Startpoint: OP[0] (input port clocked by __VIRTUAL_CLK__)
Endpoint: Y[2] (output port clocked by __VIRTUAL_CLK__)
Path Group: __VIRTUAL_CLK__
Path Type: max

Fanout         Cap        Slew       Delay        Time   Description
---------------------------------------------------------------------------------------------
                      0.000000    0.000000    0.000000   clock __VIRTUAL_CLK__ (rise edge)
                                  0.000000    0.000000   clock network delay (ideal)
                                  2.000000    2.000000 v input external delay
     1    0.003816    0.022412    0.013066    2.013066 v OP[0] (in)
                                                         OP[0] (net)
                      0.022412    0.000000    2.013066 v input17/A (sky130_fd_sc_hd__clkdlybuf4s25_1)
     2    0.005829    0.109998    0.492447    2.505513 v input17/X (sky130_fd_sc_hd__clkdlybuf4s25_1)
                                                         net17 (net)
                      0.109998    0.000188    2.505701 v fanout34/A (sky130_fd_sc_hd__clkdlybuf4s25_1)
    10    0.029404    0.402170    0.776645    3.282346 v fanout34/X (sky130_fd_sc_hd__clkdlybuf4s25_1)
                                                         net34 (net)
                      0.402170    0.000661    3.283008 v _130_/C (sky130_fd_sc_hd__and3_2)
     7    0.027325    0.171358    0.761036    4.044044 v _130_/X (sky130_fd_sc_hd__and3_2)
                                                         _118_ (net)
                      0.171358    0.000750    4.044794 v _150_/B1 (sky130_fd_sc_hd__a221o_2)
     1    0.003724    0.092587    0.692361    4.737155 v _150_/X (sky130_fd_sc_hd__a221o_2)
                                                         _012_ (net)
                      0.092587    0.000119    4.737273 v _151_/B1 (sky130_fd_sc_hd__a211o_2)
     1    0.002807    0.080479    0.603959    5.341232 v _151_/X (sky130_fd_sc_hd__a211o_2)
                                                         _013_ (net)
                      0.080479    0.000062    5.341294 v _152_/B2 (sky130_fd_sc_hd__o22a_2)
     1    0.002995    0.070041    0.367456    5.708751 v _152_/X (sky130_fd_sc_hd__o22a_2)
                                                         net23 (net)
                      0.070041    0.000091    5.708841 v output23/A (sky130_fd_sc_hd__clkdlybuf4s25_1)
     1    0.034567    0.467862    0.808797    6.517639 v output23/X (sky130_fd_sc_hd__clkdlybuf4s25_1)
                                                         Y[2] (net)
                      0.467862    0.000873    6.518511 v Y[2] (out)
                                              6.518511   data arrival time

                      0.000000   10.000000   10.000000   clock __VIRTUAL_CLK__ (rise edge)
                                  0.000000   10.000000   clock network delay (ideal)
                                 -0.250000    9.750000   clock uncertainty
                                  0.000000    9.750000   clock reconvergence pessimism
                                 -2.000000    7.750000   output external delay
                                              7.750000   data required time
---------------------------------------------------------------------------------------------
                                              7.750000   data required time
                                             -6.518511   data arrival time
---------------------------------------------------------------------------------------------
                                              1.231489   slack (MET)


Startpoint: OP[1] (input port clocked by __VIRTUAL_CLK__)
Endpoint: Y[0] (output port clocked by __VIRTUAL_CLK__)
Path Group: __VIRTUAL_CLK__
Path Type: max

Fanout         Cap        Slew       Delay        Time   Description
---------------------------------------------------------------------------------------------
                      0.000000    0.000000    0.000000   clock __VIRTUAL_CLK__ (rise edge)
                                  0.000000    0.000000   clock network delay (ideal)
                                  2.000000    2.000000 ^ input external delay
     1    0.003542    0.037206    0.020703    2.020703 ^ OP[1] (in)
                                                         OP[1] (net)
                      0.037206    0.000000    2.020703 ^ input18/A (sky130_fd_sc_hd__clkdlybuf4s25_1)
     2    0.006310    0.124341    0.511784    2.532487 ^ input18/X (sky130_fd_sc_hd__clkdlybuf4s25_1)
                                                         net18 (net)
                      0.124341    0.000213    2.532701 ^ fanout33/A (sky130_fd_sc_hd__clkdlybuf4s25_1)
    10    0.031925    0.517128    0.850003    3.382703 ^ fanout33/X (sky130_fd_sc_hd__clkdlybuf4s25_1)
                                                         net33 (net)
                      0.517128    0.001330    3.384034 ^ _125_/S (sky130_fd_sc_hd__mux2_1)
     1    0.002666    0.108861    0.872813    4.256847 v _125_/X (sky130_fd_sc_hd__mux2_1)
                                                         _113_ (net)
                      0.108861    0.000080    4.256927 v _126_/C1 (sky130_fd_sc_hd__o211a_2)
     1    0.001927    0.065471    0.229401    4.486328 v _126_/X (sky130_fd_sc_hd__o211a_2)
                                                         _114_ (net)
                      0.065471    0.000057    4.486386 v _132_/A (sky130_fd_sc_hd__or3_2)
     1    0.003161    0.163761    1.146705    5.633090 v _132_/X (sky130_fd_sc_hd__or3_2)
                                                         net21 (net)
                      0.163761    0.000103    5.633193 v output21/A (sky130_fd_sc_hd__clkdlybuf4s25_1)
     1    0.034512    0.466900    0.853451    6.486644 v output21/X (sky130_fd_sc_hd__clkdlybuf4s25_1)
                                                         Y[0] (net)
                      0.466900    0.000705    6.487350 v Y[0] (out)
                                              6.487350   data arrival time

                      0.000000   10.000000   10.000000   clock __VIRTUAL_CLK__ (rise edge)
                                  0.000000   10.000000   clock network delay (ideal)
                                 -0.250000    9.750000   clock uncertainty
                                  0.000000    9.750000   clock reconvergence pessimism
                                 -2.000000    7.750000   output external delay
                                              7.750000   data required time
---------------------------------------------------------------------------------------------
                                              7.750000   data required time
                                             -6.487350   data arrival time
---------------------------------------------------------------------------------------------
                                              1.262650   slack (MET)



%OL_END_REPORT
%OL_CREATE_REPORT checks.rpt

===========================================================================
report_checks -unconstrained
===========================================================================
======================= nom_ss_100C_1v60 Corner ===================================

Startpoint: A[5] (input port clocked by __VIRTUAL_CLK__)
Endpoint: Y[7] (output port clocked by __VIRTUAL_CLK__)
Path Group: __VIRTUAL_CLK__
Path Type: max

Fanout         Cap        Slew       Delay        Time   Description
---------------------------------------------------------------------------------------------
                      0.000000    0.000000    0.000000   clock __VIRTUAL_CLK__ (rise edge)
                                  0.000000    0.000000   clock network delay (ideal)
                                  2.000000    2.000000 v input external delay
     1    0.002935    0.018977    0.010143    2.010143 v A[5] (in)
                                                         A[5] (net)
                      0.018977    0.000000    2.010143 v input6/A (sky130_fd_sc_hd__clkdlybuf4s25_1)
     6    0.022372    0.313505    0.663319    2.673462 v input6/X (sky130_fd_sc_hd__clkdlybuf4s25_1)
                                                         net6 (net)
                      0.313505    0.000366    2.673828 v _210_/B (sky130_fd_sc_hd__or2_4)
     5    0.018682    0.116158    0.617496    3.291324 v _210_/X (sky130_fd_sc_hd__or2_4)
                                                         _066_ (net)
                      0.116158    0.000048    3.291372 v _211_/B (sky130_fd_sc_hd__and2_2)
     2    0.004093    0.075641    0.443795    3.735168 v _211_/X (sky130_fd_sc_hd__and2_2)
                                                         _067_ (net)
                      0.075641    0.000120    3.735287 v _234_/A (sky130_fd_sc_hd__or2_2)
     1    0.002227    0.106904    0.681575    4.416862 v _234_/X (sky130_fd_sc_hd__or2_2)
                                                         _090_ (net)
                      0.106904    0.000067    4.416930 v _235_/B (sky130_fd_sc_hd__or3b_2)
     3    0.012862    0.222790    1.203388    5.620318 v _235_/X (sky130_fd_sc_hd__or3b_2)
                                                         _091_ (net)
                      0.222790    0.000481    5.620799 v _239_/A1 (sky130_fd_sc_hd__a31o_2)
     3    0.018398    0.130101    0.545725    6.166524 v _239_/X (sky130_fd_sc_hd__a31o_2)
                                                         _095_ (net)
                      0.130109    0.001167    6.167691 v _241_/A1 (sky130_fd_sc_hd__a21o_2)
     2    0.005876    0.072724    0.408823    6.576514 v _241_/X (sky130_fd_sc_hd__a21o_2)
                                                         _097_ (net)
                      0.072724    0.000125    6.576639 v _197_/A2 (sky130_fd_sc_hd__a31o_2)
     1    0.003213    0.064045    0.437586    7.014225 v _197_/X (sky130_fd_sc_hd__a31o_2)
                                                         _054_ (net)
                      0.064045    0.000105    7.014330 v _198_/B2 (sky130_fd_sc_hd__o22a_2)
     1    0.002442    0.066474    0.355343    7.369673 v _198_/X (sky130_fd_sc_hd__o22a_2)
                                                         net28 (net)
                      0.066474    0.000072    7.369745 v output28/A (sky130_fd_sc_hd__clkbuf_2)
     1    0.035096    0.246469    0.355898    7.725644 v output28/X (sky130_fd_sc_hd__clkbuf_2)
                                                         Y[7] (net)
                      0.246470    0.001055    7.726698 v Y[7] (out)
                                              7.726698   data arrival time

                      0.000000   10.000000   10.000000   clock __VIRTUAL_CLK__ (rise edge)
                                  0.000000   10.000000   clock network delay (ideal)
                                 -0.250000    9.750000   clock uncertainty
                                  0.000000    9.750000   clock reconvergence pessimism
                                 -2.000000    7.750000   output external delay
                                              7.750000   data required time
---------------------------------------------------------------------------------------------
                                              7.750000   data required time
                                             -7.726698   data arrival time
---------------------------------------------------------------------------------------------
                                              0.023301   slack (MET)




===========================================================================
report_checks --slack_max -0.01
============================================================================
======================= nom_ss_100C_1v60 Corner ===================================

No paths found.


===========================================================================
 report_check_types -max_slew -max_cap -max_fanout -violators
============================================================================
======================= nom_ss_100C_1v60 Corner ===================================



===========================================================================
report_parasitic_annotation -report_unannotated
============================================================================
Found 0 unannotated drivers.
Found 0 partially unannotated drivers.

===========================================================================
max slew violation count 0
%OL_METRIC_I design__max_slew_violation__count__corner:nom_ss_100C_1v60 0
max fanout violation count 0
%OL_METRIC_I design__max_fanout_violation__count__corner:nom_ss_100C_1v60 0
max cap violation count 0
%OL_METRIC_I design__max_cap_violation__count__corner:nom_ss_100C_1v60 0
============================================================================

===========================================================================
check_setup -verbose -unconstrained_endpoints -multiple_clock -no_clock -no_input_delay -loops -generated_clocks
===========================================================================
%OL_END_REPORT
%OL_CREATE_REPORT power.rpt

===========================================================================
 report_power
============================================================================
======================= nom_ss_100C_1v60 Corner ===================================

Group                    Internal    Switching      Leakage        Total
                            Power        Power        Power        Power (Watts)
------------------------------------------------------------------------
Sequential           0.000000e+00 0.000000e+00 0.000000e+00 0.000000e+00   0.0%
Combinational        3.471195e-05 3.522307e-05 8.595221e-07 7.079454e-05 100.0%
Clock                0.000000e+00 0.000000e+00 8.735242e-10 8.735242e-10   0.0%
Macro                0.000000e+00 0.000000e+00 0.000000e+00 0.000000e+00   0.0%
Pad                  0.000000e+00 0.000000e+00 0.000000e+00 0.000000e+00   0.0%
------------------------------------------------------------------------
Total                3.471195e-05 3.522307e-05 8.603956e-07 7.079542e-05 100.0%
                            49.0%        49.8%         1.2%
%OL_METRIC_F power__internal__total 3.471195304882713e-5
%OL_METRIC_F power__switching__total 3.522307088132948e-5
%OL_METRIC_F power__leakage__total 8.603956302977167e-7
%OL_METRIC_F power__total 7.079541683197021e-5

%OL_END_REPORT
%OL_CREATE_REPORT skew.min.rpt

===========================================================================
Clock Skew (Hold)
============================================================================
%OL_METRIC_F clock__skew__worst_hold__corner:nom_ss_100C_1v60 0.0
======================= nom_ss_100C_1v60 Corner ===================================

Clock __VIRTUAL_CLK__
No launch/capture paths found.

%OL_END_REPORT
%OL_CREATE_REPORT skew.max.rpt

===========================================================================
Clock Skew (Setup)
============================================================================
%OL_METRIC_F clock__skew__worst_setup__corner:nom_ss_100C_1v60 0.0
======================= nom_ss_100C_1v60 Corner ===================================

Clock __VIRTUAL_CLK__
No launch/capture paths found.

%OL_END_REPORT
%OL_CREATE_REPORT ws.min.rpt

===========================================================================
Worst Slack (Hold)
============================================================================
%OL_METRIC_F timing__hold__ws__corner:nom_ss_100C_1v60 5.227368907914658
nom_ss_100C_1v60: 5.227368907914658
%OL_END_REPORT
%OL_CREATE_REPORT ws.max.rpt

===========================================================================
Worst Slack (Setup)
============================================================================
%OL_METRIC_F timing__setup__ws__corner:nom_ss_100C_1v60 0.023301361499840294
nom_ss_100C_1v60: 0.023301361499840294
%OL_END_REPORT
%OL_CREATE_REPORT tns.min.rpt

===========================================================================
Total Negative Slack (Hold)
============================================================================
%OL_METRIC_F timing__hold__tns__corner:nom_ss_100C_1v60 0.0
nom_ss_100C_1v60: 0.0
%OL_END_REPORT
%OL_CREATE_REPORT tns.max.rpt

===========================================================================
Total Negative Slack (Setup)
============================================================================
%OL_METRIC_F timing__setup__tns__corner:nom_ss_100C_1v60 0.0
nom_ss_100C_1v60: 0.0
%OL_END_REPORT
%OL_CREATE_REPORT wns.min.rpt

===========================================================================
Worst Negative Slack (Hold)
============================================================================
%OL_METRIC_F timing__hold__wns__corner:nom_ss_100C_1v60 0
nom_ss_100C_1v60: 0
%OL_END_REPORT
%OL_CREATE_REPORT wns.max.rpt

===========================================================================
Worst Negative Slack (Setup)
============================================================================
%OL_METRIC_F timing__setup__wns__corner:nom_ss_100C_1v60 0.0
nom_ss_100C_1v60: 0.0
%OL_END_REPORT
%OL_CREATE_REPORT violator_list.rpt

===========================================================================
Violator List
============================================================================
%OL_METRIC_I timing__hold_vio__count__corner:nom_ss_100C_1v60 0
%OL_METRIC_F timing__hold_r2r__ws__corner:nom_ss_100C_1v60 inf
%OL_METRIC_I timing__hold_r2r_vio__count__corner:nom_ss_100C_1v60 0
%OL_METRIC_I timing__setup_vio__count__corner:nom_ss_100C_1v60 0
%OL_METRIC_F timing__setup_r2r__ws__corner:nom_ss_100C_1v60 inf
%OL_METRIC_I timing__setup_r2r_vio__count__corner:nom_ss_100C_1v60 0
%OL_END_REPORT
%OL_CREATE_REPORT unpropagated.rpt
__VIRTUAL_CLK__
%OL_END_REPORT
%OL_CREATE_REPORT clock.rpt
Clock: __VIRTUAL_CLK__
Sources: 
Generated: no
Virtual: yes
Propagated: no
Period: 10.000000

===========================================================================
report_clock_properties
============================================================================
Clock                   Period          Waveform
----------------------------------------------------
__VIRTUAL_CLK__      10.000000    0.000000  5.000000

===========================================================================
report_clock_latency
============================================================================
Clock __VIRTUAL_CLK__


===========================================================================
report_clock_min_period
============================================================================
__VIRTUAL_CLK__ period_min = 0.00 fmax = inf
%OL_END_REPORT
Writing SDF files for all corners…
Removing Clock latencies before writing libs…
Writing timing models for all corners…
Writing timing models for the nom_ss_100C_1v60 corner to /home/gp7871/VLSI_Freelancing/projects/alu8_rtl_to_gds/runs/RUN_2026-09-16_17-08-36/55-openroad-stapostpnr/nom_ss_100C_1v60/alu8__nom_ss_100C_1v60.lib…
