+ analyze_power_grid -net VPWR -voltage_file /home/gp7871/VLSI_Freelancing/projects/alu8_rtl_to_gds/runs/alu8_v1/56-openroad-irdropreport/net-VPWR.csv
[INFO PSM-0040] All shapes on net VPWR are connected.
########## IR report #################
Net              : VPWR
Corner           : nom_tt_025C_1v80
Total power      : 8.71e-05 W
Supply voltage   : 1.80e+00 V
Worstcase voltage: 1.80e+00 V
Average voltage  : 1.80e+00 V
Average IR drop  : 1.89e-05 V
Worstcase IR drop: 4.29e-05 V
Percentage drop  : 0.00 %
######################################
+ analyze_power_grid -net VGND -voltage_file /home/gp7871/VLSI_Freelancing/projects/alu8_rtl_to_gds/runs/alu8_v1/56-openroad-irdropreport/net-VGND.csv
[INFO PSM-0040] All shapes on net VGND are connected.
########## IR report #################
Net              : VGND
Corner           : nom_tt_025C_1v80
Total power      : 8.71e-05 W
Supply voltage   : 0.00e+00 V
Worstcase voltage: 4.10e-05 V
Average voltage  : 1.79e-05 V
Average IR drop  : 1.79e-05 V
Worstcase IR drop: 4.10e-05 V
Percentage drop  : 0.00 %
######################################
