Reading timing models for corner nom_tt_025C_1v80…
Reading timing library for the 'nom_tt_025C_1v80' corner at '/home/gp7871/.ciel/ciel/sky130/versions/8afc8346a57fe1ab7934ba5a6056ea8b43078e71/ciel/sky130/versions/8afc8346a57fe1ab7934ba5a6056ea8b43078e71/sky130A/libs.ref/sky130_fd_sc_hd/lib/sky130_fd_sc_hd__tt_025C_1v80.lib'…
Reading OpenROAD database at '/home/gp7871/VLSI_Freelancing/projects/alu8_rtl_to_gds/runs/RUN_2026-09-16_17-08-36/42-openroad-repairantennas/1-openroad-diodeinsertion/alu8.odb'…
Reading design constraints file at '/nix/store/9qkr4093f83hkvz5bia9qvxcyc2kzr15-python3-3.13.9-env/lib/python3.13/site-packages/librelane/scripts/base.sdc'…
[WARNING] No CLOCK_PORT found. A dummy clock will be used.
[WARNING STA-0366] port '__VIRTUAL_CLK__' not found.
[INFO] Using clock __VIRTUAL_CLK__…
[INFO] Setting output delay to: 2.0
[INFO] Setting input delay to: 2.0
[WARNING STA-0366] port '__VIRTUAL_CLK__' not found.
[INFO] Setting load to: 0.033442
[INFO] Setting clock uncertainty to: 0.25
[INFO] Setting clock transition to: 0.1499999999999999944488848768742172978818416595458984375
[WARNING STA-0419] transition time can not be specified for virtual clocks.
[INFO] Setting timing derate to: 5.0%
[WARNING STA-0450] virtual clock __VIRTUAL_CLK__ can not be propagated.
[INFO ORD-0030] Using 8 thread(s).
+ detailed_route -droute_end_iter 64 -or_seed 42 -verbose 1 -output_drc /home/gp7871/VLSI_Freelancing/projects/alu8_rtl_to_gds/runs/RUN_2026-09-16_17-08-36/44-openroad-detailedrouting/drt-run-0/alu8.drc
[INFO DRT-0149] Reading tech and libs.
[WARNING DRT-0349] LEF58_ENCLOSURE with no CUTCLASS is not supported. Skipping for layer mcon
[WARNING DRT-0349] LEF58_ENCLOSURE with no CUTCLASS is not supported. Skipping for layer mcon
[WARNING DRT-0349] LEF58_ENCLOSURE with no CUTCLASS is not supported. Skipping for layer via
[WARNING DRT-0349] LEF58_ENCLOSURE with no CUTCLASS is not supported. Skipping for layer via
[WARNING DRT-0349] LEF58_ENCLOSURE with no CUTCLASS is not supported. Skipping for layer via2
[WARNING DRT-0349] LEF58_ENCLOSURE with no CUTCLASS is not supported. Skipping for layer via2
[WARNING DRT-0349] LEF58_ENCLOSURE with no CUTCLASS is not supported. Skipping for layer via3
[WARNING DRT-0349] LEF58_ENCLOSURE with no CUTCLASS is not supported. Skipping for layer via3
[WARNING DRT-0349] LEF58_ENCLOSURE with no CUTCLASS is not supported. Skipping for layer via4
[WARNING DRT-0349] LEF58_ENCLOSURE with no CUTCLASS is not supported. Skipping for layer via4

Units:                1000
Number of layers:     13
Number of macros:     445
Number of vias:       29
Number of viarulegen: 25

[INFO DRT-0150] Reading design.

Design:                   alu8
Die area:                 ( 0 0 ) ( 65090 75810 )
Number of track patterns: 12
Number of DEF vias:       0
Number of components:     247
Number of terminals:      30
Number of snets:          2
Number of nets:           186

[INFO DRT-0167] List of default vias:
  Layer via
    default via: M1M2_PR
  Layer via2
    default via: M2M3_PR
  Layer via3
    default via: M3M4_PR
  Layer via4
    default via: M4M5_PR
[INFO DRT-0162] Library cell analysis.
[INFO DRT-0163] Instance analysis.
[INFO DRT-0164] Number of unique instances = 91.
[INFO DRT-0168] Init region query.
[INFO DRT-0024]   Complete FR_MASTERSLICE.
[INFO DRT-0024]   Complete licon.
[INFO DRT-0024]   Complete li1.
[INFO DRT-0024]   Complete mcon.
[INFO DRT-0024]   Complete met1.
[INFO DRT-0024]   Complete via.
[INFO DRT-0024]   Complete met2.
[INFO DRT-0024]   Complete via2.
[INFO DRT-0024]   Complete met3.
[INFO DRT-0024]   Complete via3.
[INFO DRT-0024]   Complete met4.
[INFO DRT-0024]   Complete via4.
[INFO DRT-0024]   Complete met5.
[INFO DRT-0033] FR_MASTERSLICE shape region query size = 0.
[INFO DRT-0033] licon shape region query size = 0.
[INFO DRT-0033] li1 shape region query size = 4686.
[INFO DRT-0033] mcon shape region query size = 0.
[INFO DRT-0033] met1 shape region query size = 562.
[INFO DRT-0033] via shape region query size = 100.
[INFO DRT-0033] met2 shape region query size = 69.
[INFO DRT-0033] via2 shape region query size = 80.
[INFO DRT-0033] met3 shape region query size = 79.
[INFO DRT-0033] via3 shape region query size = 80.
[INFO DRT-0033] met4 shape region query size = 26.
[INFO DRT-0033] via4 shape region query size = 2.
[INFO DRT-0033] met5 shape region query size = 6.
[INFO DRT-0165] Start pin access.
[INFO DRT-0078]   Complete 683 pins.
[INFO DRT-0081]   Complete 91 unique inst patterns.
[INFO DRT-0084]   Complete 112 groups.
#scanned instances     = 247
#unique  instances     = 91
#stdCellGenAp          = 2245
#stdCellValidPlanarAp  = 7
#stdCellValidViaAp     = 1794
#stdCellPinNoAp        = 0
#stdCellPinCnt         = 581
#instTermValidViaApCnt = 0
#macroGenAp            = 0
#macroValidPlanarAp    = 0
#macroValidViaAp       = 0
#macroNoAp             = 0
[INFO DRT-0166] Complete pin access.
[INFO DRT-0267] cpu time = 00:01:10, elapsed time = 00:00:09, memory = 129.90 (MB), peak = 129.57 (MB)

[INFO DRT-0157] Number of guides:     1205

[INFO DRT-0169] Post process guides.
[INFO DRT-0176] GCELLGRID X 0 DO 9 STEP 6900 ;
[INFO DRT-0177] GCELLGRID Y 0 DO 10 STEP 6900 ;
[INFO DRT-0028]   Complete FR_MASTERSLICE.
[INFO DRT-0028]   Complete licon.
[INFO DRT-0028]   Complete li1.
[INFO DRT-0028]   Complete mcon.
[INFO DRT-0028]   Complete met1.
[INFO DRT-0028]   Complete via.
[INFO DRT-0028]   Complete met2.
[INFO DRT-0028]   Complete via2.
[INFO DRT-0028]   Complete met3.
[INFO DRT-0028]   Complete via3.
[INFO DRT-0028]   Complete met4.
[INFO DRT-0028]   Complete via4.
[INFO DRT-0028]   Complete met5.
[INFO DRT-0178] Init guide query.
[INFO DRT-0035]   Complete FR_MASTERSLICE (guide).
[INFO DRT-0035]   Complete licon (guide).
[INFO DRT-0035]   Complete li1 (guide).
[INFO DRT-0035]   Complete mcon (guide).
[INFO DRT-0035]   Complete met1 (guide).
[INFO DRT-0035]   Complete via (guide).
[INFO DRT-0035]   Complete met2 (guide).
[INFO DRT-0035]   Complete via2 (guide).
[INFO DRT-0035]   Complete met3 (guide).
[INFO DRT-0035]   Complete via3 (guide).
[INFO DRT-0035]   Complete met4 (guide).
[INFO DRT-0035]   Complete via4 (guide).
[INFO DRT-0035]   Complete met5 (guide).
[INFO DRT-0036] FR_MASTERSLICE guide region query size = 0.
[INFO DRT-0036] licon guide region query size = 0.
[INFO DRT-0036] li1 guide region query size = 442.
[INFO DRT-0036] mcon guide region query size = 0.
[INFO DRT-0036] met1 guide region query size = 347.
[INFO DRT-0036] via guide region query size = 0.
[INFO DRT-0036] met2 guide region query size = 173.
[INFO DRT-0036] via2 guide region query size = 0.
[INFO DRT-0036] met3 guide region query size = 20.
[INFO DRT-0036] via3 guide region query size = 0.
[INFO DRT-0036] met4 guide region query size = 0.
[INFO DRT-0036] via4 guide region query size = 0.
[INFO DRT-0036] met5 guide region query size = 0.
[INFO DRT-0179] Init gr pin query.
[INFO DRT-0267] cpu time = 00:00:00, elapsed time = 00:00:00, memory = 130.51 (MB), peak = 129.94 (MB)
[INFO DRT-0245] skipped writing guide updates to database.
[INFO DRT-0185] Post process initialize RPin region query.
[INFO DRT-0181] Start track assignment.
[INFO DRT-0184] Done with 615 vertical wires in 1 frboxes and 367 horizontal wires in 1 frboxes.
[INFO DRT-0186] Done with 43 vertical wires in 1 frboxes and 100 horizontal wires in 1 frboxes.
[INFO DRT-0182] Complete track assignment.
[INFO DRT-0267] cpu time = 00:00:01, elapsed time = 00:00:00, memory = 133.62 (MB), peak = 133.07 (MB)
[INFO DRT-0187] Start routing data preparation.
[INFO DRT-0267] cpu time = 00:00:00, elapsed time = 00:00:00, memory = 133.62 (MB), peak = 133.07 (MB)
[INFO DRT-0194] Start detail routing.
[INFO DRT-0195] Start 0th optimization iteration.
    Completing 20% with 0 violations.
    elapsed time = 00:00:03, memory = 143.43 (MB).
    Completing 50% with 17 violations.
    elapsed time = 00:00:03, memory = 148.44 (MB).
    Completing 70% with 18 violations.
    elapsed time = 00:00:04, memory = 148.44 (MB).
    Completing 100% with 26 violations.
    elapsed time = 00:00:04, memory = 148.44 (MB).
[INFO DRT-0199]   Number of violations = 40.
Viol/Layer        met1   met2
Metal Spacing       11      1
Recheck             11      3
Short               14      0
[INFO DRT-0267] cpu time = 00:00:12, elapsed time = 00:00:05, memory = 509.83 (MB), peak = 509.49 (MB)
Total wire length = 3116 um.
Total wire length on LAYER li1 = 0 um.
Total wire length on LAYER met1 = 1603 um.
Total wire length on LAYER met2 = 1390 um.
Total wire length on LAYER met3 = 122 um.
Total wire length on LAYER met4 = 0 um.
Total wire length on LAYER met5 = 0 um.
Total number of vias = 1154.
Up-via summary (total 1154):

-----------------------
 FR_MASTERSLICE       0
            li1     592
           met1     543
           met2      19
           met3       0
           met4       0
-----------------------
               1154


[INFO DRT-0195] Start 1st optimization iteration.
    Completing 20% with 40 violations.
    elapsed time = 00:00:00, memory = 509.89 (MB).
    Completing 50% with 38 violations.
    elapsed time = 00:00:01, memory = 525.77 (MB).
    Completing 70% with 33 violations.
    elapsed time = 00:00:02, memory = 525.77 (MB).
    Completing 100% with 1 violations.
    elapsed time = 00:00:02, memory = 525.77 (MB).
[INFO DRT-0199]   Number of violations = 1.
Viol/Layer        met1
Short                1
[INFO DRT-0267] cpu time = 00:00:10, elapsed time = 00:00:03, memory = 526.79 (MB), peak = 526.24 (MB)
Total wire length = 3063 um.
Total wire length on LAYER li1 = 0 um.
Total wire length on LAYER met1 = 1552 um.
Total wire length on LAYER met2 = 1387 um.
Total wire length on LAYER met3 = 124 um.
Total wire length on LAYER met4 = 0 um.
Total wire length on LAYER met5 = 0 um.
Total number of vias = 1185.
Up-via summary (total 1185):

-----------------------
 FR_MASTERSLICE       0
            li1     594
           met1     572
           met2      19
           met3       0
           met4       0
-----------------------
               1185


[INFO DRT-0195] Start 2nd optimization iteration.
    Completing 10% with 1 violations.
    elapsed time = 00:00:00, memory = 526.79 (MB).
    Completing 30% with 1 violations.
    elapsed time = 00:00:00, memory = 526.79 (MB).
    Completing 50% with 1 violations.
    elapsed time = 00:00:00, memory = 526.79 (MB).
    Completing 60% with 1 violations.
    elapsed time = 00:00:00, memory = 526.79 (MB).
    Completing 80% with 1 violations.
    elapsed time = 00:00:00, memory = 526.79 (MB).
    Completing 100% with 1 violations.
    elapsed time = 00:00:07, memory = 551.09 (MB).
[INFO DRT-0199]   Number of violations = 1.
Viol/Layer        met1
Short                1
[INFO DRT-0267] cpu time = 00:00:08, elapsed time = 00:00:07, memory = 551.09 (MB), peak = 572.12 (MB)
Total wire length = 3063 um.
Total wire length on LAYER li1 = 0 um.
Total wire length on LAYER met1 = 1552 um.
Total wire length on LAYER met2 = 1387 um.
Total wire length on LAYER met3 = 124 um.
Total wire length on LAYER met4 = 0 um.
Total wire length on LAYER met5 = 0 um.
Total number of vias = 1185.
Up-via summary (total 1185):

-----------------------
 FR_MASTERSLICE       0
            li1     594
           met1     572
           met2      19
           met3       0
           met4       0
-----------------------
               1185


[INFO DRT-0195] Start 3rd guides tiles iteration.
    Completing 100% with 0 violations.
    elapsed time = 00:00:00, memory = 551.22 (MB).
[INFO DRT-0199]   Number of violations = 0.
[INFO DRT-0267] cpu time = 00:00:03, elapsed time = 00:00:00, memory = 551.22 (MB), peak = 572.12 (MB)
Total wire length = 3062 um.
Total wire length on LAYER li1 = 0 um.
Total wire length on LAYER met1 = 1537 um.
Total wire length on LAYER met2 = 1387 um.
Total wire length on LAYER met3 = 137 um.
Total wire length on LAYER met4 = 0 um.
Total wire length on LAYER met5 = 0 um.
Total number of vias = 1186.
Up-via summary (total 1186):

-----------------------
 FR_MASTERSLICE       0
            li1     593
           met1     572
           met2      21
           met3       0
           met4       0
-----------------------
               1186


[INFO DRT-0198] Complete detail routing.
Total wire length = 3062 um.
Total wire length on LAYER li1 = 0 um.
Total wire length on LAYER met1 = 1537 um.
Total wire length on LAYER met2 = 1387 um.
Total wire length on LAYER met3 = 137 um.
Total wire length on LAYER met4 = 0 um.
Total wire length on LAYER met5 = 0 um.
Total number of vias = 1186.
Up-via summary (total 1186):

-----------------------
 FR_MASTERSLICE       0
            li1     593
           met1     572
           met2      21
           met3       0
           met4       0
-----------------------
               1186


[INFO DRT-0267] cpu time = 00:00:35, elapsed time = 00:00:16, memory = 551.34 (MB), peak = 572.12 (MB)

[INFO DRT-0180] Post processing.
+ check_antennas 
[INFO ANT-0002] Found 0 net violations.
[INFO ANT-0001] Found 0 pin violations.
Setting global connections for newly added cells…
[INFO] Setting global connections...
[INFO ODB-0403] 0 connections made, 0 conflicts skipped.
Updating metrics…
Cell type report:                       Count       Area
  Fill cell                                38     142.64
  Tap cell                                 42      52.55
  Timing Repair Buffer                     34     316.55
  Inverter                                  5      18.77
  Multi-Input combinational cell          128    1152.36
  Total                                   247    1682.86
Writing OpenROAD database to '/home/gp7871/VLSI_Freelancing/projects/alu8_rtl_to_gds/runs/RUN_2026-09-16_17-08-36/44-openroad-detailedrouting/alu8.odb'…
Writing netlist to '/home/gp7871/VLSI_Freelancing/projects/alu8_rtl_to_gds/runs/RUN_2026-09-16_17-08-36/44-openroad-detailedrouting/alu8.nl.v'…
Writing powered netlist to '/home/gp7871/VLSI_Freelancing/projects/alu8_rtl_to_gds/runs/RUN_2026-09-16_17-08-36/44-openroad-detailedrouting/alu8.pnl.v'…
Writing layout to '/home/gp7871/VLSI_Freelancing/projects/alu8_rtl_to_gds/runs/RUN_2026-09-16_17-08-36/44-openroad-detailedrouting/alu8.def'…
Writing timing constraints to '/home/gp7871/VLSI_Freelancing/projects/alu8_rtl_to_gds/runs/RUN_2026-09-16_17-08-36/44-openroad-detailedrouting/alu8.sdc'…
