
===========================================================================
report_checks -unconstrained
===========================================================================
======================= max_ss_100C_1v60 Corner ===================================

Startpoint: A[5] (input port clocked by __VIRTUAL_CLK__)
Endpoint: Y[7] (output port clocked by __VIRTUAL_CLK__)
Path Group: __VIRTUAL_CLK__
Path Type: max

Fanout         Cap        Slew       Delay        Time   Description
---------------------------------------------------------------------------------------------
                      0.000000    0.000000    0.000000   clock __VIRTUAL_CLK__ (rise edge)
                                  0.000000    0.000000   clock network delay (ideal)
                                  2.000000    2.000000 v input external delay
     1    0.002982    0.019153    0.010345    2.010345 v A[5] (in)
                                                         A[5] (net)
                      0.019154    0.000000    2.010345 v input6/A (sky130_fd_sc_hd__clkdlybuf4s25_1)
     6    0.023075    0.322544    0.670089    2.680434 v input6/X (sky130_fd_sc_hd__clkdlybuf4s25_1)
                                                         net6 (net)
                      0.322544    0.000884    2.681318 v _210_/B (sky130_fd_sc_hd__or2_4)
     5    0.019205    0.117885    0.623265    3.304583 v _210_/X (sky130_fd_sc_hd__or2_4)
                                                         _066_ (net)
                      0.117885    0.000121    3.304704 v _211_/B (sky130_fd_sc_hd__and2_2)
     2    0.004266    0.076409    0.446093    3.750797 v _211_/X (sky130_fd_sc_hd__and2_2)
                                                         _067_ (net)
                      0.076409    0.000286    3.751083 v _234_/A (sky130_fd_sc_hd__or2_2)
     1    0.002339    0.107550    0.683329    4.434412 v _234_/X (sky130_fd_sc_hd__or2_2)
                                                         _090_ (net)
                      0.107550    0.000150    4.434562 v _235_/B (sky130_fd_sc_hd__or3b_2)
     3    0.013454    0.227126    1.209694    5.644256 v _235_/X (sky130_fd_sc_hd__or3b_2)
                                                         _091_ (net)
                      0.227126    0.001009    5.645265 v _239_/A1 (sky130_fd_sc_hd__a31o_2)
     3    0.018812    0.131658    0.548603    6.193868 v _239_/X (sky130_fd_sc_hd__a31o_2)
                                                         _095_ (net)
                      0.131720    0.002708    6.196576 v _241_/A1 (sky130_fd_sc_hd__a21o_2)
     2    0.006001    0.073190    0.410170    6.606746 v _241_/X (sky130_fd_sc_hd__a21o_2)
                                                         _097_ (net)
                      0.073190    0.000298    6.607044 v _197_/A2 (sky130_fd_sc_hd__a31o_2)
     1    0.003285    0.064410    0.438394    7.045438 v _197_/X (sky130_fd_sc_hd__a31o_2)
                                                         _054_ (net)
                      0.064410    0.000256    7.045694 v _198_/B2 (sky130_fd_sc_hd__o22a_2)
     1    0.002482    0.066750    0.355876    7.401570 v _198_/X (sky130_fd_sc_hd__o22a_2)
                                                         net28 (net)
                      0.066750    0.000190    7.401760 v output28/A (sky130_fd_sc_hd__clkbuf_2)
     1    0.035184    0.247283    0.355734    7.757493 v output28/X (sky130_fd_sc_hd__clkbuf_2)
                                                         Y[7] (net)
                      0.247296    0.002042    7.759535 v Y[7] (out)
                                              7.759535   data arrival time

                      0.000000   10.000000   10.000000   clock __VIRTUAL_CLK__ (rise edge)
                                  0.000000   10.000000   clock network delay (ideal)
                                 -0.250000    9.750000   clock uncertainty
                                  0.000000    9.750000   clock reconvergence pessimism
                                 -2.000000    7.750000   output external delay
                                              7.750000   data required time
---------------------------------------------------------------------------------------------
                                              7.750000   data required time
                                             -7.759535   data arrival time
---------------------------------------------------------------------------------------------
                                             -0.009535   slack (VIOLATED)




===========================================================================
report_checks --slack_max -0.01
============================================================================
======================= max_ss_100C_1v60 Corner ===================================

No paths found.


===========================================================================
 report_check_types -max_slew -max_cap -max_fanout -violators
============================================================================
======================= max_ss_100C_1v60 Corner ===================================



===========================================================================
report_parasitic_annotation -report_unannotated
============================================================================
Found 0 unannotated drivers.
Found 0 partially unannotated drivers.

===========================================================================
max slew violation count 0
max fanout violation count 0
max cap violation count 0
============================================================================

===========================================================================
check_setup -verbose -unconstrained_endpoints -multiple_clock -no_clock -no_input_delay -loops -generated_clocks
===========================================================================
