
===========================================================================
report_checks -unconstrained
===========================================================================
======================= min_tt_025C_1v80 Corner ===================================

Startpoint: tx_start (input port clocked by clk)
Endpoint: _236_ (rising edge-triggered flip-flop clocked by clk)
Path Group: clk
Path Type: max

Fanout         Cap        Slew       Delay        Time   Description
---------------------------------------------------------------------------------------------
                                  0.000000    0.000000   clock clk (rise edge)
                                  0.000000    0.000000   clock network delay (propagated)
                                  2.000000    2.000000 ^ input external delay
     1    0.003736    0.000000    0.000000    2.000000 ^ tx_start (in)
                                                         tx_start (net)
                      0.000032    0.000016    2.000016 ^ input10/A (sky130_fd_sc_hd__clkdlybuf4s25_1)
     4    0.015012    0.159395    0.312642    2.312657 ^ input10/X (sky130_fd_sc_hd__clkdlybuf4s25_1)
                                                         net10 (net)
                      0.159395    0.000206    2.312863 ^ _169_/B (sky130_fd_sc_hd__and2_2)
     8    0.038272    0.200205    0.290824    2.603688 ^ _169_/X (sky130_fd_sc_hd__and2_2)
                                                         _088_ (net)
                      0.200208    0.001110    2.604797 ^ _139_/S (sky130_fd_sc_hd__mux2_1)
     1    0.003162    0.057210    0.344351    2.949148 v _139_/X (sky130_fd_sc_hd__mux2_1)
                                                         _067_ (net)
                      0.057210    0.000049    2.949198 v _140_/A0 (sky130_fd_sc_hd__mux2_1)
     1    0.002752    0.054751    0.280050    3.229247 v _140_/X (sky130_fd_sc_hd__mux2_1)
                                                         _068_ (net)
                      0.054751    0.000036    3.229283 v _141_/B (sky130_fd_sc_hd__or2_2)
     1    0.002956    0.054217    0.270577    3.499861 v _141_/X (sky130_fd_sc_hd__or2_2)
                                                         _022_ (net)
                      0.054217    0.000038    3.499899 v _236_/D (sky130_fd_sc_hd__dfxtp_2)
                                              3.499899   data arrival time

                                 20.000000   20.000000   clock clk (rise edge)
                                  0.000000   20.000000   clock source latency
     1    0.014492    0.000000    0.000000   20.000000 ^ clk (in)
                                                         clk (net)
                      0.000777    0.000389   20.000389 ^ clkbuf_0_clk/A (sky130_fd_sc_hd__clkbuf_16)
     4    0.039427    0.059229    0.125979   20.126369 ^ clkbuf_0_clk/X (sky130_fd_sc_hd__clkbuf_16)
                                                         clknet_0_clk (net)
                      0.059233    0.000494   20.126862 ^ clkbuf_2_0__f_clk/A (sky130_fd_sc_hd__clkbuf_16)
     8    0.027655    0.049014    0.137838   20.264700 ^ clkbuf_2_0__f_clk/X (sky130_fd_sc_hd__clkbuf_16)
                                                         clknet_2_0__leaf_clk (net)
                      0.049014    0.000247   20.264948 ^ _236_/CLK (sky130_fd_sc_hd__dfxtp_2)
                                  0.000000   20.264948   clock reconvergence pessimism
                                 -0.115969   20.148977   library setup time
                                             20.148977   data required time
---------------------------------------------------------------------------------------------
                                             20.148977   data required time
                                             -3.499899   data arrival time
---------------------------------------------------------------------------------------------
                                             16.649078   slack (MET)




===========================================================================
report_checks --slack_max -0.01
============================================================================
======================= min_tt_025C_1v80 Corner ===================================

No paths found.


===========================================================================
 report_check_types -max_slew -max_cap -max_fanout -violators
============================================================================
======================= min_tt_025C_1v80 Corner ===================================



===========================================================================
report_parasitic_annotation -report_unannotated
============================================================================
Found 3 unannotated drivers.
 clkload0/X
 clkload1/X
 clkload2/X
Found 0 partially unannotated drivers.

===========================================================================
max slew violation count 0
max fanout violation count 0
max cap violation count 0
============================================================================

===========================================================================
check_setup -verbose -unconstrained_endpoints -multiple_clock -no_clock -no_input_delay -loops -generated_clocks
===========================================================================
