Clock: clk
Sources: clk 
Generated: no
Virtual: yes
Propagated: no
Period: 20.000000

===========================================================================
report_clock_properties
============================================================================
Clock                   Period          Waveform
----------------------------------------------------
clk                  20.000000    0.000000 10.000000

===========================================================================
report_clock_latency
============================================================================
Clock clk
rise -> rise
    min     max
0.000000 0.000000 source latency
0.262903         network latency _232_/CLK
        0.265383 network latency _237_/CLK
---------------
0.262903 0.265383 latency
        0.002479 skew

fall -> fall
    min     max
0.000000 0.000000 source latency
0.288917         network latency _218_/CLK
        0.290965 network latency _237_/CLK
---------------
0.288917 0.290965 latency
        0.002047 skew



===========================================================================
report_clock_min_period
============================================================================
clk period_min = 2.92 fmax = 342.60
