
===========================================================================
report_checks -unconstrained
===========================================================================
======================= nom_tt_025C_1v80 Corner ===================================

Startpoint: tx_start (input port clocked by clk)
Endpoint: _236_ (rising edge-triggered flip-flop clocked by clk)
Path Group: clk
Path Type: max

Fanout         Cap        Slew       Delay        Time   Description
---------------------------------------------------------------------------------------------
                      0.000000    0.000000    0.000000   clock clk (rise edge)
                                  0.000000    0.000000   clock network delay (ideal)
                                  2.000000    2.000000 ^ input external delay
     4    0.011094    0.000000    0.000000    2.000000 ^ tx_start (in)
                                                         tx_start (net)
                      0.000000    0.000000    2.000000 ^ _169_/B (sky130_fd_sc_hd__and2_2)
     8    0.029380    0.161552    0.213440    2.213440 ^ _169_/X (sky130_fd_sc_hd__and2_2)
                                                         _088_ (net)
                      0.161552    0.000000    2.213440 ^ _139_/S (sky130_fd_sc_hd__mux2_1)
     1    0.001505    0.049296    0.323188    2.536628 v _139_/X (sky130_fd_sc_hd__mux2_1)
                                                         _067_ (net)
                      0.049296    0.000000    2.536628 v _140_/A0 (sky130_fd_sc_hd__mux2_1)
     1    0.001321    0.048230    0.263992    2.800620 v _140_/X (sky130_fd_sc_hd__mux2_1)
                                                         _068_ (net)
                      0.048230    0.000000    2.800620 v _141_/B (sky130_fd_sc_hd__or2_2)
     1    0.001681    0.050096    0.260292    3.060912 v _141_/X (sky130_fd_sc_hd__or2_2)
                                                         _022_ (net)
                      0.050096    0.000000    3.060912 v _236_/D (sky130_fd_sc_hd__dfxtp_2)
                                              3.060912   data arrival time

                      0.000000   20.000000   20.000000   clock clk (rise edge)
                                  0.000000   20.000000   clock network delay (ideal)
                                  0.000000   20.000000   clock reconvergence pessimism
                                             20.000000 ^ _236_/CLK (sky130_fd_sc_hd__dfxtp_2)
                                 -0.125627   19.874372   library setup time
                                             19.874372   data required time
---------------------------------------------------------------------------------------------
                                             19.874372   data required time
                                             -3.060912   data arrival time
---------------------------------------------------------------------------------------------
                                             16.813461   slack (MET)




===========================================================================
report_checks --slack_max -0.01
============================================================================
======================= nom_tt_025C_1v80 Corner ===================================

No paths found.


===========================================================================
 report_check_types -max_slew -max_cap -max_fanout -violators
============================================================================
======================= nom_tt_025C_1v80 Corner ===================================



===========================================================================
report_parasitic_annotation -report_unannotated
============================================================================
Found 149 unannotated drivers.
 clk
 rst
 tx_data[0]
 tx_data[1]
 tx_data[2]
 tx_data[3]
 tx_data[4]
 tx_data[5]
 tx_data[6]
 tx_data[7]
 tx_start
 _107_/X
 _108_/X
 _109_/X
 _110_/X
 _111_/X
 _112_/X
 _113_/X
 _114_/X
 _115_/X
 _116_/X
 _117_/X
 _118_/X
 _119_/X
 _120_/X
 _121_/Y
 _122_/X
 _123_/X
 _124_/Y
 _125_/X
 _126_/Y
 _127_/Y
 _128_/Y
 _129_/X
 _130_/X
 _131_/X
 _132_/Y
 _133_/Y
 _134_/Y
 _135_/X
 _136_/X
 _137_/X
 _138_/X
 _139_/X
 _140_/X
 _141_/X
 _142_/X
 _143_/X
 _144_/X
 _145_/X
 _146_/X
 _147_/X
 _148_/X
 _149_/X
 _150_/X
 _151_/X
 _152_/X
 _153_/X
 _154_/X
 _155_/X
 _156_/X
 _157_/X
 _158_/X
 _159_/X
 _160_/X
 _161_/X
 _162_/X
 _163_/X
 _164_/Y
 _165_/Y
 _166_/Y
 _167_/Y
 _168_/Y
 _169_/X
 _170_/Y
 _171_/X
 _172_/Y
 _173_/Y
 _174_/X
 _175_/X
 _176_/X
 _177_/X
 _178_/X
 _179_/X
 _180_/X
 _181_/Y
 _182_/X
 _183_/X
 _184_/X
 _185_/Y
 _186_/X
 _187_/Y
 _188_/Y
 _189_/Y
 _190_/Y
 _191_/Y
 _192_/Y
 _193_/X
 _194_/Y
 _195_/X
 _196_/X
 _197_/X
 _198_/Y
 _199_/Y
 _200_/X
 _201_/X
 _202_/X
 _203_/X
 _204_/X
 _205_/X
 _206_/X
 _207_/X
 _208_/X
 _209_/Y
 _210_/X
 _211_/Y
 _212_/X
 _213_/X
 _214_/Q
 _215_/Q
 _216_/Q
 _217_/Q
 _218_/Q
 _219_/Q
 _220_/Q
 _221_/Q
 _222_/Q
 _223_/Q
 _224_/Q
 _225_/Q
 _226_/Q
 _227_/Q
 _228_/Q
 _229_/Q
 _230_/Q
 _231_/Q
 _232_/Q
 _233_/Q
 _234_/Q
 _235_/Q
 _236_/Q
 _237_/Q
 _238_/Q
 _239_/Q
 _240_/Q
 _241_/Q
 _242_/Q
 _243_/Q
 _244_/Q
Found 0 partially unannotated drivers.

===========================================================================
max slew violation count 0
max fanout violation count 0
max cap violation count 0
============================================================================

===========================================================================
check_setup -verbose -unconstrained_endpoints -multiple_clock -no_clock -no_input_delay -loops -generated_clocks
===========================================================================
