
===========================================================================
report_checks -path_delay min (Hold)
============================================================================
======================= nom_tt_025C_1v80 Corner ===================================

Startpoint: _244_ (rising edge-triggered flip-flop clocked by clk)
Endpoint: _244_ (rising edge-triggered flip-flop clocked by clk)
Path Group: clk
Path Type: min

Fanout         Cap        Slew       Delay        Time   Description
---------------------------------------------------------------------------------------------
                      0.000000    0.000000    0.000000   clock clk (rise edge)
                                  0.000000    0.000000   clock network delay (ideal)
                      0.000000    0.000000    0.000000 ^ _244_/CLK (sky130_fd_sc_hd__dfxtp_2)
     2    0.004805    0.039821    0.296221    0.296221 ^ _244_/Q (sky130_fd_sc_hd__dfxtp_2)
                                                         tx_shift[9] (net)
                      0.039821    0.000000    0.296221 ^ _163_/A1 (sky130_fd_sc_hd__a21o_2)
     1    0.001674    0.024379    0.098244    0.394466 ^ _163_/X (sky130_fd_sc_hd__a21o_2)
                                                         _030_ (net)
                      0.024379    0.000000    0.394466 ^ _244_/D (sky130_fd_sc_hd__dfxtp_2)
                                              0.394466   data arrival time

                      0.000000    0.000000    0.000000   clock clk (rise edge)
                                  0.000000    0.000000   clock network delay (ideal)
                                  0.000000    0.000000   clock reconvergence pessimism
                                              0.000000 ^ _244_/CLK (sky130_fd_sc_hd__dfxtp_2)
                                 -0.032820   -0.032820   library hold time
                                             -0.032820   data required time
---------------------------------------------------------------------------------------------
                                             -0.032820   data required time
                                             -0.394466   data arrival time
---------------------------------------------------------------------------------------------
                                              0.427286   slack (MET)


Startpoint: _219_ (rising edge-triggered flip-flop clocked by clk)
Endpoint: _219_ (rising edge-triggered flip-flop clocked by clk)
Path Group: clk
Path Type: min

Fanout         Cap        Slew       Delay        Time   Description
---------------------------------------------------------------------------------------------
                      0.000000    0.000000    0.000000   clock clk (rise edge)
                                  0.000000    0.000000   clock network delay (ideal)
                      0.000000    0.000000    0.000000 ^ _219_/CLK (sky130_fd_sc_hd__dfxtp_2)
     7    0.019205    0.107024    0.348281    0.348281 ^ _219_/Q (sky130_fd_sc_hd__dfxtp_2)
                                                         baud_counter[3] (net)
                      0.107024    0.000000    0.348281 ^ _199_/A1 (sky130_fd_sc_hd__a21oi_2)
     1    0.001681    0.020124    0.054629    0.402910 v _199_/Y (sky130_fd_sc_hd__a21oi_2)
                                                         _005_ (net)
                      0.020124    0.000000    0.402910 v _219_/D (sky130_fd_sc_hd__dfxtp_2)
                                              0.402910   data arrival time

                      0.000000    0.000000    0.000000   clock clk (rise edge)
                                  0.000000    0.000000   clock network delay (ideal)
                                  0.000000    0.000000   clock reconvergence pessimism
                                              0.000000 ^ _219_/CLK (sky130_fd_sc_hd__dfxtp_2)
                                 -0.045882   -0.045882   library hold time
                                             -0.045882   data required time
---------------------------------------------------------------------------------------------
                                             -0.045882   data required time
                                             -0.402910   data arrival time
---------------------------------------------------------------------------------------------
                                              0.448792   slack (MET)


Startpoint: _229_ (rising edge-triggered flip-flop clocked by clk)
Endpoint: _229_ (rising edge-triggered flip-flop clocked by clk)
Path Group: clk
Path Type: min

Fanout         Cap        Slew       Delay        Time   Description
---------------------------------------------------------------------------------------------
                      0.000000    0.000000    0.000000   clock clk (rise edge)
                                  0.000000    0.000000   clock network delay (ideal)
                      0.000000    0.000000    0.000000 ^ _229_/CLK (sky130_fd_sc_hd__dfxtp_2)
     3    0.005594    0.043395    0.299185    0.299185 ^ _229_/Q (sky130_fd_sc_hd__dfxtp_2)
                                                         baud_counter[13] (net)
                      0.043395    0.000000    0.299185 ^ _119_/A1 (sky130_fd_sc_hd__o21ba_2)
     1    0.001674    0.027779    0.122234    0.421419 ^ _119_/X (sky130_fd_sc_hd__o21ba_2)
                                                         _015_ (net)
                      0.027779    0.000000    0.421419 ^ _229_/D (sky130_fd_sc_hd__dfxtp_2)
                                              0.421419   data arrival time

                      0.000000    0.000000    0.000000   clock clk (rise edge)
                                  0.000000    0.000000   clock network delay (ideal)
                                  0.000000    0.000000   clock reconvergence pessimism
                                              0.000000 ^ _229_/CLK (sky130_fd_sc_hd__dfxtp_2)
                                 -0.033528   -0.033528   library hold time
                                             -0.033528   data required time
---------------------------------------------------------------------------------------------
                                             -0.033528   data required time
                                             -0.421419   data arrival time
---------------------------------------------------------------------------------------------
                                              0.454947   slack (MET)


Startpoint: _221_ (rising edge-triggered flip-flop clocked by clk)
Endpoint: _221_ (rising edge-triggered flip-flop clocked by clk)
Path Group: clk
Path Type: min

Fanout         Cap        Slew       Delay        Time   Description
---------------------------------------------------------------------------------------------
                      0.000000    0.000000    0.000000   clock clk (rise edge)
                                  0.000000    0.000000   clock network delay (ideal)
                      0.000000    0.000000    0.000000 ^ _221_/CLK (sky130_fd_sc_hd__dfxtp_2)
     4    0.007992    0.054257    0.308192    0.308192 ^ _221_/Q (sky130_fd_sc_hd__dfxtp_2)
                                                         baud_counter[5] (net)
                      0.054257    0.000000    0.308192 ^ _204_/A1 (sky130_fd_sc_hd__o21ba_2)
     1    0.001674    0.027787    0.125401    0.433593 ^ _204_/X (sky130_fd_sc_hd__o21ba_2)
                                                         _007_ (net)
                      0.027787    0.000000    0.433593 ^ _221_/D (sky130_fd_sc_hd__dfxtp_2)
                                              0.433593   data arrival time

                      0.000000    0.000000    0.000000   clock clk (rise edge)
                                  0.000000    0.000000   clock network delay (ideal)
                                  0.000000    0.000000   clock reconvergence pessimism
                                              0.000000 ^ _221_/CLK (sky130_fd_sc_hd__dfxtp_2)
                                 -0.033530   -0.033530   library hold time
                                             -0.033530   data required time
---------------------------------------------------------------------------------------------
                                             -0.033530   data required time
                                             -0.433593   data arrival time
---------------------------------------------------------------------------------------------
                                              0.467123   slack (MET)


Startpoint: _234_ (rising edge-triggered flip-flop clocked by clk)
Endpoint: _234_ (rising edge-triggered flip-flop clocked by clk)
Path Group: clk
Path Type: min

Fanout         Cap        Slew       Delay        Time   Description
---------------------------------------------------------------------------------------------
                      0.000000    0.000000    0.000000   clock clk (rise edge)
                                  0.000000    0.000000   clock network delay (ideal)
                      0.000000    0.000000    0.000000 ^ _234_/CLK (sky130_fd_sc_hd__dfxtp_2)
     4    0.010095    0.063783    0.316091    0.316091 ^ _234_/Q (sky130_fd_sc_hd__dfxtp_2)
                                                         bit_index[2] (net)
                      0.063783    0.000000    0.316091 ^ _135_/A1 (sky130_fd_sc_hd__o21a_2)
     1    0.001674    0.025025    0.118594    0.434685 ^ _135_/X (sky130_fd_sc_hd__o21a_2)
                                                         _020_ (net)
                      0.025025    0.000000    0.434685 ^ _234_/D (sky130_fd_sc_hd__dfxtp_2)
                                              0.434685   data arrival time

                      0.000000    0.000000    0.000000   clock clk (rise edge)
                                  0.000000    0.000000   clock network delay (ideal)
                                  0.000000    0.000000   clock reconvergence pessimism
                                              0.000000 ^ _234_/CLK (sky130_fd_sc_hd__dfxtp_2)
                                 -0.032954   -0.032954   library hold time
                                             -0.032954   data required time
---------------------------------------------------------------------------------------------
                                             -0.032954   data required time
                                             -0.434685   data arrival time
---------------------------------------------------------------------------------------------
                                              0.467639   slack (MET)


Startpoint: _216_ (rising edge-triggered flip-flop clocked by clk)
Endpoint: _216_ (rising edge-triggered flip-flop clocked by clk)
Path Group: clk
Path Type: min

Fanout         Cap        Slew       Delay        Time   Description
---------------------------------------------------------------------------------------------
                      0.000000    0.000000    0.000000   clock clk (rise edge)
                                  0.000000    0.000000   clock network delay (ideal)
                      0.000000    0.000000    0.000000 ^ _216_/CLK (sky130_fd_sc_hd__dfxtp_2)
     7    0.022913    0.124883    0.361118    0.361118 ^ _216_/Q (sky130_fd_sc_hd__dfxtp_2)
                                                         baud_counter[0] (net)
                      0.124883    0.000000    0.361118 ^ _190_/A2 (sky130_fd_sc_hd__a21oi_2)
     1    0.001681    0.020124    0.062548    0.423665 v _190_/Y (sky130_fd_sc_hd__a21oi_2)
                                                         _002_ (net)
                      0.020124    0.000000    0.423665 v _216_/D (sky130_fd_sc_hd__dfxtp_2)
                                              0.423665   data arrival time

                      0.000000    0.000000    0.000000   clock clk (rise edge)
                                  0.000000    0.000000   clock network delay (ideal)
                                  0.000000    0.000000   clock reconvergence pessimism
                                              0.000000 ^ _216_/CLK (sky130_fd_sc_hd__dfxtp_2)
                                 -0.045882   -0.045882   library hold time
                                             -0.045882   data required time
---------------------------------------------------------------------------------------------
                                             -0.045882   data required time
                                             -0.423665   data arrival time
---------------------------------------------------------------------------------------------
                                              0.469547   slack (MET)


Startpoint: _217_ (rising edge-triggered flip-flop clocked by clk)
Endpoint: _217_ (rising edge-triggered flip-flop clocked by clk)
Path Group: clk
Path Type: min

Fanout         Cap        Slew       Delay        Time   Description
---------------------------------------------------------------------------------------------
                      0.000000    0.000000    0.000000   clock clk (rise edge)
                                  0.000000    0.000000   clock network delay (ideal)
                      0.000000    0.000000    0.000000 ^ _217_/CLK (sky130_fd_sc_hd__dfxtp_2)
     5    0.012700    0.075695    0.325760    0.325760 ^ _217_/Q (sky130_fd_sc_hd__dfxtp_2)
                                                         baud_counter[1] (net)
                      0.075695    0.000000    0.325760 ^ _192_/B1 (sky130_fd_sc_hd__a21oi_2)
     1    0.004190    0.029747    0.037757    0.363518 v _192_/Y (sky130_fd_sc_hd__a21oi_2)
                                                         _032_ (net)
                      0.029747    0.000000    0.363518 v _194_/A (sky130_fd_sc_hd__nor2_2)
     1    0.001674    0.049915    0.076673    0.440190 ^ _194_/Y (sky130_fd_sc_hd__nor2_2)
                                                         _003_ (net)
                      0.049915    0.000000    0.440190 ^ _217_/D (sky130_fd_sc_hd__dfxtp_2)
                                              0.440190   data arrival time

                      0.000000    0.000000    0.000000   clock clk (rise edge)
                                  0.000000    0.000000   clock network delay (ideal)
                                  0.000000    0.000000   clock reconvergence pessimism
                                              0.000000 ^ _217_/CLK (sky130_fd_sc_hd__dfxtp_2)
                                 -0.038138   -0.038138   library hold time
                                             -0.038138   data required time
---------------------------------------------------------------------------------------------
                                             -0.038138   data required time
                                             -0.440190   data arrival time
---------------------------------------------------------------------------------------------
                                              0.478328   slack (MET)


Startpoint: _236_ (rising edge-triggered flip-flop clocked by clk)
Endpoint: _236_ (rising edge-triggered flip-flop clocked by clk)
Path Group: clk
Path Type: min

Fanout         Cap        Slew       Delay        Time   Description
---------------------------------------------------------------------------------------------
                      0.000000    0.000000    0.000000   clock clk (rise edge)
                                  0.000000    0.000000   clock network delay (ideal)
                      0.000000    0.000000    0.000000 ^ _236_/CLK (sky130_fd_sc_hd__dfxtp_2)
     2    0.003534    0.034126    0.290823    0.290823 ^ _236_/Q (sky130_fd_sc_hd__dfxtp_2)
                                                         tx_shift[1] (net)
                      0.034126    0.000000    0.290823 ^ _140_/A1 (sky130_fd_sc_hd__mux2_1)
     1    0.001496    0.032503    0.103050    0.393873 ^ _140_/X (sky130_fd_sc_hd__mux2_1)
                                                         _068_ (net)
                      0.032503    0.000000    0.393873 ^ _141_/B (sky130_fd_sc_hd__or2_2)
     1    0.001674    0.024453    0.083380    0.477253 ^ _141_/X (sky130_fd_sc_hd__or2_2)
                                                         _022_ (net)
                      0.024453    0.000000    0.477253 ^ _236_/D (sky130_fd_sc_hd__dfxtp_2)
                                              0.477253   data arrival time

                      0.000000    0.000000    0.000000   clock clk (rise edge)
                                  0.000000    0.000000   clock network delay (ideal)
                                  0.000000    0.000000   clock reconvergence pessimism
                                              0.000000 ^ _236_/CLK (sky130_fd_sc_hd__dfxtp_2)
                                 -0.032835   -0.032835   library hold time
                                             -0.032835   data required time
---------------------------------------------------------------------------------------------
                                             -0.032835   data required time
                                             -0.477253   data arrival time
---------------------------------------------------------------------------------------------
                                              0.510088   slack (MET)


Startpoint: _237_ (rising edge-triggered flip-flop clocked by clk)
Endpoint: _237_ (rising edge-triggered flip-flop clocked by clk)
Path Group: clk
Path Type: min

Fanout         Cap        Slew       Delay        Time   Description
---------------------------------------------------------------------------------------------
                      0.000000    0.000000    0.000000   clock clk (rise edge)
                                  0.000000    0.000000   clock network delay (ideal)
                      0.000000    0.000000    0.000000 ^ _237_/CLK (sky130_fd_sc_hd__dfxtp_2)
     2    0.003575    0.034308    0.291013    0.291013 ^ _237_/Q (sky130_fd_sc_hd__dfxtp_2)
                                                         tx_shift[2] (net)
                      0.034308    0.000000    0.291013 ^ _143_/A1 (sky130_fd_sc_hd__mux2_1)
     1    0.001496    0.032503    0.103113    0.394126 ^ _143_/X (sky130_fd_sc_hd__mux2_1)
                                                         _070_ (net)
                      0.032503    0.000000    0.394126 ^ _144_/B (sky130_fd_sc_hd__or2_2)
     1    0.001674    0.024453    0.083380    0.477506 ^ _144_/X (sky130_fd_sc_hd__or2_2)
                                                         _023_ (net)
                      0.024453    0.000000    0.477506 ^ _237_/D (sky130_fd_sc_hd__dfxtp_2)
                                              0.477506   data arrival time

                      0.000000    0.000000    0.000000   clock clk (rise edge)
                                  0.000000    0.000000   clock network delay (ideal)
                                  0.000000    0.000000   clock reconvergence pessimism
                                              0.000000 ^ _237_/CLK (sky130_fd_sc_hd__dfxtp_2)
                                 -0.032835   -0.032835   library hold time
                                             -0.032835   data required time
---------------------------------------------------------------------------------------------
                                             -0.032835   data required time
                                             -0.477506   data arrival time
---------------------------------------------------------------------------------------------
                                              0.510342   slack (MET)


Startpoint: _238_ (rising edge-triggered flip-flop clocked by clk)
Endpoint: _238_ (rising edge-triggered flip-flop clocked by clk)
Path Group: clk
Path Type: min

Fanout         Cap        Slew       Delay        Time   Description
---------------------------------------------------------------------------------------------
                      0.000000    0.000000    0.000000   clock clk (rise edge)
                                  0.000000    0.000000   clock network delay (ideal)
                      0.000000    0.000000    0.000000 ^ _238_/CLK (sky130_fd_sc_hd__dfxtp_2)
     2    0.003575    0.034308    0.291013    0.291013 ^ _238_/Q (sky130_fd_sc_hd__dfxtp_2)
                                                         tx_shift[3] (net)
                      0.034308    0.000000    0.291013 ^ _146_/A1 (sky130_fd_sc_hd__mux2_1)
     1    0.001496    0.032503    0.103113    0.394126 ^ _146_/X (sky130_fd_sc_hd__mux2_1)
                                                         _072_ (net)
                      0.032503    0.000000    0.394126 ^ _147_/B (sky130_fd_sc_hd__or2_2)
     1    0.001674    0.024453    0.083380    0.477506 ^ _147_/X (sky130_fd_sc_hd__or2_2)
                                                         _024_ (net)
                      0.024453    0.000000    0.477506 ^ _238_/D (sky130_fd_sc_hd__dfxtp_2)
                                              0.477506   data arrival time

                      0.000000    0.000000    0.000000   clock clk (rise edge)
                                  0.000000    0.000000   clock network delay (ideal)
                                  0.000000    0.000000   clock reconvergence pessimism
                                              0.000000 ^ _238_/CLK (sky130_fd_sc_hd__dfxtp_2)
                                 -0.032835   -0.032835   library hold time
                                             -0.032835   data required time
---------------------------------------------------------------------------------------------
                                             -0.032835   data required time
                                             -0.477506   data arrival time
---------------------------------------------------------------------------------------------
                                              0.510342   slack (MET)


Startpoint: _239_ (rising edge-triggered flip-flop clocked by clk)
Endpoint: _239_ (rising edge-triggered flip-flop clocked by clk)
Path Group: clk
Path Type: min

Fanout         Cap        Slew       Delay        Time   Description
---------------------------------------------------------------------------------------------
                      0.000000    0.000000    0.000000   clock clk (rise edge)
                                  0.000000    0.000000   clock network delay (ideal)
                      0.000000    0.000000    0.000000 ^ _239_/CLK (sky130_fd_sc_hd__dfxtp_2)
     2    0.003575    0.034308    0.291013    0.291013 ^ _239_/Q (sky130_fd_sc_hd__dfxtp_2)
                                                         tx_shift[4] (net)
                      0.034308    0.000000    0.291013 ^ _149_/A1 (sky130_fd_sc_hd__mux2_1)
     1    0.001496    0.032503    0.103113    0.394126 ^ _149_/X (sky130_fd_sc_hd__mux2_1)
                                                         _074_ (net)
                      0.032503    0.000000    0.394126 ^ _150_/B (sky130_fd_sc_hd__or2_2)
     1    0.001674    0.024453    0.083380    0.477506 ^ _150_/X (sky130_fd_sc_hd__or2_2)
                                                         _025_ (net)
                      0.024453    0.000000    0.477506 ^ _239_/D (sky130_fd_sc_hd__dfxtp_2)
                                              0.477506   data arrival time

                      0.000000    0.000000    0.000000   clock clk (rise edge)
                                  0.000000    0.000000   clock network delay (ideal)
                                  0.000000    0.000000   clock reconvergence pessimism
                                              0.000000 ^ _239_/CLK (sky130_fd_sc_hd__dfxtp_2)
                                 -0.032835   -0.032835   library hold time
                                             -0.032835   data required time
---------------------------------------------------------------------------------------------
                                             -0.032835   data required time
                                             -0.477506   data arrival time
---------------------------------------------------------------------------------------------
                                              0.510342   slack (MET)


Startpoint: _240_ (rising edge-triggered flip-flop clocked by clk)
Endpoint: _240_ (rising edge-triggered flip-flop clocked by clk)
Path Group: clk
Path Type: min

Fanout         Cap        Slew       Delay        Time   Description
---------------------------------------------------------------------------------------------
                      0.000000    0.000000    0.000000   clock clk (rise edge)
                                  0.000000    0.000000   clock network delay (ideal)
                      0.000000    0.000000    0.000000 ^ _240_/CLK (sky130_fd_sc_hd__dfxtp_2)
     2    0.003575    0.034308    0.291013    0.291013 ^ _240_/Q (sky130_fd_sc_hd__dfxtp_2)
                                                         tx_shift[5] (net)
                      0.034308    0.000000    0.291013 ^ _152_/A1 (sky130_fd_sc_hd__mux2_1)
     1    0.001496    0.032503    0.103113    0.394126 ^ _152_/X (sky130_fd_sc_hd__mux2_1)
                                                         _076_ (net)
                      0.032503    0.000000    0.394126 ^ _153_/B (sky130_fd_sc_hd__or2_2)
     1    0.001674    0.024453    0.083380    0.477506 ^ _153_/X (sky130_fd_sc_hd__or2_2)
                                                         _026_ (net)
                      0.024453    0.000000    0.477506 ^ _240_/D (sky130_fd_sc_hd__dfxtp_2)
                                              0.477506   data arrival time

                      0.000000    0.000000    0.000000   clock clk (rise edge)
                                  0.000000    0.000000   clock network delay (ideal)
                                  0.000000    0.000000   clock reconvergence pessimism
                                              0.000000 ^ _240_/CLK (sky130_fd_sc_hd__dfxtp_2)
                                 -0.032835   -0.032835   library hold time
                                             -0.032835   data required time
---------------------------------------------------------------------------------------------
                                             -0.032835   data required time
                                             -0.477506   data arrival time
---------------------------------------------------------------------------------------------
                                              0.510342   slack (MET)


Startpoint: _241_ (rising edge-triggered flip-flop clocked by clk)
Endpoint: _241_ (rising edge-triggered flip-flop clocked by clk)
Path Group: clk
Path Type: min

Fanout         Cap        Slew       Delay        Time   Description
---------------------------------------------------------------------------------------------
                      0.000000    0.000000    0.000000   clock clk (rise edge)
                                  0.000000    0.000000   clock network delay (ideal)
                      0.000000    0.000000    0.000000 ^ _241_/CLK (sky130_fd_sc_hd__dfxtp_2)
     2    0.003575    0.034308    0.291013    0.291013 ^ _241_/Q (sky130_fd_sc_hd__dfxtp_2)
                                                         tx_shift[6] (net)
                      0.034308    0.000000    0.291013 ^ _155_/A1 (sky130_fd_sc_hd__mux2_1)
     1    0.001496    0.032503    0.103113    0.394126 ^ _155_/X (sky130_fd_sc_hd__mux2_1)
                                                         _078_ (net)
                      0.032503    0.000000    0.394126 ^ _156_/B (sky130_fd_sc_hd__or2_2)
     1    0.001674    0.024453    0.083380    0.477506 ^ _156_/X (sky130_fd_sc_hd__or2_2)
                                                         _027_ (net)
                      0.024453    0.000000    0.477506 ^ _241_/D (sky130_fd_sc_hd__dfxtp_2)
                                              0.477506   data arrival time

                      0.000000    0.000000    0.000000   clock clk (rise edge)
                                  0.000000    0.000000   clock network delay (ideal)
                                  0.000000    0.000000   clock reconvergence pessimism
                                              0.000000 ^ _241_/CLK (sky130_fd_sc_hd__dfxtp_2)
                                 -0.032835   -0.032835   library hold time
                                             -0.032835   data required time
---------------------------------------------------------------------------------------------
                                             -0.032835   data required time
                                             -0.477506   data arrival time
---------------------------------------------------------------------------------------------
                                              0.510342   slack (MET)


Startpoint: _242_ (rising edge-triggered flip-flop clocked by clk)
Endpoint: _242_ (rising edge-triggered flip-flop clocked by clk)
Path Group: clk
Path Type: min

Fanout         Cap        Slew       Delay        Time   Description
---------------------------------------------------------------------------------------------
                      0.000000    0.000000    0.000000   clock clk (rise edge)
                                  0.000000    0.000000   clock network delay (ideal)
                      0.000000    0.000000    0.000000 ^ _242_/CLK (sky130_fd_sc_hd__dfxtp_2)
     2    0.003575    0.034308    0.291013    0.291013 ^ _242_/Q (sky130_fd_sc_hd__dfxtp_2)
                                                         tx_shift[7] (net)
                      0.034308    0.000000    0.291013 ^ _158_/A1 (sky130_fd_sc_hd__mux2_1)
     1    0.001496    0.032503    0.103113    0.394126 ^ _158_/X (sky130_fd_sc_hd__mux2_1)
                                                         _080_ (net)
                      0.032503    0.000000    0.394126 ^ _159_/B (sky130_fd_sc_hd__or2_2)
     1    0.001674    0.024453    0.083380    0.477506 ^ _159_/X (sky130_fd_sc_hd__or2_2)
                                                         _028_ (net)
                      0.024453    0.000000    0.477506 ^ _242_/D (sky130_fd_sc_hd__dfxtp_2)
                                              0.477506   data arrival time

                      0.000000    0.000000    0.000000   clock clk (rise edge)
                                  0.000000    0.000000   clock network delay (ideal)
                                  0.000000    0.000000   clock reconvergence pessimism
                                              0.000000 ^ _242_/CLK (sky130_fd_sc_hd__dfxtp_2)
                                 -0.032835   -0.032835   library hold time
                                             -0.032835   data required time
---------------------------------------------------------------------------------------------
                                             -0.032835   data required time
                                             -0.477506   data arrival time
---------------------------------------------------------------------------------------------
                                              0.510342   slack (MET)


Startpoint: _243_ (rising edge-triggered flip-flop clocked by clk)
Endpoint: _243_ (rising edge-triggered flip-flop clocked by clk)
Path Group: clk
Path Type: min

Fanout         Cap        Slew       Delay        Time   Description
---------------------------------------------------------------------------------------------
                      0.000000    0.000000    0.000000   clock clk (rise edge)
                                  0.000000    0.000000   clock network delay (ideal)
                      0.000000    0.000000    0.000000 ^ _243_/CLK (sky130_fd_sc_hd__dfxtp_2)
     2    0.004267    0.037384    0.294201    0.294201 ^ _243_/Q (sky130_fd_sc_hd__dfxtp_2)
                                                         tx_shift[8] (net)
                      0.037384    0.000000    0.294201 ^ _161_/B2 (sky130_fd_sc_hd__a32o_2)
     1    0.001496    0.034490    0.102638    0.396839 ^ _161_/X (sky130_fd_sc_hd__a32o_2)
                                                         _082_ (net)
                      0.034490    0.000000    0.396839 ^ _162_/B (sky130_fd_sc_hd__or2_2)
     1    0.001674    0.024452    0.084147    0.480987 ^ _162_/X (sky130_fd_sc_hd__or2_2)
                                                         _029_ (net)
                      0.024452    0.000000    0.480987 ^ _243_/D (sky130_fd_sc_hd__dfxtp_2)
                                              0.480987   data arrival time

                      0.000000    0.000000    0.000000   clock clk (rise edge)
                                  0.000000    0.000000   clock network delay (ideal)
                                  0.000000    0.000000   clock reconvergence pessimism
                                              0.000000 ^ _243_/CLK (sky130_fd_sc_hd__dfxtp_2)
                                 -0.032835   -0.032835   library hold time
                                             -0.032835   data required time
---------------------------------------------------------------------------------------------
                                             -0.032835   data required time
                                             -0.480987   data arrival time
---------------------------------------------------------------------------------------------
                                              0.513822   slack (MET)


Startpoint: _236_ (rising edge-triggered flip-flop clocked by clk)
Endpoint: _214_ (rising edge-triggered flip-flop clocked by clk)
Path Group: clk
Path Type: min

Fanout         Cap        Slew       Delay        Time   Description
---------------------------------------------------------------------------------------------
                      0.000000    0.000000    0.000000   clock clk (rise edge)
                                  0.000000    0.000000   clock network delay (ideal)
                      0.000000    0.000000    0.000000 ^ _236_/CLK (sky130_fd_sc_hd__dfxtp_2)
     2    0.003534    0.034126    0.290823    0.290823 ^ _236_/Q (sky130_fd_sc_hd__dfxtp_2)
                                                         tx_shift[1] (net)
                      0.034126    0.000000    0.290823 ^ _183_/A (sky130_fd_sc_hd__or2_2)
     1    0.002516    0.028412    0.089969    0.380792 ^ _183_/X (sky130_fd_sc_hd__or2_2)
                                                         _102_ (net)
                      0.028412    0.000000    0.380792 ^ _184_/A2 (sky130_fd_sc_hd__a211o_2)
     1    0.001674    0.021685    0.103880    0.484672 ^ _184_/X (sky130_fd_sc_hd__a211o_2)
                                                         _000_ (net)
                      0.021685    0.000000    0.484672 ^ _214_/D (sky130_fd_sc_hd__dfxtp_2)
                                              0.484672   data arrival time

                      0.000000    0.000000    0.000000   clock clk (rise edge)
                                  0.000000    0.000000   clock network delay (ideal)
                                  0.000000    0.000000   clock reconvergence pessimism
                                              0.000000 ^ _214_/CLK (sky130_fd_sc_hd__dfxtp_2)
                                 -0.032259   -0.032259   library hold time
                                             -0.032259   data required time
---------------------------------------------------------------------------------------------
                                             -0.032259   data required time
                                             -0.484672   data arrival time
---------------------------------------------------------------------------------------------
                                              0.516931   slack (MET)


Startpoint: _232_ (rising edge-triggered flip-flop clocked by clk)
Endpoint: _232_ (rising edge-triggered flip-flop clocked by clk)
Path Group: clk
Path Type: min

Fanout         Cap        Slew       Delay        Time   Description
---------------------------------------------------------------------------------------------
                      0.000000    0.000000    0.000000   clock clk (rise edge)
                                  0.000000    0.000000   clock network delay (ideal)
                      0.000000    0.000000    0.000000 ^ _232_/CLK (sky130_fd_sc_hd__dfxtp_2)
     5    0.019203    0.107015    0.348274    0.348274 ^ _232_/Q (sky130_fd_sc_hd__dfxtp_2)
                                                         bit_index[0] (net)
                      0.107015    0.000000    0.348274 ^ _126_/A (sky130_fd_sc_hd__xnor2_2)
     1    0.004136    0.038693    0.078127    0.426401 v _126_/Y (sky130_fd_sc_hd__xnor2_2)
                                                         _058_ (net)
                      0.038693    0.000000    0.426401 v _127_/B (sky130_fd_sc_hd__nor2_2)
     1    0.001674    0.050005    0.058039    0.484440 ^ _127_/Y (sky130_fd_sc_hd__nor2_2)
                                                         _018_ (net)
                      0.050005    0.000000    0.484440 ^ _232_/D (sky130_fd_sc_hd__dfxtp_2)
                                              0.484440   data arrival time

                      0.000000    0.000000    0.000000   clock clk (rise edge)
                                  0.000000    0.000000   clock network delay (ideal)
                                  0.000000    0.000000   clock reconvergence pessimism
                                              0.000000 ^ _232_/CLK (sky130_fd_sc_hd__dfxtp_2)
                                 -0.038157   -0.038157   library hold time
                                             -0.038157   data required time
---------------------------------------------------------------------------------------------
                                             -0.038157   data required time
                                             -0.484440   data arrival time
---------------------------------------------------------------------------------------------
                                              0.522596   slack (MET)


Startpoint: _231_ (rising edge-triggered flip-flop clocked by clk)
Endpoint: _231_ (rising edge-triggered flip-flop clocked by clk)
Path Group: clk
Path Type: min

Fanout         Cap        Slew       Delay        Time   Description
---------------------------------------------------------------------------------------------
                      0.000000    0.000000    0.000000   clock clk (rise edge)
                                  0.000000    0.000000   clock network delay (ideal)
                      0.000000    0.000000    0.000000 ^ _231_/CLK (sky130_fd_sc_hd__dfxtp_2)
     3    0.007724    0.034462    0.299547    0.299547 v _231_/Q (sky130_fd_sc_hd__dfxtp_2)
                                                         baud_counter[15] (net)
                      0.034462    0.000000    0.299547 v _124_/A (sky130_fd_sc_hd__nand4_2)
     1    0.002487    0.036930    0.050040    0.349588 ^ _124_/Y (sky130_fd_sc_hd__nand4_2)
                                                         _057_ (net)
                      0.036930    0.000000    0.349588 ^ _125_/A2 (sky130_fd_sc_hd__o211a_2)
     1    0.001674    0.035581    0.145692    0.495279 ^ _125_/X (sky130_fd_sc_hd__o211a_2)
                                                         _017_ (net)
                      0.035581    0.000000    0.495279 ^ _231_/D (sky130_fd_sc_hd__dfxtp_2)
                                              0.495279   data arrival time

                      0.000000    0.000000    0.000000   clock clk (rise edge)
                                  0.000000    0.000000   clock network delay (ideal)
                                  0.000000    0.000000   clock reconvergence pessimism
                                              0.000000 ^ _231_/CLK (sky130_fd_sc_hd__dfxtp_2)
                                 -0.035153   -0.035153   library hold time
                                             -0.035153   data required time
---------------------------------------------------------------------------------------------
                                             -0.035153   data required time
                                             -0.495279   data arrival time
---------------------------------------------------------------------------------------------
                                              0.530432   slack (MET)


Startpoint: _224_ (rising edge-triggered flip-flop clocked by clk)
Endpoint: _224_ (rising edge-triggered flip-flop clocked by clk)
Path Group: clk
Path Type: min

Fanout         Cap        Slew       Delay        Time   Description
---------------------------------------------------------------------------------------------
                      0.000000    0.000000    0.000000   clock clk (rise edge)
                                  0.000000    0.000000   clock network delay (ideal)
                      0.000000    0.000000    0.000000 ^ _224_/CLK (sky130_fd_sc_hd__dfxtp_2)
     4    0.011557    0.042817    0.309393    0.309393 v _224_/Q (sky130_fd_sc_hd__dfxtp_2)
                                                         baud_counter[8] (net)
                      0.042817    0.000000    0.309393 v _167_/A (sky130_fd_sc_hd__inv_2)
     2    0.007097    0.040705    0.053422    0.362815 ^ _167_/Y (sky130_fd_sc_hd__inv_2)
                                                         _086_ (net)
                      0.040705    0.000000    0.362815 ^ _211_/A (sky130_fd_sc_hd__nand2_2)
     1    0.002260    0.022524    0.033788    0.396603 v _211_/Y (sky130_fd_sc_hd__nand2_2)
                                                         _044_ (net)
                      0.022524    0.000000    0.396603 v _212_/B1 (sky130_fd_sc_hd__o211a_2)
     1    0.001681    0.021372    0.112669    0.509272 v _212_/X (sky130_fd_sc_hd__o211a_2)
                                                         _010_ (net)
                      0.021372    0.000000    0.509272 v _224_/D (sky130_fd_sc_hd__dfxtp_2)
                                              0.509272   data arrival time

                      0.000000    0.000000    0.000000   clock clk (rise edge)
                                  0.000000    0.000000   clock network delay (ideal)
                                  0.000000    0.000000   clock reconvergence pessimism
                                              0.000000 ^ _224_/CLK (sky130_fd_sc_hd__dfxtp_2)
                                 -0.046393   -0.046393   library hold time
                                             -0.046393   data required time
---------------------------------------------------------------------------------------------
                                             -0.046393   data required time
                                             -0.509272   data arrival time
---------------------------------------------------------------------------------------------
                                              0.555665   slack (MET)


Startpoint: _227_ (rising edge-triggered flip-flop clocked by clk)
Endpoint: _227_ (rising edge-triggered flip-flop clocked by clk)
Path Group: clk
Path Type: min

Fanout         Cap        Slew       Delay        Time   Description
---------------------------------------------------------------------------------------------
                      0.000000    0.000000    0.000000   clock clk (rise edge)
                                  0.000000    0.000000   clock network delay (ideal)
                      0.000000    0.000000    0.000000 ^ _227_/CLK (sky130_fd_sc_hd__dfxtp_2)
    10    0.026765    0.143435    0.374453    0.374453 ^ _227_/Q (sky130_fd_sc_hd__dfxtp_2)
                                                         baud_counter[11] (net)
                      0.143435    0.000000    0.374453 ^ _113_/A1 (sky130_fd_sc_hd__o21ba_2)
     1    0.001674    0.028375    0.148473    0.522927 ^ _113_/X (sky130_fd_sc_hd__o21ba_2)
                                                         _013_ (net)
                      0.028375    0.000000    0.522927 ^ _227_/D (sky130_fd_sc_hd__dfxtp_2)
                                              0.522927   data arrival time

                      0.000000    0.000000    0.000000   clock clk (rise edge)
                                  0.000000    0.000000   clock network delay (ideal)
                                  0.000000    0.000000   clock reconvergence pessimism
                                              0.000000 ^ _227_/CLK (sky130_fd_sc_hd__dfxtp_2)
                                 -0.033652   -0.033652   library hold time
                                             -0.033652   data required time
---------------------------------------------------------------------------------------------
                                             -0.033652   data required time
                                             -0.522927   data arrival time
---------------------------------------------------------------------------------------------
                                              0.556578   slack (MET)


Startpoint: _230_ (rising edge-triggered flip-flop clocked by clk)
Endpoint: _230_ (rising edge-triggered flip-flop clocked by clk)
Path Group: clk
Path Type: min

Fanout         Cap        Slew       Delay        Time   Description
---------------------------------------------------------------------------------------------
                      0.000000    0.000000    0.000000   clock clk (rise edge)
                                  0.000000    0.000000   clock network delay (ideal)
                      0.000000    0.000000    0.000000 ^ _230_/CLK (sky130_fd_sc_hd__dfxtp_2)
     5    0.014491    0.048804    0.315456    0.315456 v _230_/Q (sky130_fd_sc_hd__dfxtp_2)
                                                         baud_counter[14] (net)
                      0.048804    0.000000    0.315456 v _121_/A (sky130_fd_sc_hd__nand4_2)
     1    0.001593    0.032883    0.052923    0.368379 ^ _121_/Y (sky130_fd_sc_hd__nand4_2)
                                                         _055_ (net)
                      0.032883    0.000000    0.368379 ^ _122_/C (sky130_fd_sc_hd__and3_2)
     1    0.001674    0.037213    0.155358    0.523737 ^ _122_/X (sky130_fd_sc_hd__and3_2)
                                                         _016_ (net)
                      0.037213    0.000000    0.523737 ^ _230_/D (sky130_fd_sc_hd__dfxtp_2)
                                              0.523737   data arrival time

                      0.000000    0.000000    0.000000   clock clk (rise edge)
                                  0.000000    0.000000   clock network delay (ideal)
                                  0.000000    0.000000   clock reconvergence pessimism
                                              0.000000 ^ _230_/CLK (sky130_fd_sc_hd__dfxtp_2)
                                 -0.035493   -0.035493   library hold time
                                             -0.035493   data required time
---------------------------------------------------------------------------------------------
                                             -0.035493   data required time
                                             -0.523737   data arrival time
---------------------------------------------------------------------------------------------
                                              0.559229   slack (MET)


Startpoint: _220_ (rising edge-triggered flip-flop clocked by clk)
Endpoint: _220_ (rising edge-triggered flip-flop clocked by clk)
Path Group: clk
Path Type: min

Fanout         Cap        Slew       Delay        Time   Description
---------------------------------------------------------------------------------------------
                      0.000000    0.000000    0.000000   clock clk (rise edge)
                                  0.000000    0.000000   clock network delay (ideal)
                      0.000000    0.000000    0.000000 ^ _220_/CLK (sky130_fd_sc_hd__dfxtp_2)
     4    0.007145    0.050420    0.305010    0.305010 ^ _220_/Q (sky130_fd_sc_hd__dfxtp_2)
                                                         baud_counter[4] (net)
                      0.050420    0.000000    0.305010 ^ _201_/B1 (sky130_fd_sc_hd__a21o_2)
     1    0.001532    0.021124    0.075699    0.380709 ^ _201_/X (sky130_fd_sc_hd__a21o_2)
                                                         _038_ (net)
                      0.021124    0.000000    0.380709 ^ _202_/B (sky130_fd_sc_hd__and3b_2)
     1    0.001674    0.037430    0.148556    0.529265 ^ _202_/X (sky130_fd_sc_hd__and3b_2)
                                                         _006_ (net)
                      0.037430    0.000000    0.529265 ^ _220_/D (sky130_fd_sc_hd__dfxtp_2)
                                              0.529265   data arrival time

                      0.000000    0.000000    0.000000   clock clk (rise edge)
                                  0.000000    0.000000   clock network delay (ideal)
                                  0.000000    0.000000   clock reconvergence pessimism
                                              0.000000 ^ _220_/CLK (sky130_fd_sc_hd__dfxtp_2)
                                 -0.035538   -0.035538   library hold time
                                             -0.035538   data required time
---------------------------------------------------------------------------------------------
                                             -0.035538   data required time
                                             -0.529265   data arrival time
---------------------------------------------------------------------------------------------
                                              0.564803   slack (MET)


Startpoint: _228_ (rising edge-triggered flip-flop clocked by clk)
Endpoint: _228_ (rising edge-triggered flip-flop clocked by clk)
Path Group: clk
Path Type: min

Fanout         Cap        Slew       Delay        Time   Description
---------------------------------------------------------------------------------------------
                      0.000000    0.000000    0.000000   clock clk (rise edge)
                                  0.000000    0.000000   clock network delay (ideal)
                      0.000000    0.000000    0.000000 ^ _228_/CLK (sky130_fd_sc_hd__dfxtp_2)
     4    0.007051    0.049995    0.304657    0.304657 ^ _228_/Q (sky130_fd_sc_hd__dfxtp_2)
                                                         baud_counter[12] (net)
                      0.049995    0.000000    0.304657 ^ _114_/B1 (sky130_fd_sc_hd__a21o_2)
     1    0.001584    0.021355    0.075760    0.380418 ^ _114_/X (sky130_fd_sc_hd__a21o_2)
                                                         _050_ (net)
                      0.021355    0.000000    0.380418 ^ _116_/C (sky130_fd_sc_hd__and3b_2)
     1    0.001674    0.037580    0.156080    0.536498 ^ _116_/X (sky130_fd_sc_hd__and3b_2)
                                                         _014_ (net)
                      0.037580    0.000000    0.536498 ^ _228_/D (sky130_fd_sc_hd__dfxtp_2)
                                              0.536498   data arrival time

                      0.000000    0.000000    0.000000   clock clk (rise edge)
                                  0.000000    0.000000   clock network delay (ideal)
                                  0.000000    0.000000   clock reconvergence pessimism
                                              0.000000 ^ _228_/CLK (sky130_fd_sc_hd__dfxtp_2)
                                 -0.035569   -0.035569   library hold time
                                             -0.035569   data required time
---------------------------------------------------------------------------------------------
                                             -0.035569   data required time
                                             -0.536498   data arrival time
---------------------------------------------------------------------------------------------
                                              0.572067   slack (MET)


Startpoint: _225_ (rising edge-triggered flip-flop clocked by clk)
Endpoint: _225_ (rising edge-triggered flip-flop clocked by clk)
Path Group: clk
Path Type: min

Fanout         Cap        Slew       Delay        Time   Description
---------------------------------------------------------------------------------------------
                      0.000000    0.000000    0.000000   clock clk (rise edge)
                                  0.000000    0.000000   clock network delay (ideal)
                      0.000000    0.000000    0.000000 ^ _225_/CLK (sky130_fd_sc_hd__dfxtp_2)
     4    0.007232    0.050814    0.305337    0.305337 ^ _225_/Q (sky130_fd_sc_hd__dfxtp_2)
                                                         baud_counter[9] (net)
                      0.050814    0.000000    0.305337 ^ _213_/B1 (sky130_fd_sc_hd__a21o_2)
     1    0.001584    0.021356    0.076059    0.381396 ^ _213_/X (sky130_fd_sc_hd__a21o_2)
                                                         _045_ (net)
                      0.021356    0.000000    0.381396 ^ _108_/C (sky130_fd_sc_hd__and3b_2)
     1    0.001674    0.037616    0.156081    0.537476 ^ _108_/X (sky130_fd_sc_hd__and3b_2)
                                                         _011_ (net)
                      0.037616    0.000000    0.537476 ^ _225_/D (sky130_fd_sc_hd__dfxtp_2)
                                              0.537476   data arrival time

                      0.000000    0.000000    0.000000   clock clk (rise edge)
                                  0.000000    0.000000   clock network delay (ideal)
                                  0.000000    0.000000   clock reconvergence pessimism
                                              0.000000 ^ _225_/CLK (sky130_fd_sc_hd__dfxtp_2)
                                 -0.035576   -0.035576   library hold time
                                             -0.035576   data required time
---------------------------------------------------------------------------------------------
                                             -0.035576   data required time
                                             -0.537476   data arrival time
---------------------------------------------------------------------------------------------
                                              0.573053   slack (MET)


Startpoint: _222_ (rising edge-triggered flip-flop clocked by clk)
Endpoint: _222_ (rising edge-triggered flip-flop clocked by clk)
Path Group: clk
Path Type: min

Fanout         Cap        Slew       Delay        Time   Description
---------------------------------------------------------------------------------------------
                      0.000000    0.000000    0.000000   clock clk (rise edge)
                                  0.000000    0.000000   clock network delay (ideal)
                      0.000000    0.000000    0.000000 ^ _222_/CLK (sky130_fd_sc_hd__dfxtp_2)
     3    0.005450    0.042742    0.298644    0.298644 ^ _222_/Q (sky130_fd_sc_hd__dfxtp_2)
                                                         baud_counter[6] (net)
                      0.042742    0.000000    0.298644 ^ _205_/B1 (sky130_fd_sc_hd__a31o_2)
     1    0.001584    0.026162    0.081526    0.380170 ^ _205_/X (sky130_fd_sc_hd__a31o_2)
                                                         _040_ (net)
                      0.026162    0.000000    0.380170 ^ _207_/C (sky130_fd_sc_hd__and3b_2)
     1    0.001674    0.037636    0.157448    0.537618 ^ _207_/X (sky130_fd_sc_hd__and3b_2)
                                                         _008_ (net)
                      0.037636    0.000000    0.537618 ^ _222_/D (sky130_fd_sc_hd__dfxtp_2)
                                              0.537618   data arrival time

                      0.000000    0.000000    0.000000   clock clk (rise edge)
                                  0.000000    0.000000   clock network delay (ideal)
                                  0.000000    0.000000   clock reconvergence pessimism
                                              0.000000 ^ _222_/CLK (sky130_fd_sc_hd__dfxtp_2)
                                 -0.035581   -0.035581   library hold time
                                             -0.035581   data required time
---------------------------------------------------------------------------------------------
                                             -0.035581   data required time
                                             -0.537618   data arrival time
---------------------------------------------------------------------------------------------
                                              0.573199   slack (MET)


Startpoint: _218_ (rising edge-triggered flip-flop clocked by clk)
Endpoint: _218_ (rising edge-triggered flip-flop clocked by clk)
Path Group: clk
Path Type: min

Fanout         Cap        Slew       Delay        Time   Description
---------------------------------------------------------------------------------------------
                      0.000000    0.000000    0.000000   clock clk (rise edge)
                                  0.000000    0.000000   clock network delay (ideal)
                      0.000000    0.000000    0.000000 ^ _218_/CLK (sky130_fd_sc_hd__dfxtp_2)
     3    0.005612    0.043476    0.299253    0.299253 ^ _218_/Q (sky130_fd_sc_hd__dfxtp_2)
                                                         baud_counter[2] (net)
                      0.043476    0.000000    0.299253 ^ _195_/B1 (sky130_fd_sc_hd__a31o_2)
     1    0.001584    0.026163    0.081799    0.381052 ^ _195_/X (sky130_fd_sc_hd__a31o_2)
                                                         _034_ (net)
                      0.026163    0.000000    0.381052 ^ _197_/C (sky130_fd_sc_hd__and3b_2)
     1    0.001674    0.037622    0.157448    0.538500 ^ _197_/X (sky130_fd_sc_hd__and3b_2)
                                                         _004_ (net)
                      0.037622    0.000000    0.538500 ^ _218_/D (sky130_fd_sc_hd__dfxtp_2)
                                              0.538500   data arrival time

                      0.000000    0.000000    0.000000   clock clk (rise edge)
                                  0.000000    0.000000   clock network delay (ideal)
                                  0.000000    0.000000   clock reconvergence pessimism
                                              0.000000 ^ _218_/CLK (sky130_fd_sc_hd__dfxtp_2)
                                 -0.035578   -0.035578   library hold time
                                             -0.035578   data required time
---------------------------------------------------------------------------------------------
                                             -0.035578   data required time
                                             -0.538500   data arrival time
---------------------------------------------------------------------------------------------
                                              0.574078   slack (MET)


Startpoint: _223_ (rising edge-triggered flip-flop clocked by clk)
Endpoint: _223_ (rising edge-triggered flip-flop clocked by clk)
Path Group: clk
Path Type: min

Fanout         Cap        Slew       Delay        Time   Description
---------------------------------------------------------------------------------------------
                      0.000000    0.000000    0.000000   clock clk (rise edge)
                                  0.000000    0.000000   clock network delay (ideal)
                      0.000000    0.000000    0.000000 ^ _223_/CLK (sky130_fd_sc_hd__dfxtp_2)
     5    0.012920    0.045674    0.312482    0.312482 v _223_/Q (sky130_fd_sc_hd__dfxtp_2)
                                                         baud_counter[7] (net)
                      0.045674    0.000000    0.312482 v _209_/A (sky130_fd_sc_hd__nand2_2)
     3    0.008701    0.057244    0.068685    0.381167 ^ _209_/Y (sky130_fd_sc_hd__nand2_2)
                                                         _043_ (net)
                      0.057244    0.000000    0.381167 ^ _210_/C (sky130_fd_sc_hd__and3_2)
     1    0.001674    0.037202    0.161724    0.542891 ^ _210_/X (sky130_fd_sc_hd__and3_2)
                                                         _009_ (net)
                      0.037202    0.000000    0.542891 ^ _223_/D (sky130_fd_sc_hd__dfxtp_2)
                                              0.542891   data arrival time

                      0.000000    0.000000    0.000000   clock clk (rise edge)
                                  0.000000    0.000000   clock network delay (ideal)
                                  0.000000    0.000000   clock reconvergence pessimism
                                              0.000000 ^ _223_/CLK (sky130_fd_sc_hd__dfxtp_2)
                                 -0.035490   -0.035490   library hold time
                                             -0.035490   data required time
---------------------------------------------------------------------------------------------
                                             -0.035490   data required time
                                             -0.542891   data arrival time
---------------------------------------------------------------------------------------------
                                              0.578382   slack (MET)


Startpoint: _215_ (rising edge-triggered flip-flop clocked by clk)
Endpoint: _215_ (rising edge-triggered flip-flop clocked by clk)
Path Group: clk
Path Type: min

Fanout         Cap        Slew       Delay        Time   Description
---------------------------------------------------------------------------------------------
                      0.000000    0.000000    0.000000   clock clk (rise edge)
                                  0.000000    0.000000   clock network delay (ideal)
                      0.000000    0.000000    0.000000 ^ _215_/CLK (sky130_fd_sc_hd__dfxtp_2)
     9    0.027793    0.148386    0.378012    0.378012 ^ _215_/Q (sky130_fd_sc_hd__dfxtp_2)
                                                         busy (net)
                      0.148386    0.000000    0.378012 ^ _186_/A1 (sky130_fd_sc_hd__o211a_2)
     1    0.001674    0.035558    0.182102    0.560115 ^ _186_/X (sky130_fd_sc_hd__o211a_2)
                                                         _001_ (net)
                      0.035558    0.000000    0.560115 ^ _215_/D (sky130_fd_sc_hd__dfxtp_2)
                                              0.560115   data arrival time

                      0.000000    0.000000    0.000000   clock clk (rise edge)
                                  0.000000    0.000000   clock network delay (ideal)
                                  0.000000    0.000000   clock reconvergence pessimism
                                              0.000000 ^ _215_/CLK (sky130_fd_sc_hd__dfxtp_2)
                                 -0.035148   -0.035148   library hold time
                                             -0.035148   data required time
---------------------------------------------------------------------------------------------
                                             -0.035148   data required time
                                             -0.560115   data arrival time
---------------------------------------------------------------------------------------------
                                              0.595263   slack (MET)


Startpoint: _226_ (rising edge-triggered flip-flop clocked by clk)
Endpoint: _226_ (rising edge-triggered flip-flop clocked by clk)
Path Group: clk
Path Type: min

Fanout         Cap        Slew       Delay        Time   Description
---------------------------------------------------------------------------------------------
                      0.000000    0.000000    0.000000   clock clk (rise edge)
                                  0.000000    0.000000   clock network delay (ideal)
                      0.000000    0.000000    0.000000 ^ _226_/CLK (sky130_fd_sc_hd__dfxtp_2)
     5    0.008884    0.058298    0.311542    0.311542 ^ _226_/Q (sky130_fd_sc_hd__dfxtp_2)
                                                         baud_counter[10] (net)
                      0.058298    0.000000    0.311542 ^ _109_/A (sky130_fd_sc_hd__or2_2)
     1    0.001584    0.024099    0.094945    0.406488 ^ _109_/X (sky130_fd_sc_hd__or2_2)
                                                         _047_ (net)
                      0.024099    0.000000    0.406488 ^ _111_/C (sky130_fd_sc_hd__and3b_2)
     1    0.001674    0.037605    0.156903    0.563390 ^ _111_/X (sky130_fd_sc_hd__and3b_2)
                                                         _012_ (net)
                      0.037605    0.000000    0.563390 ^ _226_/D (sky130_fd_sc_hd__dfxtp_2)
                                              0.563390   data arrival time

                      0.000000    0.000000    0.000000   clock clk (rise edge)
                                  0.000000    0.000000   clock network delay (ideal)
                                  0.000000    0.000000   clock reconvergence pessimism
                                              0.000000 ^ _226_/CLK (sky130_fd_sc_hd__dfxtp_2)
                                 -0.035574   -0.035574   library hold time
                                             -0.035574   data required time
---------------------------------------------------------------------------------------------
                                             -0.035574   data required time
                                             -0.563390   data arrival time
---------------------------------------------------------------------------------------------
                                              0.598965   slack (MET)


Startpoint: _233_ (rising edge-triggered flip-flop clocked by clk)
Endpoint: _233_ (rising edge-triggered flip-flop clocked by clk)
Path Group: clk
Path Type: min

Fanout         Cap        Slew       Delay        Time   Description
---------------------------------------------------------------------------------------------
                      0.000000    0.000000    0.000000   clock clk (rise edge)
                                  0.000000    0.000000   clock network delay (ideal)
                      0.000000    0.000000    0.000000 ^ _233_/CLK (sky130_fd_sc_hd__dfxtp_2)
     5    0.011683    0.070976    0.322055    0.322055 ^ _233_/Q (sky130_fd_sc_hd__dfxtp_2)
                                                         bit_index[1] (net)
                      0.070976    0.000000    0.322055 ^ _129_/B1 (sky130_fd_sc_hd__a31o_2)
     1    0.001584    0.026548    0.091532    0.413587 ^ _129_/X (sky130_fd_sc_hd__a31o_2)
                                                         _060_ (net)
                      0.026548    0.000000    0.413587 ^ _131_/C (sky130_fd_sc_hd__and3b_2)
     1    0.001674    0.037579    0.157550    0.571137 ^ _131_/X (sky130_fd_sc_hd__and3b_2)
                                                         _019_ (net)
                      0.037579    0.000000    0.571137 ^ _233_/D (sky130_fd_sc_hd__dfxtp_2)
                                              0.571137   data arrival time

                      0.000000    0.000000    0.000000   clock clk (rise edge)
                                  0.000000    0.000000   clock network delay (ideal)
                                  0.000000    0.000000   clock reconvergence pessimism
                                              0.000000 ^ _233_/CLK (sky130_fd_sc_hd__dfxtp_2)
                                 -0.035569   -0.035569   library hold time
                                             -0.035569   data required time
---------------------------------------------------------------------------------------------
                                             -0.035569   data required time
                                             -0.571137   data arrival time
---------------------------------------------------------------------------------------------
                                              0.606706   slack (MET)


Startpoint: _235_ (rising edge-triggered flip-flop clocked by clk)
Endpoint: _235_ (rising edge-triggered flip-flop clocked by clk)
Path Group: clk
Path Type: min

Fanout         Cap        Slew       Delay        Time   Description
---------------------------------------------------------------------------------------------
                      0.000000    0.000000    0.000000   clock clk (rise edge)
                                  0.000000    0.000000   clock network delay (ideal)
                      0.000000    0.000000    0.000000 ^ _235_/CLK (sky130_fd_sc_hd__dfxtp_2)
     3    0.012444    0.074462    0.324874    0.324874 ^ _235_/Q (sky130_fd_sc_hd__dfxtp_2)
                                                         bit_index[3] (net)
                      0.074462    0.000000    0.324874 ^ _136_/A (sky130_fd_sc_hd__xor2_2)
     1    0.001455    0.026439    0.059241    0.384115 v _136_/X (sky130_fd_sc_hd__xor2_2)
                                                         _065_ (net)
                      0.026439    0.000000    0.384115 v _137_/C (sky130_fd_sc_hd__and3_2)
     1    0.001681    0.031133    0.187405    0.571519 v _137_/X (sky130_fd_sc_hd__and3_2)
                                                         _021_ (net)
                      0.031133    0.000000    0.571519 v _235_/D (sky130_fd_sc_hd__dfxtp_2)
                                              0.571519   data arrival time

                      0.000000    0.000000    0.000000   clock clk (rise edge)
                                  0.000000    0.000000   clock network delay (ideal)
                                  0.000000    0.000000   clock reconvergence pessimism
                                              0.000000 ^ _235_/CLK (sky130_fd_sc_hd__dfxtp_2)
                                 -0.050392   -0.050392   library hold time
                                             -0.050392   data required time
---------------------------------------------------------------------------------------------
                                             -0.050392   data required time
                                             -0.571519   data arrival time
---------------------------------------------------------------------------------------------
                                              0.621912   slack (MET)


Startpoint: _214_ (rising edge-triggered flip-flop clocked by clk)
Endpoint: tx (output port clocked by clk)
Path Group: clk
Path Type: min

Fanout         Cap        Slew       Delay        Time   Description
---------------------------------------------------------------------------------------------
                      0.000000    0.000000    0.000000   clock clk (rise edge)
                                  0.000000    0.000000   clock network delay (ideal)
                      0.000000    0.000000    0.000000 ^ _214_/CLK (sky130_fd_sc_hd__dfxtp_2)
     2    0.002319    0.022183    0.283646    0.283646 v _214_/Q (sky130_fd_sc_hd__dfxtp_2)
                                                         tx (net)
                      0.022183    0.000000    0.283646 v tx (out)
                                              0.283646   data arrival time

                      0.000000    0.000000    0.000000   clock clk (rise edge)
                                  0.000000    0.000000   clock network delay (ideal)
                                  0.000000    0.000000   clock reconvergence pessimism
                                 -2.000000   -2.000000   output external delay
                                             -2.000000   data required time
---------------------------------------------------------------------------------------------
                                             -2.000000   data required time
                                             -0.283646   data arrival time
---------------------------------------------------------------------------------------------
                                              2.283646   slack (MET)


Startpoint: _215_ (rising edge-triggered flip-flop clocked by clk)
Endpoint: busy (output port clocked by clk)
Path Group: clk
Path Type: min

Fanout         Cap        Slew       Delay        Time   Description
---------------------------------------------------------------------------------------------
                      0.000000    0.000000    0.000000   clock clk (rise edge)
                                  0.000000    0.000000   clock network delay (ideal)
                      0.000000    0.000000    0.000000 ^ _215_/CLK (sky130_fd_sc_hd__dfxtp_2)
     9    0.025670    0.071082    0.336619    0.336619 v _215_/Q (sky130_fd_sc_hd__dfxtp_2)
                                                         busy (net)
                      0.071082    0.000000    0.336619 v busy (out)
                                              0.336619   data arrival time

                      0.000000    0.000000    0.000000   clock clk (rise edge)
                                  0.000000    0.000000   clock network delay (ideal)
                                  0.000000    0.000000   clock reconvergence pessimism
                                 -2.000000   -2.000000   output external delay
                                             -2.000000   data required time
---------------------------------------------------------------------------------------------
                                             -2.000000   data required time
                                             -0.336619   data arrival time
---------------------------------------------------------------------------------------------
                                              2.336619   slack (MET)



