Reading timing models for corner nom_tt_025C_1v80…
Reading timing library for the 'nom_tt_025C_1v80' corner at '/home/gp7871/.ciel/ciel/sky130/versions/8afc8346a57fe1ab7934ba5a6056ea8b43078e71/ciel/sky130/versions/8afc8346a57fe1ab7934ba5a6056ea8b43078e71/sky130A/libs.ref/sky130_fd_sc_hd/lib/sky130_fd_sc_hd__tt_025C_1v80.lib'…
Reading OpenROAD database at '/home/gp7871/VLSI_Freelancing/projects/uart_tx_rtl_to_gds/runs/RUN_2026-09-16_17-29-04/18-openroad-cutrows/uart_tx.odb'…
Reading design constraints file at '/home/gp7871/VLSI_Freelancing/projects/uart_tx_rtl_to_gds/constraints/uart_tx.sdc'…
[INFO] No information on clock propagation in input SDC file-- propagating all clocks.
+ tapcell -halo_width_x 10.0 -halo_width_y 10.0 -distance 13.0 -tapcell_master sky130_fd_sc_hd__tapvpwrvgnd_1 -endcap_master sky130_fd_sc_hd__decap_3
[INFO TAP-0004] Inserted 46 endcaps.
[INFO TAP-0005] Inserted 50 tapcells.
Setting global connections for newly added cells…
[INFO] Setting global connections...
[INFO ODB-0403] 284 connections made, 0 conflicts skipped.
Updating metrics…
Cell type report:                       Count       Area
  Fill cell                                46     172.67
  Tap cell                                 50      62.56
  Inverter                                  6      22.52
  Sequential cell                          31     659.38
  Multi-Input combinational cell          101     917.13
  Total                                   234    1834.26
Writing OpenROAD database to '/home/gp7871/VLSI_Freelancing/projects/uart_tx_rtl_to_gds/runs/RUN_2026-09-16_17-29-04/19-openroad-tapendcapinsertion/uart_tx.odb'…
Writing netlist to '/home/gp7871/VLSI_Freelancing/projects/uart_tx_rtl_to_gds/runs/RUN_2026-09-16_17-29-04/19-openroad-tapendcapinsertion/uart_tx.nl.v'…
Writing powered netlist to '/home/gp7871/VLSI_Freelancing/projects/uart_tx_rtl_to_gds/runs/RUN_2026-09-16_17-29-04/19-openroad-tapendcapinsertion/uart_tx.pnl.v'…
Writing layout to '/home/gp7871/VLSI_Freelancing/projects/uart_tx_rtl_to_gds/runs/RUN_2026-09-16_17-29-04/19-openroad-tapendcapinsertion/uart_tx.def'…
Writing timing constraints to '/home/gp7871/VLSI_Freelancing/projects/uart_tx_rtl_to_gds/runs/RUN_2026-09-16_17-29-04/19-openroad-tapendcapinsertion/uart_tx.sdc'…
