
===========================================================================
report_checks -unconstrained
===========================================================================
======================= min_ss_100C_1v60 Corner ===================================

Startpoint: _219_ (rising edge-triggered flip-flop clocked by clk)
Endpoint: _236_ (rising edge-triggered flip-flop clocked by clk)
Path Group: clk
Path Type: max

Fanout         Cap        Slew       Delay        Time   Description
---------------------------------------------------------------------------------------------
                                  0.000000    0.000000   clock clk (rise edge)
                                  0.000000    0.000000   clock source latency
     1    0.014492    0.000000    0.000000    0.000000 ^ clk (in)
                                                         clk (net)
                      0.000777    0.000388    0.000388 ^ clkbuf_0_clk/A (sky130_fd_sc_hd__clkbuf_16)
     4    0.039427    0.093375    0.218942    0.219331 ^ clkbuf_0_clk/X (sky130_fd_sc_hd__clkbuf_16)
                                                         clknet_0_clk (net)
                      0.093376    0.000502    0.219832 ^ clkbuf_2_2__f_clk/A (sky130_fd_sc_hd__clkbuf_16)
     9    0.024306    0.072831    0.238390    0.458223 ^ clkbuf_2_2__f_clk/X (sky130_fd_sc_hd__clkbuf_16)
                                                         clknet_2_2__leaf_clk (net)
                      0.072837    0.000140    0.458362 ^ _219_/CLK (sky130_fd_sc_hd__dfxtp_2)
     7    0.025002    0.125180    0.684393    1.142755 v _219_/Q (sky130_fd_sc_hd__dfxtp_2)
                                                         baud_counter[3] (net)
                      0.125180    0.000169    1.142924 v _177_/A (sky130_fd_sc_hd__or4b_2)
     1    0.006425    0.247912    1.634511    2.777435 v _177_/X (sky130_fd_sc_hd__or4b_2)
                                                         _096_ (net)
                      0.247912    0.000177    2.777613 v _180_/B (sky130_fd_sc_hd__or4b_2)
     4    0.017576    0.322330    1.749802    4.527415 v _180_/X (sky130_fd_sc_hd__or4b_2)
                                                         _099_ (net)
                      0.322330    0.000441    4.527855 v _138_/A3 (sky130_fd_sc_hd__o31a_2)
     8    0.036177    0.226443    0.821785    5.349640 v _138_/X (sky130_fd_sc_hd__o31a_2)
                                                         _066_ (net)
                      0.226443    0.000242    5.349883 v _140_/S (sky130_fd_sc_hd__mux2_1)
     1    0.002711    0.109187    0.748937    6.098820 v _140_/X (sky130_fd_sc_hd__mux2_1)
                                                         _068_ (net)
                      0.109187    0.000036    6.098856 v _141_/B (sky130_fd_sc_hd__or2_2)
     1    0.002852    0.110618    0.628717    6.727572 v _141_/X (sky130_fd_sc_hd__or2_2)
                                                         _022_ (net)
                      0.110618    0.000037    6.727609 v _236_/D (sky130_fd_sc_hd__dfxtp_2)
                                              6.727609   data arrival time

                                 20.000000   20.000000   clock clk (rise edge)
                                  0.000000   20.000000   clock source latency
     1    0.014492    0.000000    0.000000   20.000000 ^ clk (in)
                                                         clk (net)
                      0.000777    0.000389   20.000389 ^ clkbuf_0_clk/A (sky130_fd_sc_hd__clkbuf_16)
     4    0.039427    0.093375    0.218941   20.219330 ^ clkbuf_0_clk/X (sky130_fd_sc_hd__clkbuf_16)
                                                         clknet_0_clk (net)
                      0.093376    0.000494   20.219824 ^ clkbuf_2_0__f_clk/A (sky130_fd_sc_hd__clkbuf_16)
     8    0.026536    0.075742    0.241482   20.461306 ^ clkbuf_2_0__f_clk/X (sky130_fd_sc_hd__clkbuf_16)
                                                         clknet_2_0__leaf_clk (net)
                      0.075742    0.000236   20.461542 ^ _236_/CLK (sky130_fd_sc_hd__dfxtp_2)
                                  0.000000   20.461542   clock reconvergence pessimism
                                 -0.289713   20.171829   library setup time
                                             20.171829   data required time
---------------------------------------------------------------------------------------------
                                             20.171829   data required time
                                             -6.727609   data arrival time
---------------------------------------------------------------------------------------------
                                             13.444221   slack (MET)




===========================================================================
report_checks --slack_max -0.01
============================================================================
======================= min_ss_100C_1v60 Corner ===================================

No paths found.


===========================================================================
 report_check_types -max_slew -max_cap -max_fanout -violators
============================================================================
======================= min_ss_100C_1v60 Corner ===================================



===========================================================================
report_parasitic_annotation -report_unannotated
============================================================================
Found 3 unannotated drivers.
 clkload0/X
 clkload1/X
 clkload2/X
Found 0 partially unannotated drivers.

===========================================================================
max slew violation count 0
max fanout violation count 0
max cap violation count 0
============================================================================

===========================================================================
check_setup -verbose -unconstrained_endpoints -multiple_clock -no_clock -no_input_delay -loops -generated_clocks
===========================================================================
