Clock: clk
Sources: clk 
Generated: no
Virtual: yes
Propagated: no
Period: 20.000000

===========================================================================
report_clock_properties
============================================================================
Clock                   Period          Waveform
----------------------------------------------------
clk                  20.000000    0.000000 10.000000

===========================================================================
report_clock_latency
============================================================================
Clock clk
rise -> rise
    min     max
0.000000 0.000000 source latency
0.458078         network latency _232_/CLK
        0.461958 network latency _237_/CLK
---------------
0.458078 0.461958 latency
        0.003880 skew

fall -> fall
    min     max
0.000000 0.000000 source latency
0.506764         network latency _232_/CLK
        0.509852 network latency _237_/CLK
---------------
0.506764 0.509852 latency
        0.003087 skew



===========================================================================
report_clock_min_period
============================================================================
clk period_min = 6.56 fmax = 152.54
