
===========================================================================
 report_power
============================================================================
======================= min_ss_100C_1v60 Corner ===================================

Group                    Internal    Switching      Leakage        Total
                            Power        Power        Power        Power (Watts)
------------------------------------------------------------------------
Sequential           4.928677e-05 8.958593e-07 4.540718e-07 5.063670e-05  41.7%
Combinational        4.874506e-06 3.227230e-06 5.296699e-07 8.631405e-06   7.1%
Clock                4.406614e-05 1.800819e-05 1.245255e-07 6.219885e-05  51.2%
Macro                0.000000e+00 0.000000e+00 0.000000e+00 0.000000e+00   0.0%
Pad                  0.000000e+00 0.000000e+00 0.000000e+00 0.000000e+00   0.0%
------------------------------------------------------------------------
Total                9.822741e-05 2.213127e-05 1.108267e-06 1.214670e-04 100.0%
                            80.9%        18.2%         0.9%

