
===========================================================================
report_checks -unconstrained
===========================================================================
======================= nom_tt_025C_1v80 Corner ===================================

Startpoint: tx_start (input port clocked by clk)
Endpoint: _236_ (rising edge-triggered flip-flop clocked by clk)
Path Group: clk
Path Type: max

Fanout         Cap        Slew       Delay        Time   Description
---------------------------------------------------------------------------------------------
                                  0.000000    0.000000   clock clk (rise edge)
                                  0.000000    0.000000   clock network delay (propagated)
                                  2.000000    2.000000 ^ input external delay
     1    0.003847    0.000000    0.000000    2.000000 ^ tx_start (in)
                                                         tx_start (net)
                      0.000094    0.000047    2.000047 ^ input10/A (sky130_fd_sc_hd__clkdlybuf4s25_1)
     4    0.015454    0.163690    0.315557    2.315604 ^ input10/X (sky130_fd_sc_hd__clkdlybuf4s25_1)
                                                         net10 (net)
                      0.163690    0.000411    2.316015 ^ _169_/B (sky130_fd_sc_hd__and2_2)
     8    0.039230    0.204986    0.294650    2.610665 ^ _169_/X (sky130_fd_sc_hd__and2_2)
                                                         _088_ (net)
                      0.205003    0.002029    2.612694 ^ _139_/S (sky130_fd_sc_hd__mux2_1)
     1    0.003313    0.058190    0.346437    2.959130 v _139_/X (sky130_fd_sc_hd__mux2_1)
                                                         _067_ (net)
                      0.058190    0.000113    2.959244 v _140_/A0 (sky130_fd_sc_hd__mux2_1)
     1    0.002911    0.055671    0.281878    3.241122 v _140_/X (sky130_fd_sc_hd__mux2_1)
                                                         _068_ (net)
                      0.055671    0.000093    3.241215 v _141_/B (sky130_fd_sc_hd__or2_2)
     1    0.003084    0.054740    0.271729    3.512944 v _141_/X (sky130_fd_sc_hd__or2_2)
                                                         _022_ (net)
                      0.054740    0.000097    3.513041 v _236_/D (sky130_fd_sc_hd__dfxtp_2)
                                              3.513041   data arrival time

                                 20.000000   20.000000   clock clk (rise edge)
                                  0.000000   20.000000   clock source latency
     1    0.015134    0.000000    0.000000   20.000000 ^ clk (in)
                                                         clk (net)
                      0.001178    0.000588   20.000589 ^ clkbuf_0_clk/A (sky130_fd_sc_hd__clkbuf_16)
     4    0.040131    0.059806    0.126379   20.126966 ^ clkbuf_0_clk/X (sky130_fd_sc_hd__clkbuf_16)
                                                         clknet_0_clk (net)
                      0.059830    0.001055   20.128023 ^ clkbuf_2_0__f_clk/A (sky130_fd_sc_hd__clkbuf_16)
     8    0.028861    0.050021    0.138838   20.266861 ^ clkbuf_2_0__f_clk/X (sky130_fd_sc_hd__clkbuf_16)
                                                         clknet_2_0__leaf_clk (net)
                      0.050023    0.000592   20.267452 ^ _236_/CLK (sky130_fd_sc_hd__dfxtp_2)
                                  0.000000   20.267452   clock reconvergence pessimism
                                 -0.115962   20.151489   library setup time
                                             20.151489   data required time
---------------------------------------------------------------------------------------------
                                             20.151489   data required time
                                             -3.513041   data arrival time
---------------------------------------------------------------------------------------------
                                             16.638449   slack (MET)




===========================================================================
report_checks --slack_max -0.01
============================================================================
======================= nom_tt_025C_1v80 Corner ===================================

No paths found.


===========================================================================
 report_check_types -max_slew -max_cap -max_fanout -violators
============================================================================
======================= nom_tt_025C_1v80 Corner ===================================



===========================================================================
report_parasitic_annotation -report_unannotated
============================================================================
Found 3 unannotated drivers.
 clkload0/X
 clkload1/X
 clkload2/X
Found 0 partially unannotated drivers.

===========================================================================
max slew violation count 0
max fanout violation count 0
max cap violation count 0
============================================================================

===========================================================================
check_setup -verbose -unconstrained_endpoints -multiple_clock -no_clock -no_input_delay -loops -generated_clocks
===========================================================================
