Clock: clk
Sources: clk 
Generated: no
Virtual: yes
Propagated: no
Period: 20.000000

===========================================================================
report_clock_properties
============================================================================
Clock                   Period          Waveform
----------------------------------------------------
clk                  20.000000    0.000000 10.000000

===========================================================================
report_clock_latency
============================================================================
Clock clk
rise -> rise
    min     max
0.000000 0.000000 source latency
0.265274         network latency _232_/CLK
        0.268096 network latency _237_/CLK
---------------
0.265274 0.268096 latency
        0.002822 skew

fall -> fall
    min     max
0.000000 0.000000 source latency
0.290919         network latency _218_/CLK
        0.293438 network latency _237_/CLK
---------------
0.290919 0.293438 latency
        0.002519 skew



===========================================================================
report_clock_min_period
============================================================================
clk period_min = 2.93 fmax = 341.05
