
===========================================================================
report_checks -unconstrained
===========================================================================
======================= max_ff_n40C_1v95 Corner ===================================

Startpoint: tx_start (input port clocked by clk)
Endpoint: _236_ (rising edge-triggered flip-flop clocked by clk)
Path Group: clk
Path Type: max

Fanout         Cap        Slew       Delay        Time   Description
---------------------------------------------------------------------------------------------
                                  0.000000    0.000000   clock clk (rise edge)
                                  0.000000    0.000000   clock network delay (propagated)
                                  2.000000    2.000000 ^ input external delay
     1    0.003969    0.000000    0.000000    2.000000 ^ tx_start (in)
                                                         tx_start (net)
                      0.000201    0.000101    2.000101 ^ input10/A (sky130_fd_sc_hd__clkdlybuf4s25_1)
     4    0.015910    0.125386    0.216327    2.216428 ^ input10/X (sky130_fd_sc_hd__clkdlybuf4s25_1)
                                                         net10 (net)
                      0.125389    0.000869    2.217298 ^ _169_/B (sky130_fd_sc_hd__and2_2)
     8    0.041352    0.161465    0.199268    2.416566 ^ _169_/X (sky130_fd_sc_hd__and2_2)
                                                         _088_ (net)
                      0.161671    0.004741    2.421307 ^ _139_/S (sky130_fd_sc_hd__mux2_1)
     1    0.003574    0.041354    0.196471    2.617778 v _139_/X (sky130_fd_sc_hd__mux2_1)
                                                         _067_ (net)
                      0.041354    0.000254    2.618032 v _140_/A0 (sky130_fd_sc_hd__mux2_1)
     1    0.003191    0.039595    0.145927    2.763958 v _140_/X (sky130_fd_sc_hd__mux2_1)
                                                         _068_ (net)
                      0.039595    0.000190    2.764148 v _141_/B (sky130_fd_sc_hd__or2_2)
     1    0.003358    0.038212    0.159465    2.923613 v _141_/X (sky130_fd_sc_hd__or2_2)
                                                         _022_ (net)
                      0.038212    0.000210    2.923823 v _236_/D (sky130_fd_sc_hd__dfxtp_2)
                                              2.923823   data arrival time

                                 20.000000   20.000000   clock clk (rise edge)
                                  0.000000   20.000000   clock source latency
     1    0.015913    0.000000    0.000000   20.000000 ^ clk (in)
                                                         clk (net)
                      0.002085    0.001043   20.001043 ^ clkbuf_0_clk/A (sky130_fd_sc_hd__clkbuf_16)
     4    0.041350    0.045935    0.088930   20.089973 ^ clkbuf_0_clk/X (sky130_fd_sc_hd__clkbuf_16)
                                                         clknet_0_clk (net)
                      0.046147    0.002350   20.092323 ^ clkbuf_2_0__f_clk/A (sky130_fd_sc_hd__clkbuf_16)
     8    0.030463    0.038549    0.095156   20.187479 ^ clkbuf_2_0__f_clk/X (sky130_fd_sc_hd__clkbuf_16)
                                                         clknet_2_0__leaf_clk (net)
                      0.038684    0.001423   20.188902 ^ _236_/CLK (sky130_fd_sc_hd__dfxtp_2)
                                  0.000000   20.188902   clock reconvergence pessimism
                                 -0.072799   20.116102   library setup time
                                             20.116102   data required time
---------------------------------------------------------------------------------------------
                                             20.116102   data required time
                                             -2.923823   data arrival time
---------------------------------------------------------------------------------------------
                                             17.192280   slack (MET)




===========================================================================
report_checks --slack_max -0.01
============================================================================
======================= max_ff_n40C_1v95 Corner ===================================

No paths found.


===========================================================================
 report_check_types -max_slew -max_cap -max_fanout -violators
============================================================================
======================= max_ff_n40C_1v95 Corner ===================================



===========================================================================
report_parasitic_annotation -report_unannotated
============================================================================
Found 3 unannotated drivers.
 clkload0/X
 clkload1/X
 clkload2/X
Found 0 partially unannotated drivers.

===========================================================================
max slew violation count 0
max fanout violation count 0
max cap violation count 0
============================================================================

===========================================================================
check_setup -verbose -unconstrained_endpoints -multiple_clock -no_clock -no_input_delay -loops -generated_clocks
===========================================================================
