Clock: clk
Sources: clk 
Generated: no
Virtual: yes
Propagated: no
Period: 20.000000

===========================================================================
report_clock_properties
============================================================================
Clock                   Period          Waveform
----------------------------------------------------
clk                  20.000000    0.000000 10.000000

===========================================================================
report_clock_latency
============================================================================
Clock clk
rise -> rise
    min     max
0.000000 0.000000 source latency
0.187223         network latency _232_/CLK
        0.190119 network latency _237_/CLK
---------------
0.187223 0.190119 latency
        0.002895 skew

fall -> fall
    min     max
0.000000 0.000000 source latency
0.202853         network latency _232_/CLK
        0.205393 network latency _237_/CLK
---------------
0.202853 0.205393 latency
        0.002540 skew



===========================================================================
report_clock_min_period
============================================================================
clk period_min = 1.76 fmax = 569.66
