
===========================================================================
report_checks -path_delay max (Setup)
============================================================================
======================= nom_ff_n40C_1v95 Corner ===================================

Startpoint: tx_start (input port clocked by clk)
Endpoint: _236_ (rising edge-triggered flip-flop clocked by clk)
Path Group: clk
Path Type: max

Fanout         Cap        Slew       Delay        Time   Description
---------------------------------------------------------------------------------------------
                      0.000000    0.000000    0.000000   clock clk (rise edge)
                                  0.000000    0.000000   clock network delay (ideal)
                                  2.000000    2.000000 v input external delay
     4    0.010156    0.000000    0.000000    2.000000 v tx_start (in)
                                                         tx_start (net)
                      0.000000    0.000000    2.000000 v _169_/B (sky130_fd_sc_hd__and2_2)
     8    0.028225    0.065330    0.149294    2.149294 v _169_/X (sky130_fd_sc_hd__and2_2)
                                                         _088_ (net)
                      0.065330    0.000000    2.149294 v _139_/S (sky130_fd_sc_hd__mux2_1)
     1    0.001577    0.033894    0.181332    2.330627 v _139_/X (sky130_fd_sc_hd__mux2_1)
                                                         _067_ (net)
                      0.033894    0.000000    2.330627 v _140_/A0 (sky130_fd_sc_hd__mux2_1)
     1    0.001395    0.033106    0.132811    2.463437 v _140_/X (sky130_fd_sc_hd__mux2_1)
                                                         _068_ (net)
                      0.033106    0.000000    2.463437 v _141_/B (sky130_fd_sc_hd__or2_2)
     1    0.001783    0.034034    0.151569    2.615006 v _141_/X (sky130_fd_sc_hd__or2_2)
                                                         _022_ (net)
                      0.034034    0.000000    2.615006 v _236_/D (sky130_fd_sc_hd__dfxtp_2)
                                              2.615006   data arrival time

                      0.000000   20.000000   20.000000   clock clk (rise edge)
                                  0.000000   20.000000   clock network delay (ideal)
                                  0.000000   20.000000   clock reconvergence pessimism
                                             20.000000 ^ _236_/CLK (sky130_fd_sc_hd__dfxtp_2)
                                 -0.075031   19.924971   library setup time
                                             19.924971   data required time
---------------------------------------------------------------------------------------------
                                             19.924971   data required time
                                             -2.615006   data arrival time
---------------------------------------------------------------------------------------------
                                             17.309963   slack (MET)


Startpoint: tx_start (input port clocked by clk)
Endpoint: _237_ (rising edge-triggered flip-flop clocked by clk)
Path Group: clk
Path Type: max

Fanout         Cap        Slew       Delay        Time   Description
---------------------------------------------------------------------------------------------
                      0.000000    0.000000    0.000000   clock clk (rise edge)
                                  0.000000    0.000000   clock network delay (ideal)
                                  2.000000    2.000000 v input external delay
     4    0.010156    0.000000    0.000000    2.000000 v tx_start (in)
                                                         tx_start (net)
                      0.000000    0.000000    2.000000 v _169_/B (sky130_fd_sc_hd__and2_2)
     8    0.028225    0.065330    0.149294    2.149294 v _169_/X (sky130_fd_sc_hd__and2_2)
                                                         _088_ (net)
                      0.065330    0.000000    2.149294 v _142_/S (sky130_fd_sc_hd__mux2_1)
     1    0.001577    0.033894    0.181332    2.330627 v _142_/X (sky130_fd_sc_hd__mux2_1)
                                                         _069_ (net)
                      0.033894    0.000000    2.330627 v _143_/A0 (sky130_fd_sc_hd__mux2_1)
     1    0.001395    0.033106    0.132811    2.463437 v _143_/X (sky130_fd_sc_hd__mux2_1)
                                                         _070_ (net)
                      0.033106    0.000000    2.463437 v _144_/B (sky130_fd_sc_hd__or2_2)
     1    0.001783    0.034034    0.151569    2.615006 v _144_/X (sky130_fd_sc_hd__or2_2)
                                                         _023_ (net)
                      0.034034    0.000000    2.615006 v _237_/D (sky130_fd_sc_hd__dfxtp_2)
                                              2.615006   data arrival time

                      0.000000   20.000000   20.000000   clock clk (rise edge)
                                  0.000000   20.000000   clock network delay (ideal)
                                  0.000000   20.000000   clock reconvergence pessimism
                                             20.000000 ^ _237_/CLK (sky130_fd_sc_hd__dfxtp_2)
                                 -0.075031   19.924971   library setup time
                                             19.924971   data required time
---------------------------------------------------------------------------------------------
                                             19.924971   data required time
                                             -2.615006   data arrival time
---------------------------------------------------------------------------------------------
                                             17.309963   slack (MET)


Startpoint: tx_start (input port clocked by clk)
Endpoint: _238_ (rising edge-triggered flip-flop clocked by clk)
Path Group: clk
Path Type: max

Fanout         Cap        Slew       Delay        Time   Description
---------------------------------------------------------------------------------------------
                      0.000000    0.000000    0.000000   clock clk (rise edge)
                                  0.000000    0.000000   clock network delay (ideal)
                                  2.000000    2.000000 v input external delay
     4    0.010156    0.000000    0.000000    2.000000 v tx_start (in)
                                                         tx_start (net)
                      0.000000    0.000000    2.000000 v _169_/B (sky130_fd_sc_hd__and2_2)
     8    0.028225    0.065330    0.149294    2.149294 v _169_/X (sky130_fd_sc_hd__and2_2)
                                                         _088_ (net)
                      0.065330    0.000000    2.149294 v _145_/S (sky130_fd_sc_hd__mux2_1)
     1    0.001577    0.033894    0.181332    2.330627 v _145_/X (sky130_fd_sc_hd__mux2_1)
                                                         _071_ (net)
                      0.033894    0.000000    2.330627 v _146_/A0 (sky130_fd_sc_hd__mux2_1)
     1    0.001395    0.033106    0.132811    2.463437 v _146_/X (sky130_fd_sc_hd__mux2_1)
                                                         _072_ (net)
                      0.033106    0.000000    2.463437 v _147_/B (sky130_fd_sc_hd__or2_2)
     1    0.001783    0.034034    0.151569    2.615006 v _147_/X (sky130_fd_sc_hd__or2_2)
                                                         _024_ (net)
                      0.034034    0.000000    2.615006 v _238_/D (sky130_fd_sc_hd__dfxtp_2)
                                              2.615006   data arrival time

                      0.000000   20.000000   20.000000   clock clk (rise edge)
                                  0.000000   20.000000   clock network delay (ideal)
                                  0.000000   20.000000   clock reconvergence pessimism
                                             20.000000 ^ _238_/CLK (sky130_fd_sc_hd__dfxtp_2)
                                 -0.075031   19.924971   library setup time
                                             19.924971   data required time
---------------------------------------------------------------------------------------------
                                             19.924971   data required time
                                             -2.615006   data arrival time
---------------------------------------------------------------------------------------------
                                             17.309963   slack (MET)


Startpoint: tx_start (input port clocked by clk)
Endpoint: _239_ (rising edge-triggered flip-flop clocked by clk)
Path Group: clk
Path Type: max

Fanout         Cap        Slew       Delay        Time   Description
---------------------------------------------------------------------------------------------
                      0.000000    0.000000    0.000000   clock clk (rise edge)
                                  0.000000    0.000000   clock network delay (ideal)
                                  2.000000    2.000000 v input external delay
     4    0.010156    0.000000    0.000000    2.000000 v tx_start (in)
                                                         tx_start (net)
                      0.000000    0.000000    2.000000 v _169_/B (sky130_fd_sc_hd__and2_2)
     8    0.028225    0.065330    0.149294    2.149294 v _169_/X (sky130_fd_sc_hd__and2_2)
                                                         _088_ (net)
                      0.065330    0.000000    2.149294 v _148_/S (sky130_fd_sc_hd__mux2_1)
     1    0.001577    0.033894    0.181332    2.330627 v _148_/X (sky130_fd_sc_hd__mux2_1)
                                                         _073_ (net)
                      0.033894    0.000000    2.330627 v _149_/A0 (sky130_fd_sc_hd__mux2_1)
     1    0.001395    0.033106    0.132811    2.463437 v _149_/X (sky130_fd_sc_hd__mux2_1)
                                                         _074_ (net)
                      0.033106    0.000000    2.463437 v _150_/B (sky130_fd_sc_hd__or2_2)
     1    0.001783    0.034034    0.151569    2.615006 v _150_/X (sky130_fd_sc_hd__or2_2)
                                                         _025_ (net)
                      0.034034    0.000000    2.615006 v _239_/D (sky130_fd_sc_hd__dfxtp_2)
                                              2.615006   data arrival time

                      0.000000   20.000000   20.000000   clock clk (rise edge)
                                  0.000000   20.000000   clock network delay (ideal)
                                  0.000000   20.000000   clock reconvergence pessimism
                                             20.000000 ^ _239_/CLK (sky130_fd_sc_hd__dfxtp_2)
                                 -0.075031   19.924971   library setup time
                                             19.924971   data required time
---------------------------------------------------------------------------------------------
                                             19.924971   data required time
                                             -2.615006   data arrival time
---------------------------------------------------------------------------------------------
                                             17.309963   slack (MET)


Startpoint: tx_start (input port clocked by clk)
Endpoint: _240_ (rising edge-triggered flip-flop clocked by clk)
Path Group: clk
Path Type: max

Fanout         Cap        Slew       Delay        Time   Description
---------------------------------------------------------------------------------------------
                      0.000000    0.000000    0.000000   clock clk (rise edge)
                                  0.000000    0.000000   clock network delay (ideal)
                                  2.000000    2.000000 v input external delay
     4    0.010156    0.000000    0.000000    2.000000 v tx_start (in)
                                                         tx_start (net)
                      0.000000    0.000000    2.000000 v _169_/B (sky130_fd_sc_hd__and2_2)
     8    0.028225    0.065330    0.149294    2.149294 v _169_/X (sky130_fd_sc_hd__and2_2)
                                                         _088_ (net)
                      0.065330    0.000000    2.149294 v _151_/S (sky130_fd_sc_hd__mux2_1)
     1    0.001577    0.033894    0.181332    2.330627 v _151_/X (sky130_fd_sc_hd__mux2_1)
                                                         _075_ (net)
                      0.033894    0.000000    2.330627 v _152_/A0 (sky130_fd_sc_hd__mux2_1)
     1    0.001395    0.033106    0.132811    2.463437 v _152_/X (sky130_fd_sc_hd__mux2_1)
                                                         _076_ (net)
                      0.033106    0.000000    2.463437 v _153_/B (sky130_fd_sc_hd__or2_2)
     1    0.001783    0.034034    0.151569    2.615006 v _153_/X (sky130_fd_sc_hd__or2_2)
                                                         _026_ (net)
                      0.034034    0.000000    2.615006 v _240_/D (sky130_fd_sc_hd__dfxtp_2)
                                              2.615006   data arrival time

                      0.000000   20.000000   20.000000   clock clk (rise edge)
                                  0.000000   20.000000   clock network delay (ideal)
                                  0.000000   20.000000   clock reconvergence pessimism
                                             20.000000 ^ _240_/CLK (sky130_fd_sc_hd__dfxtp_2)
                                 -0.075031   19.924971   library setup time
                                             19.924971   data required time
---------------------------------------------------------------------------------------------
                                             19.924971   data required time
                                             -2.615006   data arrival time
---------------------------------------------------------------------------------------------
                                             17.309963   slack (MET)


Startpoint: tx_start (input port clocked by clk)
Endpoint: _241_ (rising edge-triggered flip-flop clocked by clk)
Path Group: clk
Path Type: max

Fanout         Cap        Slew       Delay        Time   Description
---------------------------------------------------------------------------------------------
                      0.000000    0.000000    0.000000   clock clk (rise edge)
                                  0.000000    0.000000   clock network delay (ideal)
                                  2.000000    2.000000 v input external delay
     4    0.010156    0.000000    0.000000    2.000000 v tx_start (in)
                                                         tx_start (net)
                      0.000000    0.000000    2.000000 v _169_/B (sky130_fd_sc_hd__and2_2)
     8    0.028225    0.065330    0.149294    2.149294 v _169_/X (sky130_fd_sc_hd__and2_2)
                                                         _088_ (net)
                      0.065330    0.000000    2.149294 v _154_/S (sky130_fd_sc_hd__mux2_1)
     1    0.001577    0.033894    0.181332    2.330627 v _154_/X (sky130_fd_sc_hd__mux2_1)
                                                         _077_ (net)
                      0.033894    0.000000    2.330627 v _155_/A0 (sky130_fd_sc_hd__mux2_1)
     1    0.001395    0.033106    0.132811    2.463437 v _155_/X (sky130_fd_sc_hd__mux2_1)
                                                         _078_ (net)
                      0.033106    0.000000    2.463437 v _156_/B (sky130_fd_sc_hd__or2_2)
     1    0.001783    0.034034    0.151569    2.615006 v _156_/X (sky130_fd_sc_hd__or2_2)
                                                         _027_ (net)
                      0.034034    0.000000    2.615006 v _241_/D (sky130_fd_sc_hd__dfxtp_2)
                                              2.615006   data arrival time

                      0.000000   20.000000   20.000000   clock clk (rise edge)
                                  0.000000   20.000000   clock network delay (ideal)
                                  0.000000   20.000000   clock reconvergence pessimism
                                             20.000000 ^ _241_/CLK (sky130_fd_sc_hd__dfxtp_2)
                                 -0.075031   19.924971   library setup time
                                             19.924971   data required time
---------------------------------------------------------------------------------------------
                                             19.924971   data required time
                                             -2.615006   data arrival time
---------------------------------------------------------------------------------------------
                                             17.309963   slack (MET)


Startpoint: tx_start (input port clocked by clk)
Endpoint: _242_ (rising edge-triggered flip-flop clocked by clk)
Path Group: clk
Path Type: max

Fanout         Cap        Slew       Delay        Time   Description
---------------------------------------------------------------------------------------------
                      0.000000    0.000000    0.000000   clock clk (rise edge)
                                  0.000000    0.000000   clock network delay (ideal)
                                  2.000000    2.000000 v input external delay
     4    0.010156    0.000000    0.000000    2.000000 v tx_start (in)
                                                         tx_start (net)
                      0.000000    0.000000    2.000000 v _169_/B (sky130_fd_sc_hd__and2_2)
     8    0.028225    0.065330    0.149294    2.149294 v _169_/X (sky130_fd_sc_hd__and2_2)
                                                         _088_ (net)
                      0.065330    0.000000    2.149294 v _157_/S (sky130_fd_sc_hd__mux2_1)
     1    0.001577    0.033894    0.181332    2.330627 v _157_/X (sky130_fd_sc_hd__mux2_1)
                                                         _079_ (net)
                      0.033894    0.000000    2.330627 v _158_/A0 (sky130_fd_sc_hd__mux2_1)
     1    0.001395    0.033106    0.132811    2.463437 v _158_/X (sky130_fd_sc_hd__mux2_1)
                                                         _080_ (net)
                      0.033106    0.000000    2.463437 v _159_/B (sky130_fd_sc_hd__or2_2)
     1    0.001783    0.034034    0.151569    2.615006 v _159_/X (sky130_fd_sc_hd__or2_2)
                                                         _028_ (net)
                      0.034034    0.000000    2.615006 v _242_/D (sky130_fd_sc_hd__dfxtp_2)
                                              2.615006   data arrival time

                      0.000000   20.000000   20.000000   clock clk (rise edge)
                                  0.000000   20.000000   clock network delay (ideal)
                                  0.000000   20.000000   clock reconvergence pessimism
                                             20.000000 ^ _242_/CLK (sky130_fd_sc_hd__dfxtp_2)
                                 -0.075031   19.924971   library setup time
                                             19.924971   data required time
---------------------------------------------------------------------------------------------
                                             19.924971   data required time
                                             -2.615006   data arrival time
---------------------------------------------------------------------------------------------
                                             17.309963   slack (MET)


Startpoint: tx_start (input port clocked by clk)
Endpoint: _218_ (rising edge-triggered flip-flop clocked by clk)
Path Group: clk
Path Type: max

Fanout         Cap        Slew       Delay        Time   Description
---------------------------------------------------------------------------------------------
                      0.000000    0.000000    0.000000   clock clk (rise edge)
                                  0.000000    0.000000   clock network delay (ideal)
                                  2.000000    2.000000 v input external delay
     4    0.010156    0.000000    0.000000    2.000000 v tx_start (in)
                                                         tx_start (net)
                      0.000000    0.000000    2.000000 v _169_/B (sky130_fd_sc_hd__and2_2)
     8    0.028225    0.065330    0.149294    2.149294 v _169_/X (sky130_fd_sc_hd__and2_2)
                                                         _088_ (net)
                      0.065330    0.000000    2.149294 v _187_/B (sky130_fd_sc_hd__nor2_2)
    11    0.024557    0.206161    0.175262    2.324557 ^ _187_/Y (sky130_fd_sc_hd__nor2_2)
                                                         _104_ (net)
                      0.206161    0.000000    2.324557 ^ _197_/B (sky130_fd_sc_hd__and3b_2)
     1    0.001748    0.026760    0.122512    2.447069 ^ _197_/X (sky130_fd_sc_hd__and3b_2)
                                                         _004_ (net)
                      0.026760    0.000000    2.447069 ^ _218_/D (sky130_fd_sc_hd__dfxtp_2)
                                              2.447069   data arrival time

                      0.000000   20.000000   20.000000   clock clk (rise edge)
                                  0.000000   20.000000   clock network delay (ideal)
                                  0.000000   20.000000   clock reconvergence pessimism
                                             20.000000 ^ _218_/CLK (sky130_fd_sc_hd__dfxtp_2)
                                 -0.032045   19.967955   library setup time
                                             19.967955   data required time
---------------------------------------------------------------------------------------------
                                             19.967955   data required time
                                             -2.447069   data arrival time
---------------------------------------------------------------------------------------------
                                             17.520887   slack (MET)


Startpoint: tx_start (input port clocked by clk)
Endpoint: _222_ (rising edge-triggered flip-flop clocked by clk)
Path Group: clk
Path Type: max

Fanout         Cap        Slew       Delay        Time   Description
---------------------------------------------------------------------------------------------
                      0.000000    0.000000    0.000000   clock clk (rise edge)
                                  0.000000    0.000000   clock network delay (ideal)
                                  2.000000    2.000000 v input external delay
     4    0.010156    0.000000    0.000000    2.000000 v tx_start (in)
                                                         tx_start (net)
                      0.000000    0.000000    2.000000 v _169_/B (sky130_fd_sc_hd__and2_2)
     8    0.028225    0.065330    0.149294    2.149294 v _169_/X (sky130_fd_sc_hd__and2_2)
                                                         _088_ (net)
                      0.065330    0.000000    2.149294 v _187_/B (sky130_fd_sc_hd__nor2_2)
    11    0.024557    0.206161    0.175262    2.324557 ^ _187_/Y (sky130_fd_sc_hd__nor2_2)
                                                         _104_ (net)
                      0.206161    0.000000    2.324557 ^ _207_/B (sky130_fd_sc_hd__and3b_2)
     1    0.001748    0.026760    0.122512    2.447069 ^ _207_/X (sky130_fd_sc_hd__and3b_2)
                                                         _008_ (net)
                      0.026760    0.000000    2.447069 ^ _222_/D (sky130_fd_sc_hd__dfxtp_2)
                                              2.447069   data arrival time

                      0.000000   20.000000   20.000000   clock clk (rise edge)
                                  0.000000   20.000000   clock network delay (ideal)
                                  0.000000   20.000000   clock reconvergence pessimism
                                             20.000000 ^ _222_/CLK (sky130_fd_sc_hd__dfxtp_2)
                                 -0.032045   19.967955   library setup time
                                             19.967955   data required time
---------------------------------------------------------------------------------------------
                                             19.967955   data required time
                                             -2.447069   data arrival time
---------------------------------------------------------------------------------------------
                                             17.520887   slack (MET)


Startpoint: tx_start (input port clocked by clk)
Endpoint: _225_ (rising edge-triggered flip-flop clocked by clk)
Path Group: clk
Path Type: max

Fanout         Cap        Slew       Delay        Time   Description
---------------------------------------------------------------------------------------------
                      0.000000    0.000000    0.000000   clock clk (rise edge)
                                  0.000000    0.000000   clock network delay (ideal)
                                  2.000000    2.000000 v input external delay
     4    0.010156    0.000000    0.000000    2.000000 v tx_start (in)
                                                         tx_start (net)
                      0.000000    0.000000    2.000000 v _169_/B (sky130_fd_sc_hd__and2_2)
     8    0.028225    0.065330    0.149294    2.149294 v _169_/X (sky130_fd_sc_hd__and2_2)
                                                         _088_ (net)
                      0.065330    0.000000    2.149294 v _187_/B (sky130_fd_sc_hd__nor2_2)
    11    0.024557    0.206161    0.175262    2.324557 ^ _187_/Y (sky130_fd_sc_hd__nor2_2)
                                                         _104_ (net)
                      0.206161    0.000000    2.324557 ^ _108_/B (sky130_fd_sc_hd__and3b_2)
     1    0.001748    0.026760    0.122512    2.447069 ^ _108_/X (sky130_fd_sc_hd__and3b_2)
                                                         _011_ (net)
                      0.026760    0.000000    2.447069 ^ _225_/D (sky130_fd_sc_hd__dfxtp_2)
                                              2.447069   data arrival time

                      0.000000   20.000000   20.000000   clock clk (rise edge)
                                  0.000000   20.000000   clock network delay (ideal)
                                  0.000000   20.000000   clock reconvergence pessimism
                                             20.000000 ^ _225_/CLK (sky130_fd_sc_hd__dfxtp_2)
                                 -0.032045   19.967955   library setup time
                                             19.967955   data required time
---------------------------------------------------------------------------------------------
                                             19.967955   data required time
                                             -2.447069   data arrival time
---------------------------------------------------------------------------------------------
                                             17.520887   slack (MET)


Startpoint: tx_start (input port clocked by clk)
Endpoint: _226_ (rising edge-triggered flip-flop clocked by clk)
Path Group: clk
Path Type: max

Fanout         Cap        Slew       Delay        Time   Description
---------------------------------------------------------------------------------------------
                      0.000000    0.000000    0.000000   clock clk (rise edge)
                                  0.000000    0.000000   clock network delay (ideal)
                                  2.000000    2.000000 v input external delay
     4    0.010156    0.000000    0.000000    2.000000 v tx_start (in)
                                                         tx_start (net)
                      0.000000    0.000000    2.000000 v _169_/B (sky130_fd_sc_hd__and2_2)
     8    0.028225    0.065330    0.149294    2.149294 v _169_/X (sky130_fd_sc_hd__and2_2)
                                                         _088_ (net)
                      0.065330    0.000000    2.149294 v _187_/B (sky130_fd_sc_hd__nor2_2)
    11    0.024557    0.206161    0.175262    2.324557 ^ _187_/Y (sky130_fd_sc_hd__nor2_2)
                                                         _104_ (net)
                      0.206161    0.000000    2.324557 ^ _111_/B (sky130_fd_sc_hd__and3b_2)
     1    0.001748    0.026760    0.122512    2.447069 ^ _111_/X (sky130_fd_sc_hd__and3b_2)
                                                         _012_ (net)
                      0.026760    0.000000    2.447069 ^ _226_/D (sky130_fd_sc_hd__dfxtp_2)
                                              2.447069   data arrival time

                      0.000000   20.000000   20.000000   clock clk (rise edge)
                                  0.000000   20.000000   clock network delay (ideal)
                                  0.000000   20.000000   clock reconvergence pessimism
                                             20.000000 ^ _226_/CLK (sky130_fd_sc_hd__dfxtp_2)
                                 -0.032045   19.967955   library setup time
                                             19.967955   data required time
---------------------------------------------------------------------------------------------
                                             19.967955   data required time
                                             -2.447069   data arrival time
---------------------------------------------------------------------------------------------
                                             17.520887   slack (MET)


Startpoint: tx_start (input port clocked by clk)
Endpoint: _228_ (rising edge-triggered flip-flop clocked by clk)
Path Group: clk
Path Type: max

Fanout         Cap        Slew       Delay        Time   Description
---------------------------------------------------------------------------------------------
                      0.000000    0.000000    0.000000   clock clk (rise edge)
                                  0.000000    0.000000   clock network delay (ideal)
                                  2.000000    2.000000 v input external delay
     4    0.010156    0.000000    0.000000    2.000000 v tx_start (in)
                                                         tx_start (net)
                      0.000000    0.000000    2.000000 v _169_/B (sky130_fd_sc_hd__and2_2)
     8    0.028225    0.065330    0.149294    2.149294 v _169_/X (sky130_fd_sc_hd__and2_2)
                                                         _088_ (net)
                      0.065330    0.000000    2.149294 v _187_/B (sky130_fd_sc_hd__nor2_2)
    11    0.024557    0.206161    0.175262    2.324557 ^ _187_/Y (sky130_fd_sc_hd__nor2_2)
                                                         _104_ (net)
                      0.206161    0.000000    2.324557 ^ _116_/B (sky130_fd_sc_hd__and3b_2)
     1    0.001748    0.026760    0.122512    2.447069 ^ _116_/X (sky130_fd_sc_hd__and3b_2)
                                                         _014_ (net)
                      0.026760    0.000000    2.447069 ^ _228_/D (sky130_fd_sc_hd__dfxtp_2)
                                              2.447069   data arrival time

                      0.000000   20.000000   20.000000   clock clk (rise edge)
                                  0.000000   20.000000   clock network delay (ideal)
                                  0.000000   20.000000   clock reconvergence pessimism
                                             20.000000 ^ _228_/CLK (sky130_fd_sc_hd__dfxtp_2)
                                 -0.032045   19.967955   library setup time
                                             19.967955   data required time
---------------------------------------------------------------------------------------------
                                             19.967955   data required time
                                             -2.447069   data arrival time
---------------------------------------------------------------------------------------------
                                             17.520887   slack (MET)


Startpoint: tx_start (input port clocked by clk)
Endpoint: _233_ (rising edge-triggered flip-flop clocked by clk)
Path Group: clk
Path Type: max

Fanout         Cap        Slew       Delay        Time   Description
---------------------------------------------------------------------------------------------
                      0.000000    0.000000    0.000000   clock clk (rise edge)
                                  0.000000    0.000000   clock network delay (ideal)
                                  2.000000    2.000000 v input external delay
     4    0.010156    0.000000    0.000000    2.000000 v tx_start (in)
                                                         tx_start (net)
                      0.000000    0.000000    2.000000 v _169_/B (sky130_fd_sc_hd__and2_2)
     8    0.028225    0.065330    0.149294    2.149294 v _169_/X (sky130_fd_sc_hd__and2_2)
                                                         _088_ (net)
                      0.065330    0.000000    2.149294 v _187_/B (sky130_fd_sc_hd__nor2_2)
    11    0.024557    0.206161    0.175262    2.324557 ^ _187_/Y (sky130_fd_sc_hd__nor2_2)
                                                         _104_ (net)
                      0.206161    0.000000    2.324557 ^ _131_/B (sky130_fd_sc_hd__and3b_2)
     1    0.001748    0.026760    0.122512    2.447069 ^ _131_/X (sky130_fd_sc_hd__and3b_2)
                                                         _019_ (net)
                      0.026760    0.000000    2.447069 ^ _233_/D (sky130_fd_sc_hd__dfxtp_2)
                                              2.447069   data arrival time

                      0.000000   20.000000   20.000000   clock clk (rise edge)
                                  0.000000   20.000000   clock network delay (ideal)
                                  0.000000   20.000000   clock reconvergence pessimism
                                             20.000000 ^ _233_/CLK (sky130_fd_sc_hd__dfxtp_2)
                                 -0.032045   19.967955   library setup time
                                             19.967955   data required time
---------------------------------------------------------------------------------------------
                                             19.967955   data required time
                                             -2.447069   data arrival time
---------------------------------------------------------------------------------------------
                                             17.520887   slack (MET)


Startpoint: tx_start (input port clocked by clk)
Endpoint: _235_ (rising edge-triggered flip-flop clocked by clk)
Path Group: clk
Path Type: max

Fanout         Cap        Slew       Delay        Time   Description
---------------------------------------------------------------------------------------------
                      0.000000    0.000000    0.000000   clock clk (rise edge)
                                  0.000000    0.000000   clock network delay (ideal)
                                  2.000000    2.000000 v input external delay
     4    0.010156    0.000000    0.000000    2.000000 v tx_start (in)
                                                         tx_start (net)
                      0.000000    0.000000    2.000000 v _169_/B (sky130_fd_sc_hd__and2_2)
     8    0.028225    0.065330    0.149294    2.149294 v _169_/X (sky130_fd_sc_hd__and2_2)
                                                         _088_ (net)
                      0.065330    0.000000    2.149294 v _187_/B (sky130_fd_sc_hd__nor2_2)
    11    0.024557    0.206161    0.175262    2.324557 ^ _187_/Y (sky130_fd_sc_hd__nor2_2)
                                                         _104_ (net)
                      0.206161    0.000000    2.324557 ^ _137_/B (sky130_fd_sc_hd__and3_2)
     1    0.001748    0.026735    0.122192    2.446748 ^ _137_/X (sky130_fd_sc_hd__and3_2)
                                                         _021_ (net)
                      0.026735    0.000000    2.446748 ^ _235_/D (sky130_fd_sc_hd__dfxtp_2)
                                              2.446748   data arrival time

                      0.000000   20.000000   20.000000   clock clk (rise edge)
                                  0.000000   20.000000   clock network delay (ideal)
                                  0.000000   20.000000   clock reconvergence pessimism
                                             20.000000 ^ _235_/CLK (sky130_fd_sc_hd__dfxtp_2)
                                 -0.032042   19.967958   library setup time
                                             19.967958   data required time
---------------------------------------------------------------------------------------------
                                             19.967958   data required time
                                             -2.446748   data arrival time
---------------------------------------------------------------------------------------------
                                             17.521210   slack (MET)


Startpoint: tx_start (input port clocked by clk)
Endpoint: _230_ (rising edge-triggered flip-flop clocked by clk)
Path Group: clk
Path Type: max

Fanout         Cap        Slew       Delay        Time   Description
---------------------------------------------------------------------------------------------
                      0.000000    0.000000    0.000000   clock clk (rise edge)
                                  0.000000    0.000000   clock network delay (ideal)
                                  2.000000    2.000000 v input external delay
     4    0.010156    0.000000    0.000000    2.000000 v tx_start (in)
                                                         tx_start (net)
                      0.000000    0.000000    2.000000 v _169_/B (sky130_fd_sc_hd__and2_2)
     8    0.028225    0.065330    0.149294    2.149294 v _169_/X (sky130_fd_sc_hd__and2_2)
                                                         _088_ (net)
                      0.065330    0.000000    2.149294 v _187_/B (sky130_fd_sc_hd__nor2_2)
    11    0.024557    0.206161    0.175262    2.324557 ^ _187_/Y (sky130_fd_sc_hd__nor2_2)
                                                         _104_ (net)
                      0.206161    0.000000    2.324557 ^ _122_/A (sky130_fd_sc_hd__and3_2)
     1    0.001748    0.027277    0.121393    2.445950 ^ _122_/X (sky130_fd_sc_hd__and3_2)
                                                         _016_ (net)
                      0.027277    0.000000    2.445950 ^ _230_/D (sky130_fd_sc_hd__dfxtp_2)
                                              2.445950   data arrival time

                      0.000000   20.000000   20.000000   clock clk (rise edge)
                                  0.000000   20.000000   clock network delay (ideal)
                                  0.000000   20.000000   clock reconvergence pessimism
                                             20.000000 ^ _230_/CLK (sky130_fd_sc_hd__dfxtp_2)
                                 -0.032096   19.967905   library setup time
                                             19.967905   data required time
---------------------------------------------------------------------------------------------
                                             19.967905   data required time
                                             -2.445950   data arrival time
---------------------------------------------------------------------------------------------
                                             17.521955   slack (MET)


Startpoint: tx_start (input port clocked by clk)
Endpoint: _231_ (rising edge-triggered flip-flop clocked by clk)
Path Group: clk
Path Type: max

Fanout         Cap        Slew       Delay        Time   Description
---------------------------------------------------------------------------------------------
                      0.000000    0.000000    0.000000   clock clk (rise edge)
                                  0.000000    0.000000   clock network delay (ideal)
                                  2.000000    2.000000 v input external delay
     4    0.010156    0.000000    0.000000    2.000000 v tx_start (in)
                                                         tx_start (net)
                      0.000000    0.000000    2.000000 v _169_/B (sky130_fd_sc_hd__and2_2)
     8    0.028225    0.065330    0.149294    2.149294 v _169_/X (sky130_fd_sc_hd__and2_2)
                                                         _088_ (net)
                      0.065330    0.000000    2.149294 v _187_/B (sky130_fd_sc_hd__nor2_2)
    11    0.024557    0.206161    0.175262    2.324557 ^ _187_/Y (sky130_fd_sc_hd__nor2_2)
                                                         _104_ (net)
                      0.206161    0.000000    2.324557 ^ _125_/C1 (sky130_fd_sc_hd__o211a_2)
     1    0.001748    0.025844    0.098789    2.423346 ^ _125_/X (sky130_fd_sc_hd__o211a_2)
                                                         _017_ (net)
                      0.025844    0.000000    2.423346 ^ _231_/D (sky130_fd_sc_hd__dfxtp_2)
                                              2.423346   data arrival time

                      0.000000   20.000000   20.000000   clock clk (rise edge)
                                  0.000000   20.000000   clock network delay (ideal)
                                  0.000000   20.000000   clock reconvergence pessimism
                                             20.000000 ^ _231_/CLK (sky130_fd_sc_hd__dfxtp_2)
                                 -0.031954   19.968046   library setup time
                                             19.968046   data required time
---------------------------------------------------------------------------------------------
                                             19.968046   data required time
                                             -2.423346   data arrival time
---------------------------------------------------------------------------------------------
                                             17.544701   slack (MET)


Startpoint: tx_start (input port clocked by clk)
Endpoint: _243_ (rising edge-triggered flip-flop clocked by clk)
Path Group: clk
Path Type: max

Fanout         Cap        Slew       Delay        Time   Description
---------------------------------------------------------------------------------------------
                      0.000000    0.000000    0.000000   clock clk (rise edge)
                                  0.000000    0.000000   clock network delay (ideal)
                                  2.000000    2.000000 ^ input external delay
     4    0.011210    0.000000    0.000000    2.000000 ^ tx_start (in)
                                                         tx_start (net)
                      0.000000    0.000000    2.000000 ^ _170_/B (sky130_fd_sc_hd__nand2_2)
     3    0.008808    0.039764    0.029905    2.029905 v _170_/Y (sky130_fd_sc_hd__nand2_2)
                                                         _089_ (net)
                      0.039764    0.000000    2.029905 v _138_/B1 (sky130_fd_sc_hd__o31a_2)
     8    0.026323    0.076677    0.105211    2.135116 v _138_/X (sky130_fd_sc_hd__o31a_2)
                                                         _066_ (net)
                      0.076677    0.000000    2.135116 v _161_/B1 (sky130_fd_sc_hd__a32o_2)
     1    0.001395    0.021561    0.096464    2.231580 v _161_/X (sky130_fd_sc_hd__a32o_2)
                                                         _082_ (net)
                      0.021561    0.000000    2.231580 v _162_/B (sky130_fd_sc_hd__or2_2)
     1    0.001783    0.034008    0.148152    2.379733 v _162_/X (sky130_fd_sc_hd__or2_2)
                                                         _029_ (net)
                      0.034008    0.000000    2.379733 v _243_/D (sky130_fd_sc_hd__dfxtp_2)
                                              2.379733   data arrival time

                      0.000000   20.000000   20.000000   clock clk (rise edge)
                                  0.000000   20.000000   clock network delay (ideal)
                                  0.000000   20.000000   clock reconvergence pessimism
                                             20.000000 ^ _243_/CLK (sky130_fd_sc_hd__dfxtp_2)
                                 -0.075021   19.924980   library setup time
                                             19.924980   data required time
---------------------------------------------------------------------------------------------
                                             19.924980   data required time
                                             -2.379733   data arrival time
---------------------------------------------------------------------------------------------
                                             17.545248   slack (MET)


Startpoint: tx_start (input port clocked by clk)
Endpoint: _216_ (rising edge-triggered flip-flop clocked by clk)
Path Group: clk
Path Type: max

Fanout         Cap        Slew       Delay        Time   Description
---------------------------------------------------------------------------------------------
                      0.000000    0.000000    0.000000   clock clk (rise edge)
                                  0.000000    0.000000   clock network delay (ideal)
                                  2.000000    2.000000 v input external delay
     4    0.010156    0.000000    0.000000    2.000000 v tx_start (in)
                                                         tx_start (net)
                      0.000000    0.000000    2.000000 v _169_/B (sky130_fd_sc_hd__and2_2)
     8    0.028225    0.065330    0.149294    2.149294 v _169_/X (sky130_fd_sc_hd__and2_2)
                                                         _088_ (net)
                      0.065330    0.000000    2.149294 v _187_/B (sky130_fd_sc_hd__nor2_2)
    11    0.024557    0.206161    0.175262    2.324557 ^ _187_/Y (sky130_fd_sc_hd__nor2_2)
                                                         _104_ (net)
                      0.206161    0.000000    2.324557 ^ _189_/B1 (sky130_fd_sc_hd__o21ai_2)
     1    0.004215    0.044214    0.020155    2.344712 v _189_/Y (sky130_fd_sc_hd__o21ai_2)
                                                         _106_ (net)
                      0.044214    0.000000    2.344712 v _190_/B1 (sky130_fd_sc_hd__a21oi_2)
     1    0.001748    0.051028    0.042429    2.387141 ^ _190_/Y (sky130_fd_sc_hd__a21oi_2)
                                                         _002_ (net)
                      0.051028    0.000000    2.387141 ^ _216_/D (sky130_fd_sc_hd__dfxtp_2)
                                              2.387141   data arrival time

                      0.000000   20.000000   20.000000   clock clk (rise edge)
                                  0.000000   20.000000   clock network delay (ideal)
                                  0.000000   20.000000   clock reconvergence pessimism
                                             20.000000 ^ _216_/CLK (sky130_fd_sc_hd__dfxtp_2)
                                 -0.034445   19.965555   library setup time
                                             19.965555   data required time
---------------------------------------------------------------------------------------------
                                             19.965555   data required time
                                             -2.387141   data arrival time
---------------------------------------------------------------------------------------------
                                             17.578413   slack (MET)


Startpoint: tx_start (input port clocked by clk)
Endpoint: _219_ (rising edge-triggered flip-flop clocked by clk)
Path Group: clk
Path Type: max

Fanout         Cap        Slew       Delay        Time   Description
---------------------------------------------------------------------------------------------
                      0.000000    0.000000    0.000000   clock clk (rise edge)
                                  0.000000    0.000000   clock network delay (ideal)
                                  2.000000    2.000000 v input external delay
     4    0.010156    0.000000    0.000000    2.000000 v tx_start (in)
                                                         tx_start (net)
                      0.000000    0.000000    2.000000 v _169_/B (sky130_fd_sc_hd__and2_2)
     8    0.028225    0.065330    0.149294    2.149294 v _169_/X (sky130_fd_sc_hd__and2_2)
                                                         _088_ (net)
                      0.065330    0.000000    2.149294 v _187_/B (sky130_fd_sc_hd__nor2_2)
    11    0.024557    0.206161    0.175262    2.324557 ^ _187_/Y (sky130_fd_sc_hd__nor2_2)
                                                         _104_ (net)
                      0.206161    0.000000    2.324557 ^ _198_/B1 (sky130_fd_sc_hd__o21ai_2)
     1    0.004215    0.044214    0.020155    2.344712 v _198_/Y (sky130_fd_sc_hd__o21ai_2)
                                                         _036_ (net)
                      0.044214    0.000000    2.344712 v _199_/B1 (sky130_fd_sc_hd__a21oi_2)
     1    0.001748    0.051146    0.042429    2.387141 ^ _199_/Y (sky130_fd_sc_hd__a21oi_2)
                                                         _005_ (net)
                      0.051146    0.000000    2.387141 ^ _219_/D (sky130_fd_sc_hd__dfxtp_2)
                                              2.387141   data arrival time

                      0.000000   20.000000   20.000000   clock clk (rise edge)
                                  0.000000   20.000000   clock network delay (ideal)
                                  0.000000   20.000000   clock reconvergence pessimism
                                             20.000000 ^ _219_/CLK (sky130_fd_sc_hd__dfxtp_2)
                                 -0.034457   19.965544   library setup time
                                             19.965544   data required time
---------------------------------------------------------------------------------------------
                                             19.965544   data required time
                                             -2.387141   data arrival time
---------------------------------------------------------------------------------------------
                                             17.578403   slack (MET)


Startpoint: tx_start (input port clocked by clk)
Endpoint: _221_ (rising edge-triggered flip-flop clocked by clk)
Path Group: clk
Path Type: max

Fanout         Cap        Slew       Delay        Time   Description
---------------------------------------------------------------------------------------------
                      0.000000    0.000000    0.000000   clock clk (rise edge)
                                  0.000000    0.000000   clock network delay (ideal)
                                  2.000000    2.000000 v input external delay
     4    0.010156    0.000000    0.000000    2.000000 v tx_start (in)
                                                         tx_start (net)
                      0.000000    0.000000    2.000000 v _170_/B (sky130_fd_sc_hd__nand2_2)
     3    0.009602    0.052345    0.045689    2.045689 ^ _170_/Y (sky130_fd_sc_hd__nand2_2)
                                                         _089_ (net)
                      0.052345    0.000000    2.045689 ^ _188_/B (sky130_fd_sc_hd__nand2_2)
     8    0.023729    0.065123    0.068804    2.114492 v _188_/Y (sky130_fd_sc_hd__nand2_2)
                                                         _105_ (net)
                      0.065123    0.000000    2.114492 v _203_/B1 (sky130_fd_sc_hd__a211o_2)
     1    0.001406    0.029713    0.143605    2.258098 v _203_/X (sky130_fd_sc_hd__a211o_2)
                                                         _039_ (net)
                      0.029713    0.000000    2.258098 v _204_/B1_N (sky130_fd_sc_hd__o21ba_2)
     1    0.001748    0.020634    0.119822    2.377919 ^ _204_/X (sky130_fd_sc_hd__o21ba_2)
                                                         _007_ (net)
                      0.020634    0.000000    2.377919 ^ _221_/D (sky130_fd_sc_hd__dfxtp_2)
                                              2.377919   data arrival time

                      0.000000   20.000000   20.000000   clock clk (rise edge)
                                  0.000000   20.000000   clock network delay (ideal)
                                  0.000000   20.000000   clock reconvergence pessimism
                                             20.000000 ^ _221_/CLK (sky130_fd_sc_hd__dfxtp_2)
                                 -0.031439   19.968561   library setup time
                                             19.968561   data required time
---------------------------------------------------------------------------------------------
                                             19.968561   data required time
                                             -2.377919   data arrival time
---------------------------------------------------------------------------------------------
                                             17.590641   slack (MET)


Startpoint: tx_start (input port clocked by clk)
Endpoint: _220_ (rising edge-triggered flip-flop clocked by clk)
Path Group: clk
Path Type: max

Fanout         Cap        Slew       Delay        Time   Description
---------------------------------------------------------------------------------------------
                      0.000000    0.000000    0.000000   clock clk (rise edge)
                                  0.000000    0.000000   clock network delay (ideal)
                                  2.000000    2.000000 ^ input external delay
     4    0.011210    0.000000    0.000000    2.000000 ^ tx_start (in)
                                                         tx_start (net)
                      0.000000    0.000000    2.000000 ^ _170_/B (sky130_fd_sc_hd__nand2_2)
     3    0.008808    0.039764    0.029905    2.029905 v _170_/Y (sky130_fd_sc_hd__nand2_2)
                                                         _089_ (net)
                      0.039764    0.000000    2.029905 v _188_/B (sky130_fd_sc_hd__nand2_2)
     8    0.026764    0.115710    0.105310    2.135215 ^ _188_/Y (sky130_fd_sc_hd__nand2_2)
                                                         _105_ (net)
                      0.115710    0.000000    2.135215 ^ _191_/B (sky130_fd_sc_hd__nor2_2)
     3    0.005387    0.058064    0.024169    2.159384 v _191_/Y (sky130_fd_sc_hd__nor2_2)
                                                         _031_ (net)
                      0.058064    0.000000    2.159384 v _202_/C (sky130_fd_sc_hd__and3b_2)
     1    0.001783    0.025792    0.131990    2.291374 v _202_/X (sky130_fd_sc_hd__and3b_2)
                                                         _006_ (net)
                      0.025792    0.000000    2.291374 v _220_/D (sky130_fd_sc_hd__dfxtp_2)
                                              2.291374   data arrival time

                      0.000000   20.000000   20.000000   clock clk (rise edge)
                                  0.000000   20.000000   clock network delay (ideal)
                                  0.000000   20.000000   clock reconvergence pessimism
                                             20.000000 ^ _220_/CLK (sky130_fd_sc_hd__dfxtp_2)
                                 -0.072083   19.927917   library setup time
                                             19.927917   data required time
---------------------------------------------------------------------------------------------
                                             19.927917   data required time
                                             -2.291374   data arrival time
---------------------------------------------------------------------------------------------
                                             17.636543   slack (MET)


Startpoint: tx_start (input port clocked by clk)
Endpoint: _229_ (rising edge-triggered flip-flop clocked by clk)
Path Group: clk
Path Type: max

Fanout         Cap        Slew       Delay        Time   Description
---------------------------------------------------------------------------------------------
                      0.000000    0.000000    0.000000   clock clk (rise edge)
                                  0.000000    0.000000   clock network delay (ideal)
                                  2.000000    2.000000 ^ input external delay
     4    0.011210    0.000000    0.000000    2.000000 ^ tx_start (in)
                                                         tx_start (net)
                      0.000000    0.000000    2.000000 ^ _170_/B (sky130_fd_sc_hd__nand2_2)
     3    0.008808    0.039764    0.029905    2.029905 v _170_/Y (sky130_fd_sc_hd__nand2_2)
                                                         _089_ (net)
                      0.039764    0.000000    2.029905 v _188_/B (sky130_fd_sc_hd__nand2_2)
     8    0.026764    0.115710    0.105310    2.135215 ^ _188_/Y (sky130_fd_sc_hd__nand2_2)
                                                         _105_ (net)
                      0.115710    0.000000    2.135215 ^ _118_/B1 (sky130_fd_sc_hd__a31o_2)
     1    0.001520    0.021588    0.062576    2.197792 ^ _118_/X (sky130_fd_sc_hd__a31o_2)
                                                         _053_ (net)
                      0.021588    0.000000    2.197792 ^ _119_/B1_N (sky130_fd_sc_hd__o21ba_2)
     1    0.001783    0.023520    0.084716    2.282508 v _119_/X (sky130_fd_sc_hd__o21ba_2)
                                                         _015_ (net)
                      0.023520    0.000000    2.282508 v _229_/D (sky130_fd_sc_hd__dfxtp_2)
                                              2.282508   data arrival time

                      0.000000   20.000000   20.000000   clock clk (rise edge)
                                  0.000000   20.000000   clock network delay (ideal)
                                  0.000000   20.000000   clock reconvergence pessimism
                                             20.000000 ^ _229_/CLK (sky130_fd_sc_hd__dfxtp_2)
                                 -0.071271   19.928730   library setup time
                                             19.928730   data required time
---------------------------------------------------------------------------------------------
                                             19.928730   data required time
                                             -2.282508   data arrival time
---------------------------------------------------------------------------------------------
                                             17.646221   slack (MET)


Startpoint: tx_start (input port clocked by clk)
Endpoint: _227_ (rising edge-triggered flip-flop clocked by clk)
Path Group: clk
Path Type: max

Fanout         Cap        Slew       Delay        Time   Description
---------------------------------------------------------------------------------------------
                      0.000000    0.000000    0.000000   clock clk (rise edge)
                                  0.000000    0.000000   clock network delay (ideal)
                                  2.000000    2.000000 ^ input external delay
     4    0.011210    0.000000    0.000000    2.000000 ^ tx_start (in)
                                                         tx_start (net)
                      0.000000    0.000000    2.000000 ^ _170_/B (sky130_fd_sc_hd__nand2_2)
     3    0.008808    0.039764    0.029905    2.029905 v _170_/Y (sky130_fd_sc_hd__nand2_2)
                                                         _089_ (net)
                      0.039764    0.000000    2.029905 v _188_/B (sky130_fd_sc_hd__nand2_2)
     8    0.026764    0.115710    0.105310    2.135215 ^ _188_/Y (sky130_fd_sc_hd__nand2_2)
                                                         _105_ (net)
                      0.115710    0.000000    2.135215 ^ _112_/B1 (sky130_fd_sc_hd__a31o_2)
     1    0.001520    0.021588    0.062576    2.197792 ^ _112_/X (sky130_fd_sc_hd__a31o_2)
                                                         _049_ (net)
                      0.021588    0.000000    2.197792 ^ _113_/B1_N (sky130_fd_sc_hd__o21ba_2)
     1    0.001783    0.023387    0.084716    2.282508 v _113_/X (sky130_fd_sc_hd__o21ba_2)
                                                         _013_ (net)
                      0.023387    0.000000    2.282508 v _227_/D (sky130_fd_sc_hd__dfxtp_2)
                                              2.282508   data arrival time

                      0.000000   20.000000   20.000000   clock clk (rise edge)
                                  0.000000   20.000000   clock network delay (ideal)
                                  0.000000   20.000000   clock reconvergence pessimism
                                             20.000000 ^ _227_/CLK (sky130_fd_sc_hd__dfxtp_2)
                                 -0.071223   19.928778   library setup time
                                             19.928778   data required time
---------------------------------------------------------------------------------------------
                                             19.928778   data required time
                                             -2.282508   data arrival time
---------------------------------------------------------------------------------------------
                                             17.646269   slack (MET)


Startpoint: tx_start (input port clocked by clk)
Endpoint: _223_ (rising edge-triggered flip-flop clocked by clk)
Path Group: clk
Path Type: max

Fanout         Cap        Slew       Delay        Time   Description
---------------------------------------------------------------------------------------------
                      0.000000    0.000000    0.000000   clock clk (rise edge)
                                  0.000000    0.000000   clock network delay (ideal)
                                  2.000000    2.000000 ^ input external delay
     4    0.011210    0.000000    0.000000    2.000000 ^ tx_start (in)
                                                         tx_start (net)
                      0.000000    0.000000    2.000000 ^ _170_/B (sky130_fd_sc_hd__nand2_2)
     3    0.008808    0.039764    0.029905    2.029905 v _170_/Y (sky130_fd_sc_hd__nand2_2)
                                                         _089_ (net)
                      0.039764    0.000000    2.029905 v _188_/B (sky130_fd_sc_hd__nand2_2)
     8    0.026764    0.115710    0.105310    2.135215 ^ _188_/Y (sky130_fd_sc_hd__nand2_2)
                                                         _105_ (net)
                      0.115710    0.000000    2.135215 ^ _191_/B (sky130_fd_sc_hd__nor2_2)
     3    0.005387    0.058064    0.024169    2.159384 v _191_/Y (sky130_fd_sc_hd__nor2_2)
                                                         _031_ (net)
                      0.058064    0.000000    2.159384 v _210_/A (sky130_fd_sc_hd__and3_2)
     1    0.001783    0.025600    0.110240    2.269624 v _210_/X (sky130_fd_sc_hd__and3_2)
                                                         _009_ (net)
                      0.025600    0.000000    2.269624 v _223_/D (sky130_fd_sc_hd__dfxtp_2)
                                              2.269624   data arrival time

                      0.000000   20.000000   20.000000   clock clk (rise edge)
                                  0.000000   20.000000   clock network delay (ideal)
                                  0.000000   20.000000   clock reconvergence pessimism
                                             20.000000 ^ _223_/CLK (sky130_fd_sc_hd__dfxtp_2)
                                 -0.072015   19.927984   library setup time
                                             19.927984   data required time
---------------------------------------------------------------------------------------------
                                             19.927984   data required time
                                             -2.269624   data arrival time
---------------------------------------------------------------------------------------------
                                             17.658361   slack (MET)


Startpoint: tx_start (input port clocked by clk)
Endpoint: _217_ (rising edge-triggered flip-flop clocked by clk)
Path Group: clk
Path Type: max

Fanout         Cap        Slew       Delay        Time   Description
---------------------------------------------------------------------------------------------
                      0.000000    0.000000    0.000000   clock clk (rise edge)
                                  0.000000    0.000000   clock network delay (ideal)
                                  2.000000    2.000000 v input external delay
     4    0.010156    0.000000    0.000000    2.000000 v tx_start (in)
                                                         tx_start (net)
                      0.000000    0.000000    2.000000 v _170_/B (sky130_fd_sc_hd__nand2_2)
     3    0.009602    0.052345    0.045689    2.045689 ^ _170_/Y (sky130_fd_sc_hd__nand2_2)
                                                         _089_ (net)
                      0.052345    0.000000    2.045689 ^ _188_/B (sky130_fd_sc_hd__nand2_2)
     8    0.023729    0.065123    0.068804    2.114492 v _188_/Y (sky130_fd_sc_hd__nand2_2)
                                                         _105_ (net)
                      0.065123    0.000000    2.114492 v _193_/C1 (sky130_fd_sc_hd__a311o_2)
     1    0.004145    0.042520    0.131949    2.246441 v _193_/X (sky130_fd_sc_hd__a311o_2)
                                                         _033_ (net)
                      0.042520    0.000000    2.246441 v _194_/B (sky130_fd_sc_hd__nor2_2)
     1    0.001748    0.037370    0.045305    2.291746 ^ _194_/Y (sky130_fd_sc_hd__nor2_2)
                                                         _003_ (net)
                      0.037370    0.000000    2.291746 ^ _217_/D (sky130_fd_sc_hd__dfxtp_2)
                                              2.291746   data arrival time

                      0.000000   20.000000   20.000000   clock clk (rise edge)
                                  0.000000   20.000000   clock network delay (ideal)
                                  0.000000   20.000000   clock reconvergence pessimism
                                             20.000000 ^ _217_/CLK (sky130_fd_sc_hd__dfxtp_2)
                                 -0.033094   19.966908   library setup time
                                             19.966908   data required time
---------------------------------------------------------------------------------------------
                                             19.966908   data required time
                                             -2.291746   data arrival time
---------------------------------------------------------------------------------------------
                                             17.675161   slack (MET)


Startpoint: tx_start (input port clocked by clk)
Endpoint: _214_ (rising edge-triggered flip-flop clocked by clk)
Path Group: clk
Path Type: max

Fanout         Cap        Slew       Delay        Time   Description
---------------------------------------------------------------------------------------------
                      0.000000    0.000000    0.000000   clock clk (rise edge)
                                  0.000000    0.000000   clock network delay (ideal)
                                  2.000000    2.000000 ^ input external delay
     4    0.011210    0.000000    0.000000    2.000000 ^ tx_start (in)
                                                         tx_start (net)
                      0.000000    0.000000    2.000000 ^ _170_/B (sky130_fd_sc_hd__nand2_2)
     3    0.008808    0.039764    0.029905    2.029905 v _170_/Y (sky130_fd_sc_hd__nand2_2)
                                                         _089_ (net)
                      0.039764    0.000000    2.029905 v _182_/B1 (sky130_fd_sc_hd__o211a_2)
     1    0.002261    0.029158    0.082599    2.112505 v _182_/X (sky130_fd_sc_hd__o211a_2)
                                                         _101_ (net)
                      0.029158    0.000000    2.112505 v _184_/B1 (sky130_fd_sc_hd__a211o_2)
     1    0.001783    0.030807    0.132335    2.244840 v _184_/X (sky130_fd_sc_hd__a211o_2)
                                                         _000_ (net)
                      0.030807    0.000000    2.244840 v _214_/D (sky130_fd_sc_hd__dfxtp_2)
                                              2.244840   data arrival time

                      0.000000   20.000000   20.000000   clock clk (rise edge)
                                  0.000000   20.000000   clock network delay (ideal)
                                  0.000000   20.000000   clock reconvergence pessimism
                                             20.000000 ^ _214_/CLK (sky130_fd_sc_hd__dfxtp_2)
                                 -0.073877   19.926123   library setup time
                                             19.926123   data required time
---------------------------------------------------------------------------------------------
                                             19.926123   data required time
                                             -2.244840   data arrival time
---------------------------------------------------------------------------------------------
                                             17.681284   slack (MET)


Startpoint: tx_start (input port clocked by clk)
Endpoint: _224_ (rising edge-triggered flip-flop clocked by clk)
Path Group: clk
Path Type: max

Fanout         Cap        Slew       Delay        Time   Description
---------------------------------------------------------------------------------------------
                      0.000000    0.000000    0.000000   clock clk (rise edge)
                                  0.000000    0.000000   clock network delay (ideal)
                                  2.000000    2.000000 ^ input external delay
     4    0.011210    0.000000    0.000000    2.000000 ^ tx_start (in)
                                                         tx_start (net)
                      0.000000    0.000000    2.000000 ^ _170_/B (sky130_fd_sc_hd__nand2_2)
     3    0.008808    0.039764    0.029905    2.029905 v _170_/Y (sky130_fd_sc_hd__nand2_2)
                                                         _089_ (net)
                      0.039764    0.000000    2.029905 v _188_/B (sky130_fd_sc_hd__nand2_2)
     8    0.026764    0.115710    0.105310    2.135215 ^ _188_/Y (sky130_fd_sc_hd__nand2_2)
                                                         _105_ (net)
                      0.115710    0.000000    2.135215 ^ _191_/B (sky130_fd_sc_hd__nor2_2)
     3    0.005387    0.058064    0.024169    2.159384 v _191_/Y (sky130_fd_sc_hd__nor2_2)
                                                         _031_ (net)
                      0.058064    0.000000    2.159384 v _212_/C1 (sky130_fd_sc_hd__o211a_2)
     1    0.001783    0.028021    0.078619    2.238004 v _212_/X (sky130_fd_sc_hd__o211a_2)
                                                         _010_ (net)
                      0.028021    0.000000    2.238004 v _224_/D (sky130_fd_sc_hd__dfxtp_2)
                                              2.238004   data arrival time

                      0.000000   20.000000   20.000000   clock clk (rise edge)
                                  0.000000   20.000000   clock network delay (ideal)
                                  0.000000   20.000000   clock reconvergence pessimism
                                             20.000000 ^ _224_/CLK (sky130_fd_sc_hd__dfxtp_2)
                                 -0.072880   19.927120   library setup time
                                             19.927120   data required time
---------------------------------------------------------------------------------------------
                                             19.927120   data required time
                                             -2.238004   data arrival time
---------------------------------------------------------------------------------------------
                                             17.689116   slack (MET)


Startpoint: tx_start (input port clocked by clk)
Endpoint: _234_ (rising edge-triggered flip-flop clocked by clk)
Path Group: clk
Path Type: max

Fanout         Cap        Slew       Delay        Time   Description
---------------------------------------------------------------------------------------------
                      0.000000    0.000000    0.000000   clock clk (rise edge)
                                  0.000000    0.000000   clock network delay (ideal)
                                  2.000000    2.000000 ^ input external delay
     4    0.011210    0.000000    0.000000    2.000000 ^ tx_start (in)
                                                         tx_start (net)
                      0.000000    0.000000    2.000000 ^ _170_/B (sky130_fd_sc_hd__nand2_2)
     3    0.008808    0.039764    0.029905    2.029905 v _170_/Y (sky130_fd_sc_hd__nand2_2)
                                                         _089_ (net)
                      0.039764    0.000000    2.029905 v _188_/B (sky130_fd_sc_hd__nand2_2)
     8    0.026764    0.115710    0.105310    2.135215 ^ _188_/Y (sky130_fd_sc_hd__nand2_2)
                                                         _105_ (net)
                      0.115710    0.000000    2.135215 ^ _134_/A (sky130_fd_sc_hd__nor2_2)
     1    0.002373    0.044208    0.023902    2.159117 v _134_/Y (sky130_fd_sc_hd__nor2_2)
                                                         _064_ (net)
                      0.044208    0.000000    2.159117 v _135_/B1 (sky130_fd_sc_hd__o21a_2)
     1    0.001783    0.022602    0.071015    2.230132 v _135_/X (sky130_fd_sc_hd__o21a_2)
                                                         _020_ (net)
                      0.022602    0.000000    2.230132 v _234_/D (sky130_fd_sc_hd__dfxtp_2)
                                              2.230132   data arrival time

                      0.000000   20.000000   20.000000   clock clk (rise edge)
                                  0.000000   20.000000   clock network delay (ideal)
                                  0.000000   20.000000   clock reconvergence pessimism
                                             20.000000 ^ _234_/CLK (sky130_fd_sc_hd__dfxtp_2)
                                 -0.070942   19.929058   library setup time
                                             19.929058   data required time
---------------------------------------------------------------------------------------------
                                             19.929058   data required time
                                             -2.230132   data arrival time
---------------------------------------------------------------------------------------------
                                             17.698925   slack (MET)


Startpoint: tx_start (input port clocked by clk)
Endpoint: _244_ (rising edge-triggered flip-flop clocked by clk)
Path Group: clk
Path Type: max

Fanout         Cap        Slew       Delay        Time   Description
---------------------------------------------------------------------------------------------
                      0.000000    0.000000    0.000000   clock clk (rise edge)
                                  0.000000    0.000000   clock network delay (ideal)
                                  2.000000    2.000000 v input external delay
     4    0.010156    0.000000    0.000000    2.000000 v tx_start (in)
                                                         tx_start (net)
                      0.000000    0.000000    2.000000 v _170_/B (sky130_fd_sc_hd__nand2_2)
     3    0.009602    0.052345    0.045689    2.045689 ^ _170_/Y (sky130_fd_sc_hd__nand2_2)
                                                         _089_ (net)
                      0.052345    0.000000    2.045689 ^ _188_/B (sky130_fd_sc_hd__nand2_2)
     8    0.023729    0.065123    0.068804    2.114492 v _188_/Y (sky130_fd_sc_hd__nand2_2)
                                                         _105_ (net)
                      0.065123    0.000000    2.114492 v _163_/B1 (sky130_fd_sc_hd__a21o_2)
     1    0.001783    0.022665    0.090519    2.205011 v _163_/X (sky130_fd_sc_hd__a21o_2)
                                                         _030_ (net)
                      0.022665    0.000000    2.205011 v _244_/D (sky130_fd_sc_hd__dfxtp_2)
                                              2.205011   data arrival time

                      0.000000   20.000000   20.000000   clock clk (rise edge)
                                  0.000000   20.000000   clock network delay (ideal)
                                  0.000000   20.000000   clock reconvergence pessimism
                                             20.000000 ^ _244_/CLK (sky130_fd_sc_hd__dfxtp_2)
                                 -0.070965   19.929035   library setup time
                                             19.929035   data required time
---------------------------------------------------------------------------------------------
                                             19.929035   data required time
                                             -2.205011   data arrival time
---------------------------------------------------------------------------------------------
                                             17.724024   slack (MET)


Startpoint: _215_ (rising edge-triggered flip-flop clocked by clk)
Endpoint: busy (output port clocked by clk)
Path Group: clk
Path Type: max

Fanout         Cap        Slew       Delay        Time   Description
---------------------------------------------------------------------------------------------
                      0.000000    0.000000    0.000000   clock clk (rise edge)
                                  0.000000    0.000000   clock network delay (ideal)
                      0.000000    0.000000    0.000000 ^ _215_/CLK (sky130_fd_sc_hd__dfxtp_2)
     9    0.028044    0.112120    0.244850    0.244850 ^ _215_/Q (sky130_fd_sc_hd__dfxtp_2)
                                                         busy (net)
                      0.112120    0.000000    0.244850 ^ busy (out)
                                              0.244850   data arrival time

                      0.000000   20.000000   20.000000   clock clk (rise edge)
                                  0.000000   20.000000   clock network delay (ideal)
                                  0.000000   20.000000   clock reconvergence pessimism
                                 -2.000000   18.000000   output external delay
                                             18.000000   data required time
---------------------------------------------------------------------------------------------
                                             18.000000   data required time
                                             -0.244850   data arrival time
---------------------------------------------------------------------------------------------
                                             17.755150   slack (MET)


Startpoint: tx_start (input port clocked by clk)
Endpoint: _232_ (rising edge-triggered flip-flop clocked by clk)
Path Group: clk
Path Type: max

Fanout         Cap        Slew       Delay        Time   Description
---------------------------------------------------------------------------------------------
                      0.000000    0.000000    0.000000   clock clk (rise edge)
                                  0.000000    0.000000   clock network delay (ideal)
                                  2.000000    2.000000 ^ input external delay
     4    0.011210    0.000000    0.000000    2.000000 ^ tx_start (in)
                                                         tx_start (net)
                      0.000000    0.000000    2.000000 ^ _170_/B (sky130_fd_sc_hd__nand2_2)
     3    0.008808    0.039764    0.029905    2.029905 v _170_/Y (sky130_fd_sc_hd__nand2_2)
                                                         _089_ (net)
                      0.039764    0.000000    2.029905 v _188_/B (sky130_fd_sc_hd__nand2_2)
     8    0.026764    0.115710    0.105310    2.135215 ^ _188_/Y (sky130_fd_sc_hd__nand2_2)
                                                         _105_ (net)
                      0.115710    0.000000    2.135215 ^ _127_/A (sky130_fd_sc_hd__nor2_2)
     1    0.001783    0.027823    0.022214    2.157430 v _127_/Y (sky130_fd_sc_hd__nor2_2)
                                                         _018_ (net)
                      0.027823    0.000000    2.157430 v _232_/D (sky130_fd_sc_hd__dfxtp_2)
                                              2.157430   data arrival time

                      0.000000   20.000000   20.000000   clock clk (rise edge)
                                  0.000000   20.000000   clock network delay (ideal)
                                  0.000000   20.000000   clock reconvergence pessimism
                                             20.000000 ^ _232_/CLK (sky130_fd_sc_hd__dfxtp_2)
                                 -0.072809   19.927191   library setup time
                                             19.927191   data required time
---------------------------------------------------------------------------------------------
                                             19.927191   data required time
                                             -2.157430   data arrival time
---------------------------------------------------------------------------------------------
                                             17.769762   slack (MET)


Startpoint: tx_start (input port clocked by clk)
Endpoint: _215_ (rising edge-triggered flip-flop clocked by clk)
Path Group: clk
Path Type: max

Fanout         Cap        Slew       Delay        Time   Description
---------------------------------------------------------------------------------------------
                      0.000000    0.000000    0.000000   clock clk (rise edge)
                                  0.000000    0.000000   clock network delay (ideal)
                                  2.000000    2.000000 v input external delay
     4    0.010156    0.000000    0.000000    2.000000 v tx_start (in)
                                                         tx_start (net)
                      0.000000    0.000000    2.000000 v _186_/A2 (sky130_fd_sc_hd__o211a_2)
     1    0.001783    0.027931    0.127593    2.127593 v _186_/X (sky130_fd_sc_hd__o211a_2)
                                                         _001_ (net)
                      0.027931    0.000000    2.127593 v _215_/D (sky130_fd_sc_hd__dfxtp_2)
                                              2.127593   data arrival time

                      0.000000   20.000000   20.000000   clock clk (rise edge)
                                  0.000000   20.000000   clock network delay (ideal)
                                  0.000000   20.000000   clock reconvergence pessimism
                                             20.000000 ^ _215_/CLK (sky130_fd_sc_hd__dfxtp_2)
                                 -0.072848   19.927153   library setup time
                                             19.927153   data required time
---------------------------------------------------------------------------------------------
                                             19.927153   data required time
                                             -2.127593   data arrival time
---------------------------------------------------------------------------------------------
                                             17.799561   slack (MET)


Startpoint: _214_ (rising edge-triggered flip-flop clocked by clk)
Endpoint: tx (output port clocked by clk)
Path Group: clk
Path Type: max

Fanout         Cap        Slew       Delay        Time   Description
---------------------------------------------------------------------------------------------
                      0.000000    0.000000    0.000000   clock clk (rise edge)
                                  0.000000    0.000000   clock network delay (ideal)
                      0.000000    0.000000    0.000000 ^ _214_/CLK (sky130_fd_sc_hd__dfxtp_2)
     2    0.002351    0.016655    0.180391    0.180391 v _214_/Q (sky130_fd_sc_hd__dfxtp_2)
                                                         tx (net)
                      0.016655    0.000000    0.180391 v tx (out)
                                              0.180391   data arrival time

                      0.000000   20.000000   20.000000   clock clk (rise edge)
                                  0.000000   20.000000   clock network delay (ideal)
                                  0.000000   20.000000   clock reconvergence pessimism
                                 -2.000000   18.000000   output external delay
                                             18.000000   data required time
---------------------------------------------------------------------------------------------
                                             18.000000   data required time
                                             -0.180391   data arrival time
---------------------------------------------------------------------------------------------
                                             17.819609   slack (MET)



