
===========================================================================
report_checks -unconstrained
===========================================================================
======================= max_tt_025C_1v80 Corner ===================================

Startpoint: OP[1] (input port clocked by __VIRTUAL_CLK__)
Endpoint: Y[5] (output port clocked by __VIRTUAL_CLK__)
Path Group: __VIRTUAL_CLK__
Path Type: max

Fanout         Cap        Slew       Delay        Time   Description
---------------------------------------------------------------------------------------------
                      0.000000    0.000000    0.000000   clock __VIRTUAL_CLK__ (rise edge)
                                  0.000000    0.000000   clock network delay (ideal)
                                  2.000000    2.000000 ^ input external delay
     1    0.003647    0.023416    0.014014    2.014014 ^ OP[1] (in)
                                                         OP[1] (net)
                      0.023418    0.000000    2.014014 ^ input18/A (sky130_fd_sc_hd__clkdlybuf4s25_1)
     2    0.006648    0.079576    0.275464    2.289478 ^ input18/X (sky130_fd_sc_hd__clkdlybuf4s25_1)
                                                         net18 (net)
                      0.079578    0.000548    2.290026 ^ fanout33/A (sky130_fd_sc_hd__clkdlybuf4s25_1)
    10    0.033522    0.339180    0.488281    2.778307 ^ fanout33/X (sky130_fd_sc_hd__clkdlybuf4s25_1)
                                                         net33 (net)
                      0.339185    0.001961    2.780268 ^ _127_/A (sky130_fd_sc_hd__or2_2)
     8    0.040362    0.209687    0.324357    3.104625 ^ _127_/X (sky130_fd_sc_hd__or2_2)
                                                         _115_ (net)
                      0.209744    0.003482    3.108106 ^ _176_/A2_N (sky130_fd_sc_hd__a2bb2o_2)
     1    0.002387    0.041382    0.297947    3.406054 v _176_/X (sky130_fd_sc_hd__a2bb2o_2)
                                                         _035_ (net)
                      0.041382    0.000181    3.406235 v _177_/C1 (sky130_fd_sc_hd__a211o_2)
     1    0.002715    0.045882    0.269518    3.675752 v _177_/X (sky130_fd_sc_hd__a211o_2)
                                                         _036_ (net)
                      0.045882    0.000191    3.675943 v _178_/C1 (sky130_fd_sc_hd__a221o_2)
     1    0.005819    0.061492    0.322385    3.998327 v _178_/X (sky130_fd_sc_hd__a221o_2)
                                                         _037_ (net)
                      0.061492    0.000278    3.998605 v _180_/B1 (sky130_fd_sc_hd__a41o_2)
     1    0.003008    0.037661    0.238752    4.237356 v _180_/X (sky130_fd_sc_hd__a41o_2)
                                                         _039_ (net)
                      0.037661    0.000208    4.237565 v _181_/B1 (sky130_fd_sc_hd__a31o_2)
     1    0.002978    0.037057    0.215231    4.452796 v _181_/X (sky130_fd_sc_hd__a31o_2)
                                                         net26 (net)
                      0.037057    0.000129    4.452925 v output26/A (sky130_fd_sc_hd__clkdlybuf4s25_1)
     1    0.034375    0.256294    0.431300    4.884225 v output26/X (sky130_fd_sc_hd__clkdlybuf4s25_1)
                                                         Y[5] (net)
                      0.256302    0.001708    4.885933 v Y[5] (out)
                                              4.885933   data arrival time

                      0.000000   10.000000   10.000000   clock __VIRTUAL_CLK__ (rise edge)
                                  0.000000   10.000000   clock network delay (ideal)
                                 -0.250000    9.750000   clock uncertainty
                                  0.000000    9.750000   clock reconvergence pessimism
                                 -2.000000    7.750000   output external delay
                                              7.750000   data required time
---------------------------------------------------------------------------------------------
                                              7.750000   data required time
                                             -4.885933   data arrival time
---------------------------------------------------------------------------------------------
                                              2.864067   slack (MET)




===========================================================================
report_checks --slack_max -0.01
============================================================================
======================= max_tt_025C_1v80 Corner ===================================

No paths found.


===========================================================================
 report_check_types -max_slew -max_cap -max_fanout -violators
============================================================================
======================= max_tt_025C_1v80 Corner ===================================



===========================================================================
report_parasitic_annotation -report_unannotated
============================================================================
Found 0 unannotated drivers.
Found 0 partially unannotated drivers.

===========================================================================
max slew violation count 0
max fanout violation count 0
max cap violation count 0
============================================================================

===========================================================================
check_setup -verbose -unconstrained_endpoints -multiple_clock -no_clock -no_input_delay -loops -generated_clocks
===========================================================================
