+ define_corners max_tt_025C_1v80
Reading timing models for corner max_tt_025C_1v80…
Reading cell library for the 'max_tt_025C_1v80' corner at '/home/gp7871/.ciel/ciel/sky130/versions/8afc8346a57fe1ab7934ba5a6056ea8b43078e71/ciel/sky130/versions/8afc8346a57fe1ab7934ba5a6056ea8b43078e71/sky130A/libs.ref/sky130_fd_sc_hd/lib/sky130_fd_sc_hd__tt_025C_1v80.lib'…
Reading top-level netlist at '/home/gp7871/VLSI_Freelancing/projects/alu8_rtl_to_gds/runs/alu8_v1/52-openroad-fillinsertion/alu8.nl.v'…
Linking design 'alu8' from netlist…
Warning: /home/gp7871/VLSI_Freelancing/projects/alu8_rtl_to_gds/runs/alu8_v1/52-openroad-fillinsertion/alu8.nl.v line 175, module sky130_fd_sc_hd__fill_1 not found. Creating black box for FILLER_0_113.
Warning: /home/gp7871/VLSI_Freelancing/projects/alu8_rtl_to_gds/runs/alu8_v1/52-openroad-fillinsertion/alu8.nl.v line 179, module sky130_fd_sc_hd__fill_2 not found. Creating black box for FILLER_0_37.
Warning: /home/gp7871/VLSI_Freelancing/projects/alu8_rtl_to_gds/runs/alu8_v1/52-openroad-fillinsertion/alu8.nl.v line 552, module sky130_fd_sc_hd__tapvpwrvgnd_1 not found. Creating black box for TAP_TAPCELL_ROW_0_38.
Reading design constraints file at '/nix/store/9qkr4093f83hkvz5bia9qvxcyc2kzr15-python3-3.13.9-env/lib/python3.13/site-packages/librelane/scripts/base.sdc'…
[WARNING] No CLOCK_PORT found. A dummy clock will be used.
Warning: base.sdc line 15, port '__VIRTUAL_CLK__' not found.
[INFO] Using clock __VIRTUAL_CLK__…
[INFO] Setting output delay to: 2.0
[INFO] Setting input delay to: 2.0
Warning: base.sdc line 32, port '__VIRTUAL_CLK__' not found.
[INFO] Setting load to: 0.033442
[INFO] Setting clock uncertainty to: 0.25
[INFO] Setting clock transition to: 0.1499999999999999944488848768742172978818416595458984375
Warning: base.sdc line 69, transition time can not be specified for virtual clocks.
[INFO] Setting timing derate to: 5.0%
Warning: base.sdc line 79, virtual clock __VIRTUAL_CLK__ can not be propagated.
Reading top-level design parasitics for the 'max_tt_025C_1v80' corner at '/home/gp7871/VLSI_Freelancing/projects/alu8_rtl_to_gds/runs/alu8_v1/54-openroad-rcx/max/alu8.max.spef'…
%OL_CREATE_REPORT min.rpt

===========================================================================
report_checks -path_delay min (Hold)
============================================================================
======================= max_tt_025C_1v80 Corner ===================================

Startpoint: OP[0] (input port clocked by __VIRTUAL_CLK__)
Endpoint: Y[7] (output port clocked by __VIRTUAL_CLK__)
Path Group: __VIRTUAL_CLK__
Path Type: min

Fanout         Cap        Slew       Delay        Time   Description
---------------------------------------------------------------------------------------------
                      0.000000    0.000000    0.000000   clock __VIRTUAL_CLK__ (rise edge)
                                  0.000000    0.000000   clock network delay (ideal)
                                  2.000000    2.000000 ^ input external delay
     1    0.004127    0.025501    0.014278    2.014278 ^ OP[0] (in)
                                                         OP[0] (net)
                      0.025503    0.000000    2.014278 ^ input17/A (sky130_fd_sc_hd__clkdlybuf4s25_1)
     2    0.006474    0.077917    0.248803    2.263082 ^ input17/X (sky130_fd_sc_hd__clkdlybuf4s25_1)
                                                         net17 (net)
                      0.077917    0.000334    2.263415 ^ _255_/C (sky130_fd_sc_hd__or3_2)
     5    0.029595    0.151285    0.192349    2.455765 ^ _255_/X (sky130_fd_sc_hd__or3_2)
                                                         _111_ (net)
                      0.151292    0.001107    2.456872 ^ _198_/A1 (sky130_fd_sc_hd__o22a_2)
     1    0.002689    0.030195    0.156807    2.613678 ^ _198_/X (sky130_fd_sc_hd__o22a_2)
                                                         net28 (net)
                      0.030195    0.000188    2.613866 ^ output28/A (sky130_fd_sc_hd__clkbuf_2)
     1    0.035184    0.193571    0.193520    2.807386 ^ output28/X (sky130_fd_sc_hd__clkbuf_2)
                                                         Y[7] (net)
                      0.193600    0.001847    2.809233 ^ Y[7] (out)
                                              2.809233   data arrival time

                      0.000000    0.000000    0.000000   clock __VIRTUAL_CLK__ (rise edge)
                                  0.000000    0.000000   clock network delay (ideal)
                                  0.250000    0.250000   clock uncertainty
                                  0.000000    0.250000   clock reconvergence pessimism
                                 -2.000000   -1.750000   output external delay
                                             -1.750000   data required time
---------------------------------------------------------------------------------------------
                                             -1.750000   data required time
                                             -2.809233   data arrival time
---------------------------------------------------------------------------------------------
                                              4.559233   slack (MET)


Startpoint: B[7] (input port clocked by __VIRTUAL_CLK__)
Endpoint: CARRY (output port clocked by __VIRTUAL_CLK__)
Path Group: __VIRTUAL_CLK__
Path Type: min

Fanout         Cap        Slew       Delay        Time   Description
---------------------------------------------------------------------------------------------
                      0.000000    0.000000    0.000000   clock __VIRTUAL_CLK__ (rise edge)
                                  0.000000    0.000000   clock network delay (ideal)
                                  2.000000    2.000000 ^ input external delay
     1    0.003851    0.024301    0.013351    2.013351 ^ B[7] (in)
                                                         B[7] (net)
                      0.024303    0.000000    2.013351 ^ input16/A (sky130_fd_sc_hd__clkdlybuf4s25_1)
     3    0.009310    0.104595    0.267153    2.280504 ^ input16/X (sky130_fd_sc_hd__clkdlybuf4s25_1)
                                                         net16 (net)
                      0.104595    0.000431    2.280936 ^ _200_/A_N (sky130_fd_sc_hd__nand2b_2)
     1    0.002960    0.034745    0.115978    2.396913 ^ _200_/Y (sky130_fd_sc_hd__nand2b_2)
                                                         _056_ (net)
                      0.034745    0.000197    2.397110 ^ _256_/A1 (sky130_fd_sc_hd__a32o_2)
     1    0.002672    0.039605    0.132997    2.530108 ^ _256_/X (sky130_fd_sc_hd__a32o_2)
                                                         net20 (net)
                      0.039605    0.000167    2.530274 ^ output20/A (sky130_fd_sc_hd__dlymetal6s2s_1)
     1    0.034790    0.351264    0.287446    2.817721 ^ output20/X (sky130_fd_sc_hd__dlymetal6s2s_1)
                                                         CARRY (net)
                      0.351277    0.001690    2.819411 ^ CARRY (out)
                                              2.819411   data arrival time

                      0.000000    0.000000    0.000000   clock __VIRTUAL_CLK__ (rise edge)
                                  0.000000    0.000000   clock network delay (ideal)
                                  0.250000    0.250000   clock uncertainty
                                  0.000000    0.250000   clock reconvergence pessimism
                                 -2.000000   -1.750000   output external delay
                                             -1.750000   data required time
---------------------------------------------------------------------------------------------
                                             -1.750000   data required time
                                             -2.819411   data arrival time
---------------------------------------------------------------------------------------------
                                              4.569411   slack (MET)


Startpoint: OP[0] (input port clocked by __VIRTUAL_CLK__)
Endpoint: Y[1] (output port clocked by __VIRTUAL_CLK__)
Path Group: __VIRTUAL_CLK__
Path Type: min

Fanout         Cap        Slew       Delay        Time   Description
---------------------------------------------------------------------------------------------
                      0.000000    0.000000    0.000000   clock __VIRTUAL_CLK__ (rise edge)
                                  0.000000    0.000000   clock network delay (ideal)
                                  2.000000    2.000000 ^ input external delay
     1    0.004127    0.025501    0.014278    2.014278 ^ OP[0] (in)
                                                         OP[0] (net)
                      0.025503    0.000000    2.014278 ^ input17/A (sky130_fd_sc_hd__clkdlybuf4s25_1)
     2    0.006474    0.077917    0.248803    2.263082 ^ input17/X (sky130_fd_sc_hd__clkdlybuf4s25_1)
                                                         net17 (net)
                      0.077917    0.000334    2.263415 ^ _255_/C (sky130_fd_sc_hd__or3_2)
     5    0.029595    0.151285    0.192349    2.455765 ^ _255_/X (sky130_fd_sc_hd__or3_2)
                                                         _111_ (net)
                      0.151356    0.001475    2.457239 ^ _144_/B2 (sky130_fd_sc_hd__o22a_2)
     1    0.003001    0.031617    0.138701    2.595940 ^ _144_/X (sky130_fd_sc_hd__o22a_2)
                                                         net22 (net)
                      0.031617    0.000122    2.596063 ^ output22/A (sky130_fd_sc_hd__clkdlybuf4s25_1)
     1    0.034256    0.346460    0.430998    3.027061 ^ output22/X (sky130_fd_sc_hd__clkdlybuf4s25_1)
                                                         Y[1] (net)
                      0.346465    0.001698    3.028759 ^ Y[1] (out)
                                              3.028759   data arrival time

                      0.000000    0.000000    0.000000   clock __VIRTUAL_CLK__ (rise edge)
                                  0.000000    0.000000   clock network delay (ideal)
                                  0.250000    0.250000   clock uncertainty
                                  0.000000    0.250000   clock reconvergence pessimism
                                 -2.000000   -1.750000   output external delay
                                             -1.750000   data required time
---------------------------------------------------------------------------------------------
                                             -1.750000   data required time
                                             -3.028759   data arrival time
---------------------------------------------------------------------------------------------
                                              4.778759   slack (MET)


Startpoint: A[0] (input port clocked by __VIRTUAL_CLK__)
Endpoint: Y[0] (output port clocked by __VIRTUAL_CLK__)
Path Group: __VIRTUAL_CLK__
Path Type: min

Fanout         Cap        Slew       Delay        Time   Description
---------------------------------------------------------------------------------------------
                      0.000000    0.000000    0.000000   clock __VIRTUAL_CLK__ (rise edge)
                                  0.000000    0.000000   clock network delay (ideal)
                                  2.000000    2.000000 v input external delay
     1    0.004305    0.012120    0.006683    2.006683 v A[0] (in)
                                                         A[0] (net)
                      0.012124    0.000000    2.006683 v input1/A (sky130_fd_sc_hd__clkdlybuf4s25_1)
     7    0.027860    0.209971    0.348064    2.354748 v input1/X (sky130_fd_sc_hd__clkdlybuf4s25_1)
                                                         net1 (net)
                      0.209971    0.000685    2.355433 v _128_/A (sky130_fd_sc_hd__nor2_2)
     1    0.002539    0.068401    0.140542    2.495975 ^ _128_/Y (sky130_fd_sc_hd__nor2_2)
                                                         _116_ (net)
                      0.068401    0.000168    2.496143 ^ _132_/B (sky130_fd_sc_hd__or3_2)
     1    0.003496    0.031024    0.104835    2.600979 ^ _132_/X (sky130_fd_sc_hd__or3_2)
                                                         net21 (net)
                      0.031033    0.000239    2.601217 ^ output21/A (sky130_fd_sc_hd__clkdlybuf4s25_1)
     1    0.034560    0.349412    0.432853    3.034070 ^ output21/X (sky130_fd_sc_hd__clkdlybuf4s25_1)
                                                         Y[0] (net)
                      0.349416    0.001587    3.035657 ^ Y[0] (out)
                                              3.035657   data arrival time

                      0.000000    0.000000    0.000000   clock __VIRTUAL_CLK__ (rise edge)
                                  0.000000    0.000000   clock network delay (ideal)
                                  0.250000    0.250000   clock uncertainty
                                  0.000000    0.250000   clock reconvergence pessimism
                                 -2.000000   -1.750000   output external delay
                                             -1.750000   data required time
---------------------------------------------------------------------------------------------
                                             -1.750000   data required time
                                             -3.035657   data arrival time
---------------------------------------------------------------------------------------------
                                              4.785657   slack (MET)


Startpoint: OP[0] (input port clocked by __VIRTUAL_CLK__)
Endpoint: Y[2] (output port clocked by __VIRTUAL_CLK__)
Path Group: __VIRTUAL_CLK__
Path Type: min

Fanout         Cap        Slew       Delay        Time   Description
---------------------------------------------------------------------------------------------
                      0.000000    0.000000    0.000000   clock __VIRTUAL_CLK__ (rise edge)
                                  0.000000    0.000000   clock network delay (ideal)
                                  2.000000    2.000000 ^ input external delay
     1    0.004127    0.025501    0.014278    2.014278 ^ OP[0] (in)
                                                         OP[0] (net)
                      0.025503    0.000000    2.014278 ^ input17/A (sky130_fd_sc_hd__clkdlybuf4s25_1)
     2    0.006474    0.077917    0.248803    2.263082 ^ input17/X (sky130_fd_sc_hd__clkdlybuf4s25_1)
                                                         net17 (net)
                      0.077917    0.000334    2.263415 ^ _255_/C (sky130_fd_sc_hd__or3_2)
     5    0.029595    0.151285    0.192349    2.455765 ^ _255_/X (sky130_fd_sc_hd__or3_2)
                                                         _111_ (net)
                      0.151369    0.001835    2.457600 ^ _152_/A1 (sky130_fd_sc_hd__o22a_2)
     1    0.003317    0.032978    0.159920    2.617520 ^ _152_/X (sky130_fd_sc_hd__o22a_2)
                                                         net23 (net)
                      0.032979    0.000205    2.617725 ^ output23/A (sky130_fd_sc_hd__clkdlybuf4s25_1)
     1    0.034633    0.350088    0.433931    3.051656 ^ output23/X (sky130_fd_sc_hd__clkdlybuf4s25_1)
                                                         Y[2] (net)
                      0.350091    0.001646    3.053303 ^ Y[2] (out)
                                              3.053303   data arrival time

                      0.000000    0.000000    0.000000   clock __VIRTUAL_CLK__ (rise edge)
                                  0.000000    0.000000   clock network delay (ideal)
                                  0.250000    0.250000   clock uncertainty
                                  0.000000    0.250000   clock reconvergence pessimism
                                 -2.000000   -1.750000   output external delay
                                             -1.750000   data required time
---------------------------------------------------------------------------------------------
                                             -1.750000   data required time
                                             -3.053303   data arrival time
---------------------------------------------------------------------------------------------
                                              4.803303   slack (MET)


Startpoint: OP[0] (input port clocked by __VIRTUAL_CLK__)
Endpoint: Y[6] (output port clocked by __VIRTUAL_CLK__)
Path Group: __VIRTUAL_CLK__
Path Type: min

Fanout         Cap        Slew       Delay        Time   Description
---------------------------------------------------------------------------------------------
                      0.000000    0.000000    0.000000   clock __VIRTUAL_CLK__ (rise edge)
                                  0.000000    0.000000   clock network delay (ideal)
                                  2.000000    2.000000 ^ input external delay
     1    0.004127    0.025501    0.014278    2.014278 ^ OP[0] (in)
                                                         OP[0] (net)
                      0.025503    0.000000    2.014278 ^ input17/A (sky130_fd_sc_hd__clkdlybuf4s25_1)
     2    0.006474    0.077917    0.248803    2.263082 ^ input17/X (sky130_fd_sc_hd__clkdlybuf4s25_1)
                                                         net17 (net)
                      0.077917    0.000334    2.263415 ^ _255_/C (sky130_fd_sc_hd__or3_2)
     5    0.029595    0.151285    0.192349    2.455765 ^ _255_/X (sky130_fd_sc_hd__or3_2)
                                                         _111_ (net)
                      0.151357    0.001516    2.457280 ^ _190_/A1 (sky130_fd_sc_hd__o22a_2)
     1    0.003330    0.033039    0.159968    2.617248 ^ _190_/X (sky130_fd_sc_hd__o22a_2)
                                                         net27 (net)
                      0.033041    0.000225    2.617473 ^ output27/A (sky130_fd_sc_hd__clkdlybuf4s25_1)
     1    0.034838    0.352104    0.435223    3.052696 ^ output27/X (sky130_fd_sc_hd__clkdlybuf4s25_1)
                                                         Y[6] (net)
                      0.352108    0.001735    3.054431 ^ Y[6] (out)
                                              3.054431   data arrival time

                      0.000000    0.000000    0.000000   clock __VIRTUAL_CLK__ (rise edge)
                                  0.000000    0.000000   clock network delay (ideal)
                                  0.250000    0.250000   clock uncertainty
                                  0.000000    0.250000   clock reconvergence pessimism
                                 -2.000000   -1.750000   output external delay
                                             -1.750000   data required time
---------------------------------------------------------------------------------------------
                                             -1.750000   data required time
                                             -3.054431   data arrival time
---------------------------------------------------------------------------------------------
                                              4.804431   slack (MET)


Startpoint: B[5] (input port clocked by __VIRTUAL_CLK__)
Endpoint: Y[5] (output port clocked by __VIRTUAL_CLK__)
Path Group: __VIRTUAL_CLK__
Path Type: min

Fanout         Cap        Slew       Delay        Time   Description
---------------------------------------------------------------------------------------------
                      0.000000    0.000000    0.000000   clock __VIRTUAL_CLK__ (rise edge)
                                  0.000000    0.000000   clock network delay (ideal)
                                  2.000000    2.000000 v input external delay
     1    0.003078    0.009261    0.004699    2.004699 v B[5] (in)
                                                         B[5] (net)
                      0.009268    0.000000    2.004699 v input14/A (sky130_fd_sc_hd__clkdlybuf4s25_1)
     3    0.009574    0.083696    0.254137    2.258836 v input14/X (sky130_fd_sc_hd__clkdlybuf4s25_1)
                                                         net14 (net)
                      0.083698    0.000578    2.259414 v _208_/A (sky130_fd_sc_hd__nand2_2)
     3    0.012215    0.073949    0.093022    2.352436 ^ _208_/Y (sky130_fd_sc_hd__nand2_2)
                                                         _064_ (net)
                      0.073950    0.000428    2.352865 ^ _212_/A (sky130_fd_sc_hd__nand2_2)
     4    0.018371    0.080067    0.085692    2.438556 v _212_/Y (sky130_fd_sc_hd__nand2_2)
                                                         _068_ (net)
                      0.080086    0.000949    2.439505 v _174_/A (sky130_fd_sc_hd__nand2_2)
     1    0.003094    0.035679    0.059005    2.498510 ^ _174_/Y (sky130_fd_sc_hd__nand2_2)
                                                         _033_ (net)
                      0.035680    0.000207    2.498717 ^ _181_/A3 (sky130_fd_sc_hd__a31o_2)
     1    0.003203    0.033102    0.135251    2.633968 ^ _181_/X (sky130_fd_sc_hd__a31o_2)
                                                         net26 (net)
                      0.033104    0.000128    2.634096 ^ output26/A (sky130_fd_sc_hd__clkdlybuf4s25_1)
     1    0.034375    0.347546    0.432374    3.066470 ^ output26/X (sky130_fd_sc_hd__clkdlybuf4s25_1)
                                                         Y[5] (net)
                      0.347549    0.001545    3.068015 ^ Y[5] (out)
                                              3.068015   data arrival time

                      0.000000    0.000000    0.000000   clock __VIRTUAL_CLK__ (rise edge)
                                  0.000000    0.000000   clock network delay (ideal)
                                  0.250000    0.250000   clock uncertainty
                                  0.000000    0.250000   clock reconvergence pessimism
                                 -2.000000   -1.750000   output external delay
                                             -1.750000   data required time
---------------------------------------------------------------------------------------------
                                             -1.750000   data required time
                                             -3.068015   data arrival time
---------------------------------------------------------------------------------------------
                                              4.818016   slack (MET)


Startpoint: A[5] (input port clocked by __VIRTUAL_CLK__)
Endpoint: Y[4] (output port clocked by __VIRTUAL_CLK__)
Path Group: __VIRTUAL_CLK__
Path Type: min

Fanout         Cap        Slew       Delay        Time   Description
---------------------------------------------------------------------------------------------
                      0.000000    0.000000    0.000000   clock __VIRTUAL_CLK__ (rise edge)
                                  0.000000    0.000000   clock network delay (ideal)
                                  2.000000    2.000000 ^ input external delay
     1    0.003189    0.021413    0.011140    2.011140 ^ A[5] (in)
                                                         A[5] (net)
                      0.021422    0.000000    2.011140 ^ input6/A (sky130_fd_sc_hd__clkdlybuf4s25_1)
     6    0.024543    0.251775    0.365064    2.376205 ^ input6/X (sky130_fd_sc_hd__clkdlybuf4s25_1)
                                                         net6 (net)
                      0.251776    0.001013    2.377217 ^ _169_/A1 (sky130_fd_sc_hd__a211o_2)
     1    0.003139    0.026881    0.165461    2.542679 ^ _169_/X (sky130_fd_sc_hd__a211o_2)
                                                         _029_ (net)
                      0.026882    0.000205    2.542884 ^ _172_/A4 (sky130_fd_sc_hd__o41a_2)
     1    0.005231    0.039919    0.108208    2.651092 ^ _172_/X (sky130_fd_sc_hd__o41a_2)
                                                         net25 (net)
                      0.039919    0.000217    2.651309 ^ output25/A (sky130_fd_sc_hd__clkdlybuf4s25_1)
     1    0.034308    0.346716    0.434227    3.085536 ^ output25/X (sky130_fd_sc_hd__clkdlybuf4s25_1)
                                                         Y[4] (net)
                      0.346718    0.001539    3.087075 ^ Y[4] (out)
                                              3.087075   data arrival time

                      0.000000    0.000000    0.000000   clock __VIRTUAL_CLK__ (rise edge)
                                  0.000000    0.000000   clock network delay (ideal)
                                  0.250000    0.250000   clock uncertainty
                                  0.000000    0.250000   clock reconvergence pessimism
                                 -2.000000   -1.750000   output external delay
                                             -1.750000   data required time
---------------------------------------------------------------------------------------------
                                             -1.750000   data required time
                                             -3.087075   data arrival time
---------------------------------------------------------------------------------------------
                                              4.837075   slack (MET)


Startpoint: A[2] (input port clocked by __VIRTUAL_CLK__)
Endpoint: Y[3] (output port clocked by __VIRTUAL_CLK__)
Path Group: __VIRTUAL_CLK__
Path Type: min

Fanout         Cap        Slew       Delay        Time   Description
---------------------------------------------------------------------------------------------
                      0.000000    0.000000    0.000000   clock __VIRTUAL_CLK__ (rise edge)
                                  0.000000    0.000000   clock network delay (ideal)
                                  2.000000    2.000000 ^ input external delay
     1    0.003549    0.022990    0.012343    2.012342 ^ A[2] (in)
                                                         A[2] (net)
                      0.022991    0.000000    2.012342 ^ input3/A (sky130_fd_sc_hd__clkdlybuf4s25_1)
     6    0.021539    0.222678    0.345812    2.358155 ^ input3/X (sky130_fd_sc_hd__clkdlybuf4s25_1)
                                                         net3 (net)
                      0.222684    0.001370    2.359524 ^ _159_/A1 (sky130_fd_sc_hd__a221o_2)
     1    0.003493    0.032906    0.184990    2.544515 ^ _159_/X (sky130_fd_sc_hd__a221o_2)
                                                         _020_ (net)
                      0.032906    0.000135    2.544649 ^ _163_/B1 (sky130_fd_sc_hd__o2bb2a_2)
     1    0.003279    0.039159    0.149456    2.694105 ^ _163_/X (sky130_fd_sc_hd__o2bb2a_2)
                                                         net24 (net)
                      0.039159    0.000132    2.694237 ^ output24/A (sky130_fd_sc_hd__clkdlybuf4s25_1)
     1    0.034434    0.347972    0.434782    3.129019 ^ output24/X (sky130_fd_sc_hd__clkdlybuf4s25_1)
                                                         Y[3] (net)
                      0.347974    0.001551    3.130570 ^ Y[3] (out)
                                              3.130570   data arrival time

                      0.000000    0.000000    0.000000   clock __VIRTUAL_CLK__ (rise edge)
                                  0.000000    0.000000   clock network delay (ideal)
                                  0.250000    0.250000   clock uncertainty
                                  0.000000    0.250000   clock reconvergence pessimism
                                 -2.000000   -1.750000   output external delay
                                             -1.750000   data required time
---------------------------------------------------------------------------------------------
                                             -1.750000   data required time
                                             -3.130570   data arrival time
---------------------------------------------------------------------------------------------
                                              4.880570   slack (MET)



%OL_END_REPORT
%OL_CREATE_REPORT max.rpt

===========================================================================
report_checks -path_delay max (Setup)
============================================================================
======================= max_tt_025C_1v80 Corner ===================================

Startpoint: OP[1] (input port clocked by __VIRTUAL_CLK__)
Endpoint: Y[5] (output port clocked by __VIRTUAL_CLK__)
Path Group: __VIRTUAL_CLK__
Path Type: max

Fanout         Cap        Slew       Delay        Time   Description
---------------------------------------------------------------------------------------------
                      0.000000    0.000000    0.000000   clock __VIRTUAL_CLK__ (rise edge)
                                  0.000000    0.000000   clock network delay (ideal)
                                  2.000000    2.000000 ^ input external delay
     1    0.003647    0.023416    0.014014    2.014014 ^ OP[1] (in)
                                                         OP[1] (net)
                      0.023418    0.000000    2.014014 ^ input18/A (sky130_fd_sc_hd__clkdlybuf4s25_1)
     2    0.006648    0.079576    0.275464    2.289478 ^ input18/X (sky130_fd_sc_hd__clkdlybuf4s25_1)
                                                         net18 (net)
                      0.079578    0.000548    2.290026 ^ fanout33/A (sky130_fd_sc_hd__clkdlybuf4s25_1)
    10    0.033522    0.339180    0.488281    2.778307 ^ fanout33/X (sky130_fd_sc_hd__clkdlybuf4s25_1)
                                                         net33 (net)
                      0.339185    0.001961    2.780268 ^ _127_/A (sky130_fd_sc_hd__or2_2)
     8    0.040362    0.209687    0.324357    3.104625 ^ _127_/X (sky130_fd_sc_hd__or2_2)
                                                         _115_ (net)
                      0.209744    0.003482    3.108106 ^ _176_/A2_N (sky130_fd_sc_hd__a2bb2o_2)
     1    0.002387    0.041382    0.297947    3.406054 v _176_/X (sky130_fd_sc_hd__a2bb2o_2)
                                                         _035_ (net)
                      0.041382    0.000181    3.406235 v _177_/C1 (sky130_fd_sc_hd__a211o_2)
     1    0.002715    0.045882    0.269518    3.675752 v _177_/X (sky130_fd_sc_hd__a211o_2)
                                                         _036_ (net)
                      0.045882    0.000191    3.675943 v _178_/C1 (sky130_fd_sc_hd__a221o_2)
     1    0.005819    0.061492    0.322385    3.998327 v _178_/X (sky130_fd_sc_hd__a221o_2)
                                                         _037_ (net)
                      0.061492    0.000278    3.998605 v _180_/B1 (sky130_fd_sc_hd__a41o_2)
     1    0.003008    0.037661    0.238752    4.237356 v _180_/X (sky130_fd_sc_hd__a41o_2)
                                                         _039_ (net)
                      0.037661    0.000208    4.237565 v _181_/B1 (sky130_fd_sc_hd__a31o_2)
     1    0.002978    0.037057    0.215231    4.452796 v _181_/X (sky130_fd_sc_hd__a31o_2)
                                                         net26 (net)
                      0.037057    0.000129    4.452925 v output26/A (sky130_fd_sc_hd__clkdlybuf4s25_1)
     1    0.034375    0.256294    0.431300    4.884225 v output26/X (sky130_fd_sc_hd__clkdlybuf4s25_1)
                                                         Y[5] (net)
                      0.256302    0.001708    4.885933 v Y[5] (out)
                                              4.885933   data arrival time

                      0.000000   10.000000   10.000000   clock __VIRTUAL_CLK__ (rise edge)
                                  0.000000   10.000000   clock network delay (ideal)
                                 -0.250000    9.750000   clock uncertainty
                                  0.000000    9.750000   clock reconvergence pessimism
                                 -2.000000    7.750000   output external delay
                                              7.750000   data required time
---------------------------------------------------------------------------------------------
                                              7.750000   data required time
                                             -4.885933   data arrival time
---------------------------------------------------------------------------------------------
                                              2.864067   slack (MET)


Startpoint: A[1] (input port clocked by __VIRTUAL_CLK__)
Endpoint: Y[7] (output port clocked by __VIRTUAL_CLK__)
Path Group: __VIRTUAL_CLK__
Path Type: max

Fanout         Cap        Slew       Delay        Time   Description
---------------------------------------------------------------------------------------------
                      0.000000    0.000000    0.000000   clock __VIRTUAL_CLK__ (rise edge)
                                  0.000000    0.000000   clock network delay (ideal)
                                  2.000000    2.000000 ^ input external delay
     1    0.003917    0.024588    0.015001    2.015001 ^ A[1] (in)
                                                         A[1] (net)
                      0.024590    0.000000    2.015001 ^ input2/A (sky130_fd_sc_hd__clkdlybuf4s25_1)
     7    0.027230    0.278117    0.423243    2.438243 ^ input2/X (sky130_fd_sc_hd__clkdlybuf4s25_1)
                                                         net2 (net)
                      0.278123    0.001787    2.440030 ^ _218_/B (sky130_fd_sc_hd__xnor2_2)
     2    0.007979    0.161265    0.168892    2.608922 ^ _218_/Y (sky130_fd_sc_hd__xnor2_2)
                                                         _074_ (net)
                      0.161265    0.000426    2.609348 ^ max_cap30/A (sky130_fd_sc_hd__clkbuf_2)
     4    0.023842    0.135168    0.217472    2.826819 ^ max_cap30/X (sky130_fd_sc_hd__clkbuf_2)
                                                         net30 (net)
                      0.135173    0.001089    2.827909 ^ _221_/A1 (sky130_fd_sc_hd__a21o_2)
     4    0.020368    0.109496    0.208922    3.036830 ^ _221_/X (sky130_fd_sc_hd__a21o_2)
                                                         _077_ (net)
                      0.109510    0.001348    3.038177 ^ _228_/A1 (sky130_fd_sc_hd__a211o_2)
     2    0.008963    0.056422    0.164380    3.202557 ^ _228_/X (sky130_fd_sc_hd__a211o_2)
                                                         _084_ (net)
                      0.056427    0.000562    3.203120 ^ _235_/C_N (sky130_fd_sc_hd__or3b_2)
     3    0.013317    0.111145    0.518755    3.721875 v _235_/X (sky130_fd_sc_hd__or3b_2)
                                                         _091_ (net)
                      0.111145    0.000998    3.722873 v _239_/A1 (sky130_fd_sc_hd__a31o_2)
     3    0.018707    0.073377    0.280075    4.002948 v _239_/X (sky130_fd_sc_hd__a31o_2)
                                                         _095_ (net)
                      0.073491    0.002669    4.005618 v _241_/A1 (sky130_fd_sc_hd__a21o_2)
     2    0.005927    0.041442    0.213999    4.219617 v _241_/X (sky130_fd_sc_hd__a21o_2)
                                                         _097_ (net)
                      0.041447    0.000294    4.219911 v _197_/A2 (sky130_fd_sc_hd__a31o_2)
     1    0.003232    0.037711    0.234640    4.454551 v _197_/X (sky130_fd_sc_hd__a31o_2)
                                                         _054_ (net)
                      0.037711    0.000251    4.454802 v _198_/B2 (sky130_fd_sc_hd__o22a_2)
     1    0.002459    0.034281    0.176413    4.631215 v _198_/X (sky130_fd_sc_hd__o22a_2)
                                                         net28 (net)
                      0.034281    0.000188    4.631403 v output28/A (sky130_fd_sc_hd__clkbuf_2)
     1    0.035184    0.135355    0.194357    4.825760 v output28/X (sky130_fd_sc_hd__clkbuf_2)
                                                         Y[7] (net)
                      0.135385    0.002041    4.827801 v Y[7] (out)
                                              4.827801   data arrival time

                      0.000000   10.000000   10.000000   clock __VIRTUAL_CLK__ (rise edge)
                                  0.000000   10.000000   clock network delay (ideal)
                                 -0.250000    9.750000   clock uncertainty
                                  0.000000    9.750000   clock reconvergence pessimism
                                 -2.000000    7.750000   output external delay
                                              7.750000   data required time
---------------------------------------------------------------------------------------------
                                              7.750000   data required time
                                             -4.827801   data arrival time
---------------------------------------------------------------------------------------------
                                              2.922199   slack (MET)


Startpoint: A[1] (input port clocked by __VIRTUAL_CLK__)
Endpoint: CARRY (output port clocked by __VIRTUAL_CLK__)
Path Group: __VIRTUAL_CLK__
Path Type: max

Fanout         Cap        Slew       Delay        Time   Description
---------------------------------------------------------------------------------------------
                      0.000000    0.000000    0.000000   clock __VIRTUAL_CLK__ (rise edge)
                                  0.000000    0.000000   clock network delay (ideal)
                                  2.000000    2.000000 v input external delay
     1    0.003692    0.010688    0.006290    2.006290 v A[1] (in)
                                                         A[1] (net)
                      0.010691    0.000000    2.006290 v input2/A (sky130_fd_sc_hd__clkdlybuf4s25_1)
     7    0.025699    0.194821    0.371639    2.377929 v input2/X (sky130_fd_sc_hd__clkdlybuf4s25_1)
                                                         net2 (net)
                      0.194836    0.001875    2.379804 v _217_/B (sky130_fd_sc_hd__or2_2)
     2    0.007012    0.066159    0.363574    2.743378 v _217_/X (sky130_fd_sc_hd__or2_2)
                                                         _073_ (net)
                      0.066159    0.000400    2.743778 v _245_/A3 (sky130_fd_sc_hd__a31o_2)
     2    0.014984    0.064928    0.299593    3.043372 v _245_/X (sky130_fd_sc_hd__a31o_2)
                                                         _101_ (net)
                      0.064952    0.001219    3.044591 v _246_/A2 (sky130_fd_sc_hd__a21oi_2)
     2    0.016446    0.219807    0.246656    3.291247 ^ _246_/Y (sky130_fd_sc_hd__a21oi_2)
                                                         _102_ (net)
                      0.219819    0.001403    3.292650 ^ _247_/A2 (sky130_fd_sc_hd__o21ai_2)
     4    0.016019    0.099339    0.126635    3.419285 v _247_/Y (sky130_fd_sc_hd__o21ai_2)
                                                         _103_ (net)
                      0.099346    0.000960    3.420244 v _250_/A2 (sky130_fd_sc_hd__a211o_2)
     2    0.009032    0.064225    0.387393    3.807637 v _250_/X (sky130_fd_sc_hd__a211o_2)
                                                         _106_ (net)
                      0.064270    0.000558    3.808196 v _252_/A3 (sky130_fd_sc_hd__a31o_2)
     2    0.014680    0.064236    0.297919    4.106115 v _252_/X (sky130_fd_sc_hd__a31o_2)
                                                         _108_ (net)
                      0.064263    0.001246    4.107361 v _253_/A2 (sky130_fd_sc_hd__a21o_2)
     1    0.002777    0.033273    0.220423    4.327784 v _253_/X (sky130_fd_sc_hd__a21o_2)
                                                         _109_ (net)
                      0.033273    0.000213    4.327997 v _256_/B1 (sky130_fd_sc_hd__a32o_2)
     1    0.002514    0.038457    0.216627    4.544624 v _256_/X (sky130_fd_sc_hd__a32o_2)
                                                         net20 (net)
                      0.038457    0.000171    4.544795 v output20/A (sky130_fd_sc_hd__dlymetal6s2s_1)
     1    0.034790    0.174341    0.259017    4.803811 v output20/X (sky130_fd_sc_hd__dlymetal6s2s_1)
                                                         CARRY (net)
                      0.174358    0.001867    4.805678 v CARRY (out)
                                              4.805678   data arrival time

                      0.000000   10.000000   10.000000   clock __VIRTUAL_CLK__ (rise edge)
                                  0.000000   10.000000   clock network delay (ideal)
                                 -0.250000    9.750000   clock uncertainty
                                  0.000000    9.750000   clock reconvergence pessimism
                                 -2.000000    7.750000   output external delay
                                              7.750000   data required time
---------------------------------------------------------------------------------------------
                                              7.750000   data required time
                                             -4.805678   data arrival time
---------------------------------------------------------------------------------------------
                                              2.944322   slack (MET)


Startpoint: A[1] (input port clocked by __VIRTUAL_CLK__)
Endpoint: Y[6] (output port clocked by __VIRTUAL_CLK__)
Path Group: __VIRTUAL_CLK__
Path Type: max

Fanout         Cap        Slew       Delay        Time   Description
---------------------------------------------------------------------------------------------
                      0.000000    0.000000    0.000000   clock __VIRTUAL_CLK__ (rise edge)
                                  0.000000    0.000000   clock network delay (ideal)
                                  2.000000    2.000000 ^ input external delay
     1    0.003917    0.024588    0.015001    2.015001 ^ A[1] (in)
                                                         A[1] (net)
                      0.024590    0.000000    2.015001 ^ input2/A (sky130_fd_sc_hd__clkdlybuf4s25_1)
     7    0.027230    0.278117    0.423243    2.438243 ^ input2/X (sky130_fd_sc_hd__clkdlybuf4s25_1)
                                                         net2 (net)
                      0.278123    0.001787    2.440030 ^ _218_/B (sky130_fd_sc_hd__xnor2_2)
     2    0.007979    0.161265    0.168892    2.608922 ^ _218_/Y (sky130_fd_sc_hd__xnor2_2)
                                                         _074_ (net)
                      0.161265    0.000426    2.609348 ^ max_cap30/A (sky130_fd_sc_hd__clkbuf_2)
     4    0.023842    0.135168    0.217472    2.826819 ^ max_cap30/X (sky130_fd_sc_hd__clkbuf_2)
                                                         net30 (net)
                      0.135173    0.001089    2.827909 ^ _221_/A1 (sky130_fd_sc_hd__a21o_2)
     4    0.020368    0.109496    0.208922    3.036830 ^ _221_/X (sky130_fd_sc_hd__a21o_2)
                                                         _077_ (net)
                      0.109510    0.001348    3.038177 ^ _228_/A1 (sky130_fd_sc_hd__a211o_2)
     2    0.008963    0.056422    0.164380    3.202557 ^ _228_/X (sky130_fd_sc_hd__a211o_2)
                                                         _084_ (net)
                      0.056427    0.000562    3.203120 ^ _235_/C_N (sky130_fd_sc_hd__or3b_2)
     3    0.013317    0.111145    0.518755    3.721875 v _235_/X (sky130_fd_sc_hd__or3b_2)
                                                         _091_ (net)
                      0.111145    0.000998    3.722873 v _239_/A1 (sky130_fd_sc_hd__a31o_2)
     3    0.018707    0.073377    0.280075    4.002948 v _239_/X (sky130_fd_sc_hd__a31o_2)
                                                         _095_ (net)
                      0.073396    0.001264    4.004212 v _183_/B (sky130_fd_sc_hd__nand2_2)
     1    0.005317    0.049632    0.082089    4.086301 ^ _183_/Y (sky130_fd_sc_hd__nand2_2)
                                                         _041_ (net)
                      0.049633    0.000414    4.086715 ^ _184_/B1 (sky130_fd_sc_hd__a41oi_2)
     1    0.003098    0.101257    0.033988    4.120703 v _184_/Y (sky130_fd_sc_hd__a41oi_2)
                                                         _042_ (net)
                      0.101257    0.000143    4.120845 v _190_/B1 (sky130_fd_sc_hd__o22a_2)
     1    0.003105    0.036218    0.225696    4.346541 v _190_/X (sky130_fd_sc_hd__o22a_2)
                                                         net27 (net)
                      0.036218    0.000229    4.346770 v output27/A (sky130_fd_sc_hd__clkdlybuf4s25_1)
     1    0.034838    0.259645    0.433318    4.780088 v output27/X (sky130_fd_sc_hd__clkdlybuf4s25_1)
                                                         Y[6] (net)
                      0.259656    0.001917    4.782005 v Y[6] (out)
                                              4.782005   data arrival time

                      0.000000   10.000000   10.000000   clock __VIRTUAL_CLK__ (rise edge)
                                  0.000000   10.000000   clock network delay (ideal)
                                 -0.250000    9.750000   clock uncertainty
                                  0.000000    9.750000   clock reconvergence pessimism
                                 -2.000000    7.750000   output external delay
                                              7.750000   data required time
---------------------------------------------------------------------------------------------
                                              7.750000   data required time
                                             -4.782005   data arrival time
---------------------------------------------------------------------------------------------
                                              2.967995   slack (MET)


Startpoint: OP[0] (input port clocked by __VIRTUAL_CLK__)
Endpoint: Y[3] (output port clocked by __VIRTUAL_CLK__)
Path Group: __VIRTUAL_CLK__
Path Type: max

Fanout         Cap        Slew       Delay        Time   Description
---------------------------------------------------------------------------------------------
                      0.000000    0.000000    0.000000   clock __VIRTUAL_CLK__ (rise edge)
                                  0.000000    0.000000   clock network delay (ideal)
                                  2.000000    2.000000 v input external delay
     1    0.003902    0.011193    0.006668    2.006668 v OP[0] (in)
                                                         OP[0] (net)
                      0.011196    0.000000    2.006668 v input17/A (sky130_fd_sc_hd__clkdlybuf4s25_1)
     2    0.006068    0.061106    0.259925    2.266593 v input17/X (sky130_fd_sc_hd__clkdlybuf4s25_1)
                                                         net17 (net)
                      0.061107    0.000414    2.267007 v fanout34/A (sky130_fd_sc_hd__clkdlybuf4s25_1)
    10    0.030318    0.227381    0.420150    2.687157 v fanout34/X (sky130_fd_sc_hd__clkdlybuf4s25_1)
                                                         net34 (net)
                      0.227388    0.001604    2.688760 v _130_/C (sky130_fd_sc_hd__and3_2)
     7    0.028006    0.093867    0.373857    3.062617 v _130_/X (sky130_fd_sc_hd__and3_2)
                                                         _118_ (net)
                      0.093882    0.001252    3.063869 v _160_/B1 (sky130_fd_sc_hd__a32o_2)
     1    0.001677    0.036651    0.236240    3.300109 v _160_/X (sky130_fd_sc_hd__a32o_2)
                                                         _021_ (net)
                      0.036652    0.000126    3.300236 v _161_/B (sky130_fd_sc_hd__or3b_2)
     1    0.007136    0.090984    0.479847    3.780082 v _161_/X (sky130_fd_sc_hd__or3b_2)
                                                         _022_ (net)
                      0.090984    0.000412    3.780495 v _162_/B1 (sky130_fd_sc_hd__a31o_2)
     1    0.002418    0.035450    0.232973    4.013468 v _162_/X (sky130_fd_sc_hd__a31o_2)
                                                         _023_ (net)
                      0.035450    0.000116    4.013584 v _163_/B2 (sky130_fd_sc_hd__o2bb2a_2)
     1    0.003054    0.044074    0.248717    4.262301 v _163_/X (sky130_fd_sc_hd__o2bb2a_2)
                                                         net24 (net)
                      0.044074    0.000134    4.262434 v output24/A (sky130_fd_sc_hd__clkdlybuf4s25_1)
     1    0.034434    0.256813    0.434788    4.697222 v output24/X (sky130_fd_sc_hd__clkdlybuf4s25_1)
                                                         Y[3] (net)
                      0.256821    0.001714    4.698936 v Y[3] (out)
                                              4.698936   data arrival time

                      0.000000   10.000000   10.000000   clock __VIRTUAL_CLK__ (rise edge)
                                  0.000000   10.000000   clock network delay (ideal)
                                 -0.250000    9.750000   clock uncertainty
                                  0.000000    9.750000   clock reconvergence pessimism
                                 -2.000000    7.750000   output external delay
                                              7.750000   data required time
---------------------------------------------------------------------------------------------
                                              7.750000   data required time
                                             -4.698936   data arrival time
---------------------------------------------------------------------------------------------
                                              3.051064   slack (MET)


Startpoint: A[1] (input port clocked by __VIRTUAL_CLK__)
Endpoint: Y[4] (output port clocked by __VIRTUAL_CLK__)
Path Group: __VIRTUAL_CLK__
Path Type: max

Fanout         Cap        Slew       Delay        Time   Description
---------------------------------------------------------------------------------------------
                      0.000000    0.000000    0.000000   clock __VIRTUAL_CLK__ (rise edge)
                                  0.000000    0.000000   clock network delay (ideal)
                                  2.000000    2.000000 v input external delay
     1    0.003692    0.010688    0.006290    2.006290 v A[1] (in)
                                                         A[1] (net)
                      0.010691    0.000000    2.006290 v input2/A (sky130_fd_sc_hd__clkdlybuf4s25_1)
     7    0.025699    0.194821    0.371639    2.377929 v input2/X (sky130_fd_sc_hd__clkdlybuf4s25_1)
                                                         net2 (net)
                      0.194832    0.001688    2.379617 v _218_/B (sky130_fd_sc_hd__xnor2_2)
     2    0.007328    0.067813    0.204785    2.584403 v _218_/Y (sky130_fd_sc_hd__xnor2_2)
                                                         _074_ (net)
                      0.067814    0.000389    2.584792 v max_cap30/A (sky130_fd_sc_hd__clkbuf_2)
     4    0.022078    0.089411    0.172706    2.757497 v max_cap30/X (sky130_fd_sc_hd__clkbuf_2)
                                                         net30 (net)
                      0.089420    0.001008    2.758505 v _221_/A1 (sky130_fd_sc_hd__a21o_2)
     4    0.019520    0.071938    0.258558    3.017063 v _221_/X (sky130_fd_sc_hd__a21o_2)
                                                         _077_ (net)
                      0.071961    0.001286    3.018349 v _228_/A1 (sky130_fd_sc_hd__a211o_2)
     2    0.008431    0.062472    0.335645    3.353994 v _228_/X (sky130_fd_sc_hd__a211o_2)
                                                         _084_ (net)
                      0.062472    0.000629    3.354623 v _229_/B (sky130_fd_sc_hd__nand2_2)
     2    0.010643    0.072339    0.096685    3.451308 ^ _229_/Y (sky130_fd_sc_hd__nand2_2)
                                                         _085_ (net)
                      0.072344    0.000659    3.451967 ^ _164_/A (sky130_fd_sc_hd__nand2_2)
     1    0.002034    0.057895    0.041739    3.493706 v _164_/Y (sky130_fd_sc_hd__nand2_2)
                                                         _024_ (net)
                      0.057896    0.000142    3.493847 v _165_/B (sky130_fd_sc_hd__and3b_2)
     1    0.005736    0.045080    0.214943    3.708790 v _165_/X (sky130_fd_sc_hd__and3b_2)
                                                         _025_ (net)
                      0.045080    0.000282    3.709072 v _172_/A1 (sky130_fd_sc_hd__o41a_2)
     1    0.005006    0.069270    0.510002    4.219074 v _172_/X (sky130_fd_sc_hd__o41a_2)
                                                         net25 (net)
                      0.069270    0.000226    4.219299 v output25/A (sky130_fd_sc_hd__clkdlybuf4s25_1)
     1    0.034308    0.255800    0.445579    4.664878 v output25/X (sky130_fd_sc_hd__clkdlybuf4s25_1)
                                                         Y[4] (net)
                      0.255807    0.001701    4.666579 v Y[4] (out)
                                              4.666579   data arrival time

                      0.000000   10.000000   10.000000   clock __VIRTUAL_CLK__ (rise edge)
                                  0.000000   10.000000   clock network delay (ideal)
                                 -0.250000    9.750000   clock uncertainty
                                  0.000000    9.750000   clock reconvergence pessimism
                                 -2.000000    7.750000   output external delay
                                              7.750000   data required time
---------------------------------------------------------------------------------------------
                                              7.750000   data required time
                                             -4.666579   data arrival time
---------------------------------------------------------------------------------------------
                                              3.083421   slack (MET)


Startpoint: OP[1] (input port clocked by __VIRTUAL_CLK__)
Endpoint: Y[1] (output port clocked by __VIRTUAL_CLK__)
Path Group: __VIRTUAL_CLK__
Path Type: max

Fanout         Cap        Slew       Delay        Time   Description
---------------------------------------------------------------------------------------------
                      0.000000    0.000000    0.000000   clock __VIRTUAL_CLK__ (rise edge)
                                  0.000000    0.000000   clock network delay (ideal)
                                  2.000000    2.000000 ^ input external delay
     1    0.003647    0.023416    0.014014    2.014014 ^ OP[1] (in)
                                                         OP[1] (net)
                      0.023418    0.000000    2.014014 ^ input18/A (sky130_fd_sc_hd__clkdlybuf4s25_1)
     2    0.006648    0.079576    0.275464    2.289478 ^ input18/X (sky130_fd_sc_hd__clkdlybuf4s25_1)
                                                         net18 (net)
                      0.079578    0.000548    2.290026 ^ fanout33/A (sky130_fd_sc_hd__clkdlybuf4s25_1)
    10    0.033522    0.339180    0.488281    2.778307 ^ fanout33/X (sky130_fd_sc_hd__clkdlybuf4s25_1)
                                                         net33 (net)
                      0.339185    0.001961    2.780268 ^ _127_/A (sky130_fd_sc_hd__or2_2)
     8    0.040362    0.209687    0.324357    3.104625 ^ _127_/X (sky130_fd_sc_hd__or2_2)
                                                         _115_ (net)
                      0.209746    0.003532    3.108156 ^ _141_/A2_N (sky130_fd_sc_hd__a2bb2o_2)
     1    0.002720    0.042428    0.299923    3.408079 v _141_/X (sky130_fd_sc_hd__a2bb2o_2)
                                                         _004_ (net)
                      0.042428    0.000201    3.408280 v _142_/C1 (sky130_fd_sc_hd__a2111o_2)
     1    0.002561    0.059223    0.406058    3.814338 v _142_/X (sky130_fd_sc_hd__a2111o_2)
                                                         _005_ (net)
                      0.059223    0.000124    3.814462 v _144_/A2 (sky130_fd_sc_hd__o22a_2)
     1    0.002776    0.035395    0.227865    4.042327 v _144_/X (sky130_fd_sc_hd__o22a_2)
                                                         net22 (net)
                      0.035395    0.000123    4.042450 v output22/A (sky130_fd_sc_hd__clkdlybuf4s25_1)
     1    0.034256    0.255471    0.429764    4.472214 v output22/X (sky130_fd_sc_hd__clkdlybuf4s25_1)
                                                         Y[1] (net)
                      0.255481    0.001877    4.474091 v Y[1] (out)
                                              4.474091   data arrival time

                      0.000000   10.000000   10.000000   clock __VIRTUAL_CLK__ (rise edge)
                                  0.000000   10.000000   clock network delay (ideal)
                                 -0.250000    9.750000   clock uncertainty
                                  0.000000    9.750000   clock reconvergence pessimism
                                 -2.000000    7.750000   output external delay
                                              7.750000   data required time
---------------------------------------------------------------------------------------------
                                              7.750000   data required time
                                             -4.474091   data arrival time
---------------------------------------------------------------------------------------------
                                              3.275909   slack (MET)


Startpoint: OP[1] (input port clocked by __VIRTUAL_CLK__)
Endpoint: Y[2] (output port clocked by __VIRTUAL_CLK__)
Path Group: __VIRTUAL_CLK__
Path Type: max

Fanout         Cap        Slew       Delay        Time   Description
---------------------------------------------------------------------------------------------
                      0.000000    0.000000    0.000000   clock __VIRTUAL_CLK__ (rise edge)
                                  0.000000    0.000000   clock network delay (ideal)
                                  2.000000    2.000000 ^ input external delay
     1    0.003647    0.023416    0.014014    2.014014 ^ OP[1] (in)
                                                         OP[1] (net)
                      0.023418    0.000000    2.014014 ^ input18/A (sky130_fd_sc_hd__clkdlybuf4s25_1)
     2    0.006648    0.079576    0.275464    2.289478 ^ input18/X (sky130_fd_sc_hd__clkdlybuf4s25_1)
                                                         net18 (net)
                      0.079578    0.000548    2.290026 ^ fanout33/A (sky130_fd_sc_hd__clkdlybuf4s25_1)
    10    0.033522    0.339180    0.488281    2.778307 ^ fanout33/X (sky130_fd_sc_hd__clkdlybuf4s25_1)
                                                         net33 (net)
                      0.339186    0.002073    2.780380 ^ _137_/A (sky130_fd_sc_hd__or3b_2)
     4    0.027211    0.161589    0.295560    3.075940 ^ _137_/X (sky130_fd_sc_hd__or3b_2)
                                                         _000_ (net)
                      0.161621    0.002369    3.078309 ^ _148_/B (sky130_fd_sc_hd__nor2_2)
     1    0.002685    0.041706    0.044778    3.123087 v _148_/Y (sky130_fd_sc_hd__nor2_2)
                                                         _010_ (net)
                      0.041706    0.000193    3.123281 v _150_/C1 (sky130_fd_sc_hd__a221o_2)
     1    0.003719    0.055656    0.310139    3.433420 v _150_/X (sky130_fd_sc_hd__a221o_2)
                                                         _012_ (net)
                      0.055656    0.000244    3.433664 v _151_/B1 (sky130_fd_sc_hd__a211o_2)
     1    0.002778    0.046183    0.314653    3.748317 v _151_/X (sky130_fd_sc_hd__a211o_2)
                                                         _013_ (net)
                      0.046183    0.000128    3.748445 v _152_/B2 (sky130_fd_sc_hd__o22a_2)
     1    0.003092    0.036246    0.183052    3.931497 v _152_/X (sky130_fd_sc_hd__o22a_2)
                                                         net23 (net)
                      0.036246    0.000208    3.931705 v output23/A (sky130_fd_sc_hd__clkdlybuf4s25_1)
     1    0.034633    0.258157    0.432269    4.363974 v output23/X (sky130_fd_sc_hd__clkdlybuf4s25_1)
                                                         Y[2] (net)
                      0.258166    0.001819    4.365794 v Y[2] (out)
                                              4.365794   data arrival time

                      0.000000   10.000000   10.000000   clock __VIRTUAL_CLK__ (rise edge)
                                  0.000000   10.000000   clock network delay (ideal)
                                 -0.250000    9.750000   clock uncertainty
                                  0.000000    9.750000   clock reconvergence pessimism
                                 -2.000000    7.750000   output external delay
                                              7.750000   data required time
---------------------------------------------------------------------------------------------
                                              7.750000   data required time
                                             -4.365794   data arrival time
---------------------------------------------------------------------------------------------
                                              3.384206   slack (MET)


Startpoint: OP[1] (input port clocked by __VIRTUAL_CLK__)
Endpoint: Y[0] (output port clocked by __VIRTUAL_CLK__)
Path Group: __VIRTUAL_CLK__
Path Type: max

Fanout         Cap        Slew       Delay        Time   Description
---------------------------------------------------------------------------------------------
                      0.000000    0.000000    0.000000   clock __VIRTUAL_CLK__ (rise edge)
                                  0.000000    0.000000   clock network delay (ideal)
                                  2.000000    2.000000 ^ input external delay
     1    0.003647    0.023416    0.014014    2.014014 ^ OP[1] (in)
                                                         OP[1] (net)
                      0.023418    0.000000    2.014014 ^ input18/A (sky130_fd_sc_hd__clkdlybuf4s25_1)
     2    0.006648    0.079576    0.275464    2.289478 ^ input18/X (sky130_fd_sc_hd__clkdlybuf4s25_1)
                                                         net18 (net)
                      0.079578    0.000548    2.290026 ^ fanout33/A (sky130_fd_sc_hd__clkdlybuf4s25_1)
    10    0.033522    0.339180    0.488281    2.778307 ^ fanout33/X (sky130_fd_sc_hd__clkdlybuf4s25_1)
                                                         net33 (net)
                      0.339203    0.003170    2.781477 ^ _125_/S (sky130_fd_sc_hd__mux2_1)
     1    0.002666    0.054513    0.373396    3.154873 v _125_/X (sky130_fd_sc_hd__mux2_1)
                                                         _113_ (net)
                      0.054513    0.000206    3.155079 v _126_/C1 (sky130_fd_sc_hd__o211a_2)
     1    0.002035    0.038143    0.117787    3.272866 v _126_/X (sky130_fd_sc_hd__o211a_2)
                                                         _114_ (net)
                      0.038143    0.000151    3.273017 v _132_/A (sky130_fd_sc_hd__or3_2)
     1    0.003271    0.076913    0.488897    3.761914 v _132_/X (sky130_fd_sc_hd__or3_2)
                                                         net21 (net)
                      0.076913    0.000244    3.762158 v output21/A (sky130_fd_sc_hd__clkdlybuf4s25_1)
     1    0.034560    0.257498    0.450429    4.212587 v output21/X (sky130_fd_sc_hd__clkdlybuf4s25_1)
                                                         Y[0] (net)
                      0.257506    0.001754    4.214341 v Y[0] (out)
                                              4.214341   data arrival time

                      0.000000   10.000000   10.000000   clock __VIRTUAL_CLK__ (rise edge)
                                  0.000000   10.000000   clock network delay (ideal)
                                 -0.250000    9.750000   clock uncertainty
                                  0.000000    9.750000   clock reconvergence pessimism
                                 -2.000000    7.750000   output external delay
                                              7.750000   data required time
---------------------------------------------------------------------------------------------
                                              7.750000   data required time
                                             -4.214341   data arrival time
---------------------------------------------------------------------------------------------
                                              3.535659   slack (MET)



%OL_END_REPORT
%OL_CREATE_REPORT checks.rpt

===========================================================================
report_checks -unconstrained
===========================================================================
======================= max_tt_025C_1v80 Corner ===================================

Startpoint: OP[1] (input port clocked by __VIRTUAL_CLK__)
Endpoint: Y[5] (output port clocked by __VIRTUAL_CLK__)
Path Group: __VIRTUAL_CLK__
Path Type: max

Fanout         Cap        Slew       Delay        Time   Description
---------------------------------------------------------------------------------------------
                      0.000000    0.000000    0.000000   clock __VIRTUAL_CLK__ (rise edge)
                                  0.000000    0.000000   clock network delay (ideal)
                                  2.000000    2.000000 ^ input external delay
     1    0.003647    0.023416    0.014014    2.014014 ^ OP[1] (in)
                                                         OP[1] (net)
                      0.023418    0.000000    2.014014 ^ input18/A (sky130_fd_sc_hd__clkdlybuf4s25_1)
     2    0.006648    0.079576    0.275464    2.289478 ^ input18/X (sky130_fd_sc_hd__clkdlybuf4s25_1)
                                                         net18 (net)
                      0.079578    0.000548    2.290026 ^ fanout33/A (sky130_fd_sc_hd__clkdlybuf4s25_1)
    10    0.033522    0.339180    0.488281    2.778307 ^ fanout33/X (sky130_fd_sc_hd__clkdlybuf4s25_1)
                                                         net33 (net)
                      0.339185    0.001961    2.780268 ^ _127_/A (sky130_fd_sc_hd__or2_2)
     8    0.040362    0.209687    0.324357    3.104625 ^ _127_/X (sky130_fd_sc_hd__or2_2)
                                                         _115_ (net)
                      0.209744    0.003482    3.108106 ^ _176_/A2_N (sky130_fd_sc_hd__a2bb2o_2)
     1    0.002387    0.041382    0.297947    3.406054 v _176_/X (sky130_fd_sc_hd__a2bb2o_2)
                                                         _035_ (net)
                      0.041382    0.000181    3.406235 v _177_/C1 (sky130_fd_sc_hd__a211o_2)
     1    0.002715    0.045882    0.269518    3.675752 v _177_/X (sky130_fd_sc_hd__a211o_2)
                                                         _036_ (net)
                      0.045882    0.000191    3.675943 v _178_/C1 (sky130_fd_sc_hd__a221o_2)
     1    0.005819    0.061492    0.322385    3.998327 v _178_/X (sky130_fd_sc_hd__a221o_2)
                                                         _037_ (net)
                      0.061492    0.000278    3.998605 v _180_/B1 (sky130_fd_sc_hd__a41o_2)
     1    0.003008    0.037661    0.238752    4.237356 v _180_/X (sky130_fd_sc_hd__a41o_2)
                                                         _039_ (net)
                      0.037661    0.000208    4.237565 v _181_/B1 (sky130_fd_sc_hd__a31o_2)
     1    0.002978    0.037057    0.215231    4.452796 v _181_/X (sky130_fd_sc_hd__a31o_2)
                                                         net26 (net)
                      0.037057    0.000129    4.452925 v output26/A (sky130_fd_sc_hd__clkdlybuf4s25_1)
     1    0.034375    0.256294    0.431300    4.884225 v output26/X (sky130_fd_sc_hd__clkdlybuf4s25_1)
                                                         Y[5] (net)
                      0.256302    0.001708    4.885933 v Y[5] (out)
                                              4.885933   data arrival time

                      0.000000   10.000000   10.000000   clock __VIRTUAL_CLK__ (rise edge)
                                  0.000000   10.000000   clock network delay (ideal)
                                 -0.250000    9.750000   clock uncertainty
                                  0.000000    9.750000   clock reconvergence pessimism
                                 -2.000000    7.750000   output external delay
                                              7.750000   data required time
---------------------------------------------------------------------------------------------
                                              7.750000   data required time
                                             -4.885933   data arrival time
---------------------------------------------------------------------------------------------
                                              2.864067   slack (MET)




===========================================================================
report_checks --slack_max -0.01
============================================================================
======================= max_tt_025C_1v80 Corner ===================================

No paths found.


===========================================================================
 report_check_types -max_slew -max_cap -max_fanout -violators
============================================================================
======================= max_tt_025C_1v80 Corner ===================================



===========================================================================
report_parasitic_annotation -report_unannotated
============================================================================
Found 0 unannotated drivers.
Found 0 partially unannotated drivers.

===========================================================================
max slew violation count 0
%OL_METRIC_I design__max_slew_violation__count__corner:max_tt_025C_1v80 0
max fanout violation count 0
%OL_METRIC_I design__max_fanout_violation__count__corner:max_tt_025C_1v80 0
max cap violation count 0
%OL_METRIC_I design__max_cap_violation__count__corner:max_tt_025C_1v80 0
============================================================================

===========================================================================
check_setup -verbose -unconstrained_endpoints -multiple_clock -no_clock -no_input_delay -loops -generated_clocks
===========================================================================
%OL_END_REPORT
%OL_CREATE_REPORT power.rpt

===========================================================================
 report_power
============================================================================
======================= max_tt_025C_1v80 Corner ===================================

Group                    Internal    Switching      Leakage        Total
                            Power        Power        Power        Power (Watts)
------------------------------------------------------------------------
Sequential           0.000000e+00 0.000000e+00 0.000000e+00 0.000000e+00   0.0%
Combinational        4.237538e-05 4.556154e-05 6.542808e-10 8.793757e-05 100.0%
Clock                0.000000e+00 0.000000e+00 9.331288e-10 9.331288e-10   0.0%
Macro                0.000000e+00 0.000000e+00 0.000000e+00 0.000000e+00   0.0%
Pad                  0.000000e+00 0.000000e+00 0.000000e+00 0.000000e+00   0.0%
------------------------------------------------------------------------
Total                4.237538e-05 4.556154e-05 1.587409e-09 8.793850e-05 100.0%
                            48.2%        51.8%         0.0%
%OL_METRIC_F power__internal__total 4.237538087181747e-5
%OL_METRIC_F power__switching__total 4.556153726298362e-5
%OL_METRIC_F power__leakage__total 1.5874088710177148e-9
%OL_METRIC_F power__total 8.793850429356098e-5

%OL_END_REPORT
%OL_CREATE_REPORT skew.min.rpt

===========================================================================
Clock Skew (Hold)
============================================================================
%OL_METRIC_F clock__skew__worst_hold__corner:max_tt_025C_1v80 0.0
======================= max_tt_025C_1v80 Corner ===================================

Clock __VIRTUAL_CLK__
No launch/capture paths found.

%OL_END_REPORT
%OL_CREATE_REPORT skew.max.rpt

===========================================================================
Clock Skew (Setup)
============================================================================
%OL_METRIC_F clock__skew__worst_setup__corner:max_tt_025C_1v80 0.0
======================= max_tt_025C_1v80 Corner ===================================

Clock __VIRTUAL_CLK__
No launch/capture paths found.

%OL_END_REPORT
%OL_CREATE_REPORT ws.min.rpt

===========================================================================
Worst Slack (Hold)
============================================================================
%OL_METRIC_F timing__hold__ws__corner:max_tt_025C_1v80 4.5592331200853895
max_tt_025C_1v80: 4.5592331200853895
%OL_END_REPORT
%OL_CREATE_REPORT ws.max.rpt

===========================================================================
Worst Slack (Setup)
============================================================================
%OL_METRIC_F timing__setup__ws__corner:max_tt_025C_1v80 2.8640672866226224
max_tt_025C_1v80: 2.8640672866226224
%OL_END_REPORT
%OL_CREATE_REPORT tns.min.rpt

===========================================================================
Total Negative Slack (Hold)
============================================================================
%OL_METRIC_F timing__hold__tns__corner:max_tt_025C_1v80 0.0
max_tt_025C_1v80: 0.0
%OL_END_REPORT
%OL_CREATE_REPORT tns.max.rpt

===========================================================================
Total Negative Slack (Setup)
============================================================================
%OL_METRIC_F timing__setup__tns__corner:max_tt_025C_1v80 0.0
max_tt_025C_1v80: 0.0
%OL_END_REPORT
%OL_CREATE_REPORT wns.min.rpt

===========================================================================
Worst Negative Slack (Hold)
============================================================================
%OL_METRIC_F timing__hold__wns__corner:max_tt_025C_1v80 0
max_tt_025C_1v80: 0
%OL_END_REPORT
%OL_CREATE_REPORT wns.max.rpt

===========================================================================
Worst Negative Slack (Setup)
============================================================================
%OL_METRIC_F timing__setup__wns__corner:max_tt_025C_1v80 0.0
max_tt_025C_1v80: 0.0
%OL_END_REPORT
%OL_CREATE_REPORT violator_list.rpt

===========================================================================
Violator List
============================================================================
%OL_METRIC_I timing__hold_vio__count__corner:max_tt_025C_1v80 0
%OL_METRIC_F timing__hold_r2r__ws__corner:max_tt_025C_1v80 inf
%OL_METRIC_I timing__hold_r2r_vio__count__corner:max_tt_025C_1v80 0
%OL_METRIC_I timing__setup_vio__count__corner:max_tt_025C_1v80 0
%OL_METRIC_F timing__setup_r2r__ws__corner:max_tt_025C_1v80 inf
%OL_METRIC_I timing__setup_r2r_vio__count__corner:max_tt_025C_1v80 0
%OL_END_REPORT
%OL_CREATE_REPORT unpropagated.rpt
__VIRTUAL_CLK__
%OL_END_REPORT
%OL_CREATE_REPORT clock.rpt
Clock: __VIRTUAL_CLK__
Sources: 
Generated: no
Virtual: yes
Propagated: no
Period: 10.000000

===========================================================================
report_clock_properties
============================================================================
Clock                   Period          Waveform
----------------------------------------------------
__VIRTUAL_CLK__      10.000000    0.000000  5.000000

===========================================================================
report_clock_latency
============================================================================
Clock __VIRTUAL_CLK__


===========================================================================
report_clock_min_period
============================================================================
__VIRTUAL_CLK__ period_min = 0.00 fmax = inf
%OL_END_REPORT
Writing SDF files for all corners…
Removing Clock latencies before writing libs…
Writing timing models for all corners…
Writing timing models for the max_tt_025C_1v80 corner to /home/gp7871/VLSI_Freelancing/projects/alu8_rtl_to_gds/runs/alu8_v1/55-openroad-stapostpnr/max_tt_025C_1v80/alu8__max_tt_025C_1v80.lib…
