
===========================================================================
report_checks -unconstrained
===========================================================================
======================= nom_ff_n40C_1v95 Corner ===================================

Startpoint: tx_start (input port clocked by clk)
Endpoint: _236_ (rising edge-triggered flip-flop clocked by clk)
Path Group: clk
Path Type: max

Fanout         Cap        Slew       Delay        Time   Description
---------------------------------------------------------------------------------------------
                                  0.000000    0.000000   clock clk (rise edge)
                                  0.000000    0.000000   clock network delay (propagated)
                                  2.000000    2.000000 ^ input external delay
     1    0.003887    0.000000    0.000000    2.000000 ^ tx_start (in)
                                                         tx_start (net)
                      0.000095    0.000048    2.000048 ^ input10/A (sky130_fd_sc_hd__clkdlybuf4s25_1)
     4    0.015570    0.122853    0.214840    2.214888 ^ input10/X (sky130_fd_sc_hd__clkdlybuf4s25_1)
                                                         net10 (net)
                      0.122853    0.000415    2.215303 ^ _169_/B (sky130_fd_sc_hd__and2_2)
     8    0.040425    0.157804    0.198241    2.413545 ^ _169_/X (sky130_fd_sc_hd__and2_2)
                                                         _088_ (net)
                      0.157897    0.002089    2.415634 ^ _139_/S (sky130_fd_sc_hd__mux2_1)
     1    0.003385    0.040482    0.195314    2.610948 v _139_/X (sky130_fd_sc_hd__mux2_1)
                                                         _067_ (net)
                      0.040482    0.000116    2.611064 v _140_/A0 (sky130_fd_sc_hd__mux2_1)
     1    0.002985    0.038684    0.144436    2.755501 v _140_/X (sky130_fd_sc_hd__mux2_1)
                                                         _068_ (net)
                      0.038684    0.000095    2.755596 v _141_/B (sky130_fd_sc_hd__or2_2)
     1    0.003186    0.037760    0.158555    2.914152 v _141_/X (sky130_fd_sc_hd__or2_2)
                                                         _022_ (net)
                      0.037760    0.000101    2.914253 v _236_/D (sky130_fd_sc_hd__dfxtp_2)
                                              2.914253   data arrival time

                                 20.000000   20.000000   clock clk (rise edge)
                                  0.000000   20.000000   clock source latency
     1    0.015203    0.000000    0.000000   20.000000 ^ clk (in)
                                                         clk (net)
                      0.001185    0.000592   20.000591 ^ clkbuf_0_clk/A (sky130_fd_sc_hd__clkbuf_16)
     4    0.040407    0.045270    0.088777   20.089369 ^ clkbuf_0_clk/X (sky130_fd_sc_hd__clkbuf_16)
                                                         clknet_0_clk (net)
                      0.045304    0.001064   20.090433 ^ clkbuf_2_0__f_clk/A (sky130_fd_sc_hd__clkbuf_16)
     8    0.029405    0.037719    0.094740   20.185173 ^ clkbuf_2_0__f_clk/X (sky130_fd_sc_hd__clkbuf_16)
                                                         clknet_2_0__leaf_clk (net)
                      0.037728    0.000604   20.185778 ^ _236_/CLK (sky130_fd_sc_hd__dfxtp_2)
                                  0.000000   20.185778   clock reconvergence pessimism
                                 -0.072729   20.113049   library setup time
                                             20.113049   data required time
---------------------------------------------------------------------------------------------
                                             20.113049   data required time
                                             -2.914253   data arrival time
---------------------------------------------------------------------------------------------
                                             17.198795   slack (MET)




===========================================================================
report_checks --slack_max -0.01
============================================================================
======================= nom_ff_n40C_1v95 Corner ===================================

No paths found.


===========================================================================
 report_check_types -max_slew -max_cap -max_fanout -violators
============================================================================
======================= nom_ff_n40C_1v95 Corner ===================================



===========================================================================
report_parasitic_annotation -report_unannotated
============================================================================
Found 3 unannotated drivers.
 clkload0/X
 clkload1/X
 clkload2/X
Found 0 partially unannotated drivers.

===========================================================================
max slew violation count 0
max fanout violation count 0
max cap violation count 0
============================================================================

===========================================================================
check_setup -verbose -unconstrained_endpoints -multiple_clock -no_clock -no_input_delay -loops -generated_clocks
===========================================================================
