Clock: clk
Sources: clk 
Generated: no
Virtual: yes
Propagated: no
Period: 20.000000

===========================================================================
report_clock_properties
============================================================================
Clock                   Period          Waveform
----------------------------------------------------
clk                  20.000000    0.000000 10.000000

===========================================================================
report_clock_latency
============================================================================
Clock clk
rise -> rise
    min     max
0.000000 0.000000 source latency
0.184179         network latency _218_/CLK
        0.186431 network latency _237_/CLK
---------------
0.184179 0.186431 latency
        0.002252 skew

fall -> fall
    min     max
0.000000 0.000000 source latency
0.200004         network latency _218_/CLK
        0.201974 network latency _237_/CLK
---------------
0.200004 0.201974 latency
        0.001969 skew



===========================================================================
report_clock_min_period
============================================================================
clk period_min = 1.74 fmax = 573.26
