
===========================================================================
 report_power
============================================================================
======================= nom_ff_n40C_1v95 Corner ===================================

Group                    Internal    Switching      Leakage        Total
                            Power        Power        Power        Power (Watts)
------------------------------------------------------------------------
Sequential           7.370594e-05 1.401009e-06 5.801744e-10 7.510753e-05  42.1%
Combinational        6.716991e-06 5.164620e-06 1.012794e-09 1.188262e-05   6.7%
Clock                6.209824e-05 2.910501e-05 2.250294e-09 9.120550e-05  51.2%
Macro                0.000000e+00 0.000000e+00 0.000000e+00 0.000000e+00   0.0%
Pad                  0.000000e+00 0.000000e+00 0.000000e+00 0.000000e+00   0.0%
------------------------------------------------------------------------
Total                1.425212e-04 3.567064e-05 3.843258e-09 1.781957e-04 100.0%
                            80.0%        20.0%         0.0%

