
===========================================================================
report_checks -unconstrained
===========================================================================
======================= min_ff_n40C_1v95 Corner ===================================

Startpoint: A[1] (input port clocked by __VIRTUAL_CLK__)
Endpoint: Y[7] (output port clocked by __VIRTUAL_CLK__)
Path Group: __VIRTUAL_CLK__
Path Type: max

Fanout         Cap        Slew       Delay        Time   Description
---------------------------------------------------------------------------------------------
                      0.000000    0.000000    0.000000   clock __VIRTUAL_CLK__ (rise edge)
                                  0.000000    0.000000   clock network delay (ideal)
                                  2.000000    2.000000 v input external delay
     1    0.003538    0.005806    0.003065    2.003065 v A[1] (in)
                                                         A[1] (net)
                      0.005807    0.000000    2.003065 v input2/A (sky130_fd_sc_hd__clkdlybuf4s25_1)
     7    0.024695    0.129517    0.243590    2.246655 v input2/X (sky130_fd_sc_hd__clkdlybuf4s25_1)
                                                         net2 (net)
                      0.129517    0.000209    2.246863 v _218_/B (sky130_fd_sc_hd__xnor2_2)
     2    0.007805    0.118064    0.149776    2.396639 ^ _218_/Y (sky130_fd_sc_hd__xnor2_2)
                                                         _074_ (net)
                      0.118064    0.000053    2.396692 ^ max_cap30/A (sky130_fd_sc_hd__clkbuf_2)
     4    0.023444    0.101784    0.144112    2.540804 ^ max_cap30/X (sky130_fd_sc_hd__clkbuf_2)
                                                         net30 (net)
                      0.101784    0.000172    2.540976 ^ _221_/A1 (sky130_fd_sc_hd__a21o_2)
     4    0.019088    0.077562    0.129248    2.670224 ^ _221_/X (sky130_fd_sc_hd__a21o_2)
                                                         _077_ (net)
                      0.077564    0.000572    2.670796 ^ _228_/A1 (sky130_fd_sc_hd__a211o_2)
     2    0.008503    0.039183    0.098159    2.768955 ^ _228_/X (sky130_fd_sc_hd__a211o_2)
                                                         _084_ (net)
                      0.039183    0.000128    2.769083 ^ _235_/C_N (sky130_fd_sc_hd__or3b_2)
     3    0.012361    0.072694    0.293428    3.062511 v _235_/X (sky130_fd_sc_hd__or3b_2)
                                                         _091_ (net)
                      0.072694    0.000260    3.062772 v _239_/A1 (sky130_fd_sc_hd__a31o_2)
     3    0.017470    0.052009    0.175963    3.238735 v _239_/X (sky130_fd_sc_hd__a31o_2)
                                                         _095_ (net)
                      0.052016    0.000629    3.239364 v _241_/A1 (sky130_fd_sc_hd__a21o_2)
     2    0.005693    0.030274    0.134973    3.374337 v _241_/X (sky130_fd_sc_hd__a21o_2)
                                                         _097_ (net)
                      0.030274    0.000042    3.374380 v _197_/A2 (sky130_fd_sc_hd__a31o_2)
     1    0.003102    0.028151    0.148129    3.522508 v _197_/X (sky130_fd_sc_hd__a31o_2)
                                                         _054_ (net)
                      0.028151    0.000037    3.522545 v _198_/B2 (sky130_fd_sc_hd__o22a_2)
     1    0.002425    0.024663    0.104833    3.627378 v _198_/X (sky130_fd_sc_hd__o22a_2)
                                                         net28 (net)
                      0.024663    0.000022    3.627400 v output28/A (sky130_fd_sc_hd__clkbuf_2)
     1    0.034992    0.093320    0.132294    3.759694 v output28/X (sky130_fd_sc_hd__clkbuf_2)
                                                         Y[7] (net)
                      0.093323    0.000598    3.760292 v Y[7] (out)
                                              3.760292   data arrival time

                      0.000000   10.000000   10.000000   clock __VIRTUAL_CLK__ (rise edge)
                                  0.000000   10.000000   clock network delay (ideal)
                                 -0.250000    9.750000   clock uncertainty
                                  0.000000    9.750000   clock reconvergence pessimism
                                 -2.000000    7.750000   output external delay
                                              7.750000   data required time
---------------------------------------------------------------------------------------------
                                              7.750000   data required time
                                             -3.760292   data arrival time
---------------------------------------------------------------------------------------------
                                              3.989708   slack (MET)




===========================================================================
report_checks --slack_max -0.01
============================================================================
======================= min_ff_n40C_1v95 Corner ===================================

No paths found.


===========================================================================
 report_check_types -max_slew -max_cap -max_fanout -violators
============================================================================
======================= min_ff_n40C_1v95 Corner ===================================



===========================================================================
report_parasitic_annotation -report_unannotated
============================================================================
Found 0 unannotated drivers.
Found 0 partially unannotated drivers.

===========================================================================
max slew violation count 0
max fanout violation count 0
max cap violation count 0
============================================================================

===========================================================================
check_setup -verbose -unconstrained_endpoints -multiple_clock -no_clock -no_input_delay -loops -generated_clocks
===========================================================================
