
===========================================================================
 report_power
============================================================================
======================= min_ff_n40C_1v95 Corner ===================================

Group                    Internal    Switching      Leakage        Total
                            Power        Power        Power        Power (Watts)
------------------------------------------------------------------------
Sequential           0.000000e+00 0.000000e+00 0.000000e+00 0.000000e+00   0.0%
Combinational        4.720056e-05 5.189671e-05 1.528627e-09 9.909880e-05 100.0%
Clock                0.000000e+00 0.000000e+00 1.095123e-09 1.095123e-09   0.0%
Macro                0.000000e+00 0.000000e+00 0.000000e+00 0.000000e+00   0.0%
Pad                  0.000000e+00 0.000000e+00 0.000000e+00 0.000000e+00   0.0%
------------------------------------------------------------------------
Total                4.720056e-05 5.189671e-05 2.623747e-09 9.909990e-05 100.0%
                            47.6%        52.4%         0.0%

