+ define_corners min_ff_n40C_1v95
Reading timing models for corner min_ff_n40C_1v95…
Reading cell library for the 'min_ff_n40C_1v95' corner at '/home/gp7871/.ciel/ciel/sky130/versions/8afc8346a57fe1ab7934ba5a6056ea8b43078e71/ciel/sky130/versions/8afc8346a57fe1ab7934ba5a6056ea8b43078e71/sky130A/libs.ref/sky130_fd_sc_hd/lib/sky130_fd_sc_hd__ff_n40C_1v95.lib'…
Reading top-level netlist at '/home/gp7871/VLSI_Freelancing/projects/alu8_rtl_to_gds/runs/RUN_2026-09-16_17-08-36/52-openroad-fillinsertion/alu8.nl.v'…
Linking design 'alu8' from netlist…
Warning: /home/gp7871/VLSI_Freelancing/projects/alu8_rtl_to_gds/runs/RUN_2026-09-16_17-08-36/52-openroad-fillinsertion/alu8.nl.v line 175, module sky130_fd_sc_hd__fill_1 not found. Creating black box for FILLER_0_113.
Warning: /home/gp7871/VLSI_Freelancing/projects/alu8_rtl_to_gds/runs/RUN_2026-09-16_17-08-36/52-openroad-fillinsertion/alu8.nl.v line 179, module sky130_fd_sc_hd__fill_2 not found. Creating black box for FILLER_0_37.
Warning: /home/gp7871/VLSI_Freelancing/projects/alu8_rtl_to_gds/runs/RUN_2026-09-16_17-08-36/52-openroad-fillinsertion/alu8.nl.v line 552, module sky130_fd_sc_hd__tapvpwrvgnd_1 not found. Creating black box for TAP_TAPCELL_ROW_0_38.
Reading design constraints file at '/nix/store/9qkr4093f83hkvz5bia9qvxcyc2kzr15-python3-3.13.9-env/lib/python3.13/site-packages/librelane/scripts/base.sdc'…
[WARNING] No CLOCK_PORT found. A dummy clock will be used.
Warning: base.sdc line 15, port '__VIRTUAL_CLK__' not found.
[INFO] Using clock __VIRTUAL_CLK__…
[INFO] Setting output delay to: 2.0
[INFO] Setting input delay to: 2.0
Warning: base.sdc line 32, port '__VIRTUAL_CLK__' not found.
[INFO] Setting load to: 0.033442
[INFO] Setting clock uncertainty to: 0.25
[INFO] Setting clock transition to: 0.1499999999999999944488848768742172978818416595458984375
Warning: base.sdc line 69, transition time can not be specified for virtual clocks.
[INFO] Setting timing derate to: 5.0%
Warning: base.sdc line 79, virtual clock __VIRTUAL_CLK__ can not be propagated.
Reading top-level design parasitics for the 'min_ff_n40C_1v95' corner at '/home/gp7871/VLSI_Freelancing/projects/alu8_rtl_to_gds/runs/RUN_2026-09-16_17-08-36/54-openroad-rcx/min/alu8.min.spef'…
%OL_CREATE_REPORT min.rpt

===========================================================================
report_checks -path_delay min (Hold)
============================================================================
======================= min_ff_n40C_1v95 Corner ===================================

Startpoint: OP[0] (input port clocked by __VIRTUAL_CLK__)
Endpoint: Y[7] (output port clocked by __VIRTUAL_CLK__)
Path Group: __VIRTUAL_CLK__
Path Type: min

Fanout         Cap        Slew       Delay        Time   Description
---------------------------------------------------------------------------------------------
                      0.000000    0.000000    0.000000   clock __VIRTUAL_CLK__ (rise edge)
                                  0.000000    0.000000   clock network delay (ideal)
                                  2.000000    2.000000 ^ input external delay
     1    0.003916    0.017920    0.009644    2.009644 ^ OP[0] (in)
                                                         OP[0] (net)
                      0.017920    0.000000    2.009644 ^ input17/A (sky130_fd_sc_hd__clkdlybuf4s25_1)
     2    0.006147    0.055082    0.162955    2.172599 ^ input17/X (sky130_fd_sc_hd__clkdlybuf4s25_1)
                                                         net17 (net)
                      0.055082    0.000071    2.172670 ^ _255_/C (sky130_fd_sc_hd__or3_2)
     5    0.026518    0.102432    0.125318    2.297988 ^ _255_/X (sky130_fd_sc_hd__or3_2)
                                                         _111_ (net)
                      0.102432    0.000200    2.298188 ^ _198_/A1 (sky130_fd_sc_hd__o22a_2)
     1    0.002654    0.018430    0.081969    2.380157 ^ _198_/X (sky130_fd_sc_hd__o22a_2)
                                                         net28 (net)
                      0.018430    0.000022    2.380179 ^ output28/A (sky130_fd_sc_hd__clkbuf_2)
     1    0.034992    0.148186    0.136983    2.517162 ^ output28/X (sky130_fd_sc_hd__clkbuf_2)
                                                         Y[7] (net)
                      0.148189    0.000541    2.517703 ^ Y[7] (out)
                                              2.517703   data arrival time

                      0.000000    0.000000    0.000000   clock __VIRTUAL_CLK__ (rise edge)
                                  0.000000    0.000000   clock network delay (ideal)
                                  0.250000    0.250000   clock uncertainty
                                  0.000000    0.250000   clock reconvergence pessimism
                                 -2.000000   -1.750000   output external delay
                                             -1.750000   data required time
---------------------------------------------------------------------------------------------
                                             -1.750000   data required time
                                             -2.517703   data arrival time
---------------------------------------------------------------------------------------------
                                              4.267703   slack (MET)


Startpoint: A[7] (input port clocked by __VIRTUAL_CLK__)
Endpoint: CARRY (output port clocked by __VIRTUAL_CLK__)
Path Group: __VIRTUAL_CLK__
Path Type: min

Fanout         Cap        Slew       Delay        Time   Description
---------------------------------------------------------------------------------------------
                      0.000000    0.000000    0.000000   clock __VIRTUAL_CLK__ (rise edge)
                                  0.000000    0.000000   clock network delay (ideal)
                                  2.000000    2.000000 ^ input external delay
     1    0.003201    0.015349    0.007859    2.007859 ^ A[7] (in)
                                                         A[7] (net)
                      0.015349    0.000000    2.007859 ^ input8/A (sky130_fd_sc_hd__clkdlybuf4s25_1)
     5    0.020198    0.156555    0.230497    2.238355 ^ input8/X (sky130_fd_sc_hd__clkdlybuf4s25_1)
                                                         net8 (net)
                      0.156555    0.000073    2.238429 ^ _200_/B (sky130_fd_sc_hd__nand2b_2)
     1    0.002717    0.027285    0.028116    2.266544 v _200_/Y (sky130_fd_sc_hd__nand2b_2)
                                                         _056_ (net)
                      0.027285    0.000024    2.266569 v _256_/A1 (sky130_fd_sc_hd__a32o_2)
     1    0.002459    0.018866    0.107150    2.373719 v _256_/X (sky130_fd_sc_hd__a32o_2)
                                                         net20 (net)
                      0.018866    0.000026    2.373744 v output20/A (sky130_fd_sc_hd__dlymetal6s2s_1)
     1    0.034619    0.120357    0.153335    2.527079 v output20/X (sky130_fd_sc_hd__dlymetal6s2s_1)
                                                         CARRY (net)
                      0.120357    0.000257    2.527336 v CARRY (out)
                                              2.527336   data arrival time

                      0.000000    0.000000    0.000000   clock __VIRTUAL_CLK__ (rise edge)
                                  0.000000    0.000000   clock network delay (ideal)
                                  0.250000    0.250000   clock uncertainty
                                  0.000000    0.250000   clock reconvergence pessimism
                                 -2.000000   -1.750000   output external delay
                                             -1.750000   data required time
---------------------------------------------------------------------------------------------
                                             -1.750000   data required time
                                             -2.527336   data arrival time
---------------------------------------------------------------------------------------------
                                              4.277337   slack (MET)


Startpoint: OP[0] (input port clocked by __VIRTUAL_CLK__)
Endpoint: Y[1] (output port clocked by __VIRTUAL_CLK__)
Path Group: __VIRTUAL_CLK__
Path Type: min

Fanout         Cap        Slew       Delay        Time   Description
---------------------------------------------------------------------------------------------
                      0.000000    0.000000    0.000000   clock __VIRTUAL_CLK__ (rise edge)
                                  0.000000    0.000000   clock network delay (ideal)
                                  2.000000    2.000000 ^ input external delay
     1    0.003916    0.017920    0.009644    2.009644 ^ OP[0] (in)
                                                         OP[0] (net)
                      0.017920    0.000000    2.009644 ^ input17/A (sky130_fd_sc_hd__clkdlybuf4s25_1)
     2    0.006147    0.055082    0.162955    2.172599 ^ input17/X (sky130_fd_sc_hd__clkdlybuf4s25_1)
                                                         net17 (net)
                      0.055082    0.000071    2.172670 ^ _255_/C (sky130_fd_sc_hd__or3_2)
     5    0.026518    0.102432    0.125318    2.297988 ^ _255_/X (sky130_fd_sc_hd__or3_2)
                                                         _111_ (net)
                      0.102432    0.000327    2.298315 ^ _144_/B2 (sky130_fd_sc_hd__o22a_2)
     1    0.002922    0.020255    0.065065    2.363380 ^ _144_/X (sky130_fd_sc_hd__o22a_2)
                                                         net22 (net)
                      0.020255    0.000018    2.363398 ^ output22/A (sky130_fd_sc_hd__clkdlybuf4s25_1)
     1    0.034144    0.258506    0.299109    2.662507 ^ output22/X (sky130_fd_sc_hd__clkdlybuf4s25_1)
                                                         Y[1] (net)
                      0.258506    0.000290    2.662798 ^ Y[1] (out)
                                              2.662798   data arrival time

                      0.000000    0.000000    0.000000   clock __VIRTUAL_CLK__ (rise edge)
                                  0.000000    0.000000   clock network delay (ideal)
                                  0.250000    0.250000   clock uncertainty
                                  0.000000    0.250000   clock reconvergence pessimism
                                 -2.000000   -1.750000   output external delay
                                             -1.750000   data required time
---------------------------------------------------------------------------------------------
                                             -1.750000   data required time
                                             -2.662798   data arrival time
---------------------------------------------------------------------------------------------
                                              4.412798   slack (MET)


Startpoint: OP[0] (input port clocked by __VIRTUAL_CLK__)
Endpoint: Y[2] (output port clocked by __VIRTUAL_CLK__)
Path Group: __VIRTUAL_CLK__
Path Type: min

Fanout         Cap        Slew       Delay        Time   Description
---------------------------------------------------------------------------------------------
                      0.000000    0.000000    0.000000   clock __VIRTUAL_CLK__ (rise edge)
                                  0.000000    0.000000   clock network delay (ideal)
                                  2.000000    2.000000 ^ input external delay
     1    0.003916    0.017920    0.009644    2.009644 ^ OP[0] (in)
                                                         OP[0] (net)
                      0.017920    0.000000    2.009644 ^ input17/A (sky130_fd_sc_hd__clkdlybuf4s25_1)
     2    0.006147    0.055082    0.162955    2.172599 ^ input17/X (sky130_fd_sc_hd__clkdlybuf4s25_1)
                                                         net17 (net)
                      0.055082    0.000071    2.172670 ^ _255_/C (sky130_fd_sc_hd__or3_2)
     5    0.026518    0.102432    0.125318    2.297988 ^ _255_/X (sky130_fd_sc_hd__or3_2)
                                                         _111_ (net)
                      0.102432    0.000472    2.298460 ^ _152_/A1 (sky130_fd_sc_hd__o22a_2)
     1    0.003144    0.019968    0.083554    2.382014 ^ _152_/X (sky130_fd_sc_hd__o22a_2)
                                                         net23 (net)
                      0.019968    0.000032    2.382046 ^ output23/A (sky130_fd_sc_hd__clkdlybuf4s25_1)
     1    0.034491    0.261072    0.300636    2.682682 ^ output23/X (sky130_fd_sc_hd__clkdlybuf4s25_1)
                                                         Y[2] (net)
                      0.261072    0.000405    2.683086 ^ Y[2] (out)
                                              2.683086   data arrival time

                      0.000000    0.000000    0.000000   clock __VIRTUAL_CLK__ (rise edge)
                                  0.000000    0.000000   clock network delay (ideal)
                                  0.250000    0.250000   clock uncertainty
                                  0.000000    0.250000   clock reconvergence pessimism
                                 -2.000000   -1.750000   output external delay
                                             -1.750000   data required time
---------------------------------------------------------------------------------------------
                                             -1.750000   data required time
                                             -2.683086   data arrival time
---------------------------------------------------------------------------------------------
                                              4.433086   slack (MET)


Startpoint: OP[0] (input port clocked by __VIRTUAL_CLK__)
Endpoint: Y[6] (output port clocked by __VIRTUAL_CLK__)
Path Group: __VIRTUAL_CLK__
Path Type: min

Fanout         Cap        Slew       Delay        Time   Description
---------------------------------------------------------------------------------------------
                      0.000000    0.000000    0.000000   clock __VIRTUAL_CLK__ (rise edge)
                                  0.000000    0.000000   clock network delay (ideal)
                                  2.000000    2.000000 ^ input external delay
     1    0.003916    0.017920    0.009644    2.009644 ^ OP[0] (in)
                                                         OP[0] (net)
                      0.017920    0.000000    2.009644 ^ input17/A (sky130_fd_sc_hd__clkdlybuf4s25_1)
     2    0.006147    0.055082    0.162955    2.172599 ^ input17/X (sky130_fd_sc_hd__clkdlybuf4s25_1)
                                                         net17 (net)
                      0.055082    0.000071    2.172670 ^ _255_/C (sky130_fd_sc_hd__or3_2)
     5    0.026518    0.102432    0.125318    2.297988 ^ _255_/X (sky130_fd_sc_hd__or3_2)
                                                         _111_ (net)
                      0.102432    0.000339    2.298327 ^ _190_/A1 (sky130_fd_sc_hd__o22a_2)
     1    0.003187    0.020109    0.083695    2.382022 ^ _190_/X (sky130_fd_sc_hd__o22a_2)
                                                         net27 (net)
                      0.020109    0.000035    2.382057 ^ output27/A (sky130_fd_sc_hd__clkdlybuf4s25_1)
     1    0.034682    0.262487    0.301555    2.683612 ^ output27/X (sky130_fd_sc_hd__clkdlybuf4s25_1)
                                                         Y[6] (net)
                      0.262487    0.000463    2.684075 ^ Y[6] (out)
                                              2.684075   data arrival time

                      0.000000    0.000000    0.000000   clock __VIRTUAL_CLK__ (rise edge)
                                  0.000000    0.000000   clock network delay (ideal)
                                  0.250000    0.250000   clock uncertainty
                                  0.000000    0.250000   clock reconvergence pessimism
                                 -2.000000   -1.750000   output external delay
                                             -1.750000   data required time
---------------------------------------------------------------------------------------------
                                             -1.750000   data required time
                                             -2.684075   data arrival time
---------------------------------------------------------------------------------------------
                                              4.434075   slack (MET)


Startpoint: A[0] (input port clocked by __VIRTUAL_CLK__)
Endpoint: Y[0] (output port clocked by __VIRTUAL_CLK__)
Path Group: __VIRTUAL_CLK__
Path Type: min

Fanout         Cap        Slew       Delay        Time   Description
---------------------------------------------------------------------------------------------
                      0.000000    0.000000    0.000000   clock __VIRTUAL_CLK__ (rise edge)
                                  0.000000    0.000000   clock network delay (ideal)
                                  2.000000    2.000000 v input external delay
     1    0.004037    0.006569    0.003185    2.003185 v A[0] (in)
                                                         A[0] (net)
                      0.006569    0.000000    2.003185 v input1/A (sky130_fd_sc_hd__clkdlybuf4s25_1)
     7    0.026225    0.136837    0.226107    2.229292 v input1/X (sky130_fd_sc_hd__clkdlybuf4s25_1)
                                                         net1 (net)
                      0.136837    0.000082    2.229374 v _128_/A (sky130_fd_sc_hd__nor2_2)
     1    0.002471    0.049161    0.090666    2.320040 ^ _128_/Y (sky130_fd_sc_hd__nor2_2)
                                                         _116_ (net)
                      0.049161    0.000024    2.320064 ^ _132_/B (sky130_fd_sc_hd__or3_2)
     1    0.003316    0.021624    0.068582    2.388645 ^ _132_/X (sky130_fd_sc_hd__or3_2)
                                                         net21 (net)
                      0.021624    0.000038    2.388684 ^ output21/A (sky130_fd_sc_hd__clkdlybuf4s25_1)
     1    0.034405    0.260407    0.300780    2.689464 ^ output21/X (sky130_fd_sc_hd__clkdlybuf4s25_1)
                                                         Y[0] (net)
                      0.260407    0.000198    2.689662 ^ Y[0] (out)
                                              2.689662   data arrival time

                      0.000000    0.000000    0.000000   clock __VIRTUAL_CLK__ (rise edge)
                                  0.000000    0.000000   clock network delay (ideal)
                                  0.250000    0.250000   clock uncertainty
                                  0.000000    0.250000   clock reconvergence pessimism
                                 -2.000000   -1.750000   output external delay
                                             -1.750000   data required time
---------------------------------------------------------------------------------------------
                                             -1.750000   data required time
                                             -2.689662   data arrival time
---------------------------------------------------------------------------------------------
                                              4.439662   slack (MET)


Startpoint: B[5] (input port clocked by __VIRTUAL_CLK__)
Endpoint: Y[5] (output port clocked by __VIRTUAL_CLK__)
Path Group: __VIRTUAL_CLK__
Path Type: min

Fanout         Cap        Slew       Delay        Time   Description
---------------------------------------------------------------------------------------------
                      0.000000    0.000000    0.000000   clock __VIRTUAL_CLK__ (rise edge)
                                  0.000000    0.000000   clock network delay (ideal)
                                  2.000000    2.000000 v input external delay
     1    0.003013    0.005043    0.002322    2.002322 v B[5] (in)
                                                         B[5] (net)
                      0.005043    0.000000    2.002322 v input14/A (sky130_fd_sc_hd__clkdlybuf4s25_1)
     3    0.009453    0.057191    0.166392    2.168714 v input14/X (sky130_fd_sc_hd__clkdlybuf4s25_1)
                                                         net14 (net)
                      0.057191    0.000077    2.168790 v _208_/A (sky130_fd_sc_hd__nand2_2)
     3    0.012040    0.054356    0.064402    2.233192 ^ _208_/Y (sky130_fd_sc_hd__nand2_2)
                                                         _064_ (net)
                      0.054356    0.000071    2.233264 ^ _212_/A (sky130_fd_sc_hd__nand2_2)
     4    0.017512    0.049457    0.051428    2.284692 v _212_/Y (sky130_fd_sc_hd__nand2_2)
                                                         _068_ (net)
                      0.049458    0.000163    2.284855 v _174_/A (sky130_fd_sc_hd__nand2_2)
     1    0.002990    0.024929    0.038089    2.322944 ^ _174_/Y (sky130_fd_sc_hd__nand2_2)
                                                         _033_ (net)
                      0.024929    0.000027    2.322971 ^ _181_/A3 (sky130_fd_sc_hd__a31o_2)
     1    0.003070    0.021412    0.079301    2.402273 ^ _181_/X (sky130_fd_sc_hd__a31o_2)
                                                         net26 (net)
                      0.021412    0.000020    2.402292 ^ output26/A (sky130_fd_sc_hd__clkdlybuf4s25_1)
     1    0.034267    0.259387    0.300077    2.702369 ^ output26/X (sky130_fd_sc_hd__clkdlybuf4s25_1)
                                                         Y[5] (net)
                      0.259387    0.000173    2.702543 ^ Y[5] (out)
                                              2.702543   data arrival time

                      0.000000    0.000000    0.000000   clock __VIRTUAL_CLK__ (rise edge)
                                  0.000000    0.000000   clock network delay (ideal)
                                  0.250000    0.250000   clock uncertainty
                                  0.000000    0.250000   clock reconvergence pessimism
                                 -2.000000   -1.750000   output external delay
                                             -1.750000   data required time
---------------------------------------------------------------------------------------------
                                             -1.750000   data required time
                                             -2.702543   data arrival time
---------------------------------------------------------------------------------------------
                                              4.452542   slack (MET)


Startpoint: A[5] (input port clocked by __VIRTUAL_CLK__)
Endpoint: Y[4] (output port clocked by __VIRTUAL_CLK__)
Path Group: __VIRTUAL_CLK__
Path Type: min

Fanout         Cap        Slew       Delay        Time   Description
---------------------------------------------------------------------------------------------
                      0.000000    0.000000    0.000000   clock __VIRTUAL_CLK__ (rise edge)
                                  0.000000    0.000000   clock network delay (ideal)
                                  2.000000    2.000000 ^ input external delay
     1    0.003135    0.015111    0.007691    2.007690 ^ A[5] (in)
                                                         A[5] (net)
                      0.015111    0.000000    2.007690 ^ input6/A (sky130_fd_sc_hd__clkdlybuf4s25_1)
     6    0.023197    0.178391    0.244874    2.252564 ^ input6/X (sky130_fd_sc_hd__clkdlybuf4s25_1)
                                                         net6 (net)
                      0.178391    0.000274    2.252838 ^ _169_/A1 (sky130_fd_sc_hd__a211o_2)
     1    0.003042    0.018210    0.087752    2.340590 ^ _169_/X (sky130_fd_sc_hd__a211o_2)
                                                         _029_ (net)
                      0.018210    0.000028    2.340618 ^ _172_/A4 (sky130_fd_sc_hd__o41a_2)
     1    0.004816    0.024735    0.066948    2.407566 ^ _172_/X (sky130_fd_sc_hd__o41a_2)
                                                         net25 (net)
                      0.024735    0.000060    2.407626 ^ output25/A (sky130_fd_sc_hd__clkdlybuf4s25_1)
     1    0.034234    0.259136    0.300793    2.708418 ^ output25/X (sky130_fd_sc_hd__clkdlybuf4s25_1)
                                                         Y[4] (net)
                      0.259136    0.000173    2.708591 ^ Y[4] (out)
                                              2.708591   data arrival time

                      0.000000    0.000000    0.000000   clock __VIRTUAL_CLK__ (rise edge)
                                  0.000000    0.000000   clock network delay (ideal)
                                  0.250000    0.250000   clock uncertainty
                                  0.000000    0.250000   clock reconvergence pessimism
                                 -2.000000   -1.750000   output external delay
                                             -1.750000   data required time
---------------------------------------------------------------------------------------------
                                             -1.750000   data required time
                                             -2.708591   data arrival time
---------------------------------------------------------------------------------------------
                                              4.458591   slack (MET)


Startpoint: A[2] (input port clocked by __VIRTUAL_CLK__)
Endpoint: Y[3] (output port clocked by __VIRTUAL_CLK__)
Path Group: __VIRTUAL_CLK__
Path Type: min

Fanout         Cap        Slew       Delay        Time   Description
---------------------------------------------------------------------------------------------
                      0.000000    0.000000    0.000000   clock __VIRTUAL_CLK__ (rise edge)
                                  0.000000    0.000000   clock network delay (ideal)
                                  2.000000    2.000000 ^ input external delay
     1    0.003445    0.016230    0.008474    2.008474 ^ A[2] (in)
                                                         A[2] (net)
                      0.016231    0.000000    2.008474 ^ input3/A (sky130_fd_sc_hd__clkdlybuf4s25_1)
     6    0.020621    0.159666    0.232665    2.241138 ^ input3/X (sky130_fd_sc_hd__clkdlybuf4s25_1)
                                                         net3 (net)
                      0.159666    0.000291    2.241429 ^ _159_/A1 (sky130_fd_sc_hd__a221o_2)
     1    0.003266    0.020846    0.098811    2.340240 ^ _159_/X (sky130_fd_sc_hd__a221o_2)
                                                         _020_ (net)
                      0.020846    0.000029    2.340268 ^ _163_/B1 (sky130_fd_sc_hd__o2bb2a_2)
     1    0.003144    0.024629    0.090130    2.430399 ^ _163_/X (sky130_fd_sc_hd__o2bb2a_2)
                                                         net24 (net)
                      0.024629    0.000021    2.430420 ^ output24/A (sky130_fd_sc_hd__clkdlybuf4s25_1)
     1    0.034314    0.259728    0.301151    2.731571 ^ output24/X (sky130_fd_sc_hd__clkdlybuf4s25_1)
                                                         Y[3] (net)
                      0.259728    0.000174    2.731745 ^ Y[3] (out)
                                              2.731745   data arrival time

                      0.000000    0.000000    0.000000   clock __VIRTUAL_CLK__ (rise edge)
                                  0.000000    0.000000   clock network delay (ideal)
                                  0.250000    0.250000   clock uncertainty
                                  0.000000    0.250000   clock reconvergence pessimism
                                 -2.000000   -1.750000   output external delay
                                             -1.750000   data required time
---------------------------------------------------------------------------------------------
                                             -1.750000   data required time
                                             -2.731745   data arrival time
---------------------------------------------------------------------------------------------
                                              4.481745   slack (MET)



%OL_END_REPORT
%OL_CREATE_REPORT max.rpt

===========================================================================
report_checks -path_delay max (Setup)
============================================================================
======================= min_ff_n40C_1v95 Corner ===================================

Startpoint: A[1] (input port clocked by __VIRTUAL_CLK__)
Endpoint: Y[7] (output port clocked by __VIRTUAL_CLK__)
Path Group: __VIRTUAL_CLK__
Path Type: max

Fanout         Cap        Slew       Delay        Time   Description
---------------------------------------------------------------------------------------------
                      0.000000    0.000000    0.000000   clock __VIRTUAL_CLK__ (rise edge)
                                  0.000000    0.000000   clock network delay (ideal)
                                  2.000000    2.000000 v input external delay
     1    0.003538    0.005806    0.003065    2.003065 v A[1] (in)
                                                         A[1] (net)
                      0.005807    0.000000    2.003065 v input2/A (sky130_fd_sc_hd__clkdlybuf4s25_1)
     7    0.024695    0.129517    0.243590    2.246655 v input2/X (sky130_fd_sc_hd__clkdlybuf4s25_1)
                                                         net2 (net)
                      0.129517    0.000209    2.246863 v _218_/B (sky130_fd_sc_hd__xnor2_2)
     2    0.007805    0.118064    0.149776    2.396639 ^ _218_/Y (sky130_fd_sc_hd__xnor2_2)
                                                         _074_ (net)
                      0.118064    0.000053    2.396692 ^ max_cap30/A (sky130_fd_sc_hd__clkbuf_2)
     4    0.023444    0.101784    0.144112    2.540804 ^ max_cap30/X (sky130_fd_sc_hd__clkbuf_2)
                                                         net30 (net)
                      0.101784    0.000172    2.540976 ^ _221_/A1 (sky130_fd_sc_hd__a21o_2)
     4    0.019088    0.077562    0.129248    2.670224 ^ _221_/X (sky130_fd_sc_hd__a21o_2)
                                                         _077_ (net)
                      0.077564    0.000572    2.670796 ^ _228_/A1 (sky130_fd_sc_hd__a211o_2)
     2    0.008503    0.039183    0.098159    2.768955 ^ _228_/X (sky130_fd_sc_hd__a211o_2)
                                                         _084_ (net)
                      0.039183    0.000128    2.769083 ^ _235_/C_N (sky130_fd_sc_hd__or3b_2)
     3    0.012361    0.072694    0.293428    3.062511 v _235_/X (sky130_fd_sc_hd__or3b_2)
                                                         _091_ (net)
                      0.072694    0.000260    3.062772 v _239_/A1 (sky130_fd_sc_hd__a31o_2)
     3    0.017470    0.052009    0.175963    3.238735 v _239_/X (sky130_fd_sc_hd__a31o_2)
                                                         _095_ (net)
                      0.052016    0.000629    3.239364 v _241_/A1 (sky130_fd_sc_hd__a21o_2)
     2    0.005693    0.030274    0.134973    3.374337 v _241_/X (sky130_fd_sc_hd__a21o_2)
                                                         _097_ (net)
                      0.030274    0.000042    3.374380 v _197_/A2 (sky130_fd_sc_hd__a31o_2)
     1    0.003102    0.028151    0.148129    3.522508 v _197_/X (sky130_fd_sc_hd__a31o_2)
                                                         _054_ (net)
                      0.028151    0.000037    3.522545 v _198_/B2 (sky130_fd_sc_hd__o22a_2)
     1    0.002425    0.024663    0.104833    3.627378 v _198_/X (sky130_fd_sc_hd__o22a_2)
                                                         net28 (net)
                      0.024663    0.000022    3.627400 v output28/A (sky130_fd_sc_hd__clkbuf_2)
     1    0.034992    0.093320    0.132294    3.759694 v output28/X (sky130_fd_sc_hd__clkbuf_2)
                                                         Y[7] (net)
                      0.093323    0.000598    3.760292 v Y[7] (out)
                                              3.760292   data arrival time

                      0.000000   10.000000   10.000000   clock __VIRTUAL_CLK__ (rise edge)
                                  0.000000   10.000000   clock network delay (ideal)
                                 -0.250000    9.750000   clock uncertainty
                                  0.000000    9.750000   clock reconvergence pessimism
                                 -2.000000    7.750000   output external delay
                                              7.750000   data required time
---------------------------------------------------------------------------------------------
                                              7.750000   data required time
                                             -3.760292   data arrival time
---------------------------------------------------------------------------------------------
                                              3.989708   slack (MET)


Startpoint: A[1] (input port clocked by __VIRTUAL_CLK__)
Endpoint: Y[6] (output port clocked by __VIRTUAL_CLK__)
Path Group: __VIRTUAL_CLK__
Path Type: max

Fanout         Cap        Slew       Delay        Time   Description
---------------------------------------------------------------------------------------------
                      0.000000    0.000000    0.000000   clock __VIRTUAL_CLK__ (rise edge)
                                  0.000000    0.000000   clock network delay (ideal)
                                  2.000000    2.000000 v input external delay
     1    0.003538    0.005806    0.003065    2.003065 v A[1] (in)
                                                         A[1] (net)
                      0.005807    0.000000    2.003065 v input2/A (sky130_fd_sc_hd__clkdlybuf4s25_1)
     7    0.024695    0.129517    0.243590    2.246655 v input2/X (sky130_fd_sc_hd__clkdlybuf4s25_1)
                                                         net2 (net)
                      0.129517    0.000209    2.246863 v _218_/B (sky130_fd_sc_hd__xnor2_2)
     2    0.007805    0.118064    0.149776    2.396639 ^ _218_/Y (sky130_fd_sc_hd__xnor2_2)
                                                         _074_ (net)
                      0.118064    0.000053    2.396692 ^ max_cap30/A (sky130_fd_sc_hd__clkbuf_2)
     4    0.023444    0.101784    0.144112    2.540804 ^ max_cap30/X (sky130_fd_sc_hd__clkbuf_2)
                                                         net30 (net)
                      0.101784    0.000172    2.540976 ^ _221_/A1 (sky130_fd_sc_hd__a21o_2)
     4    0.019088    0.077562    0.129248    2.670224 ^ _221_/X (sky130_fd_sc_hd__a21o_2)
                                                         _077_ (net)
                      0.077564    0.000572    2.670796 ^ _228_/A1 (sky130_fd_sc_hd__a211o_2)
     2    0.008503    0.039183    0.098159    2.768955 ^ _228_/X (sky130_fd_sc_hd__a211o_2)
                                                         _084_ (net)
                      0.039183    0.000128    2.769083 ^ _235_/C_N (sky130_fd_sc_hd__or3b_2)
     3    0.012361    0.072694    0.293428    3.062511 v _235_/X (sky130_fd_sc_hd__or3b_2)
                                                         _091_ (net)
                      0.072694    0.000260    3.062772 v _239_/A1 (sky130_fd_sc_hd__a31o_2)
     3    0.017470    0.052009    0.175963    3.238735 v _239_/X (sky130_fd_sc_hd__a31o_2)
                                                         _095_ (net)
                      0.052009    0.000204    3.238939 v _183_/B (sky130_fd_sc_hd__nand2_2)
     1    0.005286    0.037179    0.057693    3.296633 ^ _183_/Y (sky130_fd_sc_hd__nand2_2)
                                                         _041_ (net)
                      0.037179    0.000050    3.296683 ^ _184_/B1 (sky130_fd_sc_hd__a41oi_2)
     1    0.003027    0.068483    0.018552    3.315235 v _184_/Y (sky130_fd_sc_hd__a41oi_2)
                                                         _042_ (net)
                      0.068483    0.000022    3.315257 v _190_/B1 (sky130_fd_sc_hd__o22a_2)
     1    0.002961    0.025694    0.135689    3.450945 v _190_/X (sky130_fd_sc_hd__o22a_2)
                                                         net27 (net)
                      0.025694    0.000036    3.450981 v output27/A (sky130_fd_sc_hd__clkdlybuf4s25_1)
     1    0.034682    0.177261    0.289736    3.740718 v output27/X (sky130_fd_sc_hd__clkdlybuf4s25_1)
                                                         Y[6] (net)
                      0.177261    0.000512    3.741230 v Y[6] (out)
                                              3.741230   data arrival time

                      0.000000   10.000000   10.000000   clock __VIRTUAL_CLK__ (rise edge)
                                  0.000000   10.000000   clock network delay (ideal)
                                 -0.250000    9.750000   clock uncertainty
                                  0.000000    9.750000   clock reconvergence pessimism
                                 -2.000000    7.750000   output external delay
                                              7.750000   data required time
---------------------------------------------------------------------------------------------
                                              7.750000   data required time
                                             -3.741230   data arrival time
---------------------------------------------------------------------------------------------
                                              4.008770   slack (MET)


Startpoint: A[1] (input port clocked by __VIRTUAL_CLK__)
Endpoint: CARRY (output port clocked by __VIRTUAL_CLK__)
Path Group: __VIRTUAL_CLK__
Path Type: max

Fanout         Cap        Slew       Delay        Time   Description
---------------------------------------------------------------------------------------------
                      0.000000    0.000000    0.000000   clock __VIRTUAL_CLK__ (rise edge)
                                  0.000000    0.000000   clock network delay (ideal)
                                  2.000000    2.000000 v input external delay
     1    0.003538    0.005806    0.003065    2.003065 v A[1] (in)
                                                         A[1] (net)
                      0.005807    0.000000    2.003065 v input2/A (sky130_fd_sc_hd__clkdlybuf4s25_1)
     7    0.024695    0.129517    0.243590    2.246655 v input2/X (sky130_fd_sc_hd__clkdlybuf4s25_1)
                                                         net2 (net)
                      0.129517    0.000306    2.246961 v _217_/B (sky130_fd_sc_hd__or2_2)
     2    0.006467    0.044232    0.211917    2.458877 v _217_/X (sky130_fd_sc_hd__or2_2)
                                                         _073_ (net)
                      0.044232    0.000056    2.458934 v _245_/A3 (sky130_fd_sc_hd__a31o_2)
     2    0.014530    0.047849    0.192033    2.650967 v _245_/X (sky130_fd_sc_hd__a31o_2)
                                                         _101_ (net)
                      0.047849    0.000209    2.651176 v _246_/A2 (sky130_fd_sc_hd__a21oi_2)
     2    0.015813    0.155075    0.168802    2.819978 ^ _246_/Y (sky130_fd_sc_hd__a21oi_2)
                                                         _102_ (net)
                      0.155075    0.000289    2.820268 ^ _247_/A2 (sky130_fd_sc_hd__o21ai_2)
     4    0.015393    0.069773    0.066926    2.887194 v _247_/Y (sky130_fd_sc_hd__o21ai_2)
                                                         _103_ (net)
                      0.069797    0.000213    2.887408 v _250_/A2 (sky130_fd_sc_hd__a211o_2)
     2    0.008586    0.045107    0.239354    3.126761 v _250_/X (sky130_fd_sc_hd__a211o_2)
                                                         _106_ (net)
                      0.045107    0.000109    3.126870 v _252_/A3 (sky130_fd_sc_hd__a31o_2)
     2    0.013807    0.046871    0.191123    3.317993 v _252_/X (sky130_fd_sc_hd__a31o_2)
                                                         _108_ (net)
                      0.046882    0.000321    3.318314 v _253_/A2 (sky130_fd_sc_hd__a21o_2)
     1    0.002757    0.024379    0.140319    3.458633 v _253_/X (sky130_fd_sc_hd__a21o_2)
                                                         _109_ (net)
                      0.024379    0.000028    3.458662 v _256_/B1 (sky130_fd_sc_hd__a32o_2)
     1    0.002459    0.023588    0.081711    3.540373 v _256_/X (sky130_fd_sc_hd__a32o_2)
                                                         net20 (net)
                      0.023588    0.000028    3.540401 v output20/A (sky130_fd_sc_hd__dlymetal6s2s_1)
     1    0.034619    0.120328    0.171037    3.711438 v output20/X (sky130_fd_sc_hd__dlymetal6s2s_1)
                                                         CARRY (net)
                      0.120328    0.000284    3.711722 v CARRY (out)
                                              3.711722   data arrival time

                      0.000000   10.000000   10.000000   clock __VIRTUAL_CLK__ (rise edge)
                                  0.000000   10.000000   clock network delay (ideal)
                                 -0.250000    9.750000   clock uncertainty
                                  0.000000    9.750000   clock reconvergence pessimism
                                 -2.000000    7.750000   output external delay
                                              7.750000   data required time
---------------------------------------------------------------------------------------------
                                              7.750000   data required time
                                             -3.711722   data arrival time
---------------------------------------------------------------------------------------------
                                              4.038278   slack (MET)


Startpoint: A[1] (input port clocked by __VIRTUAL_CLK__)
Endpoint: Y[4] (output port clocked by __VIRTUAL_CLK__)
Path Group: __VIRTUAL_CLK__
Path Type: max

Fanout         Cap        Slew       Delay        Time   Description
---------------------------------------------------------------------------------------------
                      0.000000    0.000000    0.000000   clock __VIRTUAL_CLK__ (rise edge)
                                  0.000000    0.000000   clock network delay (ideal)
                                  2.000000    2.000000 v input external delay
     1    0.003538    0.005806    0.003065    2.003065 v A[1] (in)
                                                         A[1] (net)
                      0.005807    0.000000    2.003065 v input2/A (sky130_fd_sc_hd__clkdlybuf4s25_1)
     7    0.024695    0.129517    0.243590    2.246655 v input2/X (sky130_fd_sc_hd__clkdlybuf4s25_1)
                                                         net2 (net)
                      0.129517    0.000209    2.246863 v _218_/B (sky130_fd_sc_hd__xnor2_2)
     2    0.007147    0.049164    0.130250    2.377113 v _218_/Y (sky130_fd_sc_hd__xnor2_2)
                                                         _074_ (net)
                      0.049164    0.000048    2.377161 v max_cap30/A (sky130_fd_sc_hd__clkbuf_2)
     4    0.021651    0.060763    0.116876    2.494037 v max_cap30/X (sky130_fd_sc_hd__clkbuf_2)
                                                         net30 (net)
                      0.060763    0.000159    2.494196 v _221_/A1 (sky130_fd_sc_hd__a21o_2)
     4    0.018204    0.050325    0.163719    2.657915 v _221_/X (sky130_fd_sc_hd__a21o_2)
                                                         _077_ (net)
                      0.050330    0.000544    2.658459 v _228_/A1 (sky130_fd_sc_hd__a211o_2)
     2    0.007975    0.043899    0.205425    2.863884 v _228_/X (sky130_fd_sc_hd__a211o_2)
                                                         _084_ (net)
                      0.043899    0.000128    2.864012 v _229_/B (sky130_fd_sc_hd__nand2_2)
     2    0.010394    0.053887    0.068052    2.932064 ^ _229_/Y (sky130_fd_sc_hd__nand2_2)
                                                         _085_ (net)
                      0.053887    0.000101    2.932165 ^ _164_/A (sky130_fd_sc_hd__nand2_2)
     1    0.001990    0.043697    0.022249    2.954414 v _164_/Y (sky130_fd_sc_hd__nand2_2)
                                                         _024_ (net)
                      0.043697    0.000019    2.954433 v _165_/B (sky130_fd_sc_hd__and3b_2)
     1    0.005206    0.032840    0.134558    3.088991 v _165_/X (sky130_fd_sc_hd__and3b_2)
                                                         _025_ (net)
                      0.032840    0.000086    3.089077 v _172_/A1 (sky130_fd_sc_hd__o41a_2)
     1    0.004590    0.048935    0.303511    3.392588 v _172_/X (sky130_fd_sc_hd__o41a_2)
                                                         net25 (net)
                      0.048935    0.000062    3.392650 v output25/A (sky130_fd_sc_hd__clkdlybuf4s25_1)
     1    0.034234    0.174272    0.298198    3.690849 v output25/X (sky130_fd_sc_hd__clkdlybuf4s25_1)
                                                         Y[4] (net)
                      0.174272    0.000191    3.691040 v Y[4] (out)
                                              3.691040   data arrival time

                      0.000000   10.000000   10.000000   clock __VIRTUAL_CLK__ (rise edge)
                                  0.000000   10.000000   clock network delay (ideal)
                                 -0.250000    9.750000   clock uncertainty
                                  0.000000    9.750000   clock reconvergence pessimism
                                 -2.000000    7.750000   output external delay
                                              7.750000   data required time
---------------------------------------------------------------------------------------------
                                              7.750000   data required time
                                             -3.691040   data arrival time
---------------------------------------------------------------------------------------------
                                              4.058960   slack (MET)


Startpoint: A[1] (input port clocked by __VIRTUAL_CLK__)
Endpoint: Y[5] (output port clocked by __VIRTUAL_CLK__)
Path Group: __VIRTUAL_CLK__
Path Type: max

Fanout         Cap        Slew       Delay        Time   Description
---------------------------------------------------------------------------------------------
                      0.000000    0.000000    0.000000   clock __VIRTUAL_CLK__ (rise edge)
                                  0.000000    0.000000   clock network delay (ideal)
                                  2.000000    2.000000 v input external delay
     1    0.003538    0.005806    0.003065    2.003065 v A[1] (in)
                                                         A[1] (net)
                      0.005807    0.000000    2.003065 v input2/A (sky130_fd_sc_hd__clkdlybuf4s25_1)
     7    0.024695    0.129517    0.243590    2.246655 v input2/X (sky130_fd_sc_hd__clkdlybuf4s25_1)
                                                         net2 (net)
                      0.129517    0.000209    2.246863 v _218_/B (sky130_fd_sc_hd__xnor2_2)
     2    0.007147    0.049164    0.130250    2.377113 v _218_/Y (sky130_fd_sc_hd__xnor2_2)
                                                         _074_ (net)
                      0.049164    0.000048    2.377161 v max_cap30/A (sky130_fd_sc_hd__clkbuf_2)
     4    0.021651    0.060763    0.116876    2.494037 v max_cap30/X (sky130_fd_sc_hd__clkbuf_2)
                                                         net30 (net)
                      0.060763    0.000159    2.494196 v _221_/A1 (sky130_fd_sc_hd__a21o_2)
     4    0.018204    0.050325    0.163719    2.657915 v _221_/X (sky130_fd_sc_hd__a21o_2)
                                                         _077_ (net)
                      0.050330    0.000544    2.658459 v _228_/A1 (sky130_fd_sc_hd__a211o_2)
     2    0.007975    0.043899    0.205425    2.863884 v _228_/X (sky130_fd_sc_hd__a211o_2)
                                                         _084_ (net)
                      0.043899    0.000128    2.864012 v _229_/B (sky130_fd_sc_hd__nand2_2)
     2    0.010394    0.053887    0.068052    2.932064 ^ _229_/Y (sky130_fd_sc_hd__nand2_2)
                                                         _085_ (net)
                      0.053887    0.000118    2.932182 ^ _233_/A (sky130_fd_sc_hd__nor2_2)
     2    0.004522    0.047456    0.028172    2.960355 v _233_/Y (sky130_fd_sc_hd__nor2_2)
                                                         _089_ (net)
                      0.047456    0.000040    2.960395 v _179_/C1 (sky130_fd_sc_hd__a211o_2)
     1    0.003135    0.033734    0.129974    3.090369 v _179_/X (sky130_fd_sc_hd__a211o_2)
                                                         _038_ (net)
                      0.033734    0.000036    3.090405 v _180_/A4 (sky130_fd_sc_hd__a41o_2)
     1    0.002973    0.028312    0.174418    3.264823 v _180_/X (sky130_fd_sc_hd__a41o_2)
                                                         _039_ (net)
                      0.028312    0.000031    3.264854 v _181_/B1 (sky130_fd_sc_hd__a31o_2)
     1    0.002844    0.027643    0.080110    3.344965 v _181_/X (sky130_fd_sc_hd__a31o_2)
                                                         net26 (net)
                      0.027643    0.000020    3.344984 v output26/A (sky130_fd_sc_hd__clkdlybuf4s25_1)
     1    0.034267    0.175079    0.289230    3.634214 v output26/X (sky130_fd_sc_hd__clkdlybuf4s25_1)
                                                         Y[5] (net)
                      0.175079    0.000191    3.634405 v Y[5] (out)
                                              3.634405   data arrival time

                      0.000000   10.000000   10.000000   clock __VIRTUAL_CLK__ (rise edge)
                                  0.000000   10.000000   clock network delay (ideal)
                                 -0.250000    9.750000   clock uncertainty
                                  0.000000    9.750000   clock reconvergence pessimism
                                 -2.000000    7.750000   output external delay
                                              7.750000   data required time
---------------------------------------------------------------------------------------------
                                              7.750000   data required time
                                             -3.634405   data arrival time
---------------------------------------------------------------------------------------------
                                              4.115595   slack (MET)


Startpoint: OP[1] (input port clocked by __VIRTUAL_CLK__)
Endpoint: Y[3] (output port clocked by __VIRTUAL_CLK__)
Path Group: __VIRTUAL_CLK__
Path Type: max

Fanout         Cap        Slew       Delay        Time   Description
---------------------------------------------------------------------------------------------
                      0.000000    0.000000    0.000000   clock __VIRTUAL_CLK__ (rise edge)
                                  0.000000    0.000000   clock network delay (ideal)
                                  2.000000    2.000000 v input external delay
     1    0.003283    0.005435    0.002825    2.002825 v OP[1] (in)
                                                         OP[1] (net)
                      0.005435    0.000000    2.002825 v input18/A (sky130_fd_sc_hd__clkdlybuf4s25_1)
     2    0.005857    0.040818    0.168537    2.171362 v input18/X (sky130_fd_sc_hd__clkdlybuf4s25_1)
                                                         net18 (net)
                      0.040818    0.000085    2.171447 v fanout33/A (sky130_fd_sc_hd__clkdlybuf4s25_1)
    10    0.030237    0.155165    0.279194    2.450641 v fanout33/X (sky130_fd_sc_hd__clkdlybuf4s25_1)
                                                         net33 (net)
                      0.155165    0.000559    2.451200 v _129_/C_N (sky130_fd_sc_hd__nor3b_2)
     5    0.018222    0.082218    0.176374    2.627574 v _129_/Y (sky130_fd_sc_hd__nor3b_2)
                                                         _117_ (net)
                      0.082220    0.000301    2.627876 v _160_/A3 (sky130_fd_sc_hd__a32o_2)
     1    0.001691    0.022320    0.151918    2.779793 v _160_/X (sky130_fd_sc_hd__a32o_2)
                                                         _021_ (net)
                      0.022320    0.000014    2.779807 v _161_/B (sky130_fd_sc_hd__or3b_2)
     1    0.006355    0.059165    0.270383    3.050190 v _161_/X (sky130_fd_sc_hd__or3b_2)
                                                         _022_ (net)
                      0.059165    0.000142    3.050331 v _162_/B1 (sky130_fd_sc_hd__a31o_2)
     1    0.002364    0.026658    0.091596    3.141928 v _162_/X (sky130_fd_sc_hd__a31o_2)
                                                         _023_ (net)
                      0.026658    0.000014    3.141942 v _163_/B2 (sky130_fd_sc_hd__o2bb2a_2)
     1    0.002918    0.030967    0.147932    3.289874 v _163_/X (sky130_fd_sc_hd__o2bb2a_2)
                                                         net24 (net)
                      0.030967    0.000022    3.289895 v output24/A (sky130_fd_sc_hd__clkdlybuf4s25_1)
     1    0.034314    0.175210    0.290832    3.580728 v output24/X (sky130_fd_sc_hd__clkdlybuf4s25_1)
                                                         Y[3] (net)
                      0.175210    0.000192    3.580920 v Y[3] (out)
                                              3.580920   data arrival time

                      0.000000   10.000000   10.000000   clock __VIRTUAL_CLK__ (rise edge)
                                  0.000000   10.000000   clock network delay (ideal)
                                 -0.250000    9.750000   clock uncertainty
                                  0.000000    9.750000   clock reconvergence pessimism
                                 -2.000000    7.750000   output external delay
                                              7.750000   data required time
---------------------------------------------------------------------------------------------
                                              7.750000   data required time
                                             -3.580920   data arrival time
---------------------------------------------------------------------------------------------
                                              4.169080   slack (MET)


Startpoint: OP[1] (input port clocked by __VIRTUAL_CLK__)
Endpoint: Y[1] (output port clocked by __VIRTUAL_CLK__)
Path Group: __VIRTUAL_CLK__
Path Type: max

Fanout         Cap        Slew       Delay        Time   Description
---------------------------------------------------------------------------------------------
                      0.000000    0.000000    0.000000   clock __VIRTUAL_CLK__ (rise edge)
                                  0.000000    0.000000   clock network delay (ideal)
                                  2.000000    2.000000 ^ input external delay
     1    0.003509    0.016461    0.009541    2.009541 ^ OP[1] (in)
                                                         OP[1] (net)
                      0.016462    0.000000    2.009541 ^ input18/A (sky130_fd_sc_hd__clkdlybuf4s25_1)
     2    0.006276    0.055992    0.180397    2.189938 ^ input18/X (sky130_fd_sc_hd__clkdlybuf4s25_1)
                                                         net18 (net)
                      0.055992    0.000092    2.190030 ^ fanout33/A (sky130_fd_sc_hd__clkdlybuf4s25_1)
    10    0.032554    0.246566    0.332435    2.522465 ^ fanout33/X (sky130_fd_sc_hd__clkdlybuf4s25_1)
                                                         net33 (net)
                      0.246566    0.000343    2.522808 ^ _127_/A (sky130_fd_sc_hd__or2_2)
     8    0.038135    0.151345    0.201446    2.724254 ^ _127_/X (sky130_fd_sc_hd__or2_2)
                                                         _115_ (net)
                      0.151348    0.000981    2.725235 ^ _141_/A2_N (sky130_fd_sc_hd__a2bb2o_2)
     1    0.002666    0.030059    0.131522    2.856756 v _141_/X (sky130_fd_sc_hd__a2bb2o_2)
                                                         _004_ (net)
                      0.030059    0.000025    2.856781 v _142_/C1 (sky130_fd_sc_hd__a2111o_2)
     1    0.002518    0.041764    0.189542    3.046323 v _142_/X (sky130_fd_sc_hd__a2111o_2)
                                                         _005_ (net)
                      0.041764    0.000012    3.046335 v _144_/A2 (sky130_fd_sc_hd__o22a_2)
     1    0.002696    0.025309    0.132846    3.179181 v _144_/X (sky130_fd_sc_hd__o22a_2)
                                                         net22 (net)
                      0.025309    0.000018    3.179199 v output22/A (sky130_fd_sc_hd__clkdlybuf4s25_1)
     1    0.034144    0.174599    0.287658    3.466857 v output22/X (sky130_fd_sc_hd__clkdlybuf4s25_1)
                                                         Y[1] (net)
                      0.174599    0.000321    3.467178 v Y[1] (out)
                                              3.467178   data arrival time

                      0.000000   10.000000   10.000000   clock __VIRTUAL_CLK__ (rise edge)
                                  0.000000   10.000000   clock network delay (ideal)
                                 -0.250000    9.750000   clock uncertainty
                                  0.000000    9.750000   clock reconvergence pessimism
                                 -2.000000    7.750000   output external delay
                                              7.750000   data required time
---------------------------------------------------------------------------------------------
                                              7.750000   data required time
                                             -3.467178   data arrival time
---------------------------------------------------------------------------------------------
                                              4.282822   slack (MET)


Startpoint: OP[1] (input port clocked by __VIRTUAL_CLK__)
Endpoint: Y[2] (output port clocked by __VIRTUAL_CLK__)
Path Group: __VIRTUAL_CLK__
Path Type: max

Fanout         Cap        Slew       Delay        Time   Description
---------------------------------------------------------------------------------------------
                      0.000000    0.000000    0.000000   clock __VIRTUAL_CLK__ (rise edge)
                                  0.000000    0.000000   clock network delay (ideal)
                                  2.000000    2.000000 v input external delay
     1    0.003283    0.005435    0.002825    2.002825 v OP[1] (in)
                                                         OP[1] (net)
                      0.005435    0.000000    2.002825 v input18/A (sky130_fd_sc_hd__clkdlybuf4s25_1)
     2    0.005857    0.040818    0.168537    2.171362 v input18/X (sky130_fd_sc_hd__clkdlybuf4s25_1)
                                                         net18 (net)
                      0.040818    0.000085    2.171447 v fanout33/A (sky130_fd_sc_hd__clkdlybuf4s25_1)
    10    0.030237    0.155165    0.279194    2.450641 v fanout33/X (sky130_fd_sc_hd__clkdlybuf4s25_1)
                                                         net33 (net)
                      0.155165    0.000396    2.451036 v _137_/A (sky130_fd_sc_hd__or3b_2)
     4    0.023456    0.092747    0.374577    2.825613 v _137_/X (sky130_fd_sc_hd__or3b_2)
                                                         _000_ (net)
                      0.092748    0.000546    2.826159 v _148_/B (sky130_fd_sc_hd__nor2_2)
     1    0.002968    0.052242    0.073966    2.900125 ^ _148_/Y (sky130_fd_sc_hd__nor2_2)
                                                         _010_ (net)
                      0.052242    0.000029    2.900154 ^ _150_/C1 (sky130_fd_sc_hd__a221o_2)
     1    0.003843    0.029659    0.067557    2.967711 ^ _150_/X (sky130_fd_sc_hd__a221o_2)
                                                         _012_ (net)
                      0.029659    0.000047    2.967758 ^ _151_/B1 (sky130_fd_sc_hd__a211o_2)
     1    0.003058    0.021229    0.057688    3.025446 ^ _151_/X (sky130_fd_sc_hd__a211o_2)
                                                         _013_ (net)
                      0.021229    0.000020    3.025466 ^ _152_/B2 (sky130_fd_sc_hd__o22a_2)
     1    0.003144    0.022758    0.056427    3.081893 ^ _152_/X (sky130_fd_sc_hd__o22a_2)
                                                         net23 (net)
                      0.022758    0.000035    3.081928 ^ output23/A (sky130_fd_sc_hd__clkdlybuf4s25_1)
     1    0.034491    0.261089    0.333053    3.414982 ^ output23/X (sky130_fd_sc_hd__clkdlybuf4s25_1)
                                                         Y[2] (net)
                      0.261089    0.000447    3.415429 ^ Y[2] (out)
                                              3.415429   data arrival time

                      0.000000   10.000000   10.000000   clock __VIRTUAL_CLK__ (rise edge)
                                  0.000000   10.000000   clock network delay (ideal)
                                 -0.250000    9.750000   clock uncertainty
                                  0.000000    9.750000   clock reconvergence pessimism
                                 -2.000000    7.750000   output external delay
                                              7.750000   data required time
---------------------------------------------------------------------------------------------
                                              7.750000   data required time
                                             -3.415429   data arrival time
---------------------------------------------------------------------------------------------
                                              4.334571   slack (MET)


Startpoint: OP[1] (input port clocked by __VIRTUAL_CLK__)
Endpoint: Y[0] (output port clocked by __VIRTUAL_CLK__)
Path Group: __VIRTUAL_CLK__
Path Type: max

Fanout         Cap        Slew       Delay        Time   Description
---------------------------------------------------------------------------------------------
                      0.000000    0.000000    0.000000   clock __VIRTUAL_CLK__ (rise edge)
                                  0.000000    0.000000   clock network delay (ideal)
                                  2.000000    2.000000 ^ input external delay
     1    0.003509    0.016461    0.009541    2.009541 ^ OP[1] (in)
                                                         OP[1] (net)
                      0.016462    0.000000    2.009541 ^ input18/A (sky130_fd_sc_hd__clkdlybuf4s25_1)
     2    0.006276    0.055992    0.180397    2.189938 ^ input18/X (sky130_fd_sc_hd__clkdlybuf4s25_1)
                                                         net18 (net)
                      0.055992    0.000092    2.190030 ^ fanout33/A (sky130_fd_sc_hd__clkdlybuf4s25_1)
    10    0.032554    0.246566    0.332435    2.522465 ^ fanout33/X (sky130_fd_sc_hd__clkdlybuf4s25_1)
                                                         net33 (net)
                      0.246566    0.000719    2.523184 ^ _125_/S (sky130_fd_sc_hd__mux2_1)
     1    0.002635    0.037218    0.201356    2.724540 v _125_/X (sky130_fd_sc_hd__mux2_1)
                                                         _113_ (net)
                      0.037218    0.000024    2.724564 v _126_/C1 (sky130_fd_sc_hd__o211a_2)
     1    0.002015    0.028445    0.074225    2.798789 v _126_/X (sky130_fd_sc_hd__o211a_2)
                                                         _114_ (net)
                      0.028445    0.000020    2.798809 v _132_/A (sky130_fd_sc_hd__or3_2)
     1    0.003090    0.050746    0.279181    3.077990 v _132_/X (sky130_fd_sc_hd__or3_2)
                                                         net21 (net)
                      0.050746    0.000039    3.078030 v output21/A (sky130_fd_sc_hd__clkdlybuf4s25_1)
     1    0.034405    0.175057    0.299603    3.377632 v output21/X (sky130_fd_sc_hd__clkdlybuf4s25_1)
                                                         Y[0] (net)
                      0.175057    0.000219    3.377851 v Y[0] (out)
                                              3.377851   data arrival time

                      0.000000   10.000000   10.000000   clock __VIRTUAL_CLK__ (rise edge)
                                  0.000000   10.000000   clock network delay (ideal)
                                 -0.250000    9.750000   clock uncertainty
                                  0.000000    9.750000   clock reconvergence pessimism
                                 -2.000000    7.750000   output external delay
                                              7.750000   data required time
---------------------------------------------------------------------------------------------
                                              7.750000   data required time
                                             -3.377851   data arrival time
---------------------------------------------------------------------------------------------
                                              4.372149   slack (MET)



%OL_END_REPORT
%OL_CREATE_REPORT checks.rpt

===========================================================================
report_checks -unconstrained
===========================================================================
======================= min_ff_n40C_1v95 Corner ===================================

Startpoint: A[1] (input port clocked by __VIRTUAL_CLK__)
Endpoint: Y[7] (output port clocked by __VIRTUAL_CLK__)
Path Group: __VIRTUAL_CLK__
Path Type: max

Fanout         Cap        Slew       Delay        Time   Description
---------------------------------------------------------------------------------------------
                      0.000000    0.000000    0.000000   clock __VIRTUAL_CLK__ (rise edge)
                                  0.000000    0.000000   clock network delay (ideal)
                                  2.000000    2.000000 v input external delay
     1    0.003538    0.005806    0.003065    2.003065 v A[1] (in)
                                                         A[1] (net)
                      0.005807    0.000000    2.003065 v input2/A (sky130_fd_sc_hd__clkdlybuf4s25_1)
     7    0.024695    0.129517    0.243590    2.246655 v input2/X (sky130_fd_sc_hd__clkdlybuf4s25_1)
                                                         net2 (net)
                      0.129517    0.000209    2.246863 v _218_/B (sky130_fd_sc_hd__xnor2_2)
     2    0.007805    0.118064    0.149776    2.396639 ^ _218_/Y (sky130_fd_sc_hd__xnor2_2)
                                                         _074_ (net)
                      0.118064    0.000053    2.396692 ^ max_cap30/A (sky130_fd_sc_hd__clkbuf_2)
     4    0.023444    0.101784    0.144112    2.540804 ^ max_cap30/X (sky130_fd_sc_hd__clkbuf_2)
                                                         net30 (net)
                      0.101784    0.000172    2.540976 ^ _221_/A1 (sky130_fd_sc_hd__a21o_2)
     4    0.019088    0.077562    0.129248    2.670224 ^ _221_/X (sky130_fd_sc_hd__a21o_2)
                                                         _077_ (net)
                      0.077564    0.000572    2.670796 ^ _228_/A1 (sky130_fd_sc_hd__a211o_2)
     2    0.008503    0.039183    0.098159    2.768955 ^ _228_/X (sky130_fd_sc_hd__a211o_2)
                                                         _084_ (net)
                      0.039183    0.000128    2.769083 ^ _235_/C_N (sky130_fd_sc_hd__or3b_2)
     3    0.012361    0.072694    0.293428    3.062511 v _235_/X (sky130_fd_sc_hd__or3b_2)
                                                         _091_ (net)
                      0.072694    0.000260    3.062772 v _239_/A1 (sky130_fd_sc_hd__a31o_2)
     3    0.017470    0.052009    0.175963    3.238735 v _239_/X (sky130_fd_sc_hd__a31o_2)
                                                         _095_ (net)
                      0.052016    0.000629    3.239364 v _241_/A1 (sky130_fd_sc_hd__a21o_2)
     2    0.005693    0.030274    0.134973    3.374337 v _241_/X (sky130_fd_sc_hd__a21o_2)
                                                         _097_ (net)
                      0.030274    0.000042    3.374380 v _197_/A2 (sky130_fd_sc_hd__a31o_2)
     1    0.003102    0.028151    0.148129    3.522508 v _197_/X (sky130_fd_sc_hd__a31o_2)
                                                         _054_ (net)
                      0.028151    0.000037    3.522545 v _198_/B2 (sky130_fd_sc_hd__o22a_2)
     1    0.002425    0.024663    0.104833    3.627378 v _198_/X (sky130_fd_sc_hd__o22a_2)
                                                         net28 (net)
                      0.024663    0.000022    3.627400 v output28/A (sky130_fd_sc_hd__clkbuf_2)
     1    0.034992    0.093320    0.132294    3.759694 v output28/X (sky130_fd_sc_hd__clkbuf_2)
                                                         Y[7] (net)
                      0.093323    0.000598    3.760292 v Y[7] (out)
                                              3.760292   data arrival time

                      0.000000   10.000000   10.000000   clock __VIRTUAL_CLK__ (rise edge)
                                  0.000000   10.000000   clock network delay (ideal)
                                 -0.250000    9.750000   clock uncertainty
                                  0.000000    9.750000   clock reconvergence pessimism
                                 -2.000000    7.750000   output external delay
                                              7.750000   data required time
---------------------------------------------------------------------------------------------
                                              7.750000   data required time
                                             -3.760292   data arrival time
---------------------------------------------------------------------------------------------
                                              3.989708   slack (MET)




===========================================================================
report_checks --slack_max -0.01
============================================================================
======================= min_ff_n40C_1v95 Corner ===================================

No paths found.


===========================================================================
 report_check_types -max_slew -max_cap -max_fanout -violators
============================================================================
======================= min_ff_n40C_1v95 Corner ===================================



===========================================================================
report_parasitic_annotation -report_unannotated
============================================================================
Found 0 unannotated drivers.
Found 0 partially unannotated drivers.

===========================================================================
max slew violation count 0
%OL_METRIC_I design__max_slew_violation__count__corner:min_ff_n40C_1v95 0
max fanout violation count 0
%OL_METRIC_I design__max_fanout_violation__count__corner:min_ff_n40C_1v95 0
max cap violation count 0
%OL_METRIC_I design__max_cap_violation__count__corner:min_ff_n40C_1v95 0
============================================================================

===========================================================================
check_setup -verbose -unconstrained_endpoints -multiple_clock -no_clock -no_input_delay -loops -generated_clocks
===========================================================================
%OL_END_REPORT
%OL_CREATE_REPORT power.rpt

===========================================================================
 report_power
============================================================================
======================= min_ff_n40C_1v95 Corner ===================================

Group                    Internal    Switching      Leakage        Total
                            Power        Power        Power        Power (Watts)
------------------------------------------------------------------------
Sequential           0.000000e+00 0.000000e+00 0.000000e+00 0.000000e+00   0.0%
Combinational        4.720056e-05 5.189671e-05 1.528627e-09 9.909880e-05 100.0%
Clock                0.000000e+00 0.000000e+00 1.095123e-09 1.095123e-09   0.0%
Macro                0.000000e+00 0.000000e+00 0.000000e+00 0.000000e+00   0.0%
Pad                  0.000000e+00 0.000000e+00 0.000000e+00 0.000000e+00   0.0%
------------------------------------------------------------------------
Total                4.720056e-05 5.189671e-05 2.623747e-09 9.909990e-05 100.0%
                            47.6%        52.4%         0.0%
%OL_METRIC_F power__internal__total 4.720055949292146e-5
%OL_METRIC_F power__switching__total 5.189670991967432e-5
%OL_METRIC_F power__leakage__total 2.623747219487882e-9
%OL_METRIC_F power__total 9.90998960332945e-5

%OL_END_REPORT
%OL_CREATE_REPORT skew.min.rpt

===========================================================================
Clock Skew (Hold)
============================================================================
%OL_METRIC_F clock__skew__worst_hold__corner:min_ff_n40C_1v95 0.0
======================= min_ff_n40C_1v95 Corner ===================================

Clock __VIRTUAL_CLK__
No launch/capture paths found.

%OL_END_REPORT
%OL_CREATE_REPORT skew.max.rpt

===========================================================================
Clock Skew (Setup)
============================================================================
%OL_METRIC_F clock__skew__worst_setup__corner:min_ff_n40C_1v95 0.0
======================= min_ff_n40C_1v95 Corner ===================================

Clock __VIRTUAL_CLK__
No launch/capture paths found.

%OL_END_REPORT
%OL_CREATE_REPORT ws.min.rpt

===========================================================================
Worst Slack (Hold)
============================================================================
%OL_METRIC_F timing__hold__ws__corner:min_ff_n40C_1v95 4.267702756428497
min_ff_n40C_1v95: 4.267702756428497
%OL_END_REPORT
%OL_CREATE_REPORT ws.max.rpt

===========================================================================
Worst Slack (Setup)
============================================================================
%OL_METRIC_F timing__setup__ws__corner:min_ff_n40C_1v95 3.9897082322706536
min_ff_n40C_1v95: 3.9897082322706536
%OL_END_REPORT
%OL_CREATE_REPORT tns.min.rpt

===========================================================================
Total Negative Slack (Hold)
============================================================================
%OL_METRIC_F timing__hold__tns__corner:min_ff_n40C_1v95 0.0
min_ff_n40C_1v95: 0.0
%OL_END_REPORT
%OL_CREATE_REPORT tns.max.rpt

===========================================================================
Total Negative Slack (Setup)
============================================================================
%OL_METRIC_F timing__setup__tns__corner:min_ff_n40C_1v95 0.0
min_ff_n40C_1v95: 0.0
%OL_END_REPORT
%OL_CREATE_REPORT wns.min.rpt

===========================================================================
Worst Negative Slack (Hold)
============================================================================
%OL_METRIC_F timing__hold__wns__corner:min_ff_n40C_1v95 0
min_ff_n40C_1v95: 0
%OL_END_REPORT
%OL_CREATE_REPORT wns.max.rpt

===========================================================================
Worst Negative Slack (Setup)
============================================================================
%OL_METRIC_F timing__setup__wns__corner:min_ff_n40C_1v95 0.0
min_ff_n40C_1v95: 0.0
%OL_END_REPORT
%OL_CREATE_REPORT violator_list.rpt

===========================================================================
Violator List
============================================================================
%OL_METRIC_I timing__hold_vio__count__corner:min_ff_n40C_1v95 0
%OL_METRIC_F timing__hold_r2r__ws__corner:min_ff_n40C_1v95 inf
%OL_METRIC_I timing__hold_r2r_vio__count__corner:min_ff_n40C_1v95 0
%OL_METRIC_I timing__setup_vio__count__corner:min_ff_n40C_1v95 0
%OL_METRIC_F timing__setup_r2r__ws__corner:min_ff_n40C_1v95 inf
%OL_METRIC_I timing__setup_r2r_vio__count__corner:min_ff_n40C_1v95 0
%OL_END_REPORT
%OL_CREATE_REPORT unpropagated.rpt
__VIRTUAL_CLK__
%OL_END_REPORT
%OL_CREATE_REPORT clock.rpt
Clock: __VIRTUAL_CLK__
Sources: 
Generated: no
Virtual: yes
Propagated: no
Period: 10.000000

===========================================================================
report_clock_properties
============================================================================
Clock                   Period          Waveform
----------------------------------------------------
__VIRTUAL_CLK__      10.000000    0.000000  5.000000

===========================================================================
report_clock_latency
============================================================================
Clock __VIRTUAL_CLK__


===========================================================================
report_clock_min_period
============================================================================
__VIRTUAL_CLK__ period_min = 0.00 fmax = inf
%OL_END_REPORT
Writing SDF files for all corners…
Removing Clock latencies before writing libs…
Writing timing models for all corners…
Writing timing models for the min_ff_n40C_1v95 corner to /home/gp7871/VLSI_Freelancing/projects/alu8_rtl_to_gds/runs/RUN_2026-09-16_17-08-36/55-openroad-stapostpnr/min_ff_n40C_1v95/alu8__min_ff_n40C_1v95.lib…
