
===========================================================================
report_checks -path_delay max (Setup)
============================================================================
======================= nom_ss_100C_1v60 Corner ===================================

Startpoint: A[5] (input port clocked by __VIRTUAL_CLK__)
Endpoint: Y[7] (output port clocked by __VIRTUAL_CLK__)
Path Group: __VIRTUAL_CLK__
Path Type: max

Fanout         Cap        Slew       Delay        Time   Description
---------------------------------------------------------------------------------------------
                      0.000000    0.000000    0.000000   clock __VIRTUAL_CLK__ (rise edge)
                                  0.000000    0.000000   clock network delay (ideal)
                                  2.000000    2.000000 v input external delay
     1    0.002935    0.018977    0.010143    2.010143 v A[5] (in)
                                                         A[5] (net)
                      0.018977    0.000000    2.010143 v input6/A (sky130_fd_sc_hd__clkdlybuf4s25_1)
     6    0.022372    0.313505    0.663319    2.673462 v input6/X (sky130_fd_sc_hd__clkdlybuf4s25_1)
                                                         net6 (net)
                      0.313505    0.000366    2.673828 v _210_/B (sky130_fd_sc_hd__or2_4)
     5    0.018682    0.116158    0.617496    3.291324 v _210_/X (sky130_fd_sc_hd__or2_4)
                                                         _066_ (net)
                      0.116158    0.000048    3.291372 v _211_/B (sky130_fd_sc_hd__and2_2)
     2    0.004093    0.075641    0.443795    3.735168 v _211_/X (sky130_fd_sc_hd__and2_2)
                                                         _067_ (net)
                      0.075641    0.000120    3.735287 v _234_/A (sky130_fd_sc_hd__or2_2)
     1    0.002227    0.106904    0.681575    4.416862 v _234_/X (sky130_fd_sc_hd__or2_2)
                                                         _090_ (net)
                      0.106904    0.000067    4.416930 v _235_/B (sky130_fd_sc_hd__or3b_2)
     3    0.012862    0.222790    1.203388    5.620318 v _235_/X (sky130_fd_sc_hd__or3b_2)
                                                         _091_ (net)
                      0.222790    0.000481    5.620799 v _239_/A1 (sky130_fd_sc_hd__a31o_2)
     3    0.018398    0.130101    0.545725    6.166524 v _239_/X (sky130_fd_sc_hd__a31o_2)
                                                         _095_ (net)
                      0.130109    0.001167    6.167691 v _241_/A1 (sky130_fd_sc_hd__a21o_2)
     2    0.005876    0.072724    0.408823    6.576514 v _241_/X (sky130_fd_sc_hd__a21o_2)
                                                         _097_ (net)
                      0.072724    0.000125    6.576639 v _197_/A2 (sky130_fd_sc_hd__a31o_2)
     1    0.003213    0.064045    0.437586    7.014225 v _197_/X (sky130_fd_sc_hd__a31o_2)
                                                         _054_ (net)
                      0.064045    0.000105    7.014330 v _198_/B2 (sky130_fd_sc_hd__o22a_2)
     1    0.002442    0.066474    0.355343    7.369673 v _198_/X (sky130_fd_sc_hd__o22a_2)
                                                         net28 (net)
                      0.066474    0.000072    7.369745 v output28/A (sky130_fd_sc_hd__clkbuf_2)
     1    0.035096    0.246469    0.355898    7.725644 v output28/X (sky130_fd_sc_hd__clkbuf_2)
                                                         Y[7] (net)
                      0.246470    0.001055    7.726698 v Y[7] (out)
                                              7.726698   data arrival time

                      0.000000   10.000000   10.000000   clock __VIRTUAL_CLK__ (rise edge)
                                  0.000000   10.000000   clock network delay (ideal)
                                 -0.250000    9.750000   clock uncertainty
                                  0.000000    9.750000   clock reconvergence pessimism
                                 -2.000000    7.750000   output external delay
                                              7.750000   data required time
---------------------------------------------------------------------------------------------
                                              7.750000   data required time
                                             -7.726698   data arrival time
---------------------------------------------------------------------------------------------
                                              0.023301   slack (MET)


Startpoint: A[5] (input port clocked by __VIRTUAL_CLK__)
Endpoint: Y[6] (output port clocked by __VIRTUAL_CLK__)
Path Group: __VIRTUAL_CLK__
Path Type: max

Fanout         Cap        Slew       Delay        Time   Description
---------------------------------------------------------------------------------------------
                      0.000000    0.000000    0.000000   clock __VIRTUAL_CLK__ (rise edge)
                                  0.000000    0.000000   clock network delay (ideal)
                                  2.000000    2.000000 v input external delay
     1    0.002935    0.018977    0.010143    2.010143 v A[5] (in)
                                                         A[5] (net)
                      0.018977    0.000000    2.010143 v input6/A (sky130_fd_sc_hd__clkdlybuf4s25_1)
     6    0.022372    0.313505    0.663319    2.673462 v input6/X (sky130_fd_sc_hd__clkdlybuf4s25_1)
                                                         net6 (net)
                      0.313505    0.000366    2.673828 v _210_/B (sky130_fd_sc_hd__or2_4)
     5    0.018682    0.116158    0.617496    3.291324 v _210_/X (sky130_fd_sc_hd__or2_4)
                                                         _066_ (net)
                      0.116158    0.000048    3.291372 v _211_/B (sky130_fd_sc_hd__and2_2)
     2    0.004093    0.075641    0.443795    3.735168 v _211_/X (sky130_fd_sc_hd__and2_2)
                                                         _067_ (net)
                      0.075641    0.000120    3.735287 v _234_/A (sky130_fd_sc_hd__or2_2)
     1    0.002227    0.106904    0.681575    4.416862 v _234_/X (sky130_fd_sc_hd__or2_2)
                                                         _090_ (net)
                      0.106904    0.000067    4.416930 v _235_/B (sky130_fd_sc_hd__or3b_2)
     3    0.012862    0.222790    1.203388    5.620318 v _235_/X (sky130_fd_sc_hd__or3b_2)
                                                         _091_ (net)
                      0.222790    0.000481    5.620799 v _239_/A1 (sky130_fd_sc_hd__a31o_2)
     3    0.018398    0.130101    0.545725    6.166524 v _239_/X (sky130_fd_sc_hd__a31o_2)
                                                         _095_ (net)
                      0.130101    0.000511    6.167035 v _183_/B (sky130_fd_sc_hd__nand2_2)
     1    0.005191    0.078576    0.141033    6.308068 ^ _183_/Y (sky130_fd_sc_hd__nand2_2)
                                                         _041_ (net)
                      0.078576    0.000160    6.308228 ^ _184_/B1 (sky130_fd_sc_hd__a41oi_2)
     1    0.003099    0.189639    0.067915    6.376143 v _184_/Y (sky130_fd_sc_hd__a41oi_2)
                                                         _042_ (net)
                      0.189639    0.000071    6.376215 v _190_/B1 (sky130_fd_sc_hd__o22a_2)
     1    0.003018    0.070064    0.451222    6.827436 v _190_/X (sky130_fd_sc_hd__o22a_2)
                                                         net27 (net)
                      0.070064    0.000097    6.827533 v output27/A (sky130_fd_sc_hd__clkdlybuf4s25_1)
     1    0.034768    0.470431    0.810756    7.638289 v output27/X (sky130_fd_sc_hd__clkdlybuf4s25_1)
                                                         Y[6] (net)
                      0.470431    0.000951    7.639241 v Y[6] (out)
                                              7.639241   data arrival time

                      0.000000   10.000000   10.000000   clock __VIRTUAL_CLK__ (rise edge)
                                  0.000000   10.000000   clock network delay (ideal)
                                 -0.250000    9.750000   clock uncertainty
                                  0.000000    9.750000   clock reconvergence pessimism
                                 -2.000000    7.750000   output external delay
                                              7.750000   data required time
---------------------------------------------------------------------------------------------
                                              7.750000   data required time
                                             -7.639241   data arrival time
---------------------------------------------------------------------------------------------
                                              0.110759   slack (MET)


Startpoint: A[5] (input port clocked by __VIRTUAL_CLK__)
Endpoint: CARRY (output port clocked by __VIRTUAL_CLK__)
Path Group: __VIRTUAL_CLK__
Path Type: max

Fanout         Cap        Slew       Delay        Time   Description
---------------------------------------------------------------------------------------------
                      0.000000    0.000000    0.000000   clock __VIRTUAL_CLK__ (rise edge)
                                  0.000000    0.000000   clock network delay (ideal)
                                  2.000000    2.000000 v input external delay
     1    0.002935    0.018977    0.010143    2.010143 v A[5] (in)
                                                         A[5] (net)
                      0.018977    0.000000    2.010143 v input6/A (sky130_fd_sc_hd__clkdlybuf4s25_1)
     6    0.022372    0.313505    0.663319    2.673462 v input6/X (sky130_fd_sc_hd__clkdlybuf4s25_1)
                                                         net6 (net)
                      0.313505    0.000366    2.673828 v _210_/B (sky130_fd_sc_hd__or2_4)
     5    0.018682    0.116158    0.617496    3.291324 v _210_/X (sky130_fd_sc_hd__or2_4)
                                                         _066_ (net)
                      0.116158    0.000048    3.291372 v _211_/B (sky130_fd_sc_hd__and2_2)
     2    0.004093    0.075641    0.443795    3.735168 v _211_/X (sky130_fd_sc_hd__and2_2)
                                                         _067_ (net)
                      0.075641    0.000120    3.735287 v _234_/A (sky130_fd_sc_hd__or2_2)
     1    0.002227    0.106904    0.681575    4.416862 v _234_/X (sky130_fd_sc_hd__or2_2)
                                                         _090_ (net)
                      0.106904    0.000067    4.416930 v _235_/B (sky130_fd_sc_hd__or3b_2)
     3    0.012862    0.222790    1.203388    5.620318 v _235_/X (sky130_fd_sc_hd__or3b_2)
                                                         _091_ (net)
                      0.222790    0.000481    5.620799 v _239_/A1 (sky130_fd_sc_hd__a31o_2)
     3    0.018398    0.130101    0.545725    6.166524 v _239_/X (sky130_fd_sc_hd__a31o_2)
                                                         _095_ (net)
                      0.130109    0.001167    6.167691 v _241_/A1 (sky130_fd_sc_hd__a21o_2)
     2    0.005876    0.072724    0.408823    6.576514 v _241_/X (sky130_fd_sc_hd__a21o_2)
                                                         _097_ (net)
                      0.072724    0.000115    6.576629 v _256_/A3 (sky130_fd_sc_hd__a32o_2)
     1    0.002356    0.064127    0.481659    7.058288 v _256_/X (sky130_fd_sc_hd__a32o_2)
                                                         net20 (net)
                      0.064127    0.000073    7.058361 v output20/A (sky130_fd_sc_hd__dlymetal6s2s_1)
     1    0.034702    0.334201    0.519790    7.578151 v output20/X (sky130_fd_sc_hd__dlymetal6s2s_1)
                                                         CARRY (net)
                      0.334201    0.000782    7.578933 v CARRY (out)
                                              7.578933   data arrival time

                      0.000000   10.000000   10.000000   clock __VIRTUAL_CLK__ (rise edge)
                                  0.000000   10.000000   clock network delay (ideal)
                                 -0.250000    9.750000   clock uncertainty
                                  0.000000    9.750000   clock reconvergence pessimism
                                 -2.000000    7.750000   output external delay
                                              7.750000   data required time
---------------------------------------------------------------------------------------------
                                              7.750000   data required time
                                             -7.578933   data arrival time
---------------------------------------------------------------------------------------------
                                              0.171067   slack (MET)


Startpoint: OP[0] (input port clocked by __VIRTUAL_CLK__)
Endpoint: Y[5] (output port clocked by __VIRTUAL_CLK__)
Path Group: __VIRTUAL_CLK__
Path Type: max

Fanout         Cap        Slew       Delay        Time   Description
---------------------------------------------------------------------------------------------
                      0.000000    0.000000    0.000000   clock __VIRTUAL_CLK__ (rise edge)
                                  0.000000    0.000000   clock network delay (ideal)
                                  2.000000    2.000000 v input external delay
     1    0.003816    0.022412    0.013066    2.013066 v OP[0] (in)
                                                         OP[0] (net)
                      0.022412    0.000000    2.013066 v input17/A (sky130_fd_sc_hd__clkdlybuf4s25_1)
     2    0.005829    0.109998    0.492447    2.505513 v input17/X (sky130_fd_sc_hd__clkdlybuf4s25_1)
                                                         net17 (net)
                      0.109998    0.000188    2.505701 v fanout34/A (sky130_fd_sc_hd__clkdlybuf4s25_1)
    10    0.029404    0.402170    0.776645    3.282346 v fanout34/X (sky130_fd_sc_hd__clkdlybuf4s25_1)
                                                         net34 (net)
                      0.402170    0.000749    3.283095 v _136_/C (sky130_fd_sc_hd__and3b_2)
     7    0.028274    0.175620    0.765701    4.048796 v _136_/X (sky130_fd_sc_hd__and3b_2)
                                                         _123_ (net)
                      0.175620    0.000786    4.049582 v _176_/B1 (sky130_fd_sc_hd__a2bb2o_2)
     1    0.002430    0.076511    0.566293    4.615874 v _176_/X (sky130_fd_sc_hd__a2bb2o_2)
                                                         _035_ (net)
                      0.076511    0.000072    4.615946 v _177_/C1 (sky130_fd_sc_hd__a211o_2)
     1    0.002732    0.080175    0.527520    5.143466 v _177_/X (sky130_fd_sc_hd__a211o_2)
                                                         _036_ (net)
                      0.080175    0.000081    5.143548 v _178_/C1 (sky130_fd_sc_hd__a221o_2)
     1    0.005698    0.106665    0.623932    5.767480 v _178_/X (sky130_fd_sc_hd__a221o_2)
                                                         _037_ (net)
                      0.106665    0.000187    5.767667 v _180_/B1 (sky130_fd_sc_hd__a41o_2)
     1    0.003014    0.064617    0.445874    6.213542 v _180_/X (sky130_fd_sc_hd__a41o_2)
                                                         _039_ (net)
                      0.064617    0.000092    6.213634 v _181_/B1 (sky130_fd_sc_hd__a31o_2)
     1    0.002900    0.062557    0.402907    6.616541 v _181_/X (sky130_fd_sc_hd__a31o_2)
                                                         net26 (net)
                      0.062557    0.000064    6.616604 v output26/A (sky130_fd_sc_hd__clkdlybuf4s25_1)
     1    0.034320    0.464719    0.802929    7.419534 v output26/X (sky130_fd_sc_hd__clkdlybuf4s25_1)
                                                         Y[5] (net)
                      0.464719    0.000670    7.420203 v Y[5] (out)
                                              7.420203   data arrival time

                      0.000000   10.000000   10.000000   clock __VIRTUAL_CLK__ (rise edge)
                                  0.000000   10.000000   clock network delay (ideal)
                                 -0.250000    9.750000   clock uncertainty
                                  0.000000    9.750000   clock reconvergence pessimism
                                 -2.000000    7.750000   output external delay
                                              7.750000   data required time
---------------------------------------------------------------------------------------------
                                              7.750000   data required time
                                             -7.420203   data arrival time
---------------------------------------------------------------------------------------------
                                              0.329797   slack (MET)


Startpoint: OP[0] (input port clocked by __VIRTUAL_CLK__)
Endpoint: Y[3] (output port clocked by __VIRTUAL_CLK__)
Path Group: __VIRTUAL_CLK__
Path Type: max

Fanout         Cap        Slew       Delay        Time   Description
---------------------------------------------------------------------------------------------
                      0.000000    0.000000    0.000000   clock __VIRTUAL_CLK__ (rise edge)
                                  0.000000    0.000000   clock network delay (ideal)
                                  2.000000    2.000000 v input external delay
     1    0.003816    0.022412    0.013066    2.013066 v OP[0] (in)
                                                         OP[0] (net)
                      0.022412    0.000000    2.013066 v input17/A (sky130_fd_sc_hd__clkdlybuf4s25_1)
     2    0.005829    0.109998    0.492447    2.505513 v input17/X (sky130_fd_sc_hd__clkdlybuf4s25_1)
                                                         net17 (net)
                      0.109998    0.000188    2.505701 v fanout34/A (sky130_fd_sc_hd__clkdlybuf4s25_1)
    10    0.029404    0.402170    0.776645    3.282346 v fanout34/X (sky130_fd_sc_hd__clkdlybuf4s25_1)
                                                         net34 (net)
                      0.402170    0.000661    3.283008 v _130_/C (sky130_fd_sc_hd__and3_2)
     7    0.027325    0.171358    0.761036    4.044044 v _130_/X (sky130_fd_sc_hd__and3_2)
                                                         _118_ (net)
                      0.171358    0.000564    4.044608 v _160_/B1 (sky130_fd_sc_hd__a32o_2)
     1    0.001608    0.060370    0.446831    4.491439 v _160_/X (sky130_fd_sc_hd__a32o_2)
                                                         _021_ (net)
                      0.060370    0.000047    4.491486 v _161_/B (sky130_fd_sc_hd__or3b_2)
     1    0.006846    0.189063    1.121471    5.612957 v _161_/X (sky130_fd_sc_hd__or3b_2)
                                                         _022_ (net)
                      0.189063    0.000255    5.613212 v _162_/B1 (sky130_fd_sc_hd__a31o_2)
     1    0.002353    0.060272    0.449789    6.063001 v _162_/X (sky130_fd_sc_hd__a31o_2)
                                                         _023_ (net)
                      0.060272    0.000050    6.063051 v _163_/B2 (sky130_fd_sc_hd__o2bb2a_2)
     1    0.002981    0.081990    0.517725    6.580776 v _163_/X (sky130_fd_sc_hd__o2bb2a_2)
                                                         net24 (net)
                      0.081990    0.000067    6.580843 v output24/A (sky130_fd_sc_hd__clkdlybuf4s25_1)
     1    0.034370    0.465225    0.812662    7.393506 v output24/X (sky130_fd_sc_hd__clkdlybuf4s25_1)
                                                         Y[3] (net)
                      0.465225    0.000672    7.394177 v Y[3] (out)
                                              7.394177   data arrival time

                      0.000000   10.000000   10.000000   clock __VIRTUAL_CLK__ (rise edge)
                                  0.000000   10.000000   clock network delay (ideal)
                                 -0.250000    9.750000   clock uncertainty
                                  0.000000    9.750000   clock reconvergence pessimism
                                 -2.000000    7.750000   output external delay
                                              7.750000   data required time
---------------------------------------------------------------------------------------------
                                              7.750000   data required time
                                             -7.394177   data arrival time
---------------------------------------------------------------------------------------------
                                              0.355823   slack (MET)


Startpoint: A[1] (input port clocked by __VIRTUAL_CLK__)
Endpoint: Y[4] (output port clocked by __VIRTUAL_CLK__)
Path Group: __VIRTUAL_CLK__
Path Type: max

Fanout         Cap        Slew       Delay        Time   Description
---------------------------------------------------------------------------------------------
                      0.000000    0.000000    0.000000   clock __VIRTUAL_CLK__ (rise edge)
                                  0.000000    0.000000   clock network delay (ideal)
                                  2.000000    2.000000 v input external delay
     1    0.003613    0.021611    0.012396    2.012396 v A[1] (in)
                                                         A[1] (net)
                      0.021611    0.000000    2.012396 v input2/A (sky130_fd_sc_hd__clkdlybuf4s25_1)
     7    0.025139    0.348585    0.691977    2.704373 v input2/X (sky130_fd_sc_hd__clkdlybuf4s25_1)
                                                         net2 (net)
                      0.348585    0.000623    2.704996 v _218_/B (sky130_fd_sc_hd__xnor2_2)
     2    0.007284    0.119312    0.385499    3.090495 v _218_/Y (sky130_fd_sc_hd__xnor2_2)
                                                         _074_ (net)
                      0.119312    0.000151    3.090646 v max_cap30/A (sky130_fd_sc_hd__clkbuf_2)
     4    0.022156    0.161658    0.316534    3.407180 v max_cap30/X (sky130_fd_sc_hd__clkbuf_2)
                                                         net30 (net)
                      0.161658    0.000428    3.407608 v _221_/A1 (sky130_fd_sc_hd__a21o_2)
     4    0.019210    0.126355    0.492587    3.900194 v _221_/X (sky130_fd_sc_hd__a21o_2)
                                                         _077_ (net)
                      0.126358    0.000844    3.901039 v _228_/A1 (sky130_fd_sc_hd__a211o_2)
     2    0.008076    0.108714    0.651269    4.552308 v _228_/X (sky130_fd_sc_hd__a211o_2)
                                                         _084_ (net)
                      0.108714    0.000274    4.552582 v _229_/B (sky130_fd_sc_hd__nand2_2)
     2    0.010447    0.113790    0.161673    4.714255 ^ _229_/Y (sky130_fd_sc_hd__nand2_2)
                                                         _085_ (net)
                      0.113790    0.000268    4.714523 ^ _164_/A (sky130_fd_sc_hd__nand2_2)
     1    0.001914    0.089981    0.090023    4.804546 v _164_/Y (sky130_fd_sc_hd__nand2_2)
                                                         _024_ (net)
                      0.089981    0.000058    4.804604 v _165_/B (sky130_fd_sc_hd__and3b_2)
     1    0.005597    0.086152    0.453568    5.258172 v _165_/X (sky130_fd_sc_hd__and3b_2)
                                                         _025_ (net)
                      0.086152    0.000187    5.258359 v _172_/A1 (sky130_fd_sc_hd__o41a_2)
     1    0.004869    0.120343    0.999606    6.257965 v _172_/X (sky130_fd_sc_hd__o41a_2)
                                                         net25 (net)
                      0.120343    0.000143    6.258109 v output25/A (sky130_fd_sc_hd__clkdlybuf4s25_1)
     1    0.034283    0.464050    0.830271    7.088379 v output25/X (sky130_fd_sc_hd__clkdlybuf4s25_1)
                                                         Y[4] (net)
                      0.464050    0.000667    7.089046 v Y[4] (out)
                                              7.089046   data arrival time

                      0.000000   10.000000   10.000000   clock __VIRTUAL_CLK__ (rise edge)
                                  0.000000   10.000000   clock network delay (ideal)
                                 -0.250000    9.750000   clock uncertainty
                                  0.000000    9.750000   clock reconvergence pessimism
                                 -2.000000    7.750000   output external delay
                                              7.750000   data required time
---------------------------------------------------------------------------------------------
                                              7.750000   data required time
                                             -7.089046   data arrival time
---------------------------------------------------------------------------------------------
                                              0.660954   slack (MET)


Startpoint: OP[1] (input port clocked by __VIRTUAL_CLK__)
Endpoint: Y[1] (output port clocked by __VIRTUAL_CLK__)
Path Group: __VIRTUAL_CLK__
Path Type: max

Fanout         Cap        Slew       Delay        Time   Description
---------------------------------------------------------------------------------------------
                      0.000000    0.000000    0.000000   clock __VIRTUAL_CLK__ (rise edge)
                                  0.000000    0.000000   clock network delay (ideal)
                                  2.000000    2.000000 ^ input external delay
     1    0.003542    0.037206    0.020703    2.020703 ^ OP[1] (in)
                                                         OP[1] (net)
                      0.037206    0.000000    2.020703 ^ input18/A (sky130_fd_sc_hd__clkdlybuf4s25_1)
     2    0.006310    0.124341    0.511784    2.532487 ^ input18/X (sky130_fd_sc_hd__clkdlybuf4s25_1)
                                                         net18 (net)
                      0.124341    0.000213    2.532701 ^ fanout33/A (sky130_fd_sc_hd__clkdlybuf4s25_1)
    10    0.031925    0.517128    0.850003    3.382703 ^ fanout33/X (sky130_fd_sc_hd__clkdlybuf4s25_1)
                                                         net33 (net)
                      0.517128    0.000774    3.383477 ^ _127_/A (sky130_fd_sc_hd__or2_2)
     8    0.038674    0.319018    0.592719    3.976196 ^ _127_/X (sky130_fd_sc_hd__or2_2)
                                                         _115_ (net)
                      0.319021    0.001696    3.977892 ^ _141_/A2_N (sky130_fd_sc_hd__a2bb2o_2)
     1    0.002723    0.077911    0.627001    4.604893 v _141_/X (sky130_fd_sc_hd__a2bb2o_2)
                                                         _004_ (net)
                      0.077911    0.000081    4.604974 v _142_/C1 (sky130_fd_sc_hd__a2111o_2)
     1    0.002578    0.104771    0.802870    5.407844 v _142_/X (sky130_fd_sc_hd__a2111o_2)
                                                         _005_ (net)
                      0.104771    0.000053    5.407897 v _144_/A2 (sky130_fd_sc_hd__o22a_2)
     1    0.002727    0.068323    0.421346    5.829243 v _144_/X (sky130_fd_sc_hd__o22a_2)
                                                         net22 (net)
                      0.068323    0.000059    5.829302 v output22/A (sky130_fd_sc_hd__clkdlybuf4s25_1)
     1    0.034202    0.463225    0.804366    6.633668 v output22/X (sky130_fd_sc_hd__clkdlybuf4s25_1)
                                                         Y[1] (net)
                      0.463225    0.000821    6.634489 v Y[1] (out)
                                              6.634489   data arrival time

                      0.000000   10.000000   10.000000   clock __VIRTUAL_CLK__ (rise edge)
                                  0.000000   10.000000   clock network delay (ideal)
                                 -0.250000    9.750000   clock uncertainty
                                  0.000000    9.750000   clock reconvergence pessimism
                                 -2.000000    7.750000   output external delay
                                              7.750000   data required time
---------------------------------------------------------------------------------------------
                                              7.750000   data required time
                                             -6.634489   data arrival time
---------------------------------------------------------------------------------------------
                                              1.115511   slack (MET)


Startpoint: OP[0] (input port clocked by __VIRTUAL_CLK__)
Endpoint: Y[2] (output port clocked by __VIRTUAL_CLK__)
Path Group: __VIRTUAL_CLK__
Path Type: max

Fanout         Cap        Slew       Delay        Time   Description
---------------------------------------------------------------------------------------------
                      0.000000    0.000000    0.000000   clock __VIRTUAL_CLK__ (rise edge)
                                  0.000000    0.000000   clock network delay (ideal)
                                  2.000000    2.000000 v input external delay
     1    0.003816    0.022412    0.013066    2.013066 v OP[0] (in)
                                                         OP[0] (net)
                      0.022412    0.000000    2.013066 v input17/A (sky130_fd_sc_hd__clkdlybuf4s25_1)
     2    0.005829    0.109998    0.492447    2.505513 v input17/X (sky130_fd_sc_hd__clkdlybuf4s25_1)
                                                         net17 (net)
                      0.109998    0.000188    2.505701 v fanout34/A (sky130_fd_sc_hd__clkdlybuf4s25_1)
    10    0.029404    0.402170    0.776645    3.282346 v fanout34/X (sky130_fd_sc_hd__clkdlybuf4s25_1)
                                                         net34 (net)
                      0.402170    0.000661    3.283008 v _130_/C (sky130_fd_sc_hd__and3_2)
     7    0.027325    0.171358    0.761036    4.044044 v _130_/X (sky130_fd_sc_hd__and3_2)
                                                         _118_ (net)
                      0.171358    0.000750    4.044794 v _150_/B1 (sky130_fd_sc_hd__a221o_2)
     1    0.003724    0.092587    0.692361    4.737155 v _150_/X (sky130_fd_sc_hd__a221o_2)
                                                         _012_ (net)
                      0.092587    0.000119    4.737273 v _151_/B1 (sky130_fd_sc_hd__a211o_2)
     1    0.002807    0.080479    0.603959    5.341232 v _151_/X (sky130_fd_sc_hd__a211o_2)
                                                         _013_ (net)
                      0.080479    0.000062    5.341294 v _152_/B2 (sky130_fd_sc_hd__o22a_2)
     1    0.002995    0.070041    0.367456    5.708751 v _152_/X (sky130_fd_sc_hd__o22a_2)
                                                         net23 (net)
                      0.070041    0.000091    5.708841 v output23/A (sky130_fd_sc_hd__clkdlybuf4s25_1)
     1    0.034567    0.467862    0.808797    6.517639 v output23/X (sky130_fd_sc_hd__clkdlybuf4s25_1)
                                                         Y[2] (net)
                      0.467862    0.000873    6.518511 v Y[2] (out)
                                              6.518511   data arrival time

                      0.000000   10.000000   10.000000   clock __VIRTUAL_CLK__ (rise edge)
                                  0.000000   10.000000   clock network delay (ideal)
                                 -0.250000    9.750000   clock uncertainty
                                  0.000000    9.750000   clock reconvergence pessimism
                                 -2.000000    7.750000   output external delay
                                              7.750000   data required time
---------------------------------------------------------------------------------------------
                                              7.750000   data required time
                                             -6.518511   data arrival time
---------------------------------------------------------------------------------------------
                                              1.231489   slack (MET)


Startpoint: OP[1] (input port clocked by __VIRTUAL_CLK__)
Endpoint: Y[0] (output port clocked by __VIRTUAL_CLK__)
Path Group: __VIRTUAL_CLK__
Path Type: max

Fanout         Cap        Slew       Delay        Time   Description
---------------------------------------------------------------------------------------------
                      0.000000    0.000000    0.000000   clock __VIRTUAL_CLK__ (rise edge)
                                  0.000000    0.000000   clock network delay (ideal)
                                  2.000000    2.000000 ^ input external delay
     1    0.003542    0.037206    0.020703    2.020703 ^ OP[1] (in)
                                                         OP[1] (net)
                      0.037206    0.000000    2.020703 ^ input18/A (sky130_fd_sc_hd__clkdlybuf4s25_1)
     2    0.006310    0.124341    0.511784    2.532487 ^ input18/X (sky130_fd_sc_hd__clkdlybuf4s25_1)
                                                         net18 (net)
                      0.124341    0.000213    2.532701 ^ fanout33/A (sky130_fd_sc_hd__clkdlybuf4s25_1)
    10    0.031925    0.517128    0.850003    3.382703 ^ fanout33/X (sky130_fd_sc_hd__clkdlybuf4s25_1)
                                                         net33 (net)
                      0.517128    0.001330    3.384034 ^ _125_/S (sky130_fd_sc_hd__mux2_1)
     1    0.002666    0.108861    0.872813    4.256847 v _125_/X (sky130_fd_sc_hd__mux2_1)
                                                         _113_ (net)
                      0.108861    0.000080    4.256927 v _126_/C1 (sky130_fd_sc_hd__o211a_2)
     1    0.001927    0.065471    0.229401    4.486328 v _126_/X (sky130_fd_sc_hd__o211a_2)
                                                         _114_ (net)
                      0.065471    0.000057    4.486386 v _132_/A (sky130_fd_sc_hd__or3_2)
     1    0.003161    0.163761    1.146705    5.633090 v _132_/X (sky130_fd_sc_hd__or3_2)
                                                         net21 (net)
                      0.163761    0.000103    5.633193 v output21/A (sky130_fd_sc_hd__clkdlybuf4s25_1)
     1    0.034512    0.466900    0.853451    6.486644 v output21/X (sky130_fd_sc_hd__clkdlybuf4s25_1)
                                                         Y[0] (net)
                      0.466900    0.000705    6.487350 v Y[0] (out)
                                              6.487350   data arrival time

                      0.000000   10.000000   10.000000   clock __VIRTUAL_CLK__ (rise edge)
                                  0.000000   10.000000   clock network delay (ideal)
                                 -0.250000    9.750000   clock uncertainty
                                  0.000000    9.750000   clock reconvergence pessimism
                                 -2.000000    7.750000   output external delay
                                              7.750000   data required time
---------------------------------------------------------------------------------------------
                                              7.750000   data required time
                                             -6.487350   data arrival time
---------------------------------------------------------------------------------------------
                                              1.262650   slack (MET)



