
 /----------------------------------------------------------------------------\
 |  yosys -- Yosys Open SYnthesis Suite                                       |
 |  Copyright (C) 2012 - 2026  Claire Xenia Wolf <claire@yosyshq.com>         |
 |  Distributed under an ISC-like license, type "license" to see terms        |
 \----------------------------------------------------------------------------/
 Yosys 0.62 (git sha1 7326bb7d6641500ecb285c291a54a662cb1e76cf, clang++ 21.1.2 -fPIC -O3)

1. Executing Liberty frontend: /home/gp7871/.ciel/ciel/sky130/versions/8afc8346a57fe1ab7934ba5a6056ea8b43078e71/ciel/sky130/versions/8afc8346a57fe1ab7934ba5a6056ea8b43078e71/sky130A/libs.ref/sky130_fd_sc_hd/lib/sky130_fd_sc_hd__tt_025C_1v80.lib
Imported 428 cell types from liberty file.
[INFO] Using SDC file '/home/gp7871/VLSI_Freelancing/projects/alu8_rtl_to_gds/runs/RUN_2026-09-16_17-08-36/06-yosys-synthesis/synthesis.abc.sdc' for ABC…wtaf

2. Executing Verilog-2005 frontend: /home/gp7871/VLSI_Freelancing/projects/alu8_rtl_to_gds/rtl/alu8.v
Parsing SystemVerilog input from `/home/gp7871/VLSI_Freelancing/projects/alu8_rtl_to_gds/rtl/alu8.v' to AST representation.
Storing AST representation for module `$abstract\alu8'.
Successfully finished Verilog frontend.

3. Executing HIERARCHY pass (managing design hierarchy).

4. Executing AST frontend in derive mode using pre-parsed AST for module `\alu8'.
Generating RTLIL representation for module `\alu8'.

4.1. Analyzing design hierarchy..
Top module:  \alu8

4.2. Analyzing design hierarchy..
Top module:  \alu8
Removing unused module `$abstract\alu8'.
Removed 1 unused modules.
Renaming module alu8 to alu8.

5. Executing ATTRMAP pass (move or copy attributes).

6. Executing TRIBUF pass.

7. Executing HIERARCHY pass (managing design hierarchy).

7.1. Analyzing design hierarchy..
Top module:  \alu8

7.2. Analyzing design hierarchy..
Top module:  \alu8
Removed 0 unused modules.

8. Executing PROC_CLEAN pass (remove empty switches from decision trees).
Cleaned up 0 empty switches.

9. Executing PROC_RMDEAD pass (remove dead branches from decision trees).
Removed 1 dead cases from process $proc$/home/gp7871/VLSI_Freelancing/projects/alu8_rtl_to_gds/rtl/alu8.v:9$1 in module alu8.
Marked 1 switch rules as full_case in process $proc$/home/gp7871/VLSI_Freelancing/projects/alu8_rtl_to_gds/rtl/alu8.v:9$1 in module alu8.
Removed a total of 1 dead cases.

10. Executing PROC_PRUNE pass (remove redundant assignments in processes).
Removed 0 redundant assignments.
Promoted 2 assignments to connections.

11. Executing PROC_INIT pass (extract init attributes).

12. Executing PROC_ARST pass (detect async resets in processes).

13. Executing PROC_ROM pass (convert switches to ROMs).
Converted 0 switches.
<suppressed ~1 debug messages>

14. Executing PROC_MUX pass (convert decision trees to multiplexers).
Creating decoders for process `\alu8.$proc$/home/gp7871/VLSI_Freelancing/projects/alu8_rtl_to_gds/rtl/alu8.v:9$1'.
     1/2: $1\CARRY[0:0]
     2/2: $1\Y[7:0]

15. Executing PROC_DLATCH pass (convert process syncs to latches).
No latch inferred for signal `\alu8.\Y' from process `\alu8.$proc$/home/gp7871/VLSI_Freelancing/projects/alu8_rtl_to_gds/rtl/alu8.v:9$1'.
No latch inferred for signal `\alu8.\CARRY' from process `\alu8.$proc$/home/gp7871/VLSI_Freelancing/projects/alu8_rtl_to_gds/rtl/alu8.v:9$1'.

16. Executing PROC_DFF pass (convert process syncs to FFs).

17. Executing PROC_MEMWR pass (convert process memory writes to cells).

18. Executing PROC_CLEAN pass (remove empty switches from decision trees).
Found and cleaned up 1 empty switch in `\alu8.$proc$/home/gp7871/VLSI_Freelancing/projects/alu8_rtl_to_gds/rtl/alu8.v:9$1'.
Removing empty process `alu8.$proc$/home/gp7871/VLSI_Freelancing/projects/alu8_rtl_to_gds/rtl/alu8.v:9$1'.
Cleaned up 1 empty switch.

19. Executing CHECK pass (checking for obvious problems).
Checking module alu8...
Found and reported 0 problems.

20. Executing OPT_EXPR pass (perform const folding).
Optimizing module alu8.
<suppressed ~4 debug messages>

21. Executing FLATTEN pass (flatten design).

22. Executing OPT_EXPR pass (perform const folding).
Optimizing module alu8.

23. Executing OPT_CLEAN pass (remove unused cells and wires).
Finding unused cells or wires in module \alu8..
Removed 0 unused cells and 8 unused wires.
<suppressed ~1 debug messages>

24. Executing OPT_EXPR pass (perform const folding).
Optimizing module alu8.

25. Executing OPT_MERGE pass (detect identical cells).
Finding identical cells in module `\alu8'.
Computing hashes of 24 cells of `\alu8'.
Finding duplicate cells in `\alu8'.
Computing hashes of 16 cells of `\alu8'.
Finding duplicate cells in `\alu8'.
<suppressed ~24 debug messages>
Removed a total of 8 cells.

26. Executing OPT_MUXTREE pass (detect dead branches in mux trees).
Running muxtree optimizer on module \alu8..
  Creating internal representation of mux trees.
  Evaluating internal representation of mux trees.
  Analyzing evaluation results.
Removed 0 multiplexer ports.
<suppressed ~4 debug messages>

27. Executing OPT_REDUCE pass (consolidate $*mux and $reduce_* inputs).
  Optimizing cells in module \alu8.
    New ctrl vector for $pmux cell $procmux$10: { $procmux$18_CMP $procmux$17_CMP $auto$opt_reduce.cc:137:opt_pmux$29 }
  Optimizing cells in module \alu8.
Performed a total of 1 changes.

28. Executing OPT_MERGE pass (detect identical cells).
Finding identical cells in module `\alu8'.
Computing hashes of 17 cells of `\alu8'.
Finding duplicate cells in `\alu8'.
Removed a total of 0 cells.

29. Executing OPT_DFF pass (perform DFF optimizations).

30. Executing OPT_CLEAN pass (remove unused cells and wires).
Finding unused cells or wires in module \alu8..
Removed 0 unused cells and 8 unused wires.
<suppressed ~1 debug messages>

31. Executing OPT_EXPR pass (perform const folding).
Optimizing module alu8.

32. Rerunning OPT passes. (Maybe there is more to do…)

33. Executing OPT_MUXTREE pass (detect dead branches in mux trees).
Running muxtree optimizer on module \alu8..
  Creating internal representation of mux trees.
  Evaluating internal representation of mux trees.
  Analyzing evaluation results.
Removed 0 multiplexer ports.
<suppressed ~4 debug messages>

34. Executing OPT_REDUCE pass (consolidate $*mux and $reduce_* inputs).
  Optimizing cells in module \alu8.
Performed a total of 0 changes.

35. Executing OPT_MERGE pass (detect identical cells).
Finding identical cells in module `\alu8'.
Computing hashes of 17 cells of `\alu8'.
Finding duplicate cells in `\alu8'.
Removed a total of 0 cells.

36. Executing OPT_DFF pass (perform DFF optimizations).

37. Executing OPT_CLEAN pass (remove unused cells and wires).
Finding unused cells or wires in module \alu8..

38. Executing OPT_EXPR pass (perform const folding).
Optimizing module alu8.

39. Executing FSM pass (extract and optimize FSM).

39.1. Executing FSM_DETECT pass (finding FSMs in design).

39.2. Executing FSM_EXTRACT pass (extracting FSM from design).

39.3. Executing FSM_OPT pass (simple optimizations of FSMs).

39.4. Executing OPT_CLEAN pass (remove unused cells and wires).
Finding unused cells or wires in module \alu8..

39.5. Executing FSM_OPT pass (simple optimizations of FSMs).

39.6. Executing FSM_RECODE pass (re-assigning FSM state encoding).

39.7. Executing FSM_INFO pass (dumping all available information on FSM cells).

39.8. Executing FSM_MAP pass (mapping FSMs to basic logic).

40. Executing OPT_EXPR pass (perform const folding).
Optimizing module alu8.

41. Executing OPT_MERGE pass (detect identical cells).
Finding identical cells in module `\alu8'.
Computing hashes of 17 cells of `\alu8'.
Finding duplicate cells in `\alu8'.
Removed a total of 0 cells.

42. Executing OPT_MUXTREE pass (detect dead branches in mux trees).
Running muxtree optimizer on module \alu8..
  Creating internal representation of mux trees.
  Evaluating internal representation of mux trees.
  Analyzing evaluation results.
Removed 0 multiplexer ports.
<suppressed ~4 debug messages>

43. Executing OPT_REDUCE pass (consolidate $*mux and $reduce_* inputs).
  Optimizing cells in module \alu8.
Performed a total of 0 changes.

44. Executing OPT_MERGE pass (detect identical cells).
Finding identical cells in module `\alu8'.
Computing hashes of 17 cells of `\alu8'.
Finding duplicate cells in `\alu8'.
Removed a total of 0 cells.

45. Executing OPT_DFF pass (perform DFF optimizations).

46. Executing OPT_CLEAN pass (remove unused cells and wires).
Finding unused cells or wires in module \alu8..

47. Executing OPT_EXPR pass (perform const folding).
Optimizing module alu8.

48. Executing WREDUCE pass (reducing word size of cells).
Removed top 1 bits (of 3) from port B of cell alu8.$procmux$15_CMP0 ($eq).
Removed top 1 bits (of 3) from port B of cell alu8.$procmux$16_CMP0 ($eq).
Removed top 2 bits (of 3) from port B of cell alu8.$procmux$17_CMP0 ($eq).

49. Executing PEEPOPT pass (run peephole optimizers).

50. Executing OPT_CLEAN pass (remove unused cells and wires).
Finding unused cells or wires in module \alu8..

51. Executing ALUMACC pass (create $alu and $macc cells).
Extracting $alu and $macc cells in module alu8:
  creating $macc model for $add$/home/gp7871/VLSI_Freelancing/projects/alu8_rtl_to_gds/rtl/alu8.v:16$2 ($add).
  creating $macc model for $sub$/home/gp7871/VLSI_Freelancing/projects/alu8_rtl_to_gds/rtl/alu8.v:20$3 ($sub).
  creating $alu model for $macc $sub$/home/gp7871/VLSI_Freelancing/projects/alu8_rtl_to_gds/rtl/alu8.v:20$3.
  creating $alu model for $macc $add$/home/gp7871/VLSI_Freelancing/projects/alu8_rtl_to_gds/rtl/alu8.v:16$2.
  creating $alu cell for $add$/home/gp7871/VLSI_Freelancing/projects/alu8_rtl_to_gds/rtl/alu8.v:16$2: $auto$alumacc.cc:512:replace_alu$30
  creating $alu cell for $sub$/home/gp7871/VLSI_Freelancing/projects/alu8_rtl_to_gds/rtl/alu8.v:20$3: $auto$alumacc.cc:512:replace_alu$33
  created 2 $alu and 0 $macc cells.

52. Executing SHARE pass (SAT-based resource sharing).

53. Executing OPT_EXPR pass (perform const folding).
Optimizing module alu8.

54. Executing OPT_MERGE pass (detect identical cells).
Finding identical cells in module `\alu8'.
Computing hashes of 17 cells of `\alu8'.
Finding duplicate cells in `\alu8'.
Removed a total of 0 cells.

55. Executing OPT_MUXTREE pass (detect dead branches in mux trees).
Running muxtree optimizer on module \alu8..
  Creating internal representation of mux trees.
  Evaluating internal representation of mux trees.
  Analyzing evaluation results.
Removed 0 multiplexer ports.
<suppressed ~4 debug messages>

56. Executing OPT_REDUCE pass (consolidate $*mux and $reduce_* inputs).
  Optimizing cells in module \alu8.
Performed a total of 0 changes.

57. Executing OPT_MERGE pass (detect identical cells).
Finding identical cells in module `\alu8'.
Computing hashes of 17 cells of `\alu8'.
Finding duplicate cells in `\alu8'.
Removed a total of 0 cells.

58. Executing OPT_DFF pass (perform DFF optimizations).

59. Executing OPT_CLEAN pass (remove unused cells and wires).
Finding unused cells or wires in module \alu8..

60. Executing OPT_EXPR pass (perform const folding).
Optimizing module alu8.

61. Executing MEMORY pass.

61.1. Executing OPT_MEM pass (optimize memories).
Performed a total of 0 transformations.

61.2. Executing OPT_MEM_PRIORITY pass (removing unnecessary memory write priority relations).
Performed a total of 0 transformations.

61.3. Executing OPT_MEM_FEEDBACK pass (finding memory read-to-write feedback paths).

61.4. Executing MEMORY_BMUX2ROM pass (converting muxes to ROMs).

61.5. Executing MEMORY_DFF pass (merging $dff cells to $memrd).

61.6. Executing OPT_CLEAN pass (remove unused cells and wires).
Finding unused cells or wires in module \alu8..

61.7. Executing MEMORY_SHARE pass (consolidating $memrd/$memwr cells).

61.8. Executing OPT_MEM_WIDEN pass (optimize memories where all ports are wide).
Performed a total of 0 transformations.

61.9. Executing OPT_CLEAN pass (remove unused cells and wires).
Finding unused cells or wires in module \alu8..

61.10. Executing MEMORY_COLLECT pass (generating $mem cells).

62. Executing OPT_CLEAN pass (remove unused cells and wires).
Finding unused cells or wires in module \alu8..

63. Executing OPT_EXPR pass (perform const folding).
Optimizing module alu8.
<suppressed ~2 debug messages>

64. Executing OPT_MERGE pass (detect identical cells).
Finding identical cells in module `\alu8'.
Computing hashes of 17 cells of `\alu8'.
Finding duplicate cells in `\alu8'.
Removed a total of 0 cells.

65. Executing OPT_DFF pass (perform DFF optimizations).

66. Executing OPT_CLEAN pass (remove unused cells and wires).
Finding unused cells or wires in module \alu8..
Removed 1 unused cells and 1 unused wires.
<suppressed ~2 debug messages>

67. Executing MEMORY_MAP pass (converting memories to logic and flip-flops).

68. Executing OPT_EXPR pass (perform const folding).
Optimizing module alu8.

69. Executing OPT_MERGE pass (detect identical cells).
Finding identical cells in module `\alu8'.
Computing hashes of 16 cells of `\alu8'.
Finding duplicate cells in `\alu8'.
Removed a total of 0 cells.

70. Executing OPT_MUXTREE pass (detect dead branches in mux trees).
Running muxtree optimizer on module \alu8..
  Creating internal representation of mux trees.
  Evaluating internal representation of mux trees.
  Analyzing evaluation results.
Removed 0 multiplexer ports.
<suppressed ~4 debug messages>

71. Executing OPT_REDUCE pass (consolidate $*mux and $reduce_* inputs).
  Optimizing cells in module \alu8.
Performed a total of 0 changes.

72. Executing OPT_MERGE pass (detect identical cells).
Finding identical cells in module `\alu8'.
Computing hashes of 16 cells of `\alu8'.
Finding duplicate cells in `\alu8'.
Removed a total of 0 cells.

73. Executing OPT_SHARE pass.

74. Executing OPT_DFF pass (perform DFF optimizations).

75. Executing OPT_CLEAN pass (remove unused cells and wires).
Finding unused cells or wires in module \alu8..

76. Executing OPT_EXPR pass (perform const folding).
Optimizing module alu8.

77. Executing TECHMAP pass (map to technology primitives).

77.1. Executing Verilog-2005 frontend: /nix/store/f1q0w7rd0a4ny4hqvfxlhs4cmariidcy-yosys-0.62/bin/../share/yosys/techmap.v
Parsing Verilog input from `/nix/store/f1q0w7rd0a4ny4hqvfxlhs4cmariidcy-yosys-0.62/bin/../share/yosys/techmap.v' to AST representation.
Generating RTLIL representation for module `\_90_simplemap_bool_ops'.
Generating RTLIL representation for module `\_90_simplemap_reduce_ops'.
Generating RTLIL representation for module `\_90_simplemap_logic_ops'.
Generating RTLIL representation for module `\_90_simplemap_compare_ops'.
Generating RTLIL representation for module `\_90_simplemap_various'.
Generating RTLIL representation for module `\_90_simplemap_registers'.
Generating RTLIL representation for module `\_90_shift_ops_shr_shl_sshl_sshr'.
Generating RTLIL representation for module `\_90_shift_shiftx'.
Generating RTLIL representation for module `\_90_fa'.
Generating RTLIL representation for module `\_90_lcu_brent_kung'.
Generating RTLIL representation for module `\_90_alu'.
Generating RTLIL representation for module `\_90_macc'.
Generating RTLIL representation for module `\_90_alumacc'.
Generating RTLIL representation for module `$__div_mod_u'.
Generating RTLIL representation for module `$__div_mod_trunc'.
Generating RTLIL representation for module `\_90_div'.
Generating RTLIL representation for module `\_90_mod'.
Generating RTLIL representation for module `$__div_mod_floor'.
Generating RTLIL representation for module `\_90_divfloor'.
Generating RTLIL representation for module `\_90_modfloor'.
Generating RTLIL representation for module `\_90_pow'.
Generating RTLIL representation for module `\_90_pmux'.
Generating RTLIL representation for module `\_90_demux'.
Generating RTLIL representation for module `\_90_lut'.
Generating RTLIL representation for module `$connect'.
Generating RTLIL representation for module `$input_port'.
Successfully finished Verilog frontend.

77.2. Continuing TECHMAP pass.
Using template $paramod$4ccbe221165818e15f326ddee3d1183c7924e12f\_90_alu for cells of type $alu.
Using extmapper simplemap for cells of type $reduce_or.
Using extmapper simplemap for cells of type $and.
Using extmapper simplemap for cells of type $or.
Using extmapper simplemap for cells of type $xor.
Using extmapper simplemap for cells of type $not.
Using extmapper simplemap for cells of type $eq.
Using template $paramod$c5c783b17ab1d780abfad8cfe6563a0a7b47a3b0\_90_pmux for cells of type $pmux.
Using template $paramod$d7387fdb214042e5ef2d69a3f74948694b4bb65e\_90_pmux for cells of type $pmux.
Using template $paramod\_90_fa\WIDTH=32'00000000000000000000000000001001 for cells of type $fa.
Using template $paramod\_90_lcu_brent_kung\WIDTH=32'00000000000000000000000000001001 for cells of type $lcu.
Using extmapper simplemap for cells of type $pos.
Using extmapper simplemap for cells of type $mux.
No more expansions possible.
<suppressed ~371 debug messages>

78. Executing OPT_EXPR pass (perform const folding).
Optimizing module alu8.
<suppressed ~119 debug messages>

79. Executing OPT_MERGE pass (detect identical cells).
Finding identical cells in module `\alu8'.
Computing hashes of 304 cells of `\alu8'.
Finding duplicate cells in `\alu8'.
Computing hashes of 268 cells of `\alu8'.
Finding duplicate cells in `\alu8'.
Computing hashes of 264 cells of `\alu8'.
Finding duplicate cells in `\alu8'.
<suppressed ~120 debug messages>
Removed a total of 40 cells.

80. Executing OPT_DFF pass (perform DFF optimizations).

81. Executing OPT_CLEAN pass (remove unused cells and wires).
Finding unused cells or wires in module \alu8..
Removed 0 unused cells and 167 unused wires.
<suppressed ~1 debug messages>

82. Executing OPT_EXPR pass (perform const folding).
Optimizing module alu8.

83. Executing OPT_MERGE pass (detect identical cells).
Finding identical cells in module `\alu8'.
Computing hashes of 264 cells of `\alu8'.
Finding duplicate cells in `\alu8'.
Removed a total of 0 cells.

84. Executing OPT_DFF pass (perform DFF optimizations).

85. Executing OPT_CLEAN pass (remove unused cells and wires).
Finding unused cells or wires in module \alu8..

86. Executing ABC pass (technology mapping using ABC).

86.1. Extracting gate netlist of module `\alu8' to `<abc-temp-dir>/input.blif'..

86.1.1. Executed ABC.
Extracted 264 gates and 283 wires to a netlist network with 19 inputs and 9 outputs.
Running ABC script: <abc-temp-dir>/abc.script
ABC: ======== ABC command line "source <abc-temp-dir>/abc.script"
ABC: + read_blif <abc-temp-dir>/input.blif 
ABC: + read_library /tmp/yosys-abc-L9h9Pv/stdcells.genlib 
ABC: + strash 
ABC: + dretime 
ABC: + map 
ABC: + write_blif <abc-temp-dir>/output.blif 

86.1.2. Re-integrating ABC results.
ABC RESULTS:               AND cells:       10
ABC RESULTS:            ANDNOT cells:       84
ABC RESULTS:               MUX cells:        9
ABC RESULTS:              NAND cells:        4
ABC RESULTS:               NOR cells:       29
ABC RESULTS:               NOT cells:        5
ABC RESULTS:                OR cells:       63
ABC RESULTS:             ORNOT cells:       13
ABC RESULTS:              XNOR cells:        9
ABC RESULTS:               XOR cells:       14
ABC RESULTS:        internal signals:      255
ABC RESULTS:           input signals:       19
ABC RESULTS:          output signals:        9
Removing temp directory.
Removing global temp directory.

87. Executing OPT pass (performing simple optimizations).

87.1. Executing OPT_EXPR pass (perform const folding).
Optimizing module alu8.

87.2. Executing OPT_MERGE pass (detect identical cells).
Finding identical cells in module `\alu8'.
Computing hashes of 240 cells of `\alu8'.
Finding duplicate cells in `\alu8'.
Removed a total of 0 cells.

87.3. Executing OPT_DFF pass (perform DFF optimizations).

87.4. Executing OPT_CLEAN pass (remove unused cells and wires).
Finding unused cells or wires in module \alu8..
Removed 0 unused cells and 117 unused wires.
<suppressed ~1 debug messages>

87.5. Finished fast OPT passes.

88. Executing HIERARCHY pass (managing design hierarchy).

88.1. Analyzing design hierarchy..
Top module:  \alu8

88.2. Analyzing design hierarchy..
Top module:  \alu8
Removed 0 unused modules.

89. Executing CHECK pass (checking for obvious problems).
Checking module alu8...
Found and reported 0 problems.

90. Printing statistics.

=== alu8 ===

        +----------Local Count, excluding submodules.
        | 
      236 wires
      259 wire bits
        5 public wires
       28 public wire bits
        5 ports
       28 port bits
      240 cells
       84   $_ANDNOT_
       10   $_AND_
        9   $_MUX_
        4   $_NAND_
       29   $_NOR_
        5   $_NOT_
       13   $_ORNOT_
       63   $_OR_
        9   $_XNOR_
       14   $_XOR_

91. Executing OPT pass (performing simple optimizations).

91.1. Executing OPT_EXPR pass (perform const folding).
Optimizing module alu8.

91.2. Executing OPT_MERGE pass (detect identical cells).
Finding identical cells in module `\alu8'.
Computing hashes of 240 cells of `\alu8'.
Finding duplicate cells in `\alu8'.
Removed a total of 0 cells.

91.3. Executing OPT_MUXTREE pass (detect dead branches in mux trees).
Running muxtree optimizer on module \alu8..
  Creating internal representation of mux trees.
  No muxes found in this module.
Removed 0 multiplexer ports.

91.4. Executing OPT_REDUCE pass (consolidate $*mux and $reduce_* inputs).
  Optimizing cells in module \alu8.
Performed a total of 0 changes.

91.5. Executing OPT_MERGE pass (detect identical cells).
Finding identical cells in module `\alu8'.
Computing hashes of 240 cells of `\alu8'.
Finding duplicate cells in `\alu8'.
Removed a total of 0 cells.

91.6. Executing OPT_DFF pass (perform DFF optimizations).

91.7. Executing OPT_CLEAN pass (remove unused cells and wires).
Finding unused cells or wires in module \alu8..

91.8. Executing OPT_EXPR pass (perform const folding).
Optimizing module alu8.

91.9. Finished fast OPT passes. (There is nothing left to do.)

92. Executing OPT_CLEAN pass (remove unused cells and wires).
Finding unused cells or wires in module \alu8..
{
   "creator": "Yosys 0.62 (git sha1 7326bb7d6641500ecb285c291a54a662cb1e76cf, clang++ 21.1.2 -fPIC -O3)",
   "invocation": "stat -json -liberty /home/gp7871/VLSI_Freelancing/projects/alu8_rtl_to_gds/runs/RUN_2026-09-16_17-08-36/tmp/4aaf05ef4e5142ed92c368362c1c2279.lib ",
   "modules": {
      "\\alu8": {
         "num_wires":         236,
         "num_wire_bits":     259,
         "num_pub_wires":     5,
         "num_pub_wire_bits": 28,
         "num_ports":         5,
         "num_port_bits":     28,
         "num_memories":      0,
         "num_memory_bits":   0,
         "num_processes":     0,
         "num_cells":         240,
         "num_submodules":       0,
         "num_cells_by_type": {
            "$_ANDNOT_": 84,
            "$_AND_": 10,
            "$_MUX_": 9,
            "$_NAND_": 4,
            "$_NOR_": 29,
            "$_NOT_": 5,
            "$_ORNOT_": 13,
            "$_OR_": 63,
            "$_XNOR_": 9,
            "$_XOR_": 14
         }
      }
   },
      "design": {
         "num_wires":         236,
         "num_wire_bits":     259,
         "num_pub_wires":     5,
         "num_pub_wire_bits": 28,
         "num_ports":         5,
         "num_port_bits":     28,
         "num_memories":      0,
         "num_memory_bits":   0,
         "num_processes":     0,
         "num_cells":         240,
         "num_submodules":       0,
         "num_cells_by_type": {
            "$_ANDNOT_": 84,
            "$_AND_": 10,
            "$_MUX_": 9,
            "$_NAND_": 4,
            "$_NOR_": 29,
            "$_NOT_": 5,
            "$_ORNOT_": 13,
            "$_OR_": 63,
            "$_XNOR_": 9,
            "$_XOR_": 14
         }
      }
}

93. Printing statistics.

=== alu8 ===

        +----------Local Count, excluding submodules.
        | 
      236 wires
      259 wire bits
        5 public wires
       28 public wire bits
        5 ports
       28 port bits
      240 cells
       84   $_ANDNOT_
       10   $_AND_
        9   $_MUX_
        4   $_NAND_
       29   $_NOR_
        5   $_NOT_
       13   $_ORNOT_
       63   $_OR_
        9   $_XNOR_
       14   $_XOR_

   Area for cell type $_ANDNOT_ is unknown!
   Area for cell type $_AND_ is unknown!
   Area for cell type $_MUX_ is unknown!
   Area for cell type $_NAND_ is unknown!
   Area for cell type $_NOR_ is unknown!
   Area for cell type $_NOT_ is unknown!
   Area for cell type $_ORNOT_ is unknown!
   Area for cell type $_OR_ is unknown!
   Area for cell type $_XNOR_ is unknown!
   Area for cell type $_XOR_ is unknown!

[INFO] Applying tri-state buffer mapping from '/home/gp7871/.ciel/ciel/sky130/versions/8afc8346a57fe1ab7934ba5a6056ea8b43078e71/ciel/sky130/versions/8afc8346a57fe1ab7934ba5a6056ea8b43078e71/sky130A/libs.tech/openlane/sky130_fd_sc_hd/tribuff_map.v'…

94. Executing TECHMAP pass (map to technology primitives).

94.1. Executing Verilog-2005 frontend: /home/gp7871/.ciel/ciel/sky130/versions/8afc8346a57fe1ab7934ba5a6056ea8b43078e71/ciel/sky130/versions/8afc8346a57fe1ab7934ba5a6056ea8b43078e71/sky130A/libs.tech/openlane/sky130_fd_sc_hd/tribuff_map.v
Parsing Verilog input from `/home/gp7871/.ciel/ciel/sky130/versions/8afc8346a57fe1ab7934ba5a6056ea8b43078e71/ciel/sky130/versions/8afc8346a57fe1ab7934ba5a6056ea8b43078e71/sky130A/libs.tech/openlane/sky130_fd_sc_hd/tribuff_map.v' to AST representation.
Generating RTLIL representation for module `$_TBUF_'.
Successfully finished Verilog frontend.

94.2. Continuing TECHMAP pass.
No more expansions possible.
<suppressed ~3 debug messages>

95. Executing SIMPLEMAP pass (map simple cells to gate primitives).
[INFO] Applying latch mapping from '/home/gp7871/.ciel/ciel/sky130/versions/8afc8346a57fe1ab7934ba5a6056ea8b43078e71/ciel/sky130/versions/8afc8346a57fe1ab7934ba5a6056ea8b43078e71/sky130A/libs.tech/openlane/sky130_fd_sc_hd/latch_map.v'…

96. Executing TECHMAP pass (map to technology primitives).

96.1. Executing Verilog-2005 frontend: /home/gp7871/.ciel/ciel/sky130/versions/8afc8346a57fe1ab7934ba5a6056ea8b43078e71/ciel/sky130/versions/8afc8346a57fe1ab7934ba5a6056ea8b43078e71/sky130A/libs.tech/openlane/sky130_fd_sc_hd/latch_map.v
Parsing Verilog input from `/home/gp7871/.ciel/ciel/sky130/versions/8afc8346a57fe1ab7934ba5a6056ea8b43078e71/ciel/sky130/versions/8afc8346a57fe1ab7934ba5a6056ea8b43078e71/sky130A/libs.tech/openlane/sky130_fd_sc_hd/latch_map.v' to AST representation.
Generating RTLIL representation for module `$_DLATCH_P_'.
Generating RTLIL representation for module `$_DLATCH_N_'.
Successfully finished Verilog frontend.

96.2. Continuing TECHMAP pass.
No more expansions possible.
<suppressed ~4 debug messages>

97. Executing SIMPLEMAP pass (map simple cells to gate primitives).

98. Executing DFFLIBMAP pass (mapping DFF cells to sequential cells from liberty file).
  cell sky130_fd_sc_hd__dfxtp_2 (noninv, pins=3, area=21.27) is a direct match for cell type $_DFF_P_.
  cell sky130_fd_sc_hd__dfrtp_2 (noninv, pins=4, area=26.28) is a direct match for cell type $_DFF_PN0_.
  cell sky130_fd_sc_hd__dfstp_2 (noninv, pins=4, area=26.28) is a direct match for cell type $_DFF_PN1_.
  cell sky130_fd_sc_hd__dfbbn_2 (noninv, pins=6, area=35.03) is a direct match for cell type $_DFFSR_NNN_.
  final dff cell mappings:
    unmapped dff cell: $_DFF_N_
    \sky130_fd_sc_hd__dfxtp_2 _DFF_P_ (.CLK( C), .D( D), .Q( Q));
    unmapped dff cell: $_DFF_NN0_
    unmapped dff cell: $_DFF_NN1_
    unmapped dff cell: $_DFF_NP0_
    unmapped dff cell: $_DFF_NP1_
    \sky130_fd_sc_hd__dfrtp_2 _DFF_PN0_ (.CLK( C), .D( D), .Q( Q), .RESET_B( R));
    \sky130_fd_sc_hd__dfstp_2 _DFF_PN1_ (.CLK( C), .D( D), .Q( Q), .SET_B( R));
    unmapped dff cell: $_DFF_PP0_
    unmapped dff cell: $_DFF_PP1_
    unmapped dff cell: $_DFFE_NN_
    unmapped dff cell: $_DFFE_NP_
    unmapped dff cell: $_DFFE_PN_
    unmapped dff cell: $_DFFE_PP_
    \sky130_fd_sc_hd__dfbbn_2 _DFFSR_NNN_ (.CLK_N( C), .D( D), .Q( Q), .Q_N(~Q), .RESET_B( R), .SET_B( S));
    unmapped dff cell: $_DFFSR_NNP_
    unmapped dff cell: $_DFFSR_NPN_
    unmapped dff cell: $_DFFSR_NPP_
    unmapped dff cell: $_DFFSR_PNN_
    unmapped dff cell: $_DFFSR_PNP_
    unmapped dff cell: $_DFFSR_PPN_
    unmapped dff cell: $_DFFSR_PPP_

98.1. Executing DFFLEGALIZE pass (convert FFs to types supported by the target).
Mapping DFF cells in module `\alu8':
{
   "creator": "Yosys 0.62 (git sha1 7326bb7d6641500ecb285c291a54a662cb1e76cf, clang++ 21.1.2 -fPIC -O3)",
   "invocation": "stat -json -liberty /home/gp7871/VLSI_Freelancing/projects/alu8_rtl_to_gds/runs/RUN_2026-09-16_17-08-36/tmp/4aaf05ef4e5142ed92c368362c1c2279.lib ",
   "modules": {
      "\\alu8": {
         "num_wires":         236,
         "num_wire_bits":     259,
         "num_pub_wires":     5,
         "num_pub_wire_bits": 28,
         "num_ports":         5,
         "num_port_bits":     28,
         "num_memories":      0,
         "num_memory_bits":   0,
         "num_processes":     0,
         "num_cells":         240,
         "num_submodules":       0,
         "num_cells_by_type": {
            "$_ANDNOT_": 84,
            "$_AND_": 10,
            "$_MUX_": 9,
            "$_NAND_": 4,
            "$_NOR_": 29,
            "$_NOT_": 5,
            "$_ORNOT_": 13,
            "$_OR_": 63,
            "$_XNOR_": 9,
            "$_XOR_": 14
         }
      }
   },
      "design": {
         "num_wires":         236,
         "num_wire_bits":     259,
         "num_pub_wires":     5,
         "num_pub_wire_bits": 28,
         "num_ports":         5,
         "num_port_bits":     28,
         "num_memories":      0,
         "num_memory_bits":   0,
         "num_processes":     0,
         "num_cells":         240,
         "num_submodules":       0,
         "num_cells_by_type": {
            "$_ANDNOT_": 84,
            "$_AND_": 10,
            "$_MUX_": 9,
            "$_NAND_": 4,
            "$_NOR_": 29,
            "$_NOT_": 5,
            "$_ORNOT_": 13,
            "$_OR_": 63,
            "$_XNOR_": 9,
            "$_XOR_": 14
         }
      }
}

99. Printing statistics.

=== alu8 ===

        +----------Local Count, excluding submodules.
        | 
      236 wires
      259 wire bits
        5 public wires
       28 public wire bits
        5 ports
       28 port bits
      240 cells
       84   $_ANDNOT_
       10   $_AND_
        9   $_MUX_
        4   $_NAND_
       29   $_NOR_
        5   $_NOT_
       13   $_ORNOT_
       63   $_OR_
        9   $_XNOR_
       14   $_XOR_

   Area for cell type $_ANDNOT_ is unknown!
   Area for cell type $_AND_ is unknown!
   Area for cell type $_MUX_ is unknown!
   Area for cell type $_NAND_ is unknown!
   Area for cell type $_NOR_ is unknown!
   Area for cell type $_NOT_ is unknown!
   Area for cell type $_ORNOT_ is unknown!
   Area for cell type $_OR_ is unknown!
   Area for cell type $_XNOR_ is unknown!
   Area for cell type $_XOR_ is unknown!

[INFO] Using generated ABC script '/home/gp7871/VLSI_Freelancing/projects/alu8_rtl_to_gds/runs/RUN_2026-09-16_17-08-36/06-yosys-synthesis/AREA_0.abc'…

100. Executing ABC pass (technology mapping using ABC).

100.1. Extracting gate netlist of module `\alu8' to `/tmp/yosys-abc-vD0Kjg/input.blif'..

100.1.1. Executed ABC.
Extracted 240 gates and 259 wires to a netlist network with 19 inputs and 9 outputs.
Running ABC script: /tmp/yosys-abc-vD0Kjg/abc.script
ABC: ======== ABC command line "source /tmp/yosys-abc-vD0Kjg/abc.script"
ABC: + read_blif /tmp/yosys-abc-vD0Kjg/input.blif 
ABC: + read_lib -w /home/gp7871/VLSI_Freelancing/projects/alu8_rtl_to_gds/runs/RUN_2026-09-16_17-08-36/tmp/4aaf05ef4e5142ed92c368362c1c2279.lib 
ABC: Parsing finished successfully.  Parsing time =     0.12 sec
ABC: Scl_LibertyReadGenlib() skipped sequential cell "sky130_fd_sc_hd__dfbbn_2".
ABC: Scl_LibertyReadGenlib() skipped sequential cell "sky130_fd_sc_hd__dfrbp_2".
ABC: Scl_LibertyReadGenlib() skipped sequential cell "sky130_fd_sc_hd__dfrtp_2".
ABC: Scl_LibertyReadGenlib() skipped sequential cell "sky130_fd_sc_hd__dfrtp_4".
ABC: Scl_LibertyReadGenlib() skipped sequential cell "sky130_fd_sc_hd__dfsbp_2".
ABC: Scl_LibertyReadGenlib() skipped sequential cell "sky130_fd_sc_hd__dfstp_2".
ABC: Scl_LibertyReadGenlib() skipped sequential cell "sky130_fd_sc_hd__dfstp_4".
ABC: Scl_LibertyReadGenlib() skipped sequential cell "sky130_fd_sc_hd__dfxbp_2".
ABC: Scl_LibertyReadGenlib() skipped sequential cell "sky130_fd_sc_hd__dfxtp_2".
ABC: Scl_LibertyReadGenlib() skipped sequential cell "sky130_fd_sc_hd__dfxtp_4".
ABC: Scl_LibertyReadGenlib() skipped sequential cell "sky130_fd_sc_hd__dlxtn_1".
ABC: Scl_LibertyReadGenlib() skipped sequential cell "sky130_fd_sc_hd__dlxtn_2".
ABC: Scl_LibertyReadGenlib() skipped sequential cell "sky130_fd_sc_hd__dlxtn_4".
ABC: Scl_LibertyReadGenlib() skipped sequential cell "sky130_fd_sc_hd__dlxtp_1".
ABC: Scl_LibertyReadGenlib() skipped three-state cell "sky130_fd_sc_hd__ebufn_2".
ABC: Scl_LibertyReadGenlib() skipped three-state cell "sky130_fd_sc_hd__ebufn_4".
ABC: Scl_LibertyReadGenlib() skipped three-state cell "sky130_fd_sc_hd__ebufn_8".
ABC: Library "sky130_fd_sc_hd__tt_025C_1v80" from "/home/gp7871/VLSI_Freelancing/projects/alu8_rtl_to_gds/runs/RUN_2026-09-16_17-08-36/tmp/4aaf05ef4e5142ed92c368362c1c2279.lib" has 175 cells (17 skipped: 14 seq; 3 tri-state; 0 no func; 0 dont_use; 0 with 2 outputs; 0 with 3+ outputs).  Time =     0.23 sec
ABC: Memory =    9.54 MB. Time =     0.23 sec
ABC: Warning: Detected 2 multi-output cells (for example, "sky130_fd_sc_hd__fa_1").
ABC: + read_constr -v /home/gp7871/VLSI_Freelancing/projects/alu8_rtl_to_gds/runs/RUN_2026-09-16_17-08-36/06-yosys-synthesis/synthesis.abc.sdc 
ABC: Setting driving cell to be "sky130_fd_sc_hd__inv_2/Y".
ABC: Setting output load to be 33.442001.
ABC: + source /home/gp7871/VLSI_Freelancing/projects/alu8_rtl_to_gds/runs/RUN_2026-09-16_17-08-36/06-yosys-synthesis/AREA_0.abc 
ABC: Error: The network is combinational.
ABC: Cannot find the default PI driving cell (sky130_fd_sc_hd__inv_2/Y) in the library.
ABC: WireLoad = "none"  Gates =    133 (  3.8 %)   Cap =  9.1 ff (  2.9 %)   Area =     1168.62 ( 91.0 %)   Delay =  2185.01 ps  ( 11.3 %)               
ABC: Path  0 --       5 : 0    3 pi                      A =   0.00  Df =   0.0   -0.0 ps  S =   0.0 ps  Cin =  0.0 ff  Cout =   7.7 ff  Cmax =   0.0 ff  G =    0  
ABC: Path  1 --      40 : 2    5 sky130_fd_sc_hd__or2_2  A =   6.26  Df = 320.2 -195.6 ps  S =  87.9 ps  Cin =  1.5 ff  Cout =  15.0 ff  Cmax = 299.4 ff  G =  997  
ABC: Path  2 --      41 : 2    2 sky130_fd_sc_hd__and2_2 A =   7.51  Df = 522.1 -255.2 ps  S =  39.6 ps  Cin =  1.5 ff  Cout =   3.2 ff  Cmax = 303.0 ff  G =  208  
ABC: Path  3 --      64 : 2    1 sky130_fd_sc_hd__or2_2  A =   6.26  Df = 797.5 -163.5 ps  S =  49.3 ps  Cin =  1.5 ff  Cout =   1.6 ff  Cmax = 299.4 ff  G =  106  
ABC: Path  4 --      65 : 3    3 sky130_fd_sc_hd__or3b_2 A =   8.76  Df =1267.1 -273.3 ps  S =  99.1 ps  Cin =  1.5 ff  Cout =   9.2 ff  Cmax = 269.2 ff  G =  591  
ABC: Path  5 --      69 : 4    3 sky130_fd_sc_hd__a31o_2 A =   8.76  Df =1511.0 -337.9 ps  S =  84.1 ps  Cin =  2.4 ff  Cout =  11.7 ff  Cmax = 271.9 ff  G =  477  
ABC: Path  6 --      71 : 3    2 sky130_fd_sc_hd__a21o_2 A =   8.76  Df =1703.8 -403.1 ps  S =  40.7 ps  Cin =  2.4 ff  Cout =   4.9 ff  Cmax = 309.5 ff  G =  197  
ABC: Path  7 --     160 : 4    1 sky130_fd_sc_hd__a31o_2 A =   8.76  Df =1921.3 -204.0 ps  S =  40.9 ps  Cin =  2.4 ff  Cout =   2.5 ff  Cmax = 271.9 ff  G =   99  
ABC: Path  8 --     161 : 4    1 sky130_fd_sc_hd__o22a_2 A =  10.01  Df =2185.0 -243.5 ps  S = 176.8 ps  Cin =  2.4 ff  Cout =  33.4 ff  Cmax = 304.9 ff  G = 1417  
ABC: Start-point = pi4 (\B [5]).  End-point = po8 (\Y [7]).
ABC: netlist                       : i/o =   19/    9  lat =    0  nd =   133  edge =    380  area =1168.85  delay = 8.00  lev = 8
ABC: + write_blif /tmp/yosys-abc-vD0Kjg/output.blif 

100.1.2. Re-integrating ABC results.
ABC RESULTS:   sky130_fd_sc_hd__a2111o_2 cells:        1
ABC RESULTS:   sky130_fd_sc_hd__a211o_2 cells:        9
ABC RESULTS:   sky130_fd_sc_hd__a21o_2 cells:        6
ABC RESULTS:   sky130_fd_sc_hd__a21oi_2 cells:        3
ABC RESULTS:   sky130_fd_sc_hd__a221o_2 cells:        5
ABC RESULTS:   sky130_fd_sc_hd__a22o_2 cells:        2
ABC RESULTS:   sky130_fd_sc_hd__a2bb2o_2 cells:        4
ABC RESULTS:   sky130_fd_sc_hd__a31o_2 cells:        6
ABC RESULTS:   sky130_fd_sc_hd__a32o_2 cells:        3
ABC RESULTS:   sky130_fd_sc_hd__a41o_2 cells:        1
ABC RESULTS:   sky130_fd_sc_hd__a41oi_2 cells:        1
ABC RESULTS:   sky130_fd_sc_hd__and2_2 cells:        6
ABC RESULTS:   sky130_fd_sc_hd__and2b_2 cells:        6
ABC RESULTS:   sky130_fd_sc_hd__and3_2 cells:        1
ABC RESULTS:   sky130_fd_sc_hd__and3b_2 cells:        3
ABC RESULTS:   sky130_fd_sc_hd__inv_2 cells:        5
ABC RESULTS:   sky130_fd_sc_hd__mux2_1 cells:        1
ABC RESULTS:   sky130_fd_sc_hd__nand2_2 cells:       13
ABC RESULTS:   sky130_fd_sc_hd__nand2b_2 cells:        6
ABC RESULTS:   sky130_fd_sc_hd__nand3_2 cells:        1
ABC RESULTS:   sky130_fd_sc_hd__nor2_2 cells:       14
ABC RESULTS:   sky130_fd_sc_hd__nor3_2 cells:        1
ABC RESULTS:   sky130_fd_sc_hd__nor3b_2 cells:        2
ABC RESULTS:   sky130_fd_sc_hd__o211a_2 cells:        1
ABC RESULTS:   sky130_fd_sc_hd__o21a_2 cells:        1
ABC RESULTS:   sky130_fd_sc_hd__o21ai_2 cells:        3
ABC RESULTS:   sky130_fd_sc_hd__o22a_2 cells:        4
ABC RESULTS:   sky130_fd_sc_hd__o2bb2a_2 cells:        1
ABC RESULTS:   sky130_fd_sc_hd__o41a_2 cells:        1
ABC RESULTS:   sky130_fd_sc_hd__or2_2 cells:        9
ABC RESULTS:   sky130_fd_sc_hd__or3_2 cells:        3
ABC RESULTS:   sky130_fd_sc_hd__or3b_2 cells:        4
ABC RESULTS:   sky130_fd_sc_hd__xnor2_2 cells:        4
ABC RESULTS:   sky130_fd_sc_hd__xor2_2 cells:        2
ABC RESULTS:        internal signals:      231
ABC RESULTS:           input signals:       19
ABC RESULTS:          output signals:        9
Removing temp directory.
Removing global temp directory.

101. Executing SETUNDEF pass (replace undef values with defined constants).

102. Executing HILOMAP pass (mapping to constant drivers).

103. Executing SPLITNETS pass (splitting up multi-bit signals).

104. Executing OPT_CLEAN pass (remove unused cells and wires).
Finding unused cells or wires in module \alu8..
Removed 0 unused cells and 259 unused wires.
<suppressed ~1 debug messages>

105. Executing INSBUF pass (insert buffer cells for connected wires).

106. Executing CHECK pass (checking for obvious problems).
Checking module alu8...
Found and reported 0 problems.
{
   "creator": "Yosys 0.62 (git sha1 7326bb7d6641500ecb285c291a54a662cb1e76cf, clang++ 21.1.2 -fPIC -O3)",
   "invocation": "stat -json -liberty /home/gp7871/VLSI_Freelancing/projects/alu8_rtl_to_gds/runs/RUN_2026-09-16_17-08-36/tmp/4aaf05ef4e5142ed92c368362c1c2279.lib ",
   "modules": {
      "\\alu8": {
         "num_wires":         129,
         "num_wire_bits":     152,
         "num_pub_wires":     5,
         "num_pub_wire_bits": 28,
         "num_ports":         5,
         "num_port_bits":     28,
         "num_memories":      0,
         "num_memory_bits":   0,
         "num_processes":     0,
         "num_cells":         133,
         "num_submodules":       0,
         "area":              1168.620800,
         "sequential_area":    0.000000,
         "num_cells_by_type": {
            "sky130_fd_sc_hd__a2111o_2": 1,
            "sky130_fd_sc_hd__a211o_2": 9,
            "sky130_fd_sc_hd__a21o_2": 6,
            "sky130_fd_sc_hd__a21oi_2": 3,
            "sky130_fd_sc_hd__a221o_2": 5,
            "sky130_fd_sc_hd__a22o_2": 2,
            "sky130_fd_sc_hd__a2bb2o_2": 4,
            "sky130_fd_sc_hd__a31o_2": 6,
            "sky130_fd_sc_hd__a32o_2": 3,
            "sky130_fd_sc_hd__a41o_2": 1,
            "sky130_fd_sc_hd__a41oi_2": 1,
            "sky130_fd_sc_hd__and2_2": 6,
            "sky130_fd_sc_hd__and2b_2": 6,
            "sky130_fd_sc_hd__and3_2": 1,
            "sky130_fd_sc_hd__and3b_2": 3,
            "sky130_fd_sc_hd__inv_2": 5,
            "sky130_fd_sc_hd__mux2_1": 1,
            "sky130_fd_sc_hd__nand2_2": 13,
            "sky130_fd_sc_hd__nand2b_2": 6,
            "sky130_fd_sc_hd__nand3_2": 1,
            "sky130_fd_sc_hd__nor2_2": 14,
            "sky130_fd_sc_hd__nor3_2": 1,
            "sky130_fd_sc_hd__nor3b_2": 2,
            "sky130_fd_sc_hd__o211a_2": 1,
            "sky130_fd_sc_hd__o21a_2": 1,
            "sky130_fd_sc_hd__o21ai_2": 3,
            "sky130_fd_sc_hd__o22a_2": 4,
            "sky130_fd_sc_hd__o2bb2a_2": 1,
            "sky130_fd_sc_hd__o41a_2": 1,
            "sky130_fd_sc_hd__or2_2": 9,
            "sky130_fd_sc_hd__or3_2": 3,
            "sky130_fd_sc_hd__or3b_2": 4,
            "sky130_fd_sc_hd__xnor2_2": 4,
            "sky130_fd_sc_hd__xor2_2": 2
         }
      }
   },
      "design": {
         "num_wires":         129,
         "num_wire_bits":     152,
         "num_pub_wires":     5,
         "num_pub_wire_bits": 28,
         "num_ports":         5,
         "num_port_bits":     28,
         "num_memories":      0,
         "num_memory_bits":   0,
         "num_processes":     0,
         "num_cells":         133,
         "num_submodules":       0,
         "area":              1168.620800,
         "sequential_area":    0.000000,
         "num_cells_by_type": {
            "sky130_fd_sc_hd__a2111o_2": 1,
            "sky130_fd_sc_hd__a211o_2": 9,
            "sky130_fd_sc_hd__a21o_2": 6,
            "sky130_fd_sc_hd__a21oi_2": 3,
            "sky130_fd_sc_hd__a221o_2": 5,
            "sky130_fd_sc_hd__a22o_2": 2,
            "sky130_fd_sc_hd__a2bb2o_2": 4,
            "sky130_fd_sc_hd__a31o_2": 6,
            "sky130_fd_sc_hd__a32o_2": 3,
            "sky130_fd_sc_hd__a41o_2": 1,
            "sky130_fd_sc_hd__a41oi_2": 1,
            "sky130_fd_sc_hd__and2_2": 6,
            "sky130_fd_sc_hd__and2b_2": 6,
            "sky130_fd_sc_hd__and3_2": 1,
            "sky130_fd_sc_hd__and3b_2": 3,
            "sky130_fd_sc_hd__inv_2": 5,
            "sky130_fd_sc_hd__mux2_1": 1,
            "sky130_fd_sc_hd__nand2_2": 13,
            "sky130_fd_sc_hd__nand2b_2": 6,
            "sky130_fd_sc_hd__nand3_2": 1,
            "sky130_fd_sc_hd__nor2_2": 14,
            "sky130_fd_sc_hd__nor3_2": 1,
            "sky130_fd_sc_hd__nor3b_2": 2,
            "sky130_fd_sc_hd__o211a_2": 1,
            "sky130_fd_sc_hd__o21a_2": 1,
            "sky130_fd_sc_hd__o21ai_2": 3,
            "sky130_fd_sc_hd__o22a_2": 4,
            "sky130_fd_sc_hd__o2bb2a_2": 1,
            "sky130_fd_sc_hd__o41a_2": 1,
            "sky130_fd_sc_hd__or2_2": 9,
            "sky130_fd_sc_hd__or3_2": 3,
            "sky130_fd_sc_hd__or3b_2": 4,
            "sky130_fd_sc_hd__xnor2_2": 4,
            "sky130_fd_sc_hd__xor2_2": 2
         }
      }
}

107. Printing statistics.

=== alu8 ===

        +----------Local Count, excluding submodules.
        |        +-Local Area, excluding submodules.
        |        | 
      129        - wires
      152        - wire bits
        5        - public wires
       28        - public wire bits
        5        - ports
       28        - port bits
      133 1.17E+03 cells
        1   12.512   sky130_fd_sc_hd__a2111o_2
        9   90.086   sky130_fd_sc_hd__a211o_2
        6    52.55   sky130_fd_sc_hd__a21o_2
        3   26.275   sky130_fd_sc_hd__a21oi_2
        5   56.304   sky130_fd_sc_hd__a221o_2
        2   20.019   sky130_fd_sc_hd__a22o_2
        4   45.043   sky130_fd_sc_hd__a2bb2o_2
        6    52.55   sky130_fd_sc_hd__a31o_2
        3   33.782   sky130_fd_sc_hd__a32o_2
        1   11.261   sky130_fd_sc_hd__a41o_2
        1   16.266   sky130_fd_sc_hd__a41oi_2
        6   45.043   sky130_fd_sc_hd__and2_2
        6    52.55   sky130_fd_sc_hd__and2b_2
        1    7.507   sky130_fd_sc_hd__and3_2
        3   30.029   sky130_fd_sc_hd__and3b_2
        5   18.768   sky130_fd_sc_hd__inv_2
        1   11.261   sky130_fd_sc_hd__mux2_1
       13   81.328   sky130_fd_sc_hd__nand2_2
        6    52.55   sky130_fd_sc_hd__nand2b_2
        1    10.01   sky130_fd_sc_hd__nand3_2
       14   87.584   sky130_fd_sc_hd__nor2_2
        1    10.01   sky130_fd_sc_hd__nor3_2
        2   25.024   sky130_fd_sc_hd__nor3b_2
        1    10.01   sky130_fd_sc_hd__o211a_2
        1    8.758   sky130_fd_sc_hd__o21a_2
        3   26.275   sky130_fd_sc_hd__o21ai_2
        4   40.038   sky130_fd_sc_hd__o22a_2
        1   11.261   sky130_fd_sc_hd__o2bb2a_2
        1   12.512   sky130_fd_sc_hd__o41a_2
        9   56.304   sky130_fd_sc_hd__or2_2
        3   22.522   sky130_fd_sc_hd__or3_2
        4   35.034   sky130_fd_sc_hd__or3b_2
        4   65.062   sky130_fd_sc_hd__xnor2_2
        2   32.531   sky130_fd_sc_hd__xor2_2

   Chip area for module '\alu8': 1168.620800
     of which used for sequential elements: 0.000000 (0.00%)

108. Executing Verilog backend.
Dumping module `\alu8'.

109. Executing JSON backend.
