Clock: clk
Sources: clk 
Generated: no
Virtual: yes
Propagated: no
Period: 20.000000

===========================================================================
report_clock_properties
============================================================================
Clock                   Period          Waveform
----------------------------------------------------
clk                  20.000000    0.000000 10.000000

===========================================================================
report_clock_latency
============================================================================
Clock clk
rise -> rise
    min     max
0.000000 0.000000 source latency
0.256400         network latency _232_/CLK
        0.257983 network latency _240_/CLK
---------------
0.256400 0.257983 latency
        0.001583 skew

fall -> fall
    min     max
0.000000 0.000000 source latency
0.283625         network latency _232_/CLK
        0.284870 network latency _240_/CLK
---------------
0.283625 0.284870 latency
        0.001245 skew



===========================================================================
report_clock_min_period
============================================================================
clk period_min = 2.87 fmax = 348.42
