+ define_corners nom_tt_025C_1v80
Reading timing models for corner nom_tt_025C_1v80…
Reading cell library for the 'nom_tt_025C_1v80' corner at '/home/gp7871/.ciel/ciel/sky130/versions/8afc8346a57fe1ab7934ba5a6056ea8b43078e71/ciel/sky130/versions/8afc8346a57fe1ab7934ba5a6056ea8b43078e71/sky130A/libs.ref/sky130_fd_sc_hd/lib/sky130_fd_sc_hd__tt_025C_1v80.lib'…
Reading top-level netlist at '/home/gp7871/VLSI_Freelancing/projects/alu8_rtl_to_gds/runs/RUN_2026-09-16_17-08-36/06-yosys-synthesis/alu8.nl.v'…
Linking design 'alu8' from netlist…
Reading design constraints file at '/nix/store/9qkr4093f83hkvz5bia9qvxcyc2kzr15-python3-3.13.9-env/lib/python3.13/site-packages/librelane/scripts/base.sdc'…
[WARNING] No CLOCK_PORT found. A dummy clock will be used.
Warning: base.sdc line 15, port '__VIRTUAL_CLK__' not found.
[INFO] Using clock __VIRTUAL_CLK__…
[INFO] Setting output delay to: 2.0
[INFO] Setting input delay to: 2.0
Warning: base.sdc line 32, port '__VIRTUAL_CLK__' not found.
[INFO] Setting load to: 0.033442
[INFO] Setting clock uncertainty to: 0.25
[INFO] Setting clock transition to: 0.1499999999999999944488848768742172978818416595458984375
Warning: base.sdc line 69, transition time can not be specified for virtual clocks.
[INFO] Setting timing derate to: 5.0%
%OL_CREATE_REPORT min.rpt

===========================================================================
report_checks -path_delay min (Hold)
============================================================================
======================= nom_tt_025C_1v80 Corner ===================================

Startpoint: A[0] (input port clocked by __VIRTUAL_CLK__)
Endpoint: Y[0] (output port clocked by __VIRTUAL_CLK__)
Path Group: __VIRTUAL_CLK__
Path Type: min

Fanout         Cap        Slew       Delay        Time   Description
---------------------------------------------------------------------------------------------
                      0.000000    0.000000    0.000000   clock __VIRTUAL_CLK__ (rise edge)
                                  0.000000    0.000000   clock network delay (ideal)
                                  2.000000    2.000000 v input external delay
     7    0.018616    0.043366    0.028419    2.028419 v A[0] (in)
                                                         A[0] (net)
                      0.043366    0.000000    2.028419 v _128_/A (sky130_fd_sc_hd__nor2_2)
     1    0.001705    0.051094    0.078531    2.106951 ^ _128_/Y (sky130_fd_sc_hd__nor2_2)
                                                         _116_ (net)
                      0.051094    0.000000    2.106951 ^ _132_/B (sky130_fd_sc_hd__or3_2)
     1    0.033442    0.171524    0.198242    2.305192 ^ _132_/X (sky130_fd_sc_hd__or3_2)
                                                         Y[0] (net)
                      0.171524    0.000000    2.305192 ^ Y[0] (out)
                                              2.305192   data arrival time

                      0.000000    0.000000    0.000000   clock __VIRTUAL_CLK__ (rise edge)
                                  0.000000    0.000000   clock network delay (ideal)
                                  0.250000    0.250000   clock uncertainty
                                  0.000000    0.250000   clock reconvergence pessimism
                                 -2.000000   -1.750000   output external delay
                                             -1.750000   data required time
---------------------------------------------------------------------------------------------
                                             -1.750000   data required time
                                             -2.305192   data arrival time
---------------------------------------------------------------------------------------------
                                              4.055193   slack (MET)


Startpoint: A[7] (input port clocked by __VIRTUAL_CLK__)
Endpoint: CARRY (output port clocked by __VIRTUAL_CLK__)
Path Group: __VIRTUAL_CLK__
Path Type: min

Fanout         Cap        Slew       Delay        Time   Description
---------------------------------------------------------------------------------------------
                      0.000000    0.000000    0.000000   clock __VIRTUAL_CLK__ (rise edge)
                                  0.000000    0.000000   clock network delay (ideal)
                                  2.000000    2.000000 v input external delay
     5    0.013722    0.032928    0.021051    2.021051 v A[7] (in)
                                                         A[7] (net)
                      0.032928    0.000000    2.021051 v _200_/B (sky130_fd_sc_hd__nand2b_2)
     1    0.002361    0.032345    0.047177    2.068228 ^ _200_/Y (sky130_fd_sc_hd__nand2b_2)
                                                         _056_ (net)
                      0.032345    0.000000    2.068228 ^ _256_/A1 (sky130_fd_sc_hd__a32o_2)
     1    0.033442    0.203912    0.262327    2.330555 ^ _256_/X (sky130_fd_sc_hd__a32o_2)
                                                         CARRY (net)
                      0.203912    0.000000    2.330555 ^ CARRY (out)
                                              2.330555   data arrival time

                      0.000000    0.000000    0.000000   clock __VIRTUAL_CLK__ (rise edge)
                                  0.000000    0.000000   clock network delay (ideal)
                                  0.250000    0.250000   clock uncertainty
                                  0.000000    0.250000   clock reconvergence pessimism
                                 -2.000000   -1.750000   output external delay
                                             -1.750000   data required time
---------------------------------------------------------------------------------------------
                                             -1.750000   data required time
                                             -2.330555   data arrival time
---------------------------------------------------------------------------------------------
                                              4.080555   slack (MET)


Startpoint: A[5] (input port clocked by __VIRTUAL_CLK__)
Endpoint: Y[4] (output port clocked by __VIRTUAL_CLK__)
Path Group: __VIRTUAL_CLK__
Path Type: min

Fanout         Cap        Slew       Delay        Time   Description
---------------------------------------------------------------------------------------------
                      0.000000    0.000000    0.000000   clock __VIRTUAL_CLK__ (rise edge)
                                  0.000000    0.000000   clock network delay (ideal)
                                  2.000000    2.000000 ^ input external delay
     6    0.014473    0.072703    0.045824    2.045824 ^ A[5] (in)
                                                         A[5] (net)
                      0.072703    0.000000    2.045824 ^ _169_/A1 (sky130_fd_sc_hd__a211o_2)
     1    0.002484    0.025089    0.112121    2.157945 ^ _169_/X (sky130_fd_sc_hd__a211o_2)
                                                         _029_ (net)
                      0.025089    0.000000    2.157945 ^ _172_/A4 (sky130_fd_sc_hd__o41a_2)
     1    0.033442    0.174031    0.203793    2.361739 ^ _172_/X (sky130_fd_sc_hd__o41a_2)
                                                         Y[4] (net)
                      0.174031    0.000000    2.361739 ^ Y[4] (out)
                                              2.361739   data arrival time

                      0.000000    0.000000    0.000000   clock __VIRTUAL_CLK__ (rise edge)
                                  0.000000    0.000000   clock network delay (ideal)
                                  0.250000    0.250000   clock uncertainty
                                  0.000000    0.250000   clock reconvergence pessimism
                                 -2.000000   -1.750000   output external delay
                                             -1.750000   data required time
---------------------------------------------------------------------------------------------
                                             -1.750000   data required time
                                             -2.361739   data arrival time
---------------------------------------------------------------------------------------------
                                              4.111739   slack (MET)


Startpoint: A[2] (input port clocked by __VIRTUAL_CLK__)
Endpoint: Y[1] (output port clocked by __VIRTUAL_CLK__)
Path Group: __VIRTUAL_CLK__
Path Type: min

Fanout         Cap        Slew       Delay        Time   Description
---------------------------------------------------------------------------------------------
                      0.000000    0.000000    0.000000   clock __VIRTUAL_CLK__ (rise edge)
                                  0.000000    0.000000   clock network delay (ideal)
                                  2.000000    2.000000 ^ input external delay
     6    0.014320    0.072018    0.045371    2.045371 ^ A[2] (in)
                                                         A[2] (net)
                      0.072018    0.000000    2.045371 ^ _142_/A1 (sky130_fd_sc_hd__a2111o_2)
     1    0.002513    0.026130    0.117602    2.162972 ^ _142_/X (sky130_fd_sc_hd__a2111o_2)
                                                         _005_ (net)
                      0.026130    0.000000    2.162972 ^ _144_/A2 (sky130_fd_sc_hd__o22a_2)
     1    0.033442    0.175884    0.219054    2.382027 ^ _144_/X (sky130_fd_sc_hd__o22a_2)
                                                         Y[1] (net)
                      0.175884    0.000000    2.382027 ^ Y[1] (out)
                                              2.382027   data arrival time

                      0.000000    0.000000    0.000000   clock __VIRTUAL_CLK__ (rise edge)
                                  0.000000    0.000000   clock network delay (ideal)
                                  0.250000    0.250000   clock uncertainty
                                  0.000000    0.250000   clock reconvergence pessimism
                                 -2.000000   -1.750000   output external delay
                                             -1.750000   data required time
---------------------------------------------------------------------------------------------
                                             -1.750000   data required time
                                             -2.382027   data arrival time
---------------------------------------------------------------------------------------------
                                              4.132026   slack (MET)


Startpoint: A[6] (input port clocked by __VIRTUAL_CLK__)
Endpoint: Y[7] (output port clocked by __VIRTUAL_CLK__)
Path Group: __VIRTUAL_CLK__
Path Type: min

Fanout         Cap        Slew       Delay        Time   Description
---------------------------------------------------------------------------------------------
                      0.000000    0.000000    0.000000   clock __VIRTUAL_CLK__ (rise edge)
                                  0.000000    0.000000   clock network delay (ideal)
                                  2.000000    2.000000 ^ input external delay
     6    0.020996    0.101933    0.065160    2.065160 ^ A[6] (in)
                                                         A[6] (net)
                      0.101933    0.000000    2.065160 ^ _194_/A1 (sky130_fd_sc_hd__a21o_2)
     1    0.002477    0.029185    0.116780    2.181940 ^ _194_/X (sky130_fd_sc_hd__a21o_2)
                                                         _051_ (net)
                      0.029185    0.000000    2.181940 ^ _198_/B1 (sky130_fd_sc_hd__o22a_2)
     1    0.033442    0.175820    0.223301    2.405241 ^ _198_/X (sky130_fd_sc_hd__o22a_2)
                                                         Y[7] (net)
                      0.175820    0.000000    2.405241 ^ Y[7] (out)
                                              2.405241   data arrival time

                      0.000000    0.000000    0.000000   clock __VIRTUAL_CLK__ (rise edge)
                                  0.000000    0.000000   clock network delay (ideal)
                                  0.250000    0.250000   clock uncertainty
                                  0.000000    0.250000   clock reconvergence pessimism
                                 -2.000000   -1.750000   output external delay
                                             -1.750000   data required time
---------------------------------------------------------------------------------------------
                                             -1.750000   data required time
                                             -2.405241   data arrival time
---------------------------------------------------------------------------------------------
                                              4.155241   slack (MET)


Startpoint: A[2] (input port clocked by __VIRTUAL_CLK__)
Endpoint: Y[2] (output port clocked by __VIRTUAL_CLK__)
Path Group: __VIRTUAL_CLK__
Path Type: min

Fanout         Cap        Slew       Delay        Time   Description
---------------------------------------------------------------------------------------------
                      0.000000    0.000000    0.000000   clock __VIRTUAL_CLK__ (rise edge)
                                  0.000000    0.000000   clock network delay (ideal)
                                  2.000000    2.000000 v input external delay
     6    0.013056    0.031507    0.020048    2.020048 v A[2] (in)
                                                         A[2] (net)
                      0.031507    0.000000    2.020048 v _147_/A (sky130_fd_sc_hd__nor2_2)
     1    0.002447    0.058609    0.079247    2.099295 ^ _147_/Y (sky130_fd_sc_hd__nor2_2)
                                                         _009_ (net)
                      0.058609    0.000000    2.099295 ^ _149_/C1 (sky130_fd_sc_hd__a221o_2)
     1    0.002477    0.029294    0.092346    2.191642 ^ _149_/X (sky130_fd_sc_hd__a221o_2)
                                                         _011_ (net)
                      0.029294    0.000000    2.191642 ^ _152_/B1 (sky130_fd_sc_hd__o22a_2)
     1    0.033442    0.175822    0.223335    2.414977 ^ _152_/X (sky130_fd_sc_hd__o22a_2)
                                                         Y[2] (net)
                      0.175822    0.000000    2.414977 ^ Y[2] (out)
                                              2.414977   data arrival time

                      0.000000    0.000000    0.000000   clock __VIRTUAL_CLK__ (rise edge)
                                  0.000000    0.000000   clock network delay (ideal)
                                  0.250000    0.250000   clock uncertainty
                                  0.000000    0.250000   clock reconvergence pessimism
                                 -2.000000   -1.750000   output external delay
                                             -1.750000   data required time
---------------------------------------------------------------------------------------------
                                             -1.750000   data required time
                                             -2.414977   data arrival time
---------------------------------------------------------------------------------------------
                                              4.164977   slack (MET)


Startpoint: OP[1] (input port clocked by __VIRTUAL_CLK__)
Endpoint: Y[5] (output port clocked by __VIRTUAL_CLK__)
Path Group: __VIRTUAL_CLK__
Path Type: min

Fanout         Cap        Slew       Delay        Time   Description
---------------------------------------------------------------------------------------------
                      0.000000    0.000000    0.000000   clock __VIRTUAL_CLK__ (rise edge)
                                  0.000000    0.000000   clock network delay (ideal)
                                  2.000000    2.000000 ^ input external delay
    11    0.025354    0.121462    0.078078    2.078078 ^ OP[1] (in)
                                                         OP[1] (net)
                      0.121462    0.000000    2.078078 ^ _254_/B (sky130_fd_sc_hd__nor3_2)
     9    0.018358    0.062256    0.088144    2.166222 v _254_/Y (sky130_fd_sc_hd__nor3_2)
                                                         _110_ (net)
                      0.062256    0.000000    2.166222 v _181_/A1 (sky130_fd_sc_hd__a31o_2)
     1    0.033442    0.102757    0.267540    2.433762 v _181_/X (sky130_fd_sc_hd__a31o_2)
                                                         Y[5] (net)
                      0.102757    0.000000    2.433762 v Y[5] (out)
                                              2.433762   data arrival time

                      0.000000    0.000000    0.000000   clock __VIRTUAL_CLK__ (rise edge)
                                  0.000000    0.000000   clock network delay (ideal)
                                  0.250000    0.250000   clock uncertainty
                                  0.000000    0.250000   clock reconvergence pessimism
                                 -2.000000   -1.750000   output external delay
                                             -1.750000   data required time
---------------------------------------------------------------------------------------------
                                             -1.750000   data required time
                                             -2.433762   data arrival time
---------------------------------------------------------------------------------------------
                                              4.183762   slack (MET)


Startpoint: A[2] (input port clocked by __VIRTUAL_CLK__)
Endpoint: Y[3] (output port clocked by __VIRTUAL_CLK__)
Path Group: __VIRTUAL_CLK__
Path Type: min

Fanout         Cap        Slew       Delay        Time   Description
---------------------------------------------------------------------------------------------
                      0.000000    0.000000    0.000000   clock __VIRTUAL_CLK__ (rise edge)
                                  0.000000    0.000000   clock network delay (ideal)
                                  2.000000    2.000000 ^ input external delay
     6    0.014320    0.072018    0.045371    2.045371 ^ A[2] (in)
                                                         A[2] (net)
                      0.072018    0.000000    2.045371 ^ _159_/A1 (sky130_fd_sc_hd__a221o_2)
     1    0.001797    0.026188    0.128272    2.173642 ^ _159_/X (sky130_fd_sc_hd__a221o_2)
                                                         _020_ (net)
                      0.026188    0.000000    2.173642 ^ _163_/B1 (sky130_fd_sc_hd__o2bb2a_2)
     1    0.033442    0.184569    0.261724    2.435366 ^ _163_/X (sky130_fd_sc_hd__o2bb2a_2)
                                                         Y[3] (net)
                      0.184569    0.000000    2.435366 ^ Y[3] (out)
                                              2.435366   data arrival time

                      0.000000    0.000000    0.000000   clock __VIRTUAL_CLK__ (rise edge)
                                  0.000000    0.000000   clock network delay (ideal)
                                  0.250000    0.250000   clock uncertainty
                                  0.000000    0.250000   clock reconvergence pessimism
                                 -2.000000   -1.750000   output external delay
                                             -1.750000   data required time
---------------------------------------------------------------------------------------------
                                             -1.750000   data required time
                                             -2.435366   data arrival time
---------------------------------------------------------------------------------------------
                                              4.185366   slack (MET)


Startpoint: OP[1] (input port clocked by __VIRTUAL_CLK__)
Endpoint: Y[6] (output port clocked by __VIRTUAL_CLK__)
Path Group: __VIRTUAL_CLK__
Path Type: min

Fanout         Cap        Slew       Delay        Time   Description
---------------------------------------------------------------------------------------------
                      0.000000    0.000000    0.000000   clock __VIRTUAL_CLK__ (rise edge)
                                  0.000000    0.000000   clock network delay (ideal)
                                  2.000000    2.000000 ^ input external delay
    11    0.025354    0.121462    0.078078    2.078078 ^ OP[1] (in)
                                                         OP[1] (net)
                      0.121462    0.000000    2.078078 ^ _255_/B (sky130_fd_sc_hd__or3_2)
     5    0.012411    0.072415    0.155228    2.233306 ^ _255_/X (sky130_fd_sc_hd__or3_2)
                                                         _111_ (net)
                      0.072415    0.000000    2.233306 ^ _190_/A1 (sky130_fd_sc_hd__o22a_2)
     1    0.033442    0.175822    0.245578    2.478884 ^ _190_/X (sky130_fd_sc_hd__o22a_2)
                                                         Y[6] (net)
                      0.175822    0.000000    2.478884 ^ Y[6] (out)
                                              2.478884   data arrival time

                      0.000000    0.000000    0.000000   clock __VIRTUAL_CLK__ (rise edge)
                                  0.000000    0.000000   clock network delay (ideal)
                                  0.250000    0.250000   clock uncertainty
                                  0.000000    0.250000   clock reconvergence pessimism
                                 -2.000000   -1.750000   output external delay
                                             -1.750000   data required time
---------------------------------------------------------------------------------------------
                                             -1.750000   data required time
                                             -2.478884   data arrival time
---------------------------------------------------------------------------------------------
                                              4.228884   slack (MET)



%OL_END_REPORT
%OL_CREATE_REPORT max.rpt

===========================================================================
report_checks -path_delay max (Setup)
============================================================================
======================= nom_tt_025C_1v80 Corner ===================================

Startpoint: B[5] (input port clocked by __VIRTUAL_CLK__)
Endpoint: Y[7] (output port clocked by __VIRTUAL_CLK__)
Path Group: __VIRTUAL_CLK__
Path Type: max

Fanout         Cap        Slew       Delay        Time   Description
---------------------------------------------------------------------------------------------
                      0.000000    0.000000    0.000000   clock __VIRTUAL_CLK__ (rise edge)
                                  0.000000    0.000000   clock network delay (ideal)
                                  2.000000    2.000000 v input external delay
     3    0.007210    0.018837    0.012227    2.012227 v B[5] (in)
                                                         B[5] (net)
                      0.018837    0.000000    2.012227 v _210_/A (sky130_fd_sc_hd__or2_2)
     5    0.013918    0.087555    0.342177    2.354404 v _210_/X (sky130_fd_sc_hd__or2_2)
                                                         _066_ (net)
                      0.087555    0.000000    2.354404 v _211_/B (sky130_fd_sc_hd__and2_2)
     2    0.002901    0.037329    0.212156    2.566560 v _211_/X (sky130_fd_sc_hd__and2_2)
                                                         _067_ (net)
                      0.037329    0.000000    2.566560 v _234_/A (sky130_fd_sc_hd__or2_2)
     1    0.001486    0.049302    0.289188    2.855748 v _234_/X (sky130_fd_sc_hd__or2_2)
                                                         _090_ (net)
                      0.049302    0.000000    2.855748 v _235_/B (sky130_fd_sc_hd__or3b_2)
     3    0.008628    0.099142    0.493010    3.348758 v _235_/X (sky130_fd_sc_hd__or3b_2)
                                                         _091_ (net)
                      0.099142    0.000000    3.348758 v _239_/A1 (sky130_fd_sc_hd__a31o_2)
     3    0.010827    0.057947    0.256118    3.604876 v _239_/X (sky130_fd_sc_hd__a31o_2)
                                                         _095_ (net)
                      0.057947    0.000000    3.604876 v _241_/A1 (sky130_fd_sc_hd__a21o_2)
     2    0.004440    0.039337    0.202490    3.807367 v _241_/X (sky130_fd_sc_hd__a21o_2)
                                                         _097_ (net)
                      0.039337    0.000000    3.807367 v _197_/A2 (sky130_fd_sc_hd__a31o_2)
     1    0.002212    0.035633    0.228351    4.035717 v _197_/X (sky130_fd_sc_hd__a31o_2)
                                                         _054_ (net)
                      0.035633    0.000000    4.035717 v _198_/B2 (sky130_fd_sc_hd__o22a_2)
     1    0.033442    0.115963    0.276884    4.312602 v _198_/X (sky130_fd_sc_hd__o22a_2)
                                                         Y[7] (net)
                      0.115963    0.000000    4.312602 v Y[7] (out)
                                              4.312602   data arrival time

                      0.000000   10.000000   10.000000   clock __VIRTUAL_CLK__ (rise edge)
                                  0.000000   10.000000   clock network delay (ideal)
                                 -0.250000    9.750000   clock uncertainty
                                  0.000000    9.750000   clock reconvergence pessimism
                                 -2.000000    7.750000   output external delay
                                              7.750000   data required time
---------------------------------------------------------------------------------------------
                                              7.750000   data required time
                                             -4.312602   data arrival time
---------------------------------------------------------------------------------------------
                                              3.437398   slack (MET)


Startpoint: B[5] (input port clocked by __VIRTUAL_CLK__)
Endpoint: CARRY (output port clocked by __VIRTUAL_CLK__)
Path Group: __VIRTUAL_CLK__
Path Type: max

Fanout         Cap        Slew       Delay        Time   Description
---------------------------------------------------------------------------------------------
                      0.000000    0.000000    0.000000   clock __VIRTUAL_CLK__ (rise edge)
                                  0.000000    0.000000   clock network delay (ideal)
                                  2.000000    2.000000 v input external delay
     3    0.007210    0.018837    0.012227    2.012227 v B[5] (in)
                                                         B[5] (net)
                      0.018837    0.000000    2.012227 v _210_/A (sky130_fd_sc_hd__or2_2)
     5    0.013918    0.087555    0.342177    2.354404 v _210_/X (sky130_fd_sc_hd__or2_2)
                                                         _066_ (net)
                      0.087555    0.000000    2.354404 v _211_/B (sky130_fd_sc_hd__and2_2)
     2    0.002901    0.037329    0.212156    2.566560 v _211_/X (sky130_fd_sc_hd__and2_2)
                                                         _067_ (net)
                      0.037329    0.000000    2.566560 v _234_/A (sky130_fd_sc_hd__or2_2)
     1    0.001486    0.049302    0.289188    2.855748 v _234_/X (sky130_fd_sc_hd__or2_2)
                                                         _090_ (net)
                      0.049302    0.000000    2.855748 v _235_/B (sky130_fd_sc_hd__or3b_2)
     3    0.008628    0.099142    0.493010    3.348758 v _235_/X (sky130_fd_sc_hd__or3b_2)
                                                         _091_ (net)
                      0.099142    0.000000    3.348758 v _239_/A1 (sky130_fd_sc_hd__a31o_2)
     3    0.010827    0.057947    0.256118    3.604876 v _239_/X (sky130_fd_sc_hd__a31o_2)
                                                         _095_ (net)
                      0.057947    0.000000    3.604876 v _241_/A1 (sky130_fd_sc_hd__a21o_2)
     2    0.004440    0.039337    0.202490    3.807367 v _241_/X (sky130_fd_sc_hd__a21o_2)
                                                         _097_ (net)
                      0.039337    0.000000    3.807367 v _256_/A3 (sky130_fd_sc_hd__a32o_2)
     1    0.033442    0.108282    0.351480    4.158847 v _256_/X (sky130_fd_sc_hd__a32o_2)
                                                         CARRY (net)
                      0.108282    0.000000    4.158847 v CARRY (out)
                                              4.158847   data arrival time

                      0.000000   10.000000   10.000000   clock __VIRTUAL_CLK__ (rise edge)
                                  0.000000   10.000000   clock network delay (ideal)
                                 -0.250000    9.750000   clock uncertainty
                                  0.000000    9.750000   clock reconvergence pessimism
                                 -2.000000    7.750000   output external delay
                                              7.750000   data required time
---------------------------------------------------------------------------------------------
                                              7.750000   data required time
                                             -4.158847   data arrival time
---------------------------------------------------------------------------------------------
                                              3.591153   slack (MET)


Startpoint: B[5] (input port clocked by __VIRTUAL_CLK__)
Endpoint: Y[6] (output port clocked by __VIRTUAL_CLK__)
Path Group: __VIRTUAL_CLK__
Path Type: max

Fanout         Cap        Slew       Delay        Time   Description
---------------------------------------------------------------------------------------------
                      0.000000    0.000000    0.000000   clock __VIRTUAL_CLK__ (rise edge)
                                  0.000000    0.000000   clock network delay (ideal)
                                  2.000000    2.000000 v input external delay
     3    0.007210    0.018837    0.012227    2.012227 v B[5] (in)
                                                         B[5] (net)
                      0.018837    0.000000    2.012227 v _210_/A (sky130_fd_sc_hd__or2_2)
     5    0.013918    0.087555    0.342177    2.354404 v _210_/X (sky130_fd_sc_hd__or2_2)
                                                         _066_ (net)
                      0.087555    0.000000    2.354404 v _211_/B (sky130_fd_sc_hd__and2_2)
     2    0.002901    0.037329    0.212156    2.566560 v _211_/X (sky130_fd_sc_hd__and2_2)
                                                         _067_ (net)
                      0.037329    0.000000    2.566560 v _234_/A (sky130_fd_sc_hd__or2_2)
     1    0.001486    0.049302    0.289188    2.855748 v _234_/X (sky130_fd_sc_hd__or2_2)
                                                         _090_ (net)
                      0.049302    0.000000    2.855748 v _235_/B (sky130_fd_sc_hd__or3b_2)
     3    0.008628    0.099142    0.493010    3.348758 v _235_/X (sky130_fd_sc_hd__or3b_2)
                                                         _091_ (net)
                      0.099142    0.000000    3.348758 v _239_/A1 (sky130_fd_sc_hd__a31o_2)
     3    0.010827    0.057947    0.256118    3.604876 v _239_/X (sky130_fd_sc_hd__a31o_2)
                                                         _095_ (net)
                      0.057947    0.000000    3.604876 v _183_/B (sky130_fd_sc_hd__nand2_2)
     1    0.004821    0.046591    0.072964    3.677840 ^ _183_/Y (sky130_fd_sc_hd__nand2_2)
                                                         _041_ (net)
                      0.046591    0.000000    3.677840 ^ _184_/B1 (sky130_fd_sc_hd__a41oi_2)
     1    0.002302    0.090082    0.030765    3.708605 v _184_/Y (sky130_fd_sc_hd__a41oi_2)
                                                         _042_ (net)
                      0.090082    0.000000    3.708605 v _190_/B1 (sky130_fd_sc_hd__o22a_2)
     1    0.033442    0.115910    0.318688    4.027294 v _190_/X (sky130_fd_sc_hd__o22a_2)
                                                         Y[6] (net)
                      0.115910    0.000000    4.027294 v Y[6] (out)
                                              4.027294   data arrival time

                      0.000000   10.000000   10.000000   clock __VIRTUAL_CLK__ (rise edge)
                                  0.000000   10.000000   clock network delay (ideal)
                                 -0.250000    9.750000   clock uncertainty
                                  0.000000    9.750000   clock reconvergence pessimism
                                 -2.000000    7.750000   output external delay
                                              7.750000   data required time
---------------------------------------------------------------------------------------------
                                              7.750000   data required time
                                             -4.027294   data arrival time
---------------------------------------------------------------------------------------------
                                              3.722706   slack (MET)


Startpoint: B[5] (input port clocked by __VIRTUAL_CLK__)
Endpoint: Y[5] (output port clocked by __VIRTUAL_CLK__)
Path Group: __VIRTUAL_CLK__
Path Type: max

Fanout         Cap        Slew       Delay        Time   Description
---------------------------------------------------------------------------------------------
                      0.000000    0.000000    0.000000   clock __VIRTUAL_CLK__ (rise edge)
                                  0.000000    0.000000   clock network delay (ideal)
                                  2.000000    2.000000 v input external delay
     3    0.007210    0.018837    0.012227    2.012227 v B[5] (in)
                                                         B[5] (net)
                      0.018837    0.000000    2.012227 v _210_/A (sky130_fd_sc_hd__or2_2)
     5    0.013918    0.087555    0.342177    2.354404 v _210_/X (sky130_fd_sc_hd__or2_2)
                                                         _066_ (net)
                      0.087555    0.000000    2.354404 v _211_/B (sky130_fd_sc_hd__and2_2)
     2    0.002901    0.037329    0.212156    2.566560 v _211_/X (sky130_fd_sc_hd__and2_2)
                                                         _067_ (net)
                      0.037329    0.000000    2.566560 v _234_/A (sky130_fd_sc_hd__or2_2)
     1    0.001486    0.049302    0.289188    2.855748 v _234_/X (sky130_fd_sc_hd__or2_2)
                                                         _090_ (net)
                      0.049302    0.000000    2.855748 v _235_/B (sky130_fd_sc_hd__or3b_2)
     3    0.008628    0.099142    0.493010    3.348758 v _235_/X (sky130_fd_sc_hd__or3b_2)
                                                         _091_ (net)
                      0.099142    0.000000    3.348758 v _180_/A2 (sky130_fd_sc_hd__a41o_2)
     1    0.002147    0.035747    0.264561    3.613319 v _180_/X (sky130_fd_sc_hd__a41o_2)
                                                         _039_ (net)
                      0.035747    0.000000    3.613319 v _181_/B1 (sky130_fd_sc_hd__a31o_2)
     1    0.033442    0.106392    0.302951    3.916270 v _181_/X (sky130_fd_sc_hd__a31o_2)
                                                         Y[5] (net)
                      0.106392    0.000000    3.916270 v Y[5] (out)
                                              3.916270   data arrival time

                      0.000000   10.000000   10.000000   clock __VIRTUAL_CLK__ (rise edge)
                                  0.000000   10.000000   clock network delay (ideal)
                                 -0.250000    9.750000   clock uncertainty
                                  0.000000    9.750000   clock reconvergence pessimism
                                 -2.000000    7.750000   output external delay
                                              7.750000   data required time
---------------------------------------------------------------------------------------------
                                              7.750000   data required time
                                             -3.916270   data arrival time
---------------------------------------------------------------------------------------------
                                              3.833730   slack (MET)


Startpoint: A[2] (input port clocked by __VIRTUAL_CLK__)
Endpoint: Y[4] (output port clocked by __VIRTUAL_CLK__)
Path Group: __VIRTUAL_CLK__
Path Type: max

Fanout         Cap        Slew       Delay        Time   Description
---------------------------------------------------------------------------------------------
                      0.000000    0.000000    0.000000   clock __VIRTUAL_CLK__ (rise edge)
                                  0.000000    0.000000   clock network delay (ideal)
                                  2.000000    2.000000 v input external delay
     6    0.013056    0.031507    0.022159    2.022159 v A[2] (in)
                                                         A[2] (net)
                      0.031507    0.000000    2.022159 v _222_/B (sky130_fd_sc_hd__and2_2)
     3    0.007665    0.049442    0.203334    2.225493 v _222_/X (sky130_fd_sc_hd__and2_2)
                                                         _078_ (net)
                      0.049442    0.000000    2.225493 v _224_/A_N (sky130_fd_sc_hd__nand2b_2)
     6    0.023408    0.113475    0.249124    2.474617 v _224_/Y (sky130_fd_sc_hd__nand2b_2)
                                                         _080_ (net)
                      0.113475    0.000000    2.474617 v _228_/A2 (sky130_fd_sc_hd__a211o_2)
     2    0.005661    0.056942    0.378558    2.853175 v _228_/X (sky130_fd_sc_hd__a211o_2)
                                                         _084_ (net)
                      0.056942    0.000000    2.853175 v _229_/B (sky130_fd_sc_hd__nand2_2)
     2    0.009168    0.067522    0.088813    2.941988 ^ _229_/Y (sky130_fd_sc_hd__nand2_2)
                                                         _085_ (net)
                      0.067522    0.000000    2.941988 ^ _164_/A (sky130_fd_sc_hd__nand2_2)
     1    0.001470    0.049063    0.038652    2.980640 v _164_/Y (sky130_fd_sc_hd__nand2_2)
                                                         _024_ (net)
                      0.049063    0.000000    2.980640 v _165_/B (sky130_fd_sc_hd__and3b_2)
     1    0.002257    0.036664    0.195459    3.176100 v _165_/X (sky130_fd_sc_hd__and3b_2)
                                                         _025_ (net)
                      0.036664    0.000000    3.176100 v _172_/A1 (sky130_fd_sc_hd__o41a_2)
     1    0.033442    0.142736    0.614361    3.790461 v _172_/X (sky130_fd_sc_hd__o41a_2)
                                                         Y[4] (net)
                      0.142736    0.000000    3.790461 v Y[4] (out)
                                              3.790461   data arrival time

                      0.000000   10.000000   10.000000   clock __VIRTUAL_CLK__ (rise edge)
                                  0.000000   10.000000   clock network delay (ideal)
                                 -0.250000    9.750000   clock uncertainty
                                  0.000000    9.750000   clock reconvergence pessimism
                                 -2.000000    7.750000   output external delay
                                              7.750000   data required time
---------------------------------------------------------------------------------------------
                                              7.750000   data required time
                                             -3.790461   data arrival time
---------------------------------------------------------------------------------------------
                                              3.959539   slack (MET)


Startpoint: B[3] (input port clocked by __VIRTUAL_CLK__)
Endpoint: Y[3] (output port clocked by __VIRTUAL_CLK__)
Path Group: __VIRTUAL_CLK__
Path Type: max

Fanout         Cap        Slew       Delay        Time   Description
---------------------------------------------------------------------------------------------
                      0.000000    0.000000    0.000000   clock __VIRTUAL_CLK__ (rise edge)
                                  0.000000    0.000000   clock network delay (ideal)
                                  2.000000    2.000000 ^ input external delay
     5    0.014878    0.074518    0.051975    2.051975 ^ B[3] (in)
                                                         B[3] (net)
                      0.074518    0.000000    2.051975 ^ _215_/A_N (sky130_fd_sc_hd__and2b_2)
     2    0.006270    0.045608    0.236085    2.288060 v _215_/X (sky130_fd_sc_hd__and2b_2)
                                                         _071_ (net)
                      0.045608    0.000000    2.288060 v _243_/B (sky130_fd_sc_hd__nor2_2)
     5    0.021696    0.254279    0.222107    2.510166 ^ _243_/Y (sky130_fd_sc_hd__nor2_2)
                                                         _099_ (net)
                      0.254279    0.000000    2.510166 ^ _158_/C (sky130_fd_sc_hd__or3_2)
     1    0.001572    0.028751    0.164226    2.674392 ^ _158_/X (sky130_fd_sc_hd__or3_2)
                                                         _019_ (net)
                      0.028751    0.000000    2.674392 ^ _161_/C_N (sky130_fd_sc_hd__or3b_2)
     1    0.002147    0.072927    0.441538    3.115931 v _161_/X (sky130_fd_sc_hd__or3b_2)
                                                         _022_ (net)
                      0.072927    0.000000    3.115931 v _162_/B1 (sky130_fd_sc_hd__a31o_2)
     1    0.001758    0.034201    0.222074    3.338004 v _162_/X (sky130_fd_sc_hd__a31o_2)
                                                         _023_ (net)
                      0.034201    0.000000    3.338004 v _163_/B2 (sky130_fd_sc_hd__o2bb2a_2)
     1    0.033442    0.114208    0.343870    3.681874 v _163_/X (sky130_fd_sc_hd__o2bb2a_2)
                                                         Y[3] (net)
                      0.114208    0.000000    3.681874 v Y[3] (out)
                                              3.681874   data arrival time

                      0.000000   10.000000   10.000000   clock __VIRTUAL_CLK__ (rise edge)
                                  0.000000   10.000000   clock network delay (ideal)
                                 -0.250000    9.750000   clock uncertainty
                                  0.000000    9.750000   clock reconvergence pessimism
                                 -2.000000    7.750000   output external delay
                                              7.750000   data required time
---------------------------------------------------------------------------------------------
                                              7.750000   data required time
                                             -3.681874   data arrival time
---------------------------------------------------------------------------------------------
                                              4.068126   slack (MET)


Startpoint: A[2] (input port clocked by __VIRTUAL_CLK__)
Endpoint: Y[2] (output port clocked by __VIRTUAL_CLK__)
Path Group: __VIRTUAL_CLK__
Path Type: max

Fanout         Cap        Slew       Delay        Time   Description
---------------------------------------------------------------------------------------------
                      0.000000    0.000000    0.000000   clock __VIRTUAL_CLK__ (rise edge)
                                  0.000000    0.000000   clock network delay (ideal)
                                  2.000000    2.000000 v input external delay
     6    0.013056    0.031507    0.022159    2.022159 v A[2] (in)
                                                         A[2] (net)
                      0.031507    0.000000    2.022159 v _223_/B (sky130_fd_sc_hd__or2_2)
     3    0.010813    0.079581    0.314949    2.337107 v _223_/X (sky130_fd_sc_hd__or2_2)
                                                         _079_ (net)
                      0.079581    0.000000    2.337107 v _224_/B (sky130_fd_sc_hd__nand2b_2)
     6    0.025775    0.151743    0.161638    2.498746 ^ _224_/Y (sky130_fd_sc_hd__nand2b_2)
                                                         _080_ (net)
                      0.151743    0.000000    2.498746 ^ _148_/A (sky130_fd_sc_hd__nor2_2)
     1    0.002067    0.035911    0.054804    2.553550 v _148_/Y (sky130_fd_sc_hd__nor2_2)
                                                         _010_ (net)
                      0.035911    0.000000    2.553550 v _150_/C1 (sky130_fd_sc_hd__a221o_2)
     1    0.002195    0.050348    0.297747    2.851298 v _150_/X (sky130_fd_sc_hd__a221o_2)
                                                         _012_ (net)
                      0.050348    0.000000    2.851298 v _151_/B1 (sky130_fd_sc_hd__a211o_2)
     1    0.002212    0.044982    0.309088    3.160385 v _151_/X (sky130_fd_sc_hd__a211o_2)
                                                         _013_ (net)
                      0.044982    0.000000    3.160385 v _152_/B2 (sky130_fd_sc_hd__o22a_2)
     1    0.033442    0.116101    0.280286    3.440671 v _152_/X (sky130_fd_sc_hd__o22a_2)
                                                         Y[2] (net)
                      0.116101    0.000000    3.440671 v Y[2] (out)
                                              3.440671   data arrival time

                      0.000000   10.000000   10.000000   clock __VIRTUAL_CLK__ (rise edge)
                                  0.000000   10.000000   clock network delay (ideal)
                                 -0.250000    9.750000   clock uncertainty
                                  0.000000    9.750000   clock reconvergence pessimism
                                 -2.000000    7.750000   output external delay
                                              7.750000   data required time
---------------------------------------------------------------------------------------------
                                              7.750000   data required time
                                             -3.440671   data arrival time
---------------------------------------------------------------------------------------------
                                              4.309329   slack (MET)


Startpoint: OP[1] (input port clocked by __VIRTUAL_CLK__)
Endpoint: Y[1] (output port clocked by __VIRTUAL_CLK__)
Path Group: __VIRTUAL_CLK__
Path Type: max

Fanout         Cap        Slew       Delay        Time   Description
---------------------------------------------------------------------------------------------
                      0.000000    0.000000    0.000000   clock __VIRTUAL_CLK__ (rise edge)
                                  0.000000    0.000000   clock network delay (ideal)
                                  2.000000    2.000000 ^ input external delay
    11    0.025354    0.121462    0.086297    2.086297 ^ OP[1] (in)
                                                         OP[1] (net)
                      0.121462    0.000000    2.086297 ^ _127_/A (sky130_fd_sc_hd__or2_2)
     8    0.026236    0.143358    0.219229    2.305526 ^ _127_/X (sky130_fd_sc_hd__or2_2)
                                                         _115_ (net)
                      0.143358    0.000000    2.305526 ^ _141_/A2_N (sky130_fd_sc_hd__a2bb2o_2)
     1    0.002291    0.041715    0.287639    2.593165 v _141_/X (sky130_fd_sc_hd__a2bb2o_2)
                                                         _004_ (net)
                      0.041715    0.000000    2.593165 v _142_/C1 (sky130_fd_sc_hd__a2111o_2)
     1    0.002197    0.058527    0.403112    2.996277 v _142_/X (sky130_fd_sc_hd__a2111o_2)
                                                         _005_ (net)
                      0.058527    0.000000    2.996277 v _144_/A2 (sky130_fd_sc_hd__o22a_2)
     1    0.033442    0.116025    0.316367    3.312644 v _144_/X (sky130_fd_sc_hd__o22a_2)
                                                         Y[1] (net)
                      0.116025    0.000000    3.312644 v Y[1] (out)
                                              3.312644   data arrival time

                      0.000000   10.000000   10.000000   clock __VIRTUAL_CLK__ (rise edge)
                                  0.000000   10.000000   clock network delay (ideal)
                                 -0.250000    9.750000   clock uncertainty
                                  0.000000    9.750000   clock reconvergence pessimism
                                 -2.000000    7.750000   output external delay
                                              7.750000   data required time
---------------------------------------------------------------------------------------------
                                              7.750000   data required time
                                             -3.312644   data arrival time
---------------------------------------------------------------------------------------------
                                              4.437356   slack (MET)


Startpoint: A[0] (input port clocked by __VIRTUAL_CLK__)
Endpoint: Y[0] (output port clocked by __VIRTUAL_CLK__)
Path Group: __VIRTUAL_CLK__
Path Type: max

Fanout         Cap        Slew       Delay        Time   Description
---------------------------------------------------------------------------------------------
                      0.000000    0.000000    0.000000   clock __VIRTUAL_CLK__ (rise edge)
                                  0.000000    0.000000   clock network delay (ideal)
                                  2.000000    2.000000 ^ input external delay
     7    0.020463    0.099545    0.070272    2.070272 ^ A[0] (in)
                                                         A[0] (net)
                      0.099545    0.000000    2.070272 ^ _244_/B (sky130_fd_sc_hd__nand2_2)
     2    0.009342    0.052916    0.080602    2.150874 v _244_/Y (sky130_fd_sc_hd__nand2_2)
                                                         _100_ (net)
                      0.052916    0.000000    2.150874 v _125_/A0 (sky130_fd_sc_hd__mux2_1)
     1    0.002319    0.053995    0.288144    2.439018 v _125_/X (sky130_fd_sc_hd__mux2_1)
                                                         _113_ (net)
                      0.053995    0.000000    2.439018 v _126_/C1 (sky130_fd_sc_hd__o211a_2)
     1    0.001459    0.036651    0.115287    2.554305 v _126_/X (sky130_fd_sc_hd__o211a_2)
                                                         _114_ (net)
                      0.036651    0.000000    2.554305 v _132_/A (sky130_fd_sc_hd__or3_2)
     1    0.033442    0.165658    0.623181    3.177485 v _132_/X (sky130_fd_sc_hd__or3_2)
                                                         Y[0] (net)
                      0.165658    0.000000    3.177485 v Y[0] (out)
                                              3.177485   data arrival time

                      0.000000   10.000000   10.000000   clock __VIRTUAL_CLK__ (rise edge)
                                  0.000000   10.000000   clock network delay (ideal)
                                 -0.250000    9.750000   clock uncertainty
                                  0.000000    9.750000   clock reconvergence pessimism
                                 -2.000000    7.750000   output external delay
                                              7.750000   data required time
---------------------------------------------------------------------------------------------
                                              7.750000   data required time
                                             -3.177485   data arrival time
---------------------------------------------------------------------------------------------
                                              4.572515   slack (MET)



%OL_END_REPORT
%OL_CREATE_REPORT checks.rpt

===========================================================================
report_checks -unconstrained
===========================================================================
======================= nom_tt_025C_1v80 Corner ===================================

Startpoint: B[5] (input port clocked by __VIRTUAL_CLK__)
Endpoint: Y[7] (output port clocked by __VIRTUAL_CLK__)
Path Group: __VIRTUAL_CLK__
Path Type: max

Fanout         Cap        Slew       Delay        Time   Description
---------------------------------------------------------------------------------------------
                      0.000000    0.000000    0.000000   clock __VIRTUAL_CLK__ (rise edge)
                                  0.000000    0.000000   clock network delay (ideal)
                                  2.000000    2.000000 v input external delay
     3    0.007210    0.018837    0.012227    2.012227 v B[5] (in)
                                                         B[5] (net)
                      0.018837    0.000000    2.012227 v _210_/A (sky130_fd_sc_hd__or2_2)
     5    0.013918    0.087555    0.342177    2.354404 v _210_/X (sky130_fd_sc_hd__or2_2)
                                                         _066_ (net)
                      0.087555    0.000000    2.354404 v _211_/B (sky130_fd_sc_hd__and2_2)
     2    0.002901    0.037329    0.212156    2.566560 v _211_/X (sky130_fd_sc_hd__and2_2)
                                                         _067_ (net)
                      0.037329    0.000000    2.566560 v _234_/A (sky130_fd_sc_hd__or2_2)
     1    0.001486    0.049302    0.289188    2.855748 v _234_/X (sky130_fd_sc_hd__or2_2)
                                                         _090_ (net)
                      0.049302    0.000000    2.855748 v _235_/B (sky130_fd_sc_hd__or3b_2)
     3    0.008628    0.099142    0.493010    3.348758 v _235_/X (sky130_fd_sc_hd__or3b_2)
                                                         _091_ (net)
                      0.099142    0.000000    3.348758 v _239_/A1 (sky130_fd_sc_hd__a31o_2)
     3    0.010827    0.057947    0.256118    3.604876 v _239_/X (sky130_fd_sc_hd__a31o_2)
                                                         _095_ (net)
                      0.057947    0.000000    3.604876 v _241_/A1 (sky130_fd_sc_hd__a21o_2)
     2    0.004440    0.039337    0.202490    3.807367 v _241_/X (sky130_fd_sc_hd__a21o_2)
                                                         _097_ (net)
                      0.039337    0.000000    3.807367 v _197_/A2 (sky130_fd_sc_hd__a31o_2)
     1    0.002212    0.035633    0.228351    4.035717 v _197_/X (sky130_fd_sc_hd__a31o_2)
                                                         _054_ (net)
                      0.035633    0.000000    4.035717 v _198_/B2 (sky130_fd_sc_hd__o22a_2)
     1    0.033442    0.115963    0.276884    4.312602 v _198_/X (sky130_fd_sc_hd__o22a_2)
                                                         Y[7] (net)
                      0.115963    0.000000    4.312602 v Y[7] (out)
                                              4.312602   data arrival time

                      0.000000   10.000000   10.000000   clock __VIRTUAL_CLK__ (rise edge)
                                  0.000000   10.000000   clock network delay (ideal)
                                 -0.250000    9.750000   clock uncertainty
                                  0.000000    9.750000   clock reconvergence pessimism
                                 -2.000000    7.750000   output external delay
                                              7.750000   data required time
---------------------------------------------------------------------------------------------
                                              7.750000   data required time
                                             -4.312602   data arrival time
---------------------------------------------------------------------------------------------
                                              3.437398   slack (MET)




===========================================================================
report_checks --slack_max -0.01
============================================================================
======================= nom_tt_025C_1v80 Corner ===================================

No paths found.


===========================================================================
 report_check_types -max_slew -max_cap -max_fanout -violators
============================================================================
======================= nom_tt_025C_1v80 Corner ===================================

max fanout

Pin                                   Limit Fanout  Slack
---------------------------------------------------------
OP[0]                                    10     11        (VIOLATED)
OP[1]                                    10     11        (VIOLATED)



===========================================================================
report_parasitic_annotation -report_unannotated
============================================================================
Found 152 unannotated drivers.
 A[0]
 A[1]
 A[2]
 A[3]
 A[4]
 A[5]
 A[6]
 A[7]
 B[0]
 B[1]
 B[2]
 B[3]
 B[4]
 B[5]
 B[6]
 B[7]
 OP[0]
 OP[1]
 OP[2]
 _124_/Y
 _125_/X
 _126_/X
 _127_/X
 _128_/Y
 _129_/Y
 _130_/X
 _131_/X
 _132_/X
 _133_/X
 _134_/Y
 _135_/Y
 _136_/X
 _137_/X
 _138_/Y
 _139_/Y
 _140_/X
 _141_/X
 _142_/X
 _143_/X
 _144_/X
 _145_/Y
 _146_/X
 _147_/Y
 _148_/Y
 _149_/X
 _150_/X
 _151_/X
 _152_/X
 _153_/Y
 _154_/X
 _155_/Y
 _156_/X
 _157_/Y
 _158_/X
 _159_/X
 _160_/X
 _161_/X
 _162_/X
 _163_/X
 _164_/Y
 _165_/X
 _166_/X
 _167_/X
 _168_/X
 _169_/X
 _170_/X
 _171_/X
 _172_/X
 _173_/X
 _174_/Y
 _175_/Y
 _176_/X
 _177_/X
 _178_/X
 _179_/X
 _180_/X
 _181_/X
 _182_/Y
 _183_/Y
 _184_/Y
 _185_/Y
 _186_/Y
 _187_/X
 _188_/X
 _189_/X
 _190_/X
 _191_/X
 _192_/Y
 _193_/X
 _194_/X
 _195_/X
 _196_/X
 _197_/X
 _198_/X
 _199_/Y
 _200_/Y
 _201_/Y
 _202_/Y
 _203_/X
 _204_/Y
 _205_/Y
 _206_/X
 _207_/Y
 _208_/Y
 _209_/Y
 _210_/X
 _211_/X
 _212_/Y
 _213_/Y
 _214_/Y
 _215_/X
 _216_/X
 _217_/X
 _218_/Y
 _219_/Y
 _220_/X
 _221_/X
 _222_/X
 _223_/X
 _224_/Y
 _225_/Y
 _226_/X
 _227_/X
 _228_/X
 _229_/Y
 _230_/X
 _231_/Y
 _232_/Y
 _233_/Y
 _234_/X
 _235_/X
 _236_/X
 _237_/X
 _238_/Y
 _239_/X
 _240_/Y
 _241_/X
 _242_/Y
 _243_/Y
 _244_/Y
 _245_/X
 _246_/Y
 _247_/Y
 _248_/Y
 _249_/Y
 _250_/X
 _251_/Y
 _252_/X
 _253_/X
 _254_/Y
 _255_/X
 _256_/X
Found 0 partially unannotated drivers.

===========================================================================
max slew violation count 0
%OL_METRIC_I design__max_slew_violation__count__corner:nom_tt_025C_1v80 0
max fanout violation count 2
%OL_METRIC_I design__max_fanout_violation__count__corner:nom_tt_025C_1v80 2
max cap violation count 0
%OL_METRIC_I design__max_cap_violation__count__corner:nom_tt_025C_1v80 0
============================================================================

===========================================================================
check_setup -verbose -unconstrained_endpoints -multiple_clock -no_clock -no_input_delay -loops -generated_clocks
===========================================================================
%OL_END_REPORT
%OL_CREATE_REPORT power.rpt

===========================================================================
 report_power
============================================================================
======================= nom_tt_025C_1v80 Corner ===================================

Group                    Internal    Switching      Leakage        Total
                            Power        Power        Power        Power (Watts)
------------------------------------------------------------------------
Sequential           0.000000e+00 0.000000e+00 0.000000e+00 0.000000e+00   0.0%
Combinational        3.051904e-05 3.022299e-05 5.103726e-10 6.074255e-05 100.0%
Clock                0.000000e+00 0.000000e+00 0.000000e+00 0.000000e+00   0.0%
Macro                0.000000e+00 0.000000e+00 0.000000e+00 0.000000e+00   0.0%
Pad                  0.000000e+00 0.000000e+00 0.000000e+00 0.000000e+00   0.0%
------------------------------------------------------------------------
Total                3.051904e-05 3.022299e-05 5.103726e-10 6.074255e-05 100.0%
                            50.2%        49.8%         0.0%
%OL_METRIC_F power__internal__total 3.051904059248045e-5
%OL_METRIC_F power__switching__total 3.0222994610085152e-5
%OL_METRIC_F power__leakage__total 5.103725775335022e-10
%OL_METRIC_F power__total 6.0742546338588e-5

%OL_END_REPORT
%OL_CREATE_REPORT skew.min.rpt

===========================================================================
Clock Skew (Hold)
============================================================================
%OL_METRIC_F clock__skew__worst_hold__corner:nom_tt_025C_1v80 0.0
======================= nom_tt_025C_1v80 Corner ===================================

Clock __VIRTUAL_CLK__
No launch/capture paths found.

%OL_END_REPORT
%OL_CREATE_REPORT skew.max.rpt

===========================================================================
Clock Skew (Setup)
============================================================================
%OL_METRIC_F clock__skew__worst_setup__corner:nom_tt_025C_1v80 0.0
======================= nom_tt_025C_1v80 Corner ===================================

Clock __VIRTUAL_CLK__
No launch/capture paths found.

%OL_END_REPORT
%OL_CREATE_REPORT ws.min.rpt

===========================================================================
Worst Slack (Hold)
============================================================================
%OL_METRIC_F timing__hold__ws__corner:nom_tt_025C_1v80 4.055192740828753
nom_tt_025C_1v80: 4.055192740828753
%OL_END_REPORT
%OL_CREATE_REPORT ws.max.rpt

===========================================================================
Worst Slack (Setup)
============================================================================
%OL_METRIC_F timing__setup__ws__corner:nom_tt_025C_1v80 3.43739801907341
nom_tt_025C_1v80: 3.43739801907341
%OL_END_REPORT
%OL_CREATE_REPORT tns.min.rpt

===========================================================================
Total Negative Slack (Hold)
============================================================================
%OL_METRIC_F timing__hold__tns__corner:nom_tt_025C_1v80 0.0
nom_tt_025C_1v80: 0.0
%OL_END_REPORT
%OL_CREATE_REPORT tns.max.rpt

===========================================================================
Total Negative Slack (Setup)
============================================================================
%OL_METRIC_F timing__setup__tns__corner:nom_tt_025C_1v80 0.0
nom_tt_025C_1v80: 0.0
%OL_END_REPORT
%OL_CREATE_REPORT wns.min.rpt

===========================================================================
Worst Negative Slack (Hold)
============================================================================
%OL_METRIC_F timing__hold__wns__corner:nom_tt_025C_1v80 0
nom_tt_025C_1v80: 0
%OL_END_REPORT
%OL_CREATE_REPORT wns.max.rpt

===========================================================================
Worst Negative Slack (Setup)
============================================================================
%OL_METRIC_F timing__setup__wns__corner:nom_tt_025C_1v80 0.0
nom_tt_025C_1v80: 0.0
%OL_END_REPORT
%OL_CREATE_REPORT violator_list.rpt

===========================================================================
Violator List
============================================================================
%OL_METRIC_I timing__hold_vio__count__corner:nom_tt_025C_1v80 0
%OL_METRIC_F timing__hold_r2r__ws__corner:nom_tt_025C_1v80 inf
%OL_METRIC_I timing__hold_r2r_vio__count__corner:nom_tt_025C_1v80 0
%OL_METRIC_I timing__setup_vio__count__corner:nom_tt_025C_1v80 0
%OL_METRIC_F timing__setup_r2r__ws__corner:nom_tt_025C_1v80 inf
%OL_METRIC_I timing__setup_r2r_vio__count__corner:nom_tt_025C_1v80 0
%OL_END_REPORT
%OL_CREATE_REPORT unpropagated.rpt
__VIRTUAL_CLK__
%OL_END_REPORT
%OL_CREATE_REPORT clock.rpt
Clock: __VIRTUAL_CLK__
Sources: 
Generated: no
Virtual: yes
Propagated: no
Period: 10.000000

===========================================================================
report_clock_properties
============================================================================
Clock                   Period          Waveform
----------------------------------------------------
__VIRTUAL_CLK__      10.000000    0.000000  5.000000

===========================================================================
report_clock_latency
============================================================================
Clock __VIRTUAL_CLK__


===========================================================================
report_clock_min_period
============================================================================
__VIRTUAL_CLK__ period_min = 0.00 fmax = inf
%OL_END_REPORT
Writing SDF files for all corners…
