Reading timing models for corner nom_tt_025C_1v80…
Reading timing library for the 'nom_tt_025C_1v80' corner at '/home/gp7871/.ciel/ciel/sky130/versions/8afc8346a57fe1ab7934ba5a6056ea8b43078e71/ciel/sky130/versions/8afc8346a57fe1ab7934ba5a6056ea8b43078e71/sky130A/libs.ref/sky130_fd_sc_hd/lib/sky130_fd_sc_hd__tt_025C_1v80.lib'…
Reading OpenROAD database at '/home/gp7871/VLSI_Freelancing/projects/uart_tx_rtl_to_gds/runs/RUN_2026-09-16_17-29-04/42-openroad-repairantennas/1-openroad-diodeinsertion/uart_tx.odb'…
Reading design constraints file at '/home/gp7871/VLSI_Freelancing/projects/uart_tx_rtl_to_gds/constraints/uart_tx.sdc'…
[INFO] No information on clock propagation in input SDC file-- propagating all clocks.
[INFO ORD-0030] Using 8 thread(s).
+ detailed_route -droute_end_iter 64 -or_seed 42 -verbose 1 -output_drc /home/gp7871/VLSI_Freelancing/projects/uart_tx_rtl_to_gds/runs/RUN_2026-09-16_17-29-04/44-openroad-detailedrouting/drt-run-0/uart_tx.drc
[INFO DRT-0149] Reading tech and libs.
[WARNING DRT-0349] LEF58_ENCLOSURE with no CUTCLASS is not supported. Skipping for layer mcon
[WARNING DRT-0349] LEF58_ENCLOSURE with no CUTCLASS is not supported. Skipping for layer mcon
[WARNING DRT-0349] LEF58_ENCLOSURE with no CUTCLASS is not supported. Skipping for layer via
[WARNING DRT-0349] LEF58_ENCLOSURE with no CUTCLASS is not supported. Skipping for layer via
[WARNING DRT-0349] LEF58_ENCLOSURE with no CUTCLASS is not supported. Skipping for layer via2
[WARNING DRT-0349] LEF58_ENCLOSURE with no CUTCLASS is not supported. Skipping for layer via2
[WARNING DRT-0349] LEF58_ENCLOSURE with no CUTCLASS is not supported. Skipping for layer via3
[WARNING DRT-0349] LEF58_ENCLOSURE with no CUTCLASS is not supported. Skipping for layer via3
[WARNING DRT-0349] LEF58_ENCLOSURE with no CUTCLASS is not supported. Skipping for layer via4
[WARNING DRT-0349] LEF58_ENCLOSURE with no CUTCLASS is not supported. Skipping for layer via4

Units:                1000
Number of layers:     13
Number of macros:     445
Number of vias:       29
Number of viarulegen: 25

[INFO DRT-0150] Reading design.

Design:                   uart_tx
Die area:                 ( 0 0 ) ( 74265 84985 )
Number of track patterns: 12
Number of DEF vias:       0
Number of components:     254
Number of terminals:      15
Number of snets:          2
Number of nets:           166

[INFO DRT-0167] List of default vias:
  Layer via
    default via: M1M2_PR
  Layer via2
    default via: M2M3_PR
  Layer via3
    default via: M3M4_PR
  Layer via4
    default via: M4M5_PR
[INFO DRT-0162] Library cell analysis.
[INFO DRT-0163] Instance analysis.
[INFO DRT-0164] Number of unique instances = 83.
[INFO DRT-0168] Init region query.
[INFO DRT-0024]   Complete FR_MASTERSLICE.
[INFO DRT-0024]   Complete licon.
[INFO DRT-0024]   Complete li1.
[INFO DRT-0024]   Complete mcon.
[INFO DRT-0024]   Complete met1.
[INFO DRT-0024]   Complete via.
[INFO DRT-0024]   Complete met2.
[INFO DRT-0024]   Complete via2.
[INFO DRT-0024]   Complete met3.
[INFO DRT-0024]   Complete via3.
[INFO DRT-0024]   Complete met4.
[INFO DRT-0024]   Complete via4.
[INFO DRT-0024]   Complete met5.
[INFO DRT-0033] FR_MASTERSLICE shape region query size = 0.
[INFO DRT-0033] licon shape region query size = 0.
[INFO DRT-0033] li1 shape region query size = 5884.
[INFO DRT-0033] mcon shape region query size = 0.
[INFO DRT-0033] met1 shape region query size = 815.
[INFO DRT-0033] via shape region query size = 120.
[INFO DRT-0033] met2 shape region query size = 76.
[INFO DRT-0033] via2 shape region query size = 96.
[INFO DRT-0033] met3 shape region query size = 81.
[INFO DRT-0033] via3 shape region query size = 96.
[INFO DRT-0033] met4 shape region query size = 30.
[INFO DRT-0033] via4 shape region query size = 2.
[INFO DRT-0033] met5 shape region query size = 6.
[INFO DRT-0165] Start pin access.
[INFO DRT-0078]   Complete 617 pins.
[INFO DRT-0081]   Complete 83 unique inst patterns.
[INFO DRT-0084]   Complete 107 groups.
#scanned instances     = 254
#unique  instances     = 83
#stdCellGenAp          = 2229
#stdCellValidPlanarAp  = 7
#stdCellValidViaAp     = 1678
#stdCellPinNoAp        = 0
#stdCellPinCnt         = 551
#instTermValidViaApCnt = 0
#macroGenAp            = 0
#macroValidPlanarAp    = 0
#macroValidViaAp       = 0
#macroNoAp             = 0
[INFO DRT-0166] Complete pin access.
[INFO DRT-0267] cpu time = 00:01:47, elapsed time = 00:00:13, memory = 129.92 (MB), peak = 129.49 (MB)

[INFO DRT-0157] Number of guides:     1182

[INFO DRT-0169] Post process guides.
[INFO DRT-0176] GCELLGRID X 0 DO 10 STEP 6900 ;
[INFO DRT-0177] GCELLGRID Y 0 DO 12 STEP 6900 ;
[INFO DRT-0028]   Complete FR_MASTERSLICE.
[INFO DRT-0028]   Complete licon.
[INFO DRT-0028]   Complete li1.
[INFO DRT-0028]   Complete mcon.
[INFO DRT-0028]   Complete met1.
[INFO DRT-0028]   Complete via.
[INFO DRT-0028]   Complete met2.
[INFO DRT-0028]   Complete via2.
[INFO DRT-0028]   Complete met3.
[INFO DRT-0028]   Complete via3.
[INFO DRT-0028]   Complete met4.
[INFO DRT-0028]   Complete via4.
[INFO DRT-0028]   Complete met5.
[INFO DRT-0178] Init guide query.
[INFO DRT-0035]   Complete FR_MASTERSLICE (guide).
[INFO DRT-0035]   Complete licon (guide).
[INFO DRT-0035]   Complete li1 (guide).
[INFO DRT-0035]   Complete mcon (guide).
[INFO DRT-0035]   Complete met1 (guide).
[INFO DRT-0035]   Complete via (guide).
[INFO DRT-0035]   Complete met2 (guide).
[INFO DRT-0035]   Complete via2 (guide).
[INFO DRT-0035]   Complete met3 (guide).
[INFO DRT-0035]   Complete via3 (guide).
[INFO DRT-0035]   Complete met4 (guide).
[INFO DRT-0035]   Complete via4 (guide).
[INFO DRT-0035]   Complete met5 (guide).
[INFO DRT-0036] FR_MASTERSLICE guide region query size = 0.
[INFO DRT-0036] licon guide region query size = 0.
[INFO DRT-0036] li1 guide region query size = 440.
[INFO DRT-0036] mcon guide region query size = 0.
[INFO DRT-0036] met1 guide region query size = 364.
[INFO DRT-0036] via guide region query size = 0.
[INFO DRT-0036] met2 guide region query size = 173.
[INFO DRT-0036] via2 guide region query size = 0.
[INFO DRT-0036] met3 guide region query size = 14.
[INFO DRT-0036] via3 guide region query size = 0.
[INFO DRT-0036] met4 guide region query size = 3.
[INFO DRT-0036] via4 guide region query size = 0.
[INFO DRT-0036] met5 guide region query size = 0.
[INFO DRT-0179] Init gr pin query.
[INFO DRT-0267] cpu time = 00:00:00, elapsed time = 00:00:00, memory = 130.42 (MB), peak = 129.87 (MB)
[INFO DRT-0245] skipped writing guide updates to database.
[INFO DRT-0185] Post process initialize RPin region query.
[INFO DRT-0181] Start track assignment.
[INFO DRT-0184] Done with 616 vertical wires in 1 frboxes and 378 horizontal wires in 1 frboxes.
[INFO DRT-0186] Done with 52 vertical wires in 1 frboxes and 89 horizontal wires in 1 frboxes.
[INFO DRT-0182] Complete track assignment.
[INFO DRT-0267] cpu time = 00:00:02, elapsed time = 00:00:00, memory = 133.43 (MB), peak = 132.87 (MB)
[INFO DRT-0187] Start routing data preparation.
[INFO DRT-0267] cpu time = 00:00:00, elapsed time = 00:00:00, memory = 133.43 (MB), peak = 132.87 (MB)
[INFO DRT-0194] Start detail routing.
[INFO DRT-0195] Start 0th optimization iteration.
    Completing 20% with 0 violations.
    elapsed time = 00:00:02, memory = 140.23 (MB).
    Completing 50% with 15 violations.
    elapsed time = 00:00:04, memory = 153.73 (MB).
    Completing 70% with 16 violations.
    elapsed time = 00:00:05, memory = 154.36 (MB).
    Completing 100% with 22 violations.
    elapsed time = 00:00:05, memory = 154.36 (MB).
[INFO DRT-0199]   Number of violations = 37.
Viol/Layer         li1   met1   met2
Metal Spacing        0      3      1
Recheck              1     12      2
Short                0     14      4
[INFO DRT-0267] cpu time = 00:00:14, elapsed time = 00:00:06, memory = 509.46 (MB), peak = 508.81 (MB)
Total wire length = 3061 um.
Total wire length on LAYER li1 = 0 um.
Total wire length on LAYER met1 = 1504 um.
Total wire length on LAYER met2 = 1480 um.
Total wire length on LAYER met3 = 54 um.
Total wire length on LAYER met4 = 21 um.
Total wire length on LAYER met5 = 0 um.
Total number of vias = 1129.
Up-via summary (total 1129):

-----------------------
 FR_MASTERSLICE       0
            li1     556
           met1     556
           met2      14
           met3       3
           met4       0
-----------------------
               1129


[INFO DRT-0195] Start 1st optimization iteration.
    Completing 20% with 37 violations.
    elapsed time = 00:00:00, memory = 509.53 (MB).
    Completing 50% with 37 violations.
    elapsed time = 00:00:02, memory = 516.95 (MB).
    Completing 70% with 29 violations.
    elapsed time = 00:00:03, memory = 516.95 (MB).
    Completing 100% with 7 violations.
    elapsed time = 00:00:04, memory = 517.91 (MB).
[INFO DRT-0199]   Number of violations = 7.
Viol/Layer        met1
Metal Spacing        4
Short                3
[INFO DRT-0267] cpu time = 00:00:12, elapsed time = 00:00:05, memory = 518.04 (MB), peak = 517.44 (MB)
Total wire length = 3048 um.
Total wire length on LAYER li1 = 0 um.
Total wire length on LAYER met1 = 1498 um.
Total wire length on LAYER met2 = 1476 um.
Total wire length on LAYER met3 = 52 um.
Total wire length on LAYER met4 = 21 um.
Total wire length on LAYER met5 = 0 um.
Total number of vias = 1123.
Up-via summary (total 1123):

-----------------------
 FR_MASTERSLICE       0
            li1     559
           met1     549
           met2      12
           met3       3
           met4       0
-----------------------
               1123


[INFO DRT-0195] Start 2nd optimization iteration.
    Completing 10% with 7 violations.
    elapsed time = 00:00:00, memory = 518.04 (MB).
    Completing 20% with 7 violations.
    elapsed time = 00:00:00, memory = 518.04 (MB).
    Completing 30% with 7 violations.
    elapsed time = 00:00:00, memory = 518.04 (MB).
    Completing 40% with 7 violations.
    elapsed time = 00:00:00, memory = 518.04 (MB).
    Completing 50% with 7 violations.
    elapsed time = 00:00:00, memory = 518.04 (MB).
    Completing 60% with 7 violations.
    elapsed time = 00:00:00, memory = 518.04 (MB).
    Completing 70% with 7 violations.
    elapsed time = 00:00:00, memory = 518.04 (MB).
    Completing 80% with 7 violations.
    elapsed time = 00:00:00, memory = 523.93 (MB).
    Completing 100% with 15 violations.
    elapsed time = 00:00:06, memory = 523.93 (MB).
[INFO DRT-0199]   Number of violations = 15.
Viol/Layer        met1   met2
Metal Spacing        3      2
Short               10      0
[INFO DRT-0267] cpu time = 00:00:11, elapsed time = 00:00:07, memory = 524.94 (MB), peak = 543.19 (MB)
Total wire length = 3031 um.
Total wire length on LAYER li1 = 0 um.
Total wire length on LAYER met1 = 1486 um.
Total wire length on LAYER met2 = 1471 um.
Total wire length on LAYER met3 = 51 um.
Total wire length on LAYER met4 = 21 um.
Total wire length on LAYER met5 = 0 um.
Total number of vias = 1131.
Up-via summary (total 1131):

-----------------------
 FR_MASTERSLICE       0
            li1     559
           met1     557
           met2      12
           met3       3
           met4       0
-----------------------
               1131


[INFO DRT-0195] Start 3rd guides tiles iteration.
    Completing 10% with 15 violations.
    elapsed time = 00:00:00, memory = 529.02 (MB).
    Completing 20% with 15 violations.
    elapsed time = 00:00:00, memory = 529.49 (MB).
    Completing 30% with 15 violations.
    elapsed time = 00:00:00, memory = 530.61 (MB).
    Completing 50% with 15 violations.
    elapsed time = 00:00:00, memory = 531.84 (MB).
    Completing 60% with 15 violations.
    elapsed time = 00:00:01, memory = 531.97 (MB).
    Completing 70% with 4 violations.
    elapsed time = 00:00:01, memory = 531.97 (MB).
    Completing 80% with 4 violations.
    elapsed time = 00:00:01, memory = 532.19 (MB).
    Completing 100% with 0 violations.
    elapsed time = 00:00:01, memory = 533.86 (MB).
[INFO DRT-0199]   Number of violations = 0.
[INFO DRT-0267] cpu time = 00:00:07, elapsed time = 00:00:02, memory = 533.86 (MB), peak = 543.19 (MB)
Total wire length = 3035 um.
Total wire length on LAYER li1 = 0 um.
Total wire length on LAYER met1 = 1458 um.
Total wire length on LAYER met2 = 1476 um.
Total wire length on LAYER met3 = 77 um.
Total wire length on LAYER met4 = 21 um.
Total wire length on LAYER met5 = 0 um.
Total number of vias = 1152.
Up-via summary (total 1152):

-----------------------
 FR_MASTERSLICE       0
            li1     561
           met1     565
           met2      23
           met3       3
           met4       0
-----------------------
               1152


[INFO DRT-0198] Complete detail routing.
Total wire length = 3035 um.
Total wire length on LAYER li1 = 0 um.
Total wire length on LAYER met1 = 1458 um.
Total wire length on LAYER met2 = 1476 um.
Total wire length on LAYER met3 = 77 um.
Total wire length on LAYER met4 = 21 um.
Total wire length on LAYER met5 = 0 um.
Total number of vias = 1152.
Up-via summary (total 1152):

-----------------------
 FR_MASTERSLICE       0
            li1     561
           met1     565
           met2      23
           met3       3
           met4       0
-----------------------
               1152


[INFO DRT-0267] cpu time = 00:00:45, elapsed time = 00:00:21, memory = 534.05 (MB), peak = 543.19 (MB)

[INFO DRT-0180] Post processing.
+ check_antennas 
[INFO ANT-0002] Found 0 net violations.
[INFO ANT-0001] Found 0 pin violations.
Setting global connections for newly added cells…
[INFO] Setting global connections...
[INFO ODB-0403] 0 connections made, 0 conflicts skipped.
Updating metrics…
Cell type report:                       Count       Area
  Fill cell                                46     172.67
  Tap cell                                 50      62.56
  Clock buffer                              8     160.15
  Timing Repair Buffer                     12     120.12
  Inverter                                  6      22.52
  Sequential cell                          31     659.38
  Multi-Input combinational cell          101     917.13
  Total                                   254    2114.53
Writing OpenROAD database to '/home/gp7871/VLSI_Freelancing/projects/uart_tx_rtl_to_gds/runs/RUN_2026-09-16_17-29-04/44-openroad-detailedrouting/uart_tx.odb'…
Writing netlist to '/home/gp7871/VLSI_Freelancing/projects/uart_tx_rtl_to_gds/runs/RUN_2026-09-16_17-29-04/44-openroad-detailedrouting/uart_tx.nl.v'…
Writing powered netlist to '/home/gp7871/VLSI_Freelancing/projects/uart_tx_rtl_to_gds/runs/RUN_2026-09-16_17-29-04/44-openroad-detailedrouting/uart_tx.pnl.v'…
Writing layout to '/home/gp7871/VLSI_Freelancing/projects/uart_tx_rtl_to_gds/runs/RUN_2026-09-16_17-29-04/44-openroad-detailedrouting/uart_tx.def'…
Writing timing constraints to '/home/gp7871/VLSI_Freelancing/projects/uart_tx_rtl_to_gds/runs/RUN_2026-09-16_17-29-04/44-openroad-detailedrouting/uart_tx.sdc'…
