
===========================================================================
report_checks -unconstrained
===========================================================================
======================= min_ss_100C_1v60 Corner ===================================

Startpoint: A[5] (input port clocked by __VIRTUAL_CLK__)
Endpoint: Y[7] (output port clocked by __VIRTUAL_CLK__)
Path Group: __VIRTUAL_CLK__
Path Type: max

Fanout         Cap        Slew       Delay        Time   Description
---------------------------------------------------------------------------------------------
                      0.000000    0.000000    0.000000   clock __VIRTUAL_CLK__ (rise edge)
                                  0.000000    0.000000   clock network delay (ideal)
                                  2.000000    2.000000 v input external delay
     1    0.002888    0.018795    0.009962    2.009962 v A[5] (in)
                                                         A[5] (net)
                      0.018795    0.000000    2.009962 v input6/A (sky130_fd_sc_hd__clkdlybuf4s25_1)
     6    0.021542    0.302928    0.655116    2.665078 v input6/X (sky130_fd_sc_hd__clkdlybuf4s25_1)
                                                         net6 (net)
                      0.302928    0.000122    2.665200 v _210_/B (sky130_fd_sc_hd__or2_4)
     5    0.018250    0.114837    0.611220    3.276419 v _210_/X (sky130_fd_sc_hd__or2_4)
                                                         _066_ (net)
                      0.114837    0.000014    3.276433 v _211_/B (sky130_fd_sc_hd__and2_2)
     2    0.003978    0.075136    0.442167    3.718600 v _211_/X (sky130_fd_sc_hd__and2_2)
                                                         _067_ (net)
                      0.075136    0.000049    3.718649 v _234_/A (sky130_fd_sc_hd__or2_2)
     1    0.002142    0.106410    0.680270    4.398919 v _234_/X (sky130_fd_sc_hd__or2_2)
                                                         _090_ (net)
                      0.106410    0.000023    4.398942 v _235_/B (sky130_fd_sc_hd__or3b_2)
     3    0.012471    0.220066    1.199108    5.598049 v _235_/X (sky130_fd_sc_hd__or3b_2)
                                                         _091_ (net)
                      0.220066    0.000262    5.598312 v _239_/A1 (sky130_fd_sc_hd__a31o_2)
     3    0.017553    0.127072    0.541499    6.139811 v _239_/X (sky130_fd_sc_hd__a31o_2)
                                                         _095_ (net)
                      0.127073    0.000633    6.140444 v _241_/A1 (sky130_fd_sc_hd__a21o_2)
     2    0.005753    0.072273    0.406824    6.547268 v _241_/X (sky130_fd_sc_hd__a21o_2)
                                                         _097_ (net)
                      0.072273    0.000043    6.547311 v _197_/A2 (sky130_fd_sc_hd__a31o_2)
     1    0.003114    0.063293    0.436529    6.983840 v _197_/X (sky130_fd_sc_hd__a31o_2)
                                                         _054_ (net)
                      0.063293    0.000037    6.983877 v _198_/B2 (sky130_fd_sc_hd__o22a_2)
     1    0.002410    0.066259    0.354734    7.338611 v _198_/X (sky130_fd_sc_hd__o22a_2)
                                                         net28 (net)
                      0.066259    0.000022    7.338634 v output28/A (sky130_fd_sc_hd__clkbuf_2)
     1    0.034992    0.245669    0.355600    7.694233 v output28/X (sky130_fd_sc_hd__clkbuf_2)
                                                         Y[7] (net)
                      0.245669    0.000598    7.694831 v Y[7] (out)
                                              7.694831   data arrival time

                      0.000000   10.000000   10.000000   clock __VIRTUAL_CLK__ (rise edge)
                                  0.000000   10.000000   clock network delay (ideal)
                                 -0.250000    9.750000   clock uncertainty
                                  0.000000    9.750000   clock reconvergence pessimism
                                 -2.000000    7.750000   output external delay
                                              7.750000   data required time
---------------------------------------------------------------------------------------------
                                              7.750000   data required time
                                             -7.694831   data arrival time
---------------------------------------------------------------------------------------------
                                              0.055169   slack (MET)




===========================================================================
report_checks --slack_max -0.01
============================================================================
======================= min_ss_100C_1v60 Corner ===================================

No paths found.


===========================================================================
 report_check_types -max_slew -max_cap -max_fanout -violators
============================================================================
======================= min_ss_100C_1v60 Corner ===================================



===========================================================================
report_parasitic_annotation -report_unannotated
============================================================================
Found 0 unannotated drivers.
Found 0 partially unannotated drivers.

===========================================================================
max slew violation count 0
max fanout violation count 0
max cap violation count 0
============================================================================

===========================================================================
check_setup -verbose -unconstrained_endpoints -multiple_clock -no_clock -no_input_delay -loops -generated_clocks
===========================================================================
