114. Printing statistics.

=== uart_tx ===

        +----------Local Count, excluding submodules.
        |        +-Local Area, excluding submodules.
        |        | 
      142        - wires
      149        - wire bits
       35        - public wires
       42        - public wire bits
        6        - ports
       13        - port bits
      138  1.6E+03 cells
        2   20.019   sky130_fd_sc_hd__a211o_2
        4   35.034   sky130_fd_sc_hd__a21o_2
        3   26.275   sky130_fd_sc_hd__a21oi_2
        1   11.261   sky130_fd_sc_hd__a311o_2
        7   61.309   sky130_fd_sc_hd__a31o_2
        1   11.261   sky130_fd_sc_hd__a32o_2
        1   11.261   sky130_fd_sc_hd__a41o_2
        3   22.522   sky130_fd_sc_hd__and2_2
        5   37.536   sky130_fd_sc_hd__and3_2
        7   70.067   sky130_fd_sc_hd__and3b_2
        6   60.058   sky130_fd_sc_hd__and4_2
        1   12.512   sky130_fd_sc_hd__and4bb_2
       31  659.382   sky130_fd_sc_hd__dfxtp_2
        6   22.522   sky130_fd_sc_hd__inv_2
       14  157.651   sky130_fd_sc_hd__mux2_1
        8   50.048   sky130_fd_sc_hd__nand2_2
        2   25.024   sky130_fd_sc_hd__nand4_2
        6   37.536   sky130_fd_sc_hd__nor2_2
        1   12.512   sky130_fd_sc_hd__nor4_2
        4   40.038   sky130_fd_sc_hd__o211a_2
        1    8.758   sky130_fd_sc_hd__o21a_2
        2   17.517   sky130_fd_sc_hd__o21ai_2
        3   30.029   sky130_fd_sc_hd__o21ba_2
        1    10.01   sky130_fd_sc_hd__o31a_2
       11   68.816   sky130_fd_sc_hd__or2_2
        2   17.517   sky130_fd_sc_hd__or4_2
        3   30.029   sky130_fd_sc_hd__or4b_2
        1   16.266   sky130_fd_sc_hd__xnor2_2
        1   16.266   sky130_fd_sc_hd__xor2_2

   Chip area for module '\uart_tx': 1599.033600
     of which used for sequential elements: 659.382400 (41.24%)

