Clock: clk
Sources: clk 
Generated: no
Virtual: yes
Propagated: no
Period: 20.000000

===========================================================================
report_clock_properties
============================================================================
Clock                   Period          Waveform
----------------------------------------------------
clk                  20.000000    0.000000 10.000000

===========================================================================
report_clock_latency
============================================================================
Clock clk
rise -> rise
    min     max
0.000000 0.000000 source latency
0.000207         network latency _216_/CLK
        0.000958 network latency _230_/CLK
---------------
0.000207 0.000958 latency
        0.000751 skew

fall -> fall
    min     max
0.000000 0.000000 source latency
0.000193         network latency _216_/CLK
        0.000892 network latency _230_/CLK
---------------
0.000193 0.000892 latency
        0.000699 skew



===========================================================================
report_clock_min_period
============================================================================
clk period_min = 2.85 fmax = 350.39
