Reading timing models for corner nom_tt_025C_1v80…
Reading timing library for the 'nom_tt_025C_1v80' corner at '/home/gp7871/.ciel/ciel/sky130/versions/8afc8346a57fe1ab7934ba5a6056ea8b43078e71/ciel/sky130/versions/8afc8346a57fe1ab7934ba5a6056ea8b43078e71/sky130A/libs.ref/sky130_fd_sc_hd/lib/sky130_fd_sc_hd__tt_025C_1v80.lib'…
Reading OpenROAD database at '/home/gp7871/VLSI_Freelancing/projects/uart_tx_rtl_to_gds/runs/RUN_2026-09-16_17-29-04/21-openroad-generatepdn/uart_tx.odb'…
Reading design constraints file at '/home/gp7871/VLSI_Freelancing/projects/uart_tx_rtl_to_gds/constraints/uart_tx.sdc'…
[INFO] No information on clock propagation in input SDC file-- propagating all clocks.
+ global_placement -density 0.5 -skip_io -pad_right 0 -pad_left 0 -init_wirelength_coef 0.25
[INFO GPL-0001] ---- Initialize GPL Main Data Structures
[INFO GPL-0002] DBU: 1000
[INFO GPL-0003] SiteSize: (  0.460  2.720 ) um
[INFO GPL-0004] CoreBBox: (  5.520 10.880 ) ( 68.540 73.440 ) um
[INFO GPL-0036] Movable instances area:       1599.034 um^2
[INFO GPL-0037] Total instances area:         1834.259 um^2
[INFO GPL-0035] Pin density area adjust:       233.004 um^2
[INFO GPL-0032] ---- Initialize Region: Top-level
[INFO GPL-0006] Number of instances:               234
[INFO GPL-0007] Movable instances:                 138
[INFO GPL-0008] Fixed instances:                    96
[INFO GPL-0009] Dummy instances:                     0
[INFO GPL-0010] Number of nets:                    149
[INFO GPL-0011] Number of pins:                    514
[INFO GPL-0012] Die BBox:  (  0.000  0.000 ) ( 74.265 84.985 ) um
[INFO GPL-0013] Core BBox: (  5.520 10.880 ) ( 68.540 73.440 ) um
[INFO GPL-0016] Core area:                    3942.531 um^2
[INFO GPL-0014] Region name: top-level.
[INFO GPL-0015] Region area:                  3942.531 um^2
[INFO GPL-0017] Fixed instances area:          235.226 um^2
[INFO GPL-0018] Movable instances area:       1832.037 um^2
[INFO GPL-0019] Utilization:                    49.417 %
[INFO GPL-0020] Standard cells area:          1832.037 um^2
[INFO GPL-0021] Large instances area:            0.000 um^2
[INFO GPL-0005] ---- Execute Conjugate Gradient Initial Placement.
[INFO GPL-0051] Source of initial instance position counters:
	Odb location = 0	Core center = 138	Region center = 0
[INFO GPL-0033] ---- Initialize Nesterov Region: Top-level
[INFO GPL-0023] Placement target density:       0.5000
[INFO GPL-0024] Movable insts average area:     13.276 um^2
[INFO GPL-0025] Ideal bin area:                 26.551 um^2
[INFO GPL-0026] Ideal bin count:                   148
[INFO GPL-0027] Total bin area:               3942.531 um^2
[INFO GPL-0028] Bin count (X, Y):           8 ,      8
[INFO GPL-0029] Bin size (W * H):       7.878 *  7.820 um
[INFO GPL-0030] Number of bins:                     64
[INFO GPL-0007] ---- Execute Nesterov Global Placement.
[INFO GPL-0031] HPWL: Half-Perimeter Wirelength
Iteration | Overflow |     HPWL (um) |  HPWL(%) |   Penalty | Group
---------------------------------------------------------------
        0 |   0.9346 |  4.177110e+02 |   +0.00% |  1.17e-13 |      
       10 |   0.9344 |  3.299410e+02 |  -21.01% |  1.91e-13 |      
       20 |   0.9344 |  3.298470e+02 |   -0.03% |  3.11e-13 |      
       30 |   0.9344 |  3.297170e+02 |   -0.04% |  5.07e-13 |      
       40 |   0.9344 |  3.298090e+02 |   +0.03% |  8.26e-13 |      
       50 |   0.9344 |  3.298490e+02 |   +0.01% |  1.35e-12 |      
       60 |   0.9344 |  3.298210e+02 |   -0.01% |  2.19e-12 |      
       70 |   0.9344 |  3.298270e+02 |   +0.00% |  3.57e-12 |      
       80 |   0.9344 |  3.298170e+02 |   -0.00% |  5.82e-12 |      
       90 |   0.9344 |  3.298510e+02 |   +0.01% |  9.48e-12 |      
      100 |   0.9343 |  3.298900e+02 |   +0.01% |  1.54e-11 |      
      110 |   0.9339 |  3.300490e+02 |   +0.05% |  2.51e-11 |      
      120 |   0.9326 |  3.308180e+02 |   +0.23% |  4.10e-11 |      
      130 |   0.9271 |  3.377120e+02 |   +2.08% |  6.67e-11 |      
      140 |   0.8553 |  4.088090e+02 |  +21.05% |  1.09e-10 |      
      150 |   0.7823 |  4.922690e+02 |  +20.42% |  1.77e-10 |      
      160 |   0.7963 |  4.829860e+02 |   -1.89% |  2.88e-10 |      
      170 |   0.7553 |  6.397320e+02 |  +32.45% |  4.70e-10 |      
      180 |   0.7248 |  6.839140e+02 |   +6.91% |  7.65e-10 |      
      190 |   0.6510 |  7.559490e+02 |  +10.53% |  1.25e-09 |      
      200 |   0.6138 |  8.283930e+02 |   +9.58% |  2.03e-09 |      
      210 |   0.5950 |  9.296740e+02 |  +12.23% |  3.31e-09 |      
      220 |   0.5514 |  1.023490e+03 |  +10.09% |  5.39e-09 |      
      230 |   0.5040 |  1.107323e+03 |   +8.19% |  8.77e-09 |      
      240 |   0.4616 |  1.209347e+03 |   +9.21% |  1.43e-08 |      
      250 |   0.4214 |  1.288765e+03 |   +6.57% |  2.33e-08 |      
      260 |   0.3712 |  1.358998e+03 |   +5.45% |  3.79e-08 |      
      270 |   0.3209 |  1.403212e+03 |   +3.25% |  5.87e-08 |      
      280 |   0.2774 |  1.439541e+03 |   +2.59% |  8.65e-08 |      
      290 |   0.2314 |  1.469363e+03 |   +2.07% |  1.27e-07 |      
      300 |   0.1942 |  1.508090e+03 |   +2.64% |  1.88e-07 |      
      310 |   0.1597 |  1.531200e+03 |   +1.53% |  2.77e-07 |      
      320 |   0.1230 |  1.548998e+03 |   +1.16% |  4.07e-07 |      
      330 |   0.1003 |  1.563595e+03 |   +0.94% |  6.00e-07 |      
      331 |   0.0981 |  1.566826e+03 |          |  6.49e-07 |      
---------------------------------------------------------------
[INFO GPL-1001] Global placement finished at iteration 331
[INFO GPL-1002] Placed Cell Area             1832.0374
[INFO GPL-1003] Available Free Area          3707.3056
[INFO GPL-1004] Minimum Feasible Density        0.5000 (cell_area / free_area)
[INFO GPL-1006]   Suggested Target Densities:
[INFO GPL-1007]     - For 90% usage of free space: 0.5491
[INFO GPL-1008]     - For 80% usage of free space: 0.6177
[INFO GPL-1009]     - For 50% usage of free space: 0.9883
[INFO GPL-1014] Final placement area: 1832.04 (+0.00%)
Setting global connections for newly added cells…
[INFO] Setting global connections...
[INFO ODB-0403] 0 connections made, 0 conflicts skipped.
Updating metrics…
Cell type report:                       Count       Area
  Fill cell                                46     172.67
  Tap cell                                 50      62.56
  Inverter                                  6      22.52
  Sequential cell                          31     659.38
  Multi-Input combinational cell          101     917.13
  Total                                   234    1834.26
Writing OpenROAD database to '/home/gp7871/VLSI_Freelancing/projects/uart_tx_rtl_to_gds/runs/RUN_2026-09-16_17-29-04/24-openroad-globalplacementskipio/uart_tx.odb'…
Writing netlist to '/home/gp7871/VLSI_Freelancing/projects/uart_tx_rtl_to_gds/runs/RUN_2026-09-16_17-29-04/24-openroad-globalplacementskipio/uart_tx.nl.v'…
Writing powered netlist to '/home/gp7871/VLSI_Freelancing/projects/uart_tx_rtl_to_gds/runs/RUN_2026-09-16_17-29-04/24-openroad-globalplacementskipio/uart_tx.pnl.v'…
Writing layout to '/home/gp7871/VLSI_Freelancing/projects/uart_tx_rtl_to_gds/runs/RUN_2026-09-16_17-29-04/24-openroad-globalplacementskipio/uart_tx.def'…
Writing timing constraints to '/home/gp7871/VLSI_Freelancing/projects/uart_tx_rtl_to_gds/runs/RUN_2026-09-16_17-29-04/24-openroad-globalplacementskipio/uart_tx.sdc'…
