                                                                       Cells by Function                                                                        
┏━━━━━━━━━━━━━━━━━━━━━━━━━━━━━━━━━━━━━━━━━━━━━━━━━━━━━━━━━━━━━━━━━━━━━━━━━━━━━━━━━━━━━━━━━━━━━━━━━━━━━━━━━━━━━━━━━━━━━━━━━━━━━━━━━┳━━━━━━━━━━━━━━━━━━━━━━━━━━━━┓
┃ Cell Function                                                                                                                   ┃ Count                      ┃
┡━━━━━━━━━━━━━━━━━━━━━━━━━━━━━━━━━━━━━━━━━━━━━━━━━━━━━━━━━━━━━━━━━━━━━━━━━━━━━━━━━━━━━━━━━━━━━━━━━━━━━━━━━━━━━━━━━━━━━━━━━━━━━━━━━╇━━━━━━━━━━━━━━━━━━━━━━━━━━━━┩
│ sky130_fd_sc_hd__a211o                                                                                                          │ 2                          │
│ sky130_fd_sc_hd__a21o                                                                                                           │ 4                          │
│ sky130_fd_sc_hd__a21oi                                                                                                          │ 3                          │
│ sky130_fd_sc_hd__a311o                                                                                                          │ 1                          │
│ sky130_fd_sc_hd__a31o                                                                                                           │ 7                          │
│ sky130_fd_sc_hd__a32o                                                                                                           │ 1                          │
│ sky130_fd_sc_hd__a41o                                                                                                           │ 1                          │
│ sky130_fd_sc_hd__and2                                                                                                           │ 3                          │
│ sky130_fd_sc_hd__and3                                                                                                           │ 5                          │
│ sky130_fd_sc_hd__and3b                                                                                                          │ 7                          │
│ sky130_fd_sc_hd__and4                                                                                                           │ 6                          │
│ sky130_fd_sc_hd__and4bb                                                                                                         │ 1                          │
│ sky130_fd_sc_hd__clkbuf                                                                                                         │ 8                          │
│ sky130_fd_sc_hd__clkdlybuf4s25                                                                                                  │ 12                         │
│ sky130_fd_sc_hd__decap                                                                                                          │ 487                        │
│ sky130_fd_sc_hd__dfxtp                                                                                                          │ 31                         │
│ sky130_fd_sc_hd__fill                                                                                                           │ 97                         │
│ sky130_fd_sc_hd__inv                                                                                                            │ 6                          │
│ sky130_fd_sc_hd__mux2                                                                                                           │ 14                         │
│ sky130_fd_sc_hd__nand2                                                                                                          │ 8                          │
│ sky130_fd_sc_hd__nand4                                                                                                          │ 2                          │
│ sky130_fd_sc_hd__nor2                                                                                                           │ 6                          │
│ sky130_fd_sc_hd__nor4                                                                                                           │ 1                          │
│ sky130_fd_sc_hd__o211a                                                                                                          │ 4                          │
│ sky130_fd_sc_hd__o21a                                                                                                           │ 1                          │
│ sky130_fd_sc_hd__o21ai                                                                                                          │ 2                          │
│ sky130_fd_sc_hd__o21ba                                                                                                          │ 3                          │
│ sky130_fd_sc_hd__o31a                                                                                                           │ 1                          │
│ sky130_fd_sc_hd__or2                                                                                                            │ 11                         │
│ sky130_fd_sc_hd__or4                                                                                                            │ 2                          │
│ sky130_fd_sc_hd__or4b                                                                                                           │ 3                          │
│ sky130_fd_sc_hd__tapvpwrvgnd                                                                                                    │ 50                         │
│ sky130_fd_sc_hd__xnor2                                                                                                          │ 1                          │
│ sky130_fd_sc_hd__xor2                                                                                                           │ 1                          │
└─────────────────────────────────────────────────────────────────────────────────────────────────────────────────────────────────┴────────────────────────────┘
