
===========================================================================
report_checks -path_delay min (Hold)
============================================================================
======================= nom_tt_025C_1v80 Corner ===================================

Startpoint: OP[1] (input port clocked by __VIRTUAL_CLK__)
Endpoint: Y[7] (output port clocked by __VIRTUAL_CLK__)
Path Group: __VIRTUAL_CLK__
Path Type: min

Fanout         Cap        Slew       Delay        Time   Description
---------------------------------------------------------------------------------------------
                      0.000000    0.000000    0.000000   clock __VIRTUAL_CLK__ (rise edge)
                                  0.000000    0.000000   clock network delay (ideal)
                                  2.000000    2.000000 ^ input external delay
     1    0.003835    0.024222    0.013258    2.013258 ^ OP[1] (in)
                                                         OP[1] (net)
                      0.024230    0.000000    2.013258 ^ input18/A (sky130_fd_sc_hd__clkdlybuf4s25_1)
     2    0.005820    0.071749    0.244136    2.257394 ^ input18/X (sky130_fd_sc_hd__clkdlybuf4s25_1)
                                                         net18 (net)
                      0.071749    0.000092    2.257486 ^ _255_/B (sky130_fd_sc_hd__or3_2)
     5    0.021915    0.114973    0.167937    2.425423 ^ _255_/X (sky130_fd_sc_hd__or3_2)
                                                         _111_ (net)
                      0.114974    0.000509    2.425933 ^ _198_/A1 (sky130_fd_sc_hd__o22a_2)
     1    0.002858    0.030915    0.148355    2.574287 ^ _198_/X (sky130_fd_sc_hd__o22a_2)
                                                         net28 (net)
                      0.030915    0.000061    2.574348 ^ output28/A (sky130_fd_sc_hd__clkbuf_2)
     1    0.035731    0.196490    0.196016    2.770365 ^ output28/X (sky130_fd_sc_hd__clkbuf_2)
                                                         Y[7] (net)
                      0.196504    0.001295    2.771659 ^ Y[7] (out)
                                              2.771659   data arrival time

                      0.000000    0.000000    0.000000   clock __VIRTUAL_CLK__ (rise edge)
                                  0.000000    0.000000   clock network delay (ideal)
                                  0.250000    0.250000   clock uncertainty
                                  0.000000    0.250000   clock reconvergence pessimism
                                 -2.000000   -1.750000   output external delay
                                             -1.750000   data required time
---------------------------------------------------------------------------------------------
                                             -1.750000   data required time
                                             -2.771659   data arrival time
---------------------------------------------------------------------------------------------
                                              4.521659   slack (MET)


Startpoint: A[7] (input port clocked by __VIRTUAL_CLK__)
Endpoint: CARRY (output port clocked by __VIRTUAL_CLK__)
Path Group: __VIRTUAL_CLK__
Path Type: min

Fanout         Cap        Slew       Delay        Time   Description
---------------------------------------------------------------------------------------------
                      0.000000    0.000000    0.000000   clock __VIRTUAL_CLK__ (rise edge)
                                  0.000000    0.000000   clock network delay (ideal)
                                  2.000000    2.000000 v input external delay
     1    0.003642    0.010587    0.005575    2.005575 v A[7] (in)
                                                         A[7] (net)
                      0.010592    0.000000    2.005575 v input8/A (sky130_fd_sc_hd__clkdlybuf4s25_1)
     5    0.017764    0.139877    0.296861    2.302436 v input8/X (sky130_fd_sc_hd__clkdlybuf4s25_1)
                                                         net8 (net)
                      0.139877    0.000255    2.302691 v _200_/B (sky130_fd_sc_hd__nand2b_2)
     1    0.002923    0.034605    0.092646    2.395337 ^ _200_/Y (sky130_fd_sc_hd__nand2b_2)
                                                         _056_ (net)
                      0.034605    0.000061    2.395398 ^ _256_/A1 (sky130_fd_sc_hd__a32o_2)
     1    0.002929    0.040774    0.134497    2.529895 ^ _256_/X (sky130_fd_sc_hd__a32o_2)
                                                         net20 (net)
                      0.040774    0.000090    2.529985 ^ output20/A (sky130_fd_sc_hd__dlymetal6s2s_1)
     1    0.035315    0.355948    0.291639    2.821624 ^ output20/X (sky130_fd_sc_hd__dlymetal6s2s_1)
                                                         CARRY (net)
                      0.355952    0.000919    2.822544 ^ CARRY (out)
                                              2.822544   data arrival time

                      0.000000    0.000000    0.000000   clock __VIRTUAL_CLK__ (rise edge)
                                  0.000000    0.000000   clock network delay (ideal)
                                  0.250000    0.250000   clock uncertainty
                                  0.000000    0.250000   clock reconvergence pessimism
                                 -2.000000   -1.750000   output external delay
                                             -1.750000   data required time
---------------------------------------------------------------------------------------------
                                             -1.750000   data required time
                                             -2.822544   data arrival time
---------------------------------------------------------------------------------------------
                                              4.572543   slack (MET)


Startpoint: OP[1] (input port clocked by __VIRTUAL_CLK__)
Endpoint: Y[1] (output port clocked by __VIRTUAL_CLK__)
Path Group: __VIRTUAL_CLK__
Path Type: min

Fanout         Cap        Slew       Delay        Time   Description
---------------------------------------------------------------------------------------------
                      0.000000    0.000000    0.000000   clock __VIRTUAL_CLK__ (rise edge)
                                  0.000000    0.000000   clock network delay (ideal)
                                  2.000000    2.000000 ^ input external delay
     1    0.003835    0.024222    0.013258    2.013258 ^ OP[1] (in)
                                                         OP[1] (net)
                      0.024230    0.000000    2.013258 ^ input18/A (sky130_fd_sc_hd__clkdlybuf4s25_1)
     2    0.005820    0.071749    0.244136    2.257394 ^ input18/X (sky130_fd_sc_hd__clkdlybuf4s25_1)
                                                         net18 (net)
                      0.071749    0.000092    2.257486 ^ _255_/B (sky130_fd_sc_hd__or3_2)
     5    0.021915    0.114973    0.167937    2.425423 ^ _255_/X (sky130_fd_sc_hd__or3_2)
                                                         _111_ (net)
                      0.114975    0.000627    2.426051 ^ _144_/B2 (sky130_fd_sc_hd__o22a_2)
     1    0.003375    0.033288    0.131069    2.557120 ^ _144_/X (sky130_fd_sc_hd__o22a_2)
                                                         net22 (net)
                      0.033288    0.000079    2.557199 ^ output22/A (sky130_fd_sc_hd__clkdlybuf4s25_1)
     1    0.034873    0.352271    0.436114    2.993313 ^ output22/X (sky130_fd_sc_hd__clkdlybuf4s25_1)
                                                         Y[1] (net)
                      0.352271    0.000943    2.994256 ^ Y[1] (out)
                                              2.994256   data arrival time

                      0.000000    0.000000    0.000000   clock __VIRTUAL_CLK__ (rise edge)
                                  0.000000    0.000000   clock network delay (ideal)
                                  0.250000    0.250000   clock uncertainty
                                  0.000000    0.250000   clock reconvergence pessimism
                                 -2.000000   -1.750000   output external delay
                                             -1.750000   data required time
---------------------------------------------------------------------------------------------
                                             -1.750000   data required time
                                             -2.994256   data arrival time
---------------------------------------------------------------------------------------------
                                              4.744256   slack (MET)


Startpoint: A[0] (input port clocked by __VIRTUAL_CLK__)
Endpoint: Y[0] (output port clocked by __VIRTUAL_CLK__)
Path Group: __VIRTUAL_CLK__
Path Type: min

Fanout         Cap        Slew       Delay        Time   Description
---------------------------------------------------------------------------------------------
                      0.000000    0.000000    0.000000   clock __VIRTUAL_CLK__ (rise edge)
                                  0.000000    0.000000   clock network delay (ideal)
                                  2.000000    2.000000 v input external delay
     1    0.003431    0.010098    0.005232    2.005233 v A[0] (in)
                                                         A[0] (net)
                      0.010098    0.000000    2.005233 v input1/A (sky130_fd_sc_hd__clkdlybuf4s25_1)
     7    0.023571    0.179356    0.326316    2.331549 v input1/X (sky130_fd_sc_hd__clkdlybuf4s25_1)
                                                         net1 (net)
                      0.179356    0.000295    2.331843 v _128_/A (sky130_fd_sc_hd__nor2_2)
     1    0.002839    0.069784    0.134015    2.465859 ^ _128_/Y (sky130_fd_sc_hd__nor2_2)
                                                         _116_ (net)
                      0.069785    0.000090    2.465949 ^ _132_/B (sky130_fd_sc_hd__or3_2)
     1    0.003008    0.029012    0.103354    2.569304 ^ _132_/X (sky130_fd_sc_hd__or3_2)
                                                         net21 (net)
                      0.029012    0.000065    2.569368 ^ output21/A (sky130_fd_sc_hd__clkdlybuf4s25_1)
     1    0.035006    0.353685    0.435513    3.004881 ^ output21/X (sky130_fd_sc_hd__clkdlybuf4s25_1)
                                                         Y[0] (net)
                      0.353685    0.000988    3.005869 ^ Y[0] (out)
                                              3.005869   data arrival time

                      0.000000    0.000000    0.000000   clock __VIRTUAL_CLK__ (rise edge)
                                  0.000000    0.000000   clock network delay (ideal)
                                  0.250000    0.250000   clock uncertainty
                                  0.000000    0.250000   clock reconvergence pessimism
                                 -2.000000   -1.750000   output external delay
                                             -1.750000   data required time
---------------------------------------------------------------------------------------------
                                             -1.750000   data required time
                                             -3.005869   data arrival time
---------------------------------------------------------------------------------------------
                                              4.755869   slack (MET)


Startpoint: OP[1] (input port clocked by __VIRTUAL_CLK__)
Endpoint: Y[2] (output port clocked by __VIRTUAL_CLK__)
Path Group: __VIRTUAL_CLK__
Path Type: min

Fanout         Cap        Slew       Delay        Time   Description
---------------------------------------------------------------------------------------------
                      0.000000    0.000000    0.000000   clock __VIRTUAL_CLK__ (rise edge)
                                  0.000000    0.000000   clock network delay (ideal)
                                  2.000000    2.000000 ^ input external delay
     1    0.003835    0.024222    0.013258    2.013258 ^ OP[1] (in)
                                                         OP[1] (net)
                      0.024230    0.000000    2.013258 ^ input18/A (sky130_fd_sc_hd__clkdlybuf4s25_1)
     2    0.005820    0.071749    0.244136    2.257394 ^ input18/X (sky130_fd_sc_hd__clkdlybuf4s25_1)
                                                         net18 (net)
                      0.071749    0.000092    2.257486 ^ _255_/B (sky130_fd_sc_hd__or3_2)
     5    0.021915    0.114973    0.167937    2.425423 ^ _255_/X (sky130_fd_sc_hd__or3_2)
                                                         _111_ (net)
                      0.114978    0.000812    2.426235 ^ _152_/A1 (sky130_fd_sc_hd__o22a_2)
     1    0.003501    0.033836    0.151491    2.577726 ^ _152_/X (sky130_fd_sc_hd__o22a_2)
                                                         net23 (net)
                      0.033836    0.000112    2.577838 ^ output23/A (sky130_fd_sc_hd__clkdlybuf4s25_1)
     1    0.034555    0.349137    0.434286    3.012125 ^ output23/X (sky130_fd_sc_hd__clkdlybuf4s25_1)
                                                         Y[2] (net)
                      0.349137    0.000857    3.012981 ^ Y[2] (out)
                                              3.012981   data arrival time

                      0.000000    0.000000    0.000000   clock __VIRTUAL_CLK__ (rise edge)
                                  0.000000    0.000000   clock network delay (ideal)
                                  0.250000    0.250000   clock uncertainty
                                  0.000000    0.250000   clock reconvergence pessimism
                                 -2.000000   -1.750000   output external delay
                                             -1.750000   data required time
---------------------------------------------------------------------------------------------
                                             -1.750000   data required time
                                             -3.012981   data arrival time
---------------------------------------------------------------------------------------------
                                              4.762981   slack (MET)


Startpoint: OP[1] (input port clocked by __VIRTUAL_CLK__)
Endpoint: Y[6] (output port clocked by __VIRTUAL_CLK__)
Path Group: __VIRTUAL_CLK__
Path Type: min

Fanout         Cap        Slew       Delay        Time   Description
---------------------------------------------------------------------------------------------
                      0.000000    0.000000    0.000000   clock __VIRTUAL_CLK__ (rise edge)
                                  0.000000    0.000000   clock network delay (ideal)
                                  2.000000    2.000000 ^ input external delay
     1    0.003835    0.024222    0.013258    2.013258 ^ OP[1] (in)
                                                         OP[1] (net)
                      0.024230    0.000000    2.013258 ^ input18/A (sky130_fd_sc_hd__clkdlybuf4s25_1)
     2    0.005820    0.071749    0.244136    2.257394 ^ input18/X (sky130_fd_sc_hd__clkdlybuf4s25_1)
                                                         net18 (net)
                      0.071749    0.000092    2.257486 ^ _255_/B (sky130_fd_sc_hd__or3_2)
     5    0.021915    0.114973    0.167937    2.425423 ^ _255_/X (sky130_fd_sc_hd__or3_2)
                                                         _111_ (net)
                      0.114975    0.000609    2.426032 ^ _190_/A1 (sky130_fd_sc_hd__o22a_2)
     1    0.003791    0.035189    0.152916    2.578948 ^ _190_/X (sky130_fd_sc_hd__o22a_2)
                                                         net27 (net)
                      0.035189    0.000098    2.579046 ^ output27/A (sky130_fd_sc_hd__clkdlybuf4s25_1)
     1    0.035194    0.355382    0.438720    3.017766 ^ output27/X (sky130_fd_sc_hd__clkdlybuf4s25_1)
                                                         Y[6] (net)
                      0.355382    0.001104    3.018870 ^ Y[6] (out)
                                              3.018870   data arrival time

                      0.000000    0.000000    0.000000   clock __VIRTUAL_CLK__ (rise edge)
                                  0.000000    0.000000   clock network delay (ideal)
                                  0.250000    0.250000   clock uncertainty
                                  0.000000    0.250000   clock reconvergence pessimism
                                 -2.000000   -1.750000   output external delay
                                             -1.750000   data required time
---------------------------------------------------------------------------------------------
                                             -1.750000   data required time
                                             -3.018870   data arrival time
---------------------------------------------------------------------------------------------
                                              4.768870   slack (MET)


Startpoint: A[5] (input port clocked by __VIRTUAL_CLK__)
Endpoint: Y[4] (output port clocked by __VIRTUAL_CLK__)
Path Group: __VIRTUAL_CLK__
Path Type: min

Fanout         Cap        Slew       Delay        Time   Description
---------------------------------------------------------------------------------------------
                      0.000000    0.000000    0.000000   clock __VIRTUAL_CLK__ (rise edge)
                                  0.000000    0.000000   clock network delay (ideal)
                                  2.000000    2.000000 ^ input external delay
     1    0.002983    0.020520    0.010420    2.010420 ^ A[5] (in)
                                                         A[5] (net)
                      0.020520    0.000000    2.010420 ^ input6/A (sky130_fd_sc_hd__clkdlybuf4s25_1)
     6    0.022032    0.227278    0.348774    2.359195 ^ input6/X (sky130_fd_sc_hd__clkdlybuf4s25_1)
                                                         net6 (net)
                      0.227278    0.000547    2.359742 ^ _169_/A1 (sky130_fd_sc_hd__a211o_2)
     1    0.003077    0.026636    0.158815    2.518556 ^ _169_/X (sky130_fd_sc_hd__a211o_2)
                                                         _029_ (net)
                      0.026636    0.000066    2.518622 ^ _172_/A4 (sky130_fd_sc_hd__o41a_2)
     1    0.003863    0.033911    0.102782    2.621404 ^ _172_/X (sky130_fd_sc_hd__o41a_2)
                                                         net25 (net)
                      0.033911    0.000103    2.621506 ^ output25/A (sky130_fd_sc_hd__clkdlybuf4s25_1)
     1    0.034315    0.346805    0.432716    3.054223 ^ output25/X (sky130_fd_sc_hd__clkdlybuf4s25_1)
                                                         Y[4] (net)
                      0.346805    0.000901    3.055123 ^ Y[4] (out)
                                              3.055123   data arrival time

                      0.000000    0.000000    0.000000   clock __VIRTUAL_CLK__ (rise edge)
                                  0.000000    0.000000   clock network delay (ideal)
                                  0.250000    0.250000   clock uncertainty
                                  0.000000    0.250000   clock reconvergence pessimism
                                 -2.000000   -1.750000   output external delay
                                             -1.750000   data required time
---------------------------------------------------------------------------------------------
                                             -1.750000   data required time
                                             -3.055123   data arrival time
---------------------------------------------------------------------------------------------
                                              4.805123   slack (MET)


Startpoint: B[5] (input port clocked by __VIRTUAL_CLK__)
Endpoint: Y[5] (output port clocked by __VIRTUAL_CLK__)
Path Group: __VIRTUAL_CLK__
Path Type: min

Fanout         Cap        Slew       Delay        Time   Description
---------------------------------------------------------------------------------------------
                      0.000000    0.000000    0.000000   clock __VIRTUAL_CLK__ (rise edge)
                                  0.000000    0.000000   clock network delay (ideal)
                                  2.000000    2.000000 v input external delay
     1    0.002832    0.008695    0.004274    2.004274 v B[5] (in)
                                                         B[5] (net)
                      0.008696    0.000000    2.004274 v input14/A (sky130_fd_sc_hd__clkdlybuf4s25_1)
     3    0.010565    0.090366    0.259226    2.263500 v input14/X (sky130_fd_sc_hd__clkdlybuf4s25_1)
                                                         net14 (net)
                      0.090366    0.000179    2.263679 v _208_/A (sky130_fd_sc_hd__nand2_2)
     3    0.012631    0.076286    0.097426    2.361105 ^ _208_/Y (sky130_fd_sc_hd__nand2_2)
                                                         _064_ (net)
                      0.076286    0.000211    2.361316 ^ _212_/A (sky130_fd_sc_hd__nand2_2)
     4    0.016876    0.074521    0.082753    2.444069 v _212_/Y (sky130_fd_sc_hd__nand2_2)
                                                         _068_ (net)
                      0.074552    0.000500    2.444570 v _174_/A (sky130_fd_sc_hd__nand2_2)
     1    0.003186    0.034874    0.057381    2.501951 ^ _174_/Y (sky130_fd_sc_hd__nand2_2)
                                                         _033_ (net)
                      0.034874    0.000071    2.502022 ^ _181_/A3 (sky130_fd_sc_hd__a31o_2)
     1    0.003307    0.033608    0.135630    2.637652 ^ _181_/X (sky130_fd_sc_hd__a31o_2)
                                                         net26 (net)
                      0.033610    0.000076    2.637728 ^ output26/A (sky130_fd_sc_hd__clkdlybuf4s25_1)
     1    0.034480    0.348445    0.433639    3.071368 ^ output26/X (sky130_fd_sc_hd__clkdlybuf4s25_1)
                                                         Y[5] (net)
                      0.348445    0.000980    3.072348 ^ Y[5] (out)
                                              3.072348   data arrival time

                      0.000000    0.000000    0.000000   clock __VIRTUAL_CLK__ (rise edge)
                                  0.000000    0.000000   clock network delay (ideal)
                                  0.250000    0.250000   clock uncertainty
                                  0.000000    0.250000   clock reconvergence pessimism
                                 -2.000000   -1.750000   output external delay
                                             -1.750000   data required time
---------------------------------------------------------------------------------------------
                                             -1.750000   data required time
                                             -3.072348   data arrival time
---------------------------------------------------------------------------------------------
                                              4.822348   slack (MET)


Startpoint: A[2] (input port clocked by __VIRTUAL_CLK__)
Endpoint: Y[3] (output port clocked by __VIRTUAL_CLK__)
Path Group: __VIRTUAL_CLK__
Path Type: min

Fanout         Cap        Slew       Delay        Time   Description
---------------------------------------------------------------------------------------------
                      0.000000    0.000000    0.000000   clock __VIRTUAL_CLK__ (rise edge)
                                  0.000000    0.000000   clock network delay (ideal)
                                  2.000000    2.000000 ^ input external delay
     1    0.003397    0.022318    0.011796    2.011796 ^ A[2] (in)
                                                         A[2] (net)
                      0.022318    0.000000    2.011796 ^ input3/A (sky130_fd_sc_hd__clkdlybuf4s25_1)
     6    0.019908    0.206848    0.335226    2.347023 ^ input3/X (sky130_fd_sc_hd__clkdlybuf4s25_1)
                                                         net3 (net)
                      0.206849    0.000916    2.347939 ^ _159_/A1 (sky130_fd_sc_hd__a221o_2)
     1    0.002904    0.030384    0.177005    2.524944 ^ _159_/X (sky130_fd_sc_hd__a221o_2)
                                                         _020_ (net)
                      0.030384    0.000067    2.525011 ^ _163_/B1 (sky130_fd_sc_hd__o2bb2a_2)
     1    0.003088    0.038284    0.147632    2.672643 ^ _163_/X (sky130_fd_sc_hd__o2bb2a_2)
                                                         net24 (net)
                      0.038284    0.000068    2.672711 ^ output24/A (sky130_fd_sc_hd__clkdlybuf4s25_1)
     1    0.034310    0.346656    0.434123    3.106834 ^ output24/X (sky130_fd_sc_hd__clkdlybuf4s25_1)
                                                         Y[3] (net)
                      0.346656    0.000942    3.107776 ^ Y[3] (out)
                                              3.107776   data arrival time

                      0.000000    0.000000    0.000000   clock __VIRTUAL_CLK__ (rise edge)
                                  0.000000    0.000000   clock network delay (ideal)
                                  0.250000    0.250000   clock uncertainty
                                  0.000000    0.250000   clock reconvergence pessimism
                                 -2.000000   -1.750000   output external delay
                                             -1.750000   data required time
---------------------------------------------------------------------------------------------
                                             -1.750000   data required time
                                             -3.107776   data arrival time
---------------------------------------------------------------------------------------------
                                              4.857776   slack (MET)



