+ define_corners nom_ss_100C_1v60
Reading timing models for corner nom_ss_100C_1v60…
Reading cell library for the 'nom_ss_100C_1v60' corner at '/home/gp7871/.ciel/ciel/sky130/versions/8afc8346a57fe1ab7934ba5a6056ea8b43078e71/ciel/sky130/versions/8afc8346a57fe1ab7934ba5a6056ea8b43078e71/sky130A/libs.ref/sky130_fd_sc_hd/lib/sky130_fd_sc_hd__ss_100C_1v60.lib'…
Reading top-level netlist at '/home/gp7871/VLSI_Freelancing/projects/alu8_rtl_to_gds/runs/RUN_2026-09-16_17-08-36/06-yosys-synthesis/alu8.nl.v'…
Linking design 'alu8' from netlist…
Reading design constraints file at '/nix/store/9qkr4093f83hkvz5bia9qvxcyc2kzr15-python3-3.13.9-env/lib/python3.13/site-packages/librelane/scripts/base.sdc'…
[WARNING] No CLOCK_PORT found. A dummy clock will be used.
Warning: base.sdc line 15, port '__VIRTUAL_CLK__' not found.
[INFO] Using clock __VIRTUAL_CLK__…
[INFO] Setting output delay to: 2.0
[INFO] Setting input delay to: 2.0
Warning: base.sdc line 32, port '__VIRTUAL_CLK__' not found.
[INFO] Setting load to: 0.033442
[INFO] Setting clock uncertainty to: 0.25
[INFO] Setting clock transition to: 0.1499999999999999944488848768742172978818416595458984375
Warning: base.sdc line 69, transition time can not be specified for virtual clocks.
[INFO] Setting timing derate to: 5.0%
%OL_CREATE_REPORT min.rpt

===========================================================================
report_checks -path_delay min (Hold)
============================================================================
======================= nom_ss_100C_1v60 Corner ===================================

Startpoint: A[0] (input port clocked by __VIRTUAL_CLK__)
Endpoint: Y[0] (output port clocked by __VIRTUAL_CLK__)
Path Group: __VIRTUAL_CLK__
Path Type: min

Fanout         Cap        Slew       Delay        Time   Description
---------------------------------------------------------------------------------------------
                      0.000000    0.000000    0.000000   clock __VIRTUAL_CLK__ (rise edge)
                                  0.000000    0.000000   clock network delay (ideal)
                                  2.000000    2.000000 v input external delay
     7    0.018762    0.084099    0.054850    2.054850 v A[0] (in)
                                                         A[0] (net)
                      0.084099    0.000000    2.054850 v _128_/A (sky130_fd_sc_hd__nor2_2)
     1    0.001631    0.083677    0.140071    2.194921 ^ _128_/Y (sky130_fd_sc_hd__nor2_2)
                                                         _116_ (net)
                      0.083677    0.000000    2.194921 ^ _132_/B (sky130_fd_sc_hd__or3_2)
     1    0.033442    0.275010    0.343143    2.538064 ^ _132_/X (sky130_fd_sc_hd__or3_2)
                                                         Y[0] (net)
                      0.275010    0.000000    2.538064 ^ Y[0] (out)
                                              2.538064   data arrival time

                      0.000000    0.000000    0.000000   clock __VIRTUAL_CLK__ (rise edge)
                                  0.000000    0.000000   clock network delay (ideal)
                                  0.250000    0.250000   clock uncertainty
                                  0.000000    0.250000   clock reconvergence pessimism
                                 -2.000000   -1.750000   output external delay
                                             -1.750000   data required time
---------------------------------------------------------------------------------------------
                                             -1.750000   data required time
                                             -2.538064   data arrival time
---------------------------------------------------------------------------------------------
                                              4.288064   slack (MET)


Startpoint: A[7] (input port clocked by __VIRTUAL_CLK__)
Endpoint: CARRY (output port clocked by __VIRTUAL_CLK__)
Path Group: __VIRTUAL_CLK__
Path Type: min

Fanout         Cap        Slew       Delay        Time   Description
---------------------------------------------------------------------------------------------
                      0.000000    0.000000    0.000000   clock __VIRTUAL_CLK__ (rise edge)
                                  0.000000    0.000000   clock network delay (ideal)
                                  2.000000    2.000000 v input external delay
     5    0.013642    0.063239    0.040165    2.040165 v A[7] (in)
                                                         A[7] (net)
                      0.063239    0.000000    2.040165 v _200_/B (sky130_fd_sc_hd__nand2b_2)
     1    0.002376    0.054015    0.080347    2.120512 ^ _200_/Y (sky130_fd_sc_hd__nand2b_2)
                                                         _056_ (net)
                      0.054015    0.000000    2.120512 ^ _256_/A1 (sky130_fd_sc_hd__a32o_2)
     1    0.033442    0.318102    0.508867    2.629379 ^ _256_/X (sky130_fd_sc_hd__a32o_2)
                                                         CARRY (net)
                      0.318102    0.000000    2.629379 ^ CARRY (out)
                                              2.629379   data arrival time

                      0.000000    0.000000    0.000000   clock __VIRTUAL_CLK__ (rise edge)
                                  0.000000    0.000000   clock network delay (ideal)
                                  0.250000    0.250000   clock uncertainty
                                  0.000000    0.250000   clock reconvergence pessimism
                                 -2.000000   -1.750000   output external delay
                                             -1.750000   data required time
---------------------------------------------------------------------------------------------
                                             -1.750000   data required time
                                             -2.629379   data arrival time
---------------------------------------------------------------------------------------------
                                              4.379379   slack (MET)


Startpoint: A[5] (input port clocked by __VIRTUAL_CLK__)
Endpoint: Y[4] (output port clocked by __VIRTUAL_CLK__)
Path Group: __VIRTUAL_CLK__
Path Type: min

Fanout         Cap        Slew       Delay        Time   Description
---------------------------------------------------------------------------------------------
                      0.000000    0.000000    0.000000   clock __VIRTUAL_CLK__ (rise edge)
                                  0.000000    0.000000   clock network delay (ideal)
                                  2.000000    2.000000 ^ input external delay
     6    0.014259    0.112741    0.069784    2.069784 ^ A[5] (in)
                                                         A[5] (net)
                      0.112741    0.000000    2.069784 ^ _169_/A1 (sky130_fd_sc_hd__a211o_2)
     1    0.002477    0.044361    0.236026    2.305810 ^ _169_/X (sky130_fd_sc_hd__a211o_2)
                                                         _029_ (net)
                      0.044361    0.000000    2.305810 ^ _172_/A4 (sky130_fd_sc_hd__o41a_2)
     1    0.033442    0.286303    0.384437    2.690248 ^ _172_/X (sky130_fd_sc_hd__o41a_2)
                                                         Y[4] (net)
                      0.286303    0.000000    2.690248 ^ Y[4] (out)
                                              2.690248   data arrival time

                      0.000000    0.000000    0.000000   clock __VIRTUAL_CLK__ (rise edge)
                                  0.000000    0.000000   clock network delay (ideal)
                                  0.250000    0.250000   clock uncertainty
                                  0.000000    0.250000   clock reconvergence pessimism
                                 -2.000000   -1.750000   output external delay
                                             -1.750000   data required time
---------------------------------------------------------------------------------------------
                                             -1.750000   data required time
                                             -2.690248   data arrival time
---------------------------------------------------------------------------------------------
                                              4.440248   slack (MET)


Startpoint: A[2] (input port clocked by __VIRTUAL_CLK__)
Endpoint: Y[1] (output port clocked by __VIRTUAL_CLK__)
Path Group: __VIRTUAL_CLK__
Path Type: min

Fanout         Cap        Slew       Delay        Time   Description
---------------------------------------------------------------------------------------------
                      0.000000    0.000000    0.000000   clock __VIRTUAL_CLK__ (rise edge)
                                  0.000000    0.000000   clock network delay (ideal)
                                  2.000000    2.000000 ^ input external delay
     6    0.014056    0.111343    0.068828    2.068828 ^ A[2] (in)
                                                         A[2] (net)
                      0.111343    0.000000    2.068828 ^ _142_/A1 (sky130_fd_sc_hd__a2111o_2)
     1    0.002507    0.045812    0.249969    2.318796 ^ _142_/X (sky130_fd_sc_hd__a2111o_2)
                                                         _005_ (net)
                      0.045812    0.000000    2.318796 ^ _144_/A2 (sky130_fd_sc_hd__o22a_2)
     1    0.033442    0.289291    0.414959    2.733755 ^ _144_/X (sky130_fd_sc_hd__o22a_2)
                                                         Y[1] (net)
                      0.289291    0.000000    2.733755 ^ Y[1] (out)
                                              2.733755   data arrival time

                      0.000000    0.000000    0.000000   clock __VIRTUAL_CLK__ (rise edge)
                                  0.000000    0.000000   clock network delay (ideal)
                                  0.250000    0.250000   clock uncertainty
                                  0.000000    0.250000   clock reconvergence pessimism
                                 -2.000000   -1.750000   output external delay
                                             -1.750000   data required time
---------------------------------------------------------------------------------------------
                                             -1.750000   data required time
                                             -2.733755   data arrival time
---------------------------------------------------------------------------------------------
                                              4.483755   slack (MET)


Startpoint: A[6] (input port clocked by __VIRTUAL_CLK__)
Endpoint: Y[7] (output port clocked by __VIRTUAL_CLK__)
Path Group: __VIRTUAL_CLK__
Path Type: min

Fanout         Cap        Slew       Delay        Time   Description
---------------------------------------------------------------------------------------------
                      0.000000    0.000000    0.000000   clock __VIRTUAL_CLK__ (rise edge)
                                  0.000000    0.000000   clock network delay (ideal)
                                  2.000000    2.000000 ^ input external delay
     6    0.020673    0.157125    0.099968    2.099968 ^ A[6] (in)
                                                         A[6] (net)
                      0.157125    0.000000    2.099968 ^ _194_/A1 (sky130_fd_sc_hd__a21o_2)
     1    0.002479    0.052974    0.241051    2.341019 ^ _194_/X (sky130_fd_sc_hd__a21o_2)
                                                         _051_ (net)
                      0.052974    0.000000    2.341019 ^ _198_/B1 (sky130_fd_sc_hd__o22a_2)
     1    0.033442    0.289252    0.426750    2.767769 ^ _198_/X (sky130_fd_sc_hd__o22a_2)
                                                         Y[7] (net)
                      0.289252    0.000000    2.767769 ^ Y[7] (out)
                                              2.767769   data arrival time

                      0.000000    0.000000    0.000000   clock __VIRTUAL_CLK__ (rise edge)
                                  0.000000    0.000000   clock network delay (ideal)
                                  0.250000    0.250000   clock uncertainty
                                  0.000000    0.250000   clock reconvergence pessimism
                                 -2.000000   -1.750000   output external delay
                                             -1.750000   data required time
---------------------------------------------------------------------------------------------
                                             -1.750000   data required time
                                             -2.767769   data arrival time
---------------------------------------------------------------------------------------------
                                              4.517768   slack (MET)


Startpoint: OP[1] (input port clocked by __VIRTUAL_CLK__)
Endpoint: Y[5] (output port clocked by __VIRTUAL_CLK__)
Path Group: __VIRTUAL_CLK__
Path Type: min

Fanout         Cap        Slew       Delay        Time   Description
---------------------------------------------------------------------------------------------
                      0.000000    0.000000    0.000000   clock __VIRTUAL_CLK__ (rise edge)
                                  0.000000    0.000000   clock network delay (ideal)
                                  2.000000    2.000000 ^ input external delay
    11    0.024553    0.184307    0.118177    2.118177 ^ OP[1] (in)
                                                         OP[1] (net)
                      0.184307    0.000000    2.118177 ^ _254_/B (sky130_fd_sc_hd__nor3_2)
     9    0.018738    0.106508    0.166279    2.284457 v _254_/Y (sky130_fd_sc_hd__nor3_2)
                                                         _110_ (net)
                      0.106508    0.000000    2.284457 v _181_/A1 (sky130_fd_sc_hd__a31o_2)
     1    0.033442    0.185085    0.497224    2.781681 v _181_/X (sky130_fd_sc_hd__a31o_2)
                                                         Y[5] (net)
                      0.185085    0.000000    2.781681 v Y[5] (out)
                                              2.781681   data arrival time

                      0.000000    0.000000    0.000000   clock __VIRTUAL_CLK__ (rise edge)
                                  0.000000    0.000000   clock network delay (ideal)
                                  0.250000    0.250000   clock uncertainty
                                  0.000000    0.250000   clock reconvergence pessimism
                                 -2.000000   -1.750000   output external delay
                                             -1.750000   data required time
---------------------------------------------------------------------------------------------
                                             -1.750000   data required time
                                             -2.781681   data arrival time
---------------------------------------------------------------------------------------------
                                              4.531681   slack (MET)


Startpoint: A[2] (input port clocked by __VIRTUAL_CLK__)
Endpoint: Y[2] (output port clocked by __VIRTUAL_CLK__)
Path Group: __VIRTUAL_CLK__
Path Type: min

Fanout         Cap        Slew       Delay        Time   Description
---------------------------------------------------------------------------------------------
                      0.000000    0.000000    0.000000   clock __VIRTUAL_CLK__ (rise edge)
                                  0.000000    0.000000   clock network delay (ideal)
                                  2.000000    2.000000 v input external delay
     6    0.013069    0.060905    0.038522    2.038522 v A[2] (in)
                                                         A[2] (net)
                      0.060905    0.000000    2.038522 v _147_/A (sky130_fd_sc_hd__nor2_2)
     1    0.002446    0.097017    0.140264    2.178786 ^ _147_/Y (sky130_fd_sc_hd__nor2_2)
                                                         _009_ (net)
                      0.097017    0.000000    2.178786 ^ _149_/C1 (sky130_fd_sc_hd__a221o_2)
     1    0.002479    0.053048    0.176491    2.355277 ^ _149_/X (sky130_fd_sc_hd__a221o_2)
                                                         _011_ (net)
                      0.053048    0.000000    2.355277 ^ _152_/B1 (sky130_fd_sc_hd__o22a_2)
     1    0.033442    0.289224    0.426779    2.782056 ^ _152_/X (sky130_fd_sc_hd__o22a_2)
                                                         Y[2] (net)
                      0.289224    0.000000    2.782056 ^ Y[2] (out)
                                              2.782056   data arrival time

                      0.000000    0.000000    0.000000   clock __VIRTUAL_CLK__ (rise edge)
                                  0.000000    0.000000   clock network delay (ideal)
                                  0.250000    0.250000   clock uncertainty
                                  0.000000    0.250000   clock reconvergence pessimism
                                 -2.000000   -1.750000   output external delay
                                             -1.750000   data required time
---------------------------------------------------------------------------------------------
                                             -1.750000   data required time
                                             -2.782056   data arrival time
---------------------------------------------------------------------------------------------
                                              4.532056   slack (MET)


Startpoint: A[2] (input port clocked by __VIRTUAL_CLK__)
Endpoint: Y[3] (output port clocked by __VIRTUAL_CLK__)
Path Group: __VIRTUAL_CLK__
Path Type: min

Fanout         Cap        Slew       Delay        Time   Description
---------------------------------------------------------------------------------------------
                      0.000000    0.000000    0.000000   clock __VIRTUAL_CLK__ (rise edge)
                                  0.000000    0.000000   clock network delay (ideal)
                                  2.000000    2.000000 ^ input external delay
     6    0.014056    0.111343    0.068828    2.068828 ^ A[2] (in)
                                                         A[2] (net)
                      0.111343    0.000000    2.068828 ^ _159_/A1 (sky130_fd_sc_hd__a221o_2)
     1    0.001753    0.047796    0.273176    2.342004 ^ _159_/X (sky130_fd_sc_hd__a221o_2)
                                                         _020_ (net)
                      0.047796    0.000000    2.342004 ^ _163_/B1 (sky130_fd_sc_hd__o2bb2a_2)
     1    0.033442    0.300222    0.490835    2.832839 ^ _163_/X (sky130_fd_sc_hd__o2bb2a_2)
                                                         Y[3] (net)
                      0.300222    0.000000    2.832839 ^ Y[3] (out)
                                              2.832839   data arrival time

                      0.000000    0.000000    0.000000   clock __VIRTUAL_CLK__ (rise edge)
                                  0.000000    0.000000   clock network delay (ideal)
                                  0.250000    0.250000   clock uncertainty
                                  0.000000    0.250000   clock reconvergence pessimism
                                 -2.000000   -1.750000   output external delay
                                             -1.750000   data required time
---------------------------------------------------------------------------------------------
                                             -1.750000   data required time
                                             -2.832839   data arrival time
---------------------------------------------------------------------------------------------
                                              4.582839   slack (MET)


Startpoint: OP[1] (input port clocked by __VIRTUAL_CLK__)
Endpoint: Y[6] (output port clocked by __VIRTUAL_CLK__)
Path Group: __VIRTUAL_CLK__
Path Type: min

Fanout         Cap        Slew       Delay        Time   Description
---------------------------------------------------------------------------------------------
                      0.000000    0.000000    0.000000   clock __VIRTUAL_CLK__ (rise edge)
                                  0.000000    0.000000   clock network delay (ideal)
                                  2.000000    2.000000 ^ input external delay
    11    0.024553    0.184307    0.118177    2.118177 ^ OP[1] (in)
                                                         OP[1] (net)
                      0.184307    0.000000    2.118177 ^ _255_/B (sky130_fd_sc_hd__or3_2)
     5    0.012382    0.118351    0.277889    2.396066 ^ _255_/X (sky130_fd_sc_hd__or3_2)
                                                         _111_ (net)
                      0.118351    0.000000    2.396066 ^ _190_/A1 (sky130_fd_sc_hd__o22a_2)
     1    0.033442    0.289224    0.472684    2.868750 ^ _190_/X (sky130_fd_sc_hd__o22a_2)
                                                         Y[6] (net)
                      0.289224    0.000000    2.868750 ^ Y[6] (out)
                                              2.868750   data arrival time

                      0.000000    0.000000    0.000000   clock __VIRTUAL_CLK__ (rise edge)
                                  0.000000    0.000000   clock network delay (ideal)
                                  0.250000    0.250000   clock uncertainty
                                  0.000000    0.250000   clock reconvergence pessimism
                                 -2.000000   -1.750000   output external delay
                                             -1.750000   data required time
---------------------------------------------------------------------------------------------
                                             -1.750000   data required time
                                             -2.868750   data arrival time
---------------------------------------------------------------------------------------------
                                              4.618750   slack (MET)



%OL_END_REPORT
%OL_CREATE_REPORT max.rpt

===========================================================================
report_checks -path_delay max (Setup)
============================================================================
======================= nom_ss_100C_1v60 Corner ===================================

Startpoint: B[5] (input port clocked by __VIRTUAL_CLK__)
Endpoint: Y[7] (output port clocked by __VIRTUAL_CLK__)
Path Group: __VIRTUAL_CLK__
Path Type: max

Fanout         Cap        Slew       Delay        Time   Description
---------------------------------------------------------------------------------------------
                      0.000000    0.000000    0.000000   clock __VIRTUAL_CLK__ (rise edge)
                                  0.000000    0.000000   clock network delay (ideal)
                                  2.000000    2.000000 v input external delay
     3    0.007128    0.036699    0.023744    2.023744 v B[5] (in)
                                                         B[5] (net)
                      0.036699    0.000000    2.023744 v _210_/A (sky130_fd_sc_hd__or2_2)
     5    0.013946    0.173185    0.773442    2.797186 v _210_/X (sky130_fd_sc_hd__or2_2)
                                                         _066_ (net)
                      0.173185    0.000000    2.797186 v _211_/B (sky130_fd_sc_hd__and2_2)
     2    0.002810    0.071409    0.462595    3.259781 v _211_/X (sky130_fd_sc_hd__and2_2)
                                                         _067_ (net)
                      0.071409    0.000000    3.259781 v _234_/A (sky130_fd_sc_hd__or2_2)
     1    0.001441    0.102032    0.668589    3.928370 v _234_/X (sky130_fd_sc_hd__or2_2)
                                                         _090_ (net)
                      0.102032    0.000000    3.928370 v _235_/B (sky130_fd_sc_hd__or3b_2)
     3    0.008765    0.204417    1.157611    5.085981 v _235_/X (sky130_fd_sc_hd__or3b_2)
                                                         _091_ (net)
                      0.204417    0.000000    5.085981 v _239_/A1 (sky130_fd_sc_hd__a31o_2)
     3    0.010932    0.102685    0.498211    5.584192 v _239_/X (sky130_fd_sc_hd__a31o_2)
                                                         _095_ (net)
                      0.102685    0.000000    5.584192 v _241_/A1 (sky130_fd_sc_hd__a21o_2)
     2    0.004514    0.067817    0.386357    5.970549 v _241_/X (sky130_fd_sc_hd__a21o_2)
                                                         _097_ (net)
                      0.067817    0.000000    5.970549 v _197_/A2 (sky130_fd_sc_hd__a31o_2)
     1    0.002265    0.060453    0.426958    6.397507 v _197_/X (sky130_fd_sc_hd__a31o_2)
                                                         _054_ (net)
                      0.060453    0.000000    6.397507 v _198_/B2 (sky130_fd_sc_hd__o22a_2)
     1    0.033442    0.214866    0.540667    6.938174 v _198_/X (sky130_fd_sc_hd__o22a_2)
                                                         Y[7] (net)
                      0.214866    0.000000    6.938174 v Y[7] (out)
                                              6.938174   data arrival time

                      0.000000   10.000000   10.000000   clock __VIRTUAL_CLK__ (rise edge)
                                  0.000000   10.000000   clock network delay (ideal)
                                 -0.250000    9.750000   clock uncertainty
                                  0.000000    9.750000   clock reconvergence pessimism
                                 -2.000000    7.750000   output external delay
                                              7.750000   data required time
---------------------------------------------------------------------------------------------
                                              7.750000   data required time
                                             -6.938174   data arrival time
---------------------------------------------------------------------------------------------
                                              0.811826   slack (MET)


Startpoint: B[5] (input port clocked by __VIRTUAL_CLK__)
Endpoint: CARRY (output port clocked by __VIRTUAL_CLK__)
Path Group: __VIRTUAL_CLK__
Path Type: max

Fanout         Cap        Slew       Delay        Time   Description
---------------------------------------------------------------------------------------------
                      0.000000    0.000000    0.000000   clock __VIRTUAL_CLK__ (rise edge)
                                  0.000000    0.000000   clock network delay (ideal)
                                  2.000000    2.000000 v input external delay
     3    0.007128    0.036699    0.023744    2.023744 v B[5] (in)
                                                         B[5] (net)
                      0.036699    0.000000    2.023744 v _210_/A (sky130_fd_sc_hd__or2_2)
     5    0.013946    0.173185    0.773442    2.797186 v _210_/X (sky130_fd_sc_hd__or2_2)
                                                         _066_ (net)
                      0.173185    0.000000    2.797186 v _211_/B (sky130_fd_sc_hd__and2_2)
     2    0.002810    0.071409    0.462595    3.259781 v _211_/X (sky130_fd_sc_hd__and2_2)
                                                         _067_ (net)
                      0.071409    0.000000    3.259781 v _234_/A (sky130_fd_sc_hd__or2_2)
     1    0.001441    0.102032    0.668589    3.928370 v _234_/X (sky130_fd_sc_hd__or2_2)
                                                         _090_ (net)
                      0.102032    0.000000    3.928370 v _235_/B (sky130_fd_sc_hd__or3b_2)
     3    0.008765    0.204417    1.157611    5.085981 v _235_/X (sky130_fd_sc_hd__or3b_2)
                                                         _091_ (net)
                      0.204417    0.000000    5.085981 v _239_/A1 (sky130_fd_sc_hd__a31o_2)
     3    0.010932    0.102685    0.498211    5.584192 v _239_/X (sky130_fd_sc_hd__a31o_2)
                                                         _095_ (net)
                      0.102685    0.000000    5.584192 v _241_/A1 (sky130_fd_sc_hd__a21o_2)
     2    0.004514    0.067817    0.386357    5.970549 v _241_/X (sky130_fd_sc_hd__a21o_2)
                                                         _097_ (net)
                      0.067817    0.000000    5.970549 v _256_/A3 (sky130_fd_sc_hd__a32o_2)
     1    0.033442    0.192642    0.631724    6.602273 v _256_/X (sky130_fd_sc_hd__a32o_2)
                                                         CARRY (net)
                      0.192642    0.000000    6.602273 v CARRY (out)
                                              6.602273   data arrival time

                      0.000000   10.000000   10.000000   clock __VIRTUAL_CLK__ (rise edge)
                                  0.000000   10.000000   clock network delay (ideal)
                                 -0.250000    9.750000   clock uncertainty
                                  0.000000    9.750000   clock reconvergence pessimism
                                 -2.000000    7.750000   output external delay
                                              7.750000   data required time
---------------------------------------------------------------------------------------------
                                              7.750000   data required time
                                             -6.602273   data arrival time
---------------------------------------------------------------------------------------------
                                              1.147726   slack (MET)


Startpoint: B[5] (input port clocked by __VIRTUAL_CLK__)
Endpoint: Y[6] (output port clocked by __VIRTUAL_CLK__)
Path Group: __VIRTUAL_CLK__
Path Type: max

Fanout         Cap        Slew       Delay        Time   Description
---------------------------------------------------------------------------------------------
                      0.000000    0.000000    0.000000   clock __VIRTUAL_CLK__ (rise edge)
                                  0.000000    0.000000   clock network delay (ideal)
                                  2.000000    2.000000 v input external delay
     3    0.007128    0.036699    0.023744    2.023744 v B[5] (in)
                                                         B[5] (net)
                      0.036699    0.000000    2.023744 v _210_/A (sky130_fd_sc_hd__or2_2)
     5    0.013946    0.173185    0.773442    2.797186 v _210_/X (sky130_fd_sc_hd__or2_2)
                                                         _066_ (net)
                      0.173185    0.000000    2.797186 v _211_/B (sky130_fd_sc_hd__and2_2)
     2    0.002810    0.071409    0.462595    3.259781 v _211_/X (sky130_fd_sc_hd__and2_2)
                                                         _067_ (net)
                      0.071409    0.000000    3.259781 v _234_/A (sky130_fd_sc_hd__or2_2)
     1    0.001441    0.102032    0.668589    3.928370 v _234_/X (sky130_fd_sc_hd__or2_2)
                                                         _090_ (net)
                      0.102032    0.000000    3.928370 v _235_/B (sky130_fd_sc_hd__or3b_2)
     3    0.008765    0.204417    1.157611    5.085981 v _235_/X (sky130_fd_sc_hd__or3b_2)
                                                         _091_ (net)
                      0.204417    0.000000    5.085981 v _239_/A1 (sky130_fd_sc_hd__a31o_2)
     3    0.010932    0.102685    0.498211    5.584192 v _239_/X (sky130_fd_sc_hd__a31o_2)
                                                         _095_ (net)
                      0.102685    0.000000    5.584192 v _183_/B (sky130_fd_sc_hd__nand2_2)
     1    0.004758    0.074407    0.124537    5.708729 ^ _183_/Y (sky130_fd_sc_hd__nand2_2)
                                                         _041_ (net)
                      0.074407    0.000000    5.708729 ^ _184_/B1 (sky130_fd_sc_hd__a41oi_2)
     1    0.002347    0.171842    0.062907    5.771636 v _184_/Y (sky130_fd_sc_hd__a41oi_2)
                                                         _042_ (net)
                      0.171842    0.000000    5.771636 v _190_/B1 (sky130_fd_sc_hd__o22a_2)
     1    0.033442    0.214890    0.624088    6.395724 v _190_/X (sky130_fd_sc_hd__o22a_2)
                                                         Y[6] (net)
                      0.214890    0.000000    6.395724 v Y[6] (out)
                                              6.395724   data arrival time

                      0.000000   10.000000   10.000000   clock __VIRTUAL_CLK__ (rise edge)
                                  0.000000   10.000000   clock network delay (ideal)
                                 -0.250000    9.750000   clock uncertainty
                                  0.000000    9.750000   clock reconvergence pessimism
                                 -2.000000    7.750000   output external delay
                                              7.750000   data required time
---------------------------------------------------------------------------------------------
                                              7.750000   data required time
                                             -6.395724   data arrival time
---------------------------------------------------------------------------------------------
                                              1.354276   slack (MET)


Startpoint: B[5] (input port clocked by __VIRTUAL_CLK__)
Endpoint: Y[5] (output port clocked by __VIRTUAL_CLK__)
Path Group: __VIRTUAL_CLK__
Path Type: max

Fanout         Cap        Slew       Delay        Time   Description
---------------------------------------------------------------------------------------------
                      0.000000    0.000000    0.000000   clock __VIRTUAL_CLK__ (rise edge)
                                  0.000000    0.000000   clock network delay (ideal)
                                  2.000000    2.000000 v input external delay
     3    0.007128    0.036699    0.023744    2.023744 v B[5] (in)
                                                         B[5] (net)
                      0.036699    0.000000    2.023744 v _210_/A (sky130_fd_sc_hd__or2_2)
     5    0.013946    0.173185    0.773442    2.797186 v _210_/X (sky130_fd_sc_hd__or2_2)
                                                         _066_ (net)
                      0.173185    0.000000    2.797186 v _211_/B (sky130_fd_sc_hd__and2_2)
     2    0.002810    0.071409    0.462595    3.259781 v _211_/X (sky130_fd_sc_hd__and2_2)
                                                         _067_ (net)
                      0.071409    0.000000    3.259781 v _234_/A (sky130_fd_sc_hd__or2_2)
     1    0.001441    0.102032    0.668589    3.928370 v _234_/X (sky130_fd_sc_hd__or2_2)
                                                         _090_ (net)
                      0.102032    0.000000    3.928370 v _235_/B (sky130_fd_sc_hd__or3b_2)
     3    0.008765    0.204417    1.157611    5.085981 v _235_/X (sky130_fd_sc_hd__or3b_2)
                                                         _091_ (net)
                      0.204417    0.000000    5.085981 v _180_/A2 (sky130_fd_sc_hd__a41o_2)
     1    0.002214    0.062033    0.510037    5.596018 v _180_/X (sky130_fd_sc_hd__a41o_2)
                                                         _039_ (net)
                      0.062033    0.000000    5.596018 v _181_/B1 (sky130_fd_sc_hd__a31o_2)
     1    0.033442    0.190734    0.554325    6.150343 v _181_/X (sky130_fd_sc_hd__a31o_2)
                                                         Y[5] (net)
                      0.190734    0.000000    6.150343 v Y[5] (out)
                                              6.150343   data arrival time

                      0.000000   10.000000   10.000000   clock __VIRTUAL_CLK__ (rise edge)
                                  0.000000   10.000000   clock network delay (ideal)
                                 -0.250000    9.750000   clock uncertainty
                                  0.000000    9.750000   clock reconvergence pessimism
                                 -2.000000    7.750000   output external delay
                                              7.750000   data required time
---------------------------------------------------------------------------------------------
                                              7.750000   data required time
                                             -6.150343   data arrival time
---------------------------------------------------------------------------------------------
                                              1.599656   slack (MET)


Startpoint: A[2] (input port clocked by __VIRTUAL_CLK__)
Endpoint: Y[4] (output port clocked by __VIRTUAL_CLK__)
Path Group: __VIRTUAL_CLK__
Path Type: max

Fanout         Cap        Slew       Delay        Time   Description
---------------------------------------------------------------------------------------------
                      0.000000    0.000000    0.000000   clock __VIRTUAL_CLK__ (rise edge)
                                  0.000000    0.000000   clock network delay (ideal)
                                  2.000000    2.000000 v input external delay
     6    0.013069    0.060905    0.042577    2.042577 v A[2] (in)
                                                         A[2] (net)
                      0.060905    0.000000    2.042577 v _222_/B (sky130_fd_sc_hd__and2_2)
     3    0.007675    0.094121    0.439428    2.482004 v _222_/X (sky130_fd_sc_hd__and2_2)
                                                         _078_ (net)
                      0.094121    0.000000    2.482004 v _224_/A_N (sky130_fd_sc_hd__nand2b_2)
     6    0.023731    0.224619    0.517191    2.999195 v _224_/Y (sky130_fd_sc_hd__nand2b_2)
                                                         _080_ (net)
                      0.224619    0.000000    2.999195 v _228_/A2 (sky130_fd_sc_hd__a211o_2)
     2    0.005627    0.100708    0.732771    3.731966 v _228_/X (sky130_fd_sc_hd__a211o_2)
                                                         _084_ (net)
                      0.100708    0.000000    3.731966 v _229_/B (sky130_fd_sc_hd__nand2_2)
     2    0.009131    0.107421    0.149876    3.881843 ^ _229_/Y (sky130_fd_sc_hd__nand2_2)
                                                         _085_ (net)
                      0.107421    0.000000    3.881843 ^ _164_/A (sky130_fd_sc_hd__nand2_2)
     1    0.001418    0.075858    0.084154    3.965997 v _164_/Y (sky130_fd_sc_hd__nand2_2)
                                                         _024_ (net)
                      0.075858    0.000000    3.965997 v _165_/B (sky130_fd_sc_hd__and3b_2)
     1    0.002287    0.069668    0.416060    4.382057 v _165_/X (sky130_fd_sc_hd__and3b_2)
                                                         _025_ (net)
                      0.069668    0.000000    4.382057 v _172_/A1 (sky130_fd_sc_hd__o41a_2)
     1    0.033442    0.264251    1.186539    5.568596 v _172_/X (sky130_fd_sc_hd__o41a_2)
                                                         Y[4] (net)
                      0.264251    0.000000    5.568596 v Y[4] (out)
                                              5.568596   data arrival time

                      0.000000   10.000000   10.000000   clock __VIRTUAL_CLK__ (rise edge)
                                  0.000000   10.000000   clock network delay (ideal)
                                 -0.250000    9.750000   clock uncertainty
                                  0.000000    9.750000   clock reconvergence pessimism
                                 -2.000000    7.750000   output external delay
                                              7.750000   data required time
---------------------------------------------------------------------------------------------
                                              7.750000   data required time
                                             -5.568596   data arrival time
---------------------------------------------------------------------------------------------
                                              2.181404   slack (MET)


Startpoint: B[3] (input port clocked by __VIRTUAL_CLK__)
Endpoint: Y[3] (output port clocked by __VIRTUAL_CLK__)
Path Group: __VIRTUAL_CLK__
Path Type: max

Fanout         Cap        Slew       Delay        Time   Description
---------------------------------------------------------------------------------------------
                      0.000000    0.000000    0.000000   clock __VIRTUAL_CLK__ (rise edge)
                                  0.000000    0.000000   clock network delay (ideal)
                                  2.000000    2.000000 ^ input external delay
     5    0.014533    0.114627    0.078556    2.078556 ^ B[3] (in)
                                                         B[3] (net)
                      0.114627    0.000000    2.078556 ^ _215_/A_N (sky130_fd_sc_hd__and2b_2)
     2    0.006389    0.089070    0.504936    2.583493 v _215_/X (sky130_fd_sc_hd__and2b_2)
                                                         _071_ (net)
                      0.089070    0.000000    2.583493 v _243_/B (sky130_fd_sc_hd__nor2_2)
     5    0.021539    0.412374    0.377466    2.960959 ^ _243_/Y (sky130_fd_sc_hd__nor2_2)
                                                         _099_ (net)
                      0.412374    0.000000    2.960959 ^ _158_/C (sky130_fd_sc_hd__or3_2)
     1    0.001483    0.045934    0.329433    3.290392 ^ _158_/X (sky130_fd_sc_hd__or3_2)
                                                         _019_ (net)
                      0.045934    0.000000    3.290392 ^ _161_/C_N (sky130_fd_sc_hd__or3b_2)
     1    0.002214    0.155746    1.044431    4.334822 v _161_/X (sky130_fd_sc_hd__or3b_2)
                                                         _022_ (net)
                      0.155746    0.000000    4.334822 v _162_/B1 (sky130_fd_sc_hd__a31o_2)
     1    0.001747    0.057814    0.430390    4.765213 v _162_/X (sky130_fd_sc_hd__a31o_2)
                                                         _023_ (net)
                      0.057814    0.000000    4.765213 v _163_/B2 (sky130_fd_sc_hd__o2bb2a_2)
     1    0.033442    0.214020    0.689488    5.454700 v _163_/X (sky130_fd_sc_hd__o2bb2a_2)
                                                         Y[3] (net)
                      0.214020    0.000000    5.454700 v Y[3] (out)
                                              5.454700   data arrival time

                      0.000000   10.000000   10.000000   clock __VIRTUAL_CLK__ (rise edge)
                                  0.000000   10.000000   clock network delay (ideal)
                                 -0.250000    9.750000   clock uncertainty
                                  0.000000    9.750000   clock reconvergence pessimism
                                 -2.000000    7.750000   output external delay
                                              7.750000   data required time
---------------------------------------------------------------------------------------------
                                              7.750000   data required time
                                             -5.454700   data arrival time
---------------------------------------------------------------------------------------------
                                              2.295300   slack (MET)


Startpoint: A[2] (input port clocked by __VIRTUAL_CLK__)
Endpoint: Y[2] (output port clocked by __VIRTUAL_CLK__)
Path Group: __VIRTUAL_CLK__
Path Type: max

Fanout         Cap        Slew       Delay        Time   Description
---------------------------------------------------------------------------------------------
                      0.000000    0.000000    0.000000   clock __VIRTUAL_CLK__ (rise edge)
                                  0.000000    0.000000   clock network delay (ideal)
                                  2.000000    2.000000 v input external delay
     6    0.013069    0.060905    0.042577    2.042577 v A[2] (in)
                                                         A[2] (net)
                      0.060905    0.000000    2.042577 v _223_/B (sky130_fd_sc_hd__or2_2)
     3    0.010819    0.157297    0.717120    2.759696 v _223_/X (sky130_fd_sc_hd__or2_2)
                                                         _079_ (net)
                      0.157297    0.000000    2.759696 v _224_/B (sky130_fd_sc_hd__nand2b_2)
     6    0.025761    0.230458    0.270236    3.029932 ^ _224_/Y (sky130_fd_sc_hd__nand2b_2)
                                                         _080_ (net)
                      0.230458    0.000000    3.029932 ^ _148_/A (sky130_fd_sc_hd__nor2_2)
     1    0.002139    0.055810    0.129288    3.159220 v _148_/Y (sky130_fd_sc_hd__nor2_2)
                                                         _010_ (net)
                      0.055810    0.000000    3.159220 v _150_/C1 (sky130_fd_sc_hd__a221o_2)
     1    0.002258    0.085644    0.576858    3.736078 v _150_/X (sky130_fd_sc_hd__a221o_2)
                                                         _012_ (net)
                      0.085644    0.000000    3.736078 v _151_/B1 (sky130_fd_sc_hd__a211o_2)
     1    0.002265    0.078725    0.595154    4.331232 v _151_/X (sky130_fd_sc_hd__a211o_2)
                                                         _013_ (net)
                      0.078725    0.000000    4.331232 v _152_/B2 (sky130_fd_sc_hd__o22a_2)
     1    0.033442    0.214925    0.547471    4.878704 v _152_/X (sky130_fd_sc_hd__o22a_2)
                                                         Y[2] (net)
                      0.214925    0.000000    4.878704 v Y[2] (out)
                                              4.878704   data arrival time

                      0.000000   10.000000   10.000000   clock __VIRTUAL_CLK__ (rise edge)
                                  0.000000   10.000000   clock network delay (ideal)
                                 -0.250000    9.750000   clock uncertainty
                                  0.000000    9.750000   clock reconvergence pessimism
                                 -2.000000    7.750000   output external delay
                                              7.750000   data required time
---------------------------------------------------------------------------------------------
                                              7.750000   data required time
                                             -4.878704   data arrival time
---------------------------------------------------------------------------------------------
                                              2.871297   slack (MET)


Startpoint: A[0] (input port clocked by __VIRTUAL_CLK__)
Endpoint: Y[0] (output port clocked by __VIRTUAL_CLK__)
Path Group: __VIRTUAL_CLK__
Path Type: max

Fanout         Cap        Slew       Delay        Time   Description
---------------------------------------------------------------------------------------------
                      0.000000    0.000000    0.000000   clock __VIRTUAL_CLK__ (rise edge)
                                  0.000000    0.000000   clock network delay (ideal)
                                  2.000000    2.000000 ^ input external delay
     7    0.020259    0.154225    0.108343    2.108343 ^ A[0] (in)
                                                         A[0] (net)
                      0.154225    0.000000    2.108343 ^ _244_/B (sky130_fd_sc_hd__nand2_2)
     2    0.009482    0.105910    0.170178    2.278522 v _244_/Y (sky130_fd_sc_hd__nand2_2)
                                                         _100_ (net)
                      0.105910    0.000000    2.278522 v _125_/A0 (sky130_fd_sc_hd__mux2_1)
     1    0.002352    0.108235    0.665587    2.944108 v _125_/X (sky130_fd_sc_hd__mux2_1)
                                                         _113_ (net)
                      0.108235    0.000000    2.944108 v _126_/C1 (sky130_fd_sc_hd__o211a_2)
     1    0.001413    0.062106    0.225106    3.169215 v _126_/X (sky130_fd_sc_hd__o211a_2)
                                                         _114_ (net)
                      0.062106    0.000000    3.169215 v _132_/A (sky130_fd_sc_hd__or3_2)
     1    0.033442    0.328157    1.413687    4.582901 v _132_/X (sky130_fd_sc_hd__or3_2)
                                                         Y[0] (net)
                      0.328157    0.000000    4.582901 v Y[0] (out)
                                              4.582901   data arrival time

                      0.000000   10.000000   10.000000   clock __VIRTUAL_CLK__ (rise edge)
                                  0.000000   10.000000   clock network delay (ideal)
                                 -0.250000    9.750000   clock uncertainty
                                  0.000000    9.750000   clock reconvergence pessimism
                                 -2.000000    7.750000   output external delay
                                              7.750000   data required time
---------------------------------------------------------------------------------------------
                                              7.750000   data required time
                                             -4.582901   data arrival time
---------------------------------------------------------------------------------------------
                                              3.167099   slack (MET)


Startpoint: OP[0] (input port clocked by __VIRTUAL_CLK__)
Endpoint: Y[1] (output port clocked by __VIRTUAL_CLK__)
Path Group: __VIRTUAL_CLK__
Path Type: max

Fanout         Cap        Slew       Delay        Time   Description
---------------------------------------------------------------------------------------------
                      0.000000    0.000000    0.000000   clock __VIRTUAL_CLK__ (rise edge)
                                  0.000000    0.000000   clock network delay (ideal)
                                  2.000000    2.000000 v input external delay
    11    0.023799    0.105440    0.076783    2.076783 v OP[0] (in)
                                                         OP[0] (net)
                      0.105440    0.000000    2.076783 v _124_/B (sky130_fd_sc_hd__nand2_2)
     2    0.003844    0.067982    0.120176    2.196959 ^ _124_/Y (sky130_fd_sc_hd__nand2_2)
                                                         _112_ (net)
                      0.067982    0.000000    2.196959 ^ _127_/B (sky130_fd_sc_hd__or2_2)
     8    0.025797    0.222821    0.321464    2.518424 ^ _127_/X (sky130_fd_sc_hd__or2_2)
                                                         _115_ (net)
                      0.222821    0.000000    2.518424 ^ _141_/A2_N (sky130_fd_sc_hd__a2bb2o_2)
     1    0.002329    0.077194    0.596546    3.114969 v _141_/X (sky130_fd_sc_hd__a2bb2o_2)
                                                         _004_ (net)
                      0.077194    0.000000    3.114969 v _142_/C1 (sky130_fd_sc_hd__a2111o_2)
     1    0.002241    0.104402    0.798102    3.913071 v _142_/X (sky130_fd_sc_hd__a2111o_2)
                                                         _005_ (net)
                      0.104402    0.000000    3.913071 v _144_/A2 (sky130_fd_sc_hd__o22a_2)
     1    0.033442    0.214848    0.603640    4.516712 v _144_/X (sky130_fd_sc_hd__o22a_2)
                                                         Y[1] (net)
                      0.214848    0.000000    4.516712 v Y[1] (out)
                                              4.516712   data arrival time

                      0.000000   10.000000   10.000000   clock __VIRTUAL_CLK__ (rise edge)
                                  0.000000   10.000000   clock network delay (ideal)
                                 -0.250000    9.750000   clock uncertainty
                                  0.000000    9.750000   clock reconvergence pessimism
                                 -2.000000    7.750000   output external delay
                                              7.750000   data required time
---------------------------------------------------------------------------------------------
                                              7.750000   data required time
                                             -4.516712   data arrival time
---------------------------------------------------------------------------------------------
                                              3.233288   slack (MET)



%OL_END_REPORT
%OL_CREATE_REPORT checks.rpt

===========================================================================
report_checks -unconstrained
===========================================================================
======================= nom_ss_100C_1v60 Corner ===================================

Startpoint: B[5] (input port clocked by __VIRTUAL_CLK__)
Endpoint: Y[7] (output port clocked by __VIRTUAL_CLK__)
Path Group: __VIRTUAL_CLK__
Path Type: max

Fanout         Cap        Slew       Delay        Time   Description
---------------------------------------------------------------------------------------------
                      0.000000    0.000000    0.000000   clock __VIRTUAL_CLK__ (rise edge)
                                  0.000000    0.000000   clock network delay (ideal)
                                  2.000000    2.000000 v input external delay
     3    0.007128    0.036699    0.023744    2.023744 v B[5] (in)
                                                         B[5] (net)
                      0.036699    0.000000    2.023744 v _210_/A (sky130_fd_sc_hd__or2_2)
     5    0.013946    0.173185    0.773442    2.797186 v _210_/X (sky130_fd_sc_hd__or2_2)
                                                         _066_ (net)
                      0.173185    0.000000    2.797186 v _211_/B (sky130_fd_sc_hd__and2_2)
     2    0.002810    0.071409    0.462595    3.259781 v _211_/X (sky130_fd_sc_hd__and2_2)
                                                         _067_ (net)
                      0.071409    0.000000    3.259781 v _234_/A (sky130_fd_sc_hd__or2_2)
     1    0.001441    0.102032    0.668589    3.928370 v _234_/X (sky130_fd_sc_hd__or2_2)
                                                         _090_ (net)
                      0.102032    0.000000    3.928370 v _235_/B (sky130_fd_sc_hd__or3b_2)
     3    0.008765    0.204417    1.157611    5.085981 v _235_/X (sky130_fd_sc_hd__or3b_2)
                                                         _091_ (net)
                      0.204417    0.000000    5.085981 v _239_/A1 (sky130_fd_sc_hd__a31o_2)
     3    0.010932    0.102685    0.498211    5.584192 v _239_/X (sky130_fd_sc_hd__a31o_2)
                                                         _095_ (net)
                      0.102685    0.000000    5.584192 v _241_/A1 (sky130_fd_sc_hd__a21o_2)
     2    0.004514    0.067817    0.386357    5.970549 v _241_/X (sky130_fd_sc_hd__a21o_2)
                                                         _097_ (net)
                      0.067817    0.000000    5.970549 v _197_/A2 (sky130_fd_sc_hd__a31o_2)
     1    0.002265    0.060453    0.426958    6.397507 v _197_/X (sky130_fd_sc_hd__a31o_2)
                                                         _054_ (net)
                      0.060453    0.000000    6.397507 v _198_/B2 (sky130_fd_sc_hd__o22a_2)
     1    0.033442    0.214866    0.540667    6.938174 v _198_/X (sky130_fd_sc_hd__o22a_2)
                                                         Y[7] (net)
                      0.214866    0.000000    6.938174 v Y[7] (out)
                                              6.938174   data arrival time

                      0.000000   10.000000   10.000000   clock __VIRTUAL_CLK__ (rise edge)
                                  0.000000   10.000000   clock network delay (ideal)
                                 -0.250000    9.750000   clock uncertainty
                                  0.000000    9.750000   clock reconvergence pessimism
                                 -2.000000    7.750000   output external delay
                                              7.750000   data required time
---------------------------------------------------------------------------------------------
                                              7.750000   data required time
                                             -6.938174   data arrival time
---------------------------------------------------------------------------------------------
                                              0.811826   slack (MET)




===========================================================================
report_checks --slack_max -0.01
============================================================================
======================= nom_ss_100C_1v60 Corner ===================================

No paths found.


===========================================================================
 report_check_types -max_slew -max_cap -max_fanout -violators
============================================================================
======================= nom_ss_100C_1v60 Corner ===================================

max fanout

Pin                                   Limit Fanout  Slack
---------------------------------------------------------
OP[0]                                    10     11        (VIOLATED)
OP[1]                                    10     11        (VIOLATED)



===========================================================================
report_parasitic_annotation -report_unannotated
============================================================================
Found 152 unannotated drivers.
 A[0]
 A[1]
 A[2]
 A[3]
 A[4]
 A[5]
 A[6]
 A[7]
 B[0]
 B[1]
 B[2]
 B[3]
 B[4]
 B[5]
 B[6]
 B[7]
 OP[0]
 OP[1]
 OP[2]
 _124_/Y
 _125_/X
 _126_/X
 _127_/X
 _128_/Y
 _129_/Y
 _130_/X
 _131_/X
 _132_/X
 _133_/X
 _134_/Y
 _135_/Y
 _136_/X
 _137_/X
 _138_/Y
 _139_/Y
 _140_/X
 _141_/X
 _142_/X
 _143_/X
 _144_/X
 _145_/Y
 _146_/X
 _147_/Y
 _148_/Y
 _149_/X
 _150_/X
 _151_/X
 _152_/X
 _153_/Y
 _154_/X
 _155_/Y
 _156_/X
 _157_/Y
 _158_/X
 _159_/X
 _160_/X
 _161_/X
 _162_/X
 _163_/X
 _164_/Y
 _165_/X
 _166_/X
 _167_/X
 _168_/X
 _169_/X
 _170_/X
 _171_/X
 _172_/X
 _173_/X
 _174_/Y
 _175_/Y
 _176_/X
 _177_/X
 _178_/X
 _179_/X
 _180_/X
 _181_/X
 _182_/Y
 _183_/Y
 _184_/Y
 _185_/Y
 _186_/Y
 _187_/X
 _188_/X
 _189_/X
 _190_/X
 _191_/X
 _192_/Y
 _193_/X
 _194_/X
 _195_/X
 _196_/X
 _197_/X
 _198_/X
 _199_/Y
 _200_/Y
 _201_/Y
 _202_/Y
 _203_/X
 _204_/Y
 _205_/Y
 _206_/X
 _207_/Y
 _208_/Y
 _209_/Y
 _210_/X
 _211_/X
 _212_/Y
 _213_/Y
 _214_/Y
 _215_/X
 _216_/X
 _217_/X
 _218_/Y
 _219_/Y
 _220_/X
 _221_/X
 _222_/X
 _223_/X
 _224_/Y
 _225_/Y
 _226_/X
 _227_/X
 _228_/X
 _229_/Y
 _230_/X
 _231_/Y
 _232_/Y
 _233_/Y
 _234_/X
 _235_/X
 _236_/X
 _237_/X
 _238_/Y
 _239_/X
 _240_/Y
 _241_/X
 _242_/Y
 _243_/Y
 _244_/Y
 _245_/X
 _246_/Y
 _247_/Y
 _248_/Y
 _249_/Y
 _250_/X
 _251_/Y
 _252_/X
 _253_/X
 _254_/Y
 _255_/X
 _256_/X
Found 0 partially unannotated drivers.

===========================================================================
max slew violation count 0
%OL_METRIC_I design__max_slew_violation__count__corner:nom_ss_100C_1v60 0
max fanout violation count 2
%OL_METRIC_I design__max_fanout_violation__count__corner:nom_ss_100C_1v60 2
max cap violation count 0
%OL_METRIC_I design__max_cap_violation__count__corner:nom_ss_100C_1v60 0
============================================================================

===========================================================================
check_setup -verbose -unconstrained_endpoints -multiple_clock -no_clock -no_input_delay -loops -generated_clocks
===========================================================================
%OL_END_REPORT
%OL_CREATE_REPORT power.rpt

===========================================================================
 report_power
============================================================================
======================= nom_ss_100C_1v60 Corner ===================================

Group                    Internal    Switching      Leakage        Total
                            Power        Power        Power        Power (Watts)
------------------------------------------------------------------------
Sequential           0.000000e+00 0.000000e+00 0.000000e+00 0.000000e+00   0.0%
Combinational        2.496692e-05 2.380899e-05 6.984122e-07 4.947432e-05 100.0%
Clock                0.000000e+00 0.000000e+00 0.000000e+00 0.000000e+00   0.0%
Macro                0.000000e+00 0.000000e+00 0.000000e+00 0.000000e+00   0.0%
Pad                  0.000000e+00 0.000000e+00 0.000000e+00 0.000000e+00   0.0%
------------------------------------------------------------------------
Total                2.496692e-05 2.380899e-05 6.984122e-07 4.947432e-05 100.0%
                            50.5%        48.1%         1.4%
%OL_METRIC_F power__internal__total 2.496691740816459e-5
%OL_METRIC_F power__switching__total 2.3808994228602387e-5
%OL_METRIC_F power__leakage__total 6.984121796449472e-7
%OL_METRIC_F power__total 4.947432171320543e-5

%OL_END_REPORT
%OL_CREATE_REPORT skew.min.rpt

===========================================================================
Clock Skew (Hold)
============================================================================
%OL_METRIC_F clock__skew__worst_hold__corner:nom_ss_100C_1v60 0.0
======================= nom_ss_100C_1v60 Corner ===================================

Clock __VIRTUAL_CLK__
No launch/capture paths found.

%OL_END_REPORT
%OL_CREATE_REPORT skew.max.rpt

===========================================================================
Clock Skew (Setup)
============================================================================
%OL_METRIC_F clock__skew__worst_setup__corner:nom_ss_100C_1v60 0.0
======================= nom_ss_100C_1v60 Corner ===================================

Clock __VIRTUAL_CLK__
No launch/capture paths found.

%OL_END_REPORT
%OL_CREATE_REPORT ws.min.rpt

===========================================================================
Worst Slack (Hold)
============================================================================
%OL_METRIC_F timing__hold__ws__corner:nom_ss_100C_1v60 4.288063359097539
nom_ss_100C_1v60: 4.288063359097539
%OL_END_REPORT
%OL_CREATE_REPORT ws.max.rpt

===========================================================================
Worst Slack (Setup)
============================================================================
%OL_METRIC_F timing__setup__ws__corner:nom_ss_100C_1v60 0.8118257407213941
nom_ss_100C_1v60: 0.8118257407213941
%OL_END_REPORT
%OL_CREATE_REPORT tns.min.rpt

===========================================================================
Total Negative Slack (Hold)
============================================================================
%OL_METRIC_F timing__hold__tns__corner:nom_ss_100C_1v60 0.0
nom_ss_100C_1v60: 0.0
%OL_END_REPORT
%OL_CREATE_REPORT tns.max.rpt

===========================================================================
Total Negative Slack (Setup)
============================================================================
%OL_METRIC_F timing__setup__tns__corner:nom_ss_100C_1v60 0.0
nom_ss_100C_1v60: 0.0
%OL_END_REPORT
%OL_CREATE_REPORT wns.min.rpt

===========================================================================
Worst Negative Slack (Hold)
============================================================================
%OL_METRIC_F timing__hold__wns__corner:nom_ss_100C_1v60 0
nom_ss_100C_1v60: 0
%OL_END_REPORT
%OL_CREATE_REPORT wns.max.rpt

===========================================================================
Worst Negative Slack (Setup)
============================================================================
%OL_METRIC_F timing__setup__wns__corner:nom_ss_100C_1v60 0.0
nom_ss_100C_1v60: 0.0
%OL_END_REPORT
%OL_CREATE_REPORT violator_list.rpt

===========================================================================
Violator List
============================================================================
%OL_METRIC_I timing__hold_vio__count__corner:nom_ss_100C_1v60 0
%OL_METRIC_F timing__hold_r2r__ws__corner:nom_ss_100C_1v60 inf
%OL_METRIC_I timing__hold_r2r_vio__count__corner:nom_ss_100C_1v60 0
%OL_METRIC_I timing__setup_vio__count__corner:nom_ss_100C_1v60 0
%OL_METRIC_F timing__setup_r2r__ws__corner:nom_ss_100C_1v60 inf
%OL_METRIC_I timing__setup_r2r_vio__count__corner:nom_ss_100C_1v60 0
%OL_END_REPORT
%OL_CREATE_REPORT unpropagated.rpt
__VIRTUAL_CLK__
%OL_END_REPORT
%OL_CREATE_REPORT clock.rpt
Clock: __VIRTUAL_CLK__
Sources: 
Generated: no
Virtual: yes
Propagated: no
Period: 10.000000

===========================================================================
report_clock_properties
============================================================================
Clock                   Period          Waveform
----------------------------------------------------
__VIRTUAL_CLK__      10.000000    0.000000  5.000000

===========================================================================
report_clock_latency
============================================================================
Clock __VIRTUAL_CLK__


===========================================================================
report_clock_min_period
============================================================================
__VIRTUAL_CLK__ period_min = 0.00 fmax = inf
%OL_END_REPORT
Writing SDF files for all corners…
