93. Printing statistics.

=== alu8 ===

        +----------Local Count, excluding submodules.
        | 
      236 wires
      259 wire bits
        5 public wires
       28 public wire bits
        5 ports
       28 port bits
      240 cells
       84   $_ANDNOT_
       10   $_AND_
        9   $_MUX_
        4   $_NAND_
       29   $_NOR_
        5   $_NOT_
       13   $_ORNOT_
       63   $_OR_
        9   $_XNOR_
       14   $_XOR_

   Area for cell type $_ANDNOT_ is unknown!
   Area for cell type $_AND_ is unknown!
   Area for cell type $_MUX_ is unknown!
   Area for cell type $_NAND_ is unknown!
   Area for cell type $_NOR_ is unknown!
   Area for cell type $_NOT_ is unknown!
   Area for cell type $_ORNOT_ is unknown!
   Area for cell type $_OR_ is unknown!
   Area for cell type $_XNOR_ is unknown!
   Area for cell type $_XOR_ is unknown!

