107. Printing statistics.

=== alu8 ===

        +----------Local Count, excluding submodules.
        |        +-Local Area, excluding submodules.
        |        | 
      129        - wires
      152        - wire bits
        5        - public wires
       28        - public wire bits
        5        - ports
       28        - port bits
      133 1.17E+03 cells
        1   12.512   sky130_fd_sc_hd__a2111o_2
        9   90.086   sky130_fd_sc_hd__a211o_2
        6    52.55   sky130_fd_sc_hd__a21o_2
        3   26.275   sky130_fd_sc_hd__a21oi_2
        5   56.304   sky130_fd_sc_hd__a221o_2
        2   20.019   sky130_fd_sc_hd__a22o_2
        4   45.043   sky130_fd_sc_hd__a2bb2o_2
        6    52.55   sky130_fd_sc_hd__a31o_2
        3   33.782   sky130_fd_sc_hd__a32o_2
        1   11.261   sky130_fd_sc_hd__a41o_2
        1   16.266   sky130_fd_sc_hd__a41oi_2
        6   45.043   sky130_fd_sc_hd__and2_2
        6    52.55   sky130_fd_sc_hd__and2b_2
        1    7.507   sky130_fd_sc_hd__and3_2
        3   30.029   sky130_fd_sc_hd__and3b_2
        5   18.768   sky130_fd_sc_hd__inv_2
        1   11.261   sky130_fd_sc_hd__mux2_1
       13   81.328   sky130_fd_sc_hd__nand2_2
        6    52.55   sky130_fd_sc_hd__nand2b_2
        1    10.01   sky130_fd_sc_hd__nand3_2
       14   87.584   sky130_fd_sc_hd__nor2_2
        1    10.01   sky130_fd_sc_hd__nor3_2
        2   25.024   sky130_fd_sc_hd__nor3b_2
        1    10.01   sky130_fd_sc_hd__o211a_2
        1    8.758   sky130_fd_sc_hd__o21a_2
        3   26.275   sky130_fd_sc_hd__o21ai_2
        4   40.038   sky130_fd_sc_hd__o22a_2
        1   11.261   sky130_fd_sc_hd__o2bb2a_2
        1   12.512   sky130_fd_sc_hd__o41a_2
        9   56.304   sky130_fd_sc_hd__or2_2
        3   22.522   sky130_fd_sc_hd__or3_2
        4   35.034   sky130_fd_sc_hd__or3b_2
        4   65.062   sky130_fd_sc_hd__xnor2_2
        2   32.531   sky130_fd_sc_hd__xor2_2

   Chip area for module '\alu8': 1168.620800
     of which used for sequential elements: 0.000000 (0.00%)

