Reading timing models for corner nom_tt_025C_1v80…
Reading timing library for the 'nom_tt_025C_1v80' corner at '/home/gp7871/.ciel/ciel/sky130/versions/8afc8346a57fe1ab7934ba5a6056ea8b43078e71/ciel/sky130/versions/8afc8346a57fe1ab7934ba5a6056ea8b43078e71/sky130A/libs.ref/sky130_fd_sc_hd/lib/sky130_fd_sc_hd__tt_025C_1v80.lib'…
Reading OpenROAD database at '/home/gp7871/VLSI_Freelancing/projects/alu8_rtl_to_gds/runs/RUN_2026-09-16_17-08-36/37-openroad-resizertimingpostcts/alu8.odb'…
Reading design constraints file at '/nix/store/9qkr4093f83hkvz5bia9qvxcyc2kzr15-python3-3.13.9-env/lib/python3.13/site-packages/librelane/scripts/base.sdc'…
[WARNING] No CLOCK_PORT found. A dummy clock will be used.
[WARNING STA-0366] port '__VIRTUAL_CLK__' not found.
[INFO] Using clock __VIRTUAL_CLK__…
[INFO] Setting output delay to: 2.0
[INFO] Setting input delay to: 2.0
[WARNING STA-0366] port '__VIRTUAL_CLK__' not found.
[INFO] Setting load to: 0.033442
[INFO] Setting clock uncertainty to: 0.25
[INFO] Setting clock transition to: 0.1499999999999999944488848768742172978818416595458984375
[WARNING STA-0419] transition time can not be specified for virtual clocks.
[INFO] Setting timing derate to: 5.0%
[WARNING STA-0450] virtual clock __VIRTUAL_CLK__ can not be propagated.
[WARNING STA-0450] virtual clock __VIRTUAL_CLK__ can not be propagated.
[INFO] Setting signal min routing layer to: met1 and clock min routing layer to met1. 
[INFO] Setting signal max routing layer to: met5 and clock max routing layer to met5. 
+ global_route -congestion_iterations 50 -verbose
[INFO GRT-0020] Min routing layer: met1
[INFO GRT-0021] Max routing layer: met5
[INFO GRT-0022] Global adjustment: 30%
[INFO GRT-0023] Grid origin: (0, 0)
[INFO GRT-0088] Layer li1     Track-Pitch = 0.4600  line-2-Via Pitch: 0.3400
[INFO GRT-0088] Layer met1    Track-Pitch = 0.3400  line-2-Via Pitch: 0.3400
[INFO GRT-0088] Layer met2    Track-Pitch = 0.4600  line-2-Via Pitch: 0.3500
[INFO GRT-0088] Layer met3    Track-Pitch = 0.6800  line-2-Via Pitch: 0.6150
[INFO GRT-0088] Layer met4    Track-Pitch = 0.9200  line-2-Via Pitch: 1.0400
[INFO GRT-0088] Layer met5    Track-Pitch = 3.4000  line-2-Via Pitch: 3.1100
[INFO GRT-0003] Macros: 0
[INFO GRT-0004] Blockages: 30
[INFO GRT-0019] Found 0 clock nets.
[INFO GRT-0001] Minimum degree: 2
[INFO GRT-0002] Maximum degree: 11

[INFO GRT-0053] Routing resources analysis:
          Routing      Original      Derated      Resource
Layer     Direction    Resources     Resources    Reduction (%)
---------------------------------------------------------------
li1        Vertical            0             0          0.00%
met1       Horizontal       1446           970          32.92%
met2       Vertical         1205           798          33.78%
met3       Horizontal        868           597          31.22%
met4       Vertical          607           363          40.20%
met5       Horizontal        152            80          47.37%
---------------------------------------------------------------

[INFO GRT-0197] Via related to pin nodes: 914
[INFO GRT-0198] Via related Steiner nodes: 12
[INFO GRT-0199] Via filling finished.
[INFO GRT-0111] Final number of vias: 1116
[INFO GRT-0112] Final usage 3D: 3761

[INFO GRT-0096] Final congestion report:
Layer         Resource        Demand        Usage (%)    Max H / Max V / Total Overflow
---------------------------------------------------------------------------------------
li1                  0             0            0.00%             0 /  0 /  0
met1               970           211           21.75%             0 /  0 /  0
met2               798           198           24.81%             0 /  0 /  0
met3               597             4            0.67%             0 /  0 /  0
met4               363             0            0.00%             0 /  0 /  0
met5                80             0            0.00%             0 /  0 /  0
---------------------------------------------------------------------------------------
Total             2808           413           14.71%             0 /  0 /  0

[INFO GRT-0018] Total wirelength: 5195 um
[INFO GRT-0014] Routed nets: 186
[INFO GRT-0303] Global routing runtime = 00:00:00
Setting global connections for newly added cells…
[INFO] Setting global connections...
[INFO ODB-0403] 0 connections made, 0 conflicts skipped.
Updating metrics…
Cell type report:                       Count       Area
  Fill cell                                38     142.64
  Tap cell                                 42      52.55
  Timing Repair Buffer                     34     316.55
  Inverter                                  5      18.77
  Multi-Input combinational cell          128    1152.36
  Total                                   247    1682.86
Writing OpenROAD database to '/home/gp7871/VLSI_Freelancing/projects/alu8_rtl_to_gds/runs/RUN_2026-09-16_17-08-36/39-openroad-globalrouting/alu8.odb'…
Writing layout to '/home/gp7871/VLSI_Freelancing/projects/alu8_rtl_to_gds/runs/RUN_2026-09-16_17-08-36/39-openroad-globalrouting/alu8.def'…
