
===========================================================================
report_checks -unconstrained
===========================================================================
======================= nom_ff_n40C_1v95 Corner ===================================

Startpoint: A[1] (input port clocked by __VIRTUAL_CLK__)
Endpoint: Y[7] (output port clocked by __VIRTUAL_CLK__)
Path Group: __VIRTUAL_CLK__
Path Type: max

Fanout         Cap        Slew       Delay        Time   Description
---------------------------------------------------------------------------------------------
                      0.000000    0.000000    0.000000   clock __VIRTUAL_CLK__ (rise edge)
                                  0.000000    0.000000   clock network delay (ideal)
                                  2.000000    2.000000 v input external delay
     1    0.003634    0.005936    0.003176    2.003176 v A[1] (in)
                                                         A[1] (net)
                      0.005937    0.000000    2.003176 v input2/A (sky130_fd_sc_hd__clkdlybuf4s25_1)
     7    0.025366    0.132881    0.245912    2.249088 v input2/X (sky130_fd_sc_hd__clkdlybuf4s25_1)
                                                         net2 (net)
                      0.132882    0.000625    2.249713 v _218_/B (sky130_fd_sc_hd__xnor2_2)
     2    0.007904    0.119269    0.151751    2.401464 ^ _218_/Y (sky130_fd_sc_hd__xnor2_2)
                                                         _074_ (net)
                      0.119269    0.000165    2.401628 ^ max_cap30/A (sky130_fd_sc_hd__clkbuf_2)
     4    0.023657    0.102674    0.144794    2.546422 ^ max_cap30/X (sky130_fd_sc_hd__clkbuf_2)
                                                         net30 (net)
                      0.102674    0.000457    2.546879 ^ _221_/A1 (sky130_fd_sc_hd__a21o_2)
     4    0.019993    0.080876    0.131669    2.678548 ^ _221_/X (sky130_fd_sc_hd__a21o_2)
                                                         _077_ (net)
                      0.080884    0.000881    2.679429 ^ _228_/A1 (sky130_fd_sc_hd__a211o_2)
     2    0.008725    0.039955    0.099446    2.778875 ^ _228_/X (sky130_fd_sc_hd__a211o_2)
                                                         _084_ (net)
                      0.039956    0.000259    2.779134 ^ _235_/C_N (sky130_fd_sc_hd__or3b_2)
     3    0.012752    0.073670    0.294858    3.073992 v _235_/X (sky130_fd_sc_hd__or3b_2)
                                                         _091_ (net)
                      0.073674    0.000477    3.074468 v _239_/A1 (sky130_fd_sc_hd__a31o_2)
     3    0.018315    0.053307    0.177504    3.251972 v _239_/X (sky130_fd_sc_hd__a31o_2)
                                                         _095_ (net)
                      0.053334    0.001159    3.253131 v _241_/A1 (sky130_fd_sc_hd__a21o_2)
     2    0.005816    0.030466    0.135744    3.388875 v _241_/X (sky130_fd_sc_hd__a21o_2)
                                                         _097_ (net)
                      0.030466    0.000123    3.388998 v _197_/A2 (sky130_fd_sc_hd__a31o_2)
     1    0.003201    0.028390    0.148546    3.537544 v _197_/X (sky130_fd_sc_hd__a31o_2)
                                                         _054_ (net)
                      0.028390    0.000104    3.537648 v _198_/B2 (sky130_fd_sc_hd__o22a_2)
     1    0.002457    0.024734    0.105019    3.642667 v _198_/X (sky130_fd_sc_hd__o22a_2)
                                                         net28 (net)
                      0.024734    0.000073    3.642740 v output28/A (sky130_fd_sc_hd__clkbuf_2)
     1    0.035096    0.093708    0.132180    3.774920 v output28/X (sky130_fd_sc_hd__clkbuf_2)
                                                         Y[7] (net)
                      0.093719    0.001054    3.775974 v Y[7] (out)
                                              3.775974   data arrival time

                      0.000000   10.000000   10.000000   clock __VIRTUAL_CLK__ (rise edge)
                                  0.000000   10.000000   clock network delay (ideal)
                                 -0.250000    9.750000   clock uncertainty
                                  0.000000    9.750000   clock reconvergence pessimism
                                 -2.000000    7.750000   output external delay
                                              7.750000   data required time
---------------------------------------------------------------------------------------------
                                              7.750000   data required time
                                             -3.775974   data arrival time
---------------------------------------------------------------------------------------------
                                              3.974026   slack (MET)




===========================================================================
report_checks --slack_max -0.01
============================================================================
======================= nom_ff_n40C_1v95 Corner ===================================

No paths found.


===========================================================================
 report_check_types -max_slew -max_cap -max_fanout -violators
============================================================================
======================= nom_ff_n40C_1v95 Corner ===================================



===========================================================================
report_parasitic_annotation -report_unannotated
============================================================================
Found 0 unannotated drivers.
Found 0 partially unannotated drivers.

===========================================================================
max slew violation count 0
max fanout violation count 0
max cap violation count 0
============================================================================

===========================================================================
check_setup -verbose -unconstrained_endpoints -multiple_clock -no_clock -no_input_delay -loops -generated_clocks
===========================================================================
